hmmlearn not available — using numpy GMM fallback
15:41:03 WARNING omega.nodes.victoria.data_cache: MacroDataCache: FRED_API_KEY not set — using DEMO_KEY (30 req/day limit). Set FRED_API_KEY env var for full access.
15:41:03 WARNING omega.core.heartbeat_client: heartbeat: http://localhost:8080/api/v1/nodes/victoria_v211_trend_p1_r1/lifecycle unreachable ([Errno 61] Connection refused) — continuing
15:41:04 WARNING omega.nodes.victoria.data_cache: MacroDataCache: FRED_API_KEY not set — using DEMO_KEY (30 req/day limit). Set FRED_API_KEY env var for full access.
15:41:14 WARNING omega.core.heartbeat_client: heartbeat: http://localhost:8080/api/v1/diagnostics unreachable ([Errno 61] Connection refused) — continuing
15:41:14 WARNING omega.core.heartbeat_client: heartbeat: http://localhost:8080/api/v1/nodes/victoria_v211_trend_p1_r1/decisions unreachable ([Errno 61] Connection refused) — continuing
15:41:26 WARNING omega.core.heartbeat_client: heartbeat: http://localhost:8080/api/v1/diagnostics unreachable ([Errno 61] Connection refused) — continuing
15:41:26 WARNING omega.core.heartbeat_client: heartbeat: http://localhost:8080/api/v1/nodes/victoria_v211_trend_p1_r1/decisions unreachable ([Errno 61] Connection refused) — continuing
15:41:38 WARNING omega.core.heartbeat_client: heartbeat: http://localhost:8080/api/v1/diagnostics unreachable ([Errno 61] Connection refused) — continuing
15:41:38 WARNING omega.core.heartbeat_client: heartbeat: http://localhost:8080/api/v1/nodes/victoria_v211_trend_p1_r1/decisions unreachable ([Errno 61] Connection refused) — continuing
15:41:49 WARNING omega.core.heartbeat_client: heartbeat: http://localhost:8080/api/v1/diagnostics unreachable ([Errno 61] Connection refused) — continuing
15:41:49 WARNING omega.core.heartbeat_client: heartbeat: http://localhost:8080/api/v1/nodes/victoria_v211_trend_p1_r1/decisions unreachable ([Errno 61] Connection refused) — continuing
15:42:01 WARNING omega.core.heartbeat_client: heartbeat: http://localhost:8080/api/v1/diagnostics unreachable ([Errno 61] Connection refused) — continuing
15:42:01 WARNING omega.core.heartbeat_client: heartbeat: http://localhost:8080/api/v1/nodes/victoria_v211_trend_p1_r1/decisions unreachable ([Errno 61] Connection refused) — continuing
15:42:13 WARNING omega.core.heartbeat_client: heartbeat: http://localhost:8080/api/v1/diagnostics unreachable ([Errno 61] Connection refused) — continuing
15:42:13 WARNING omega.core.heartbeat_client: heartbeat: http://localhost:8080/api/v1/nodes/victoria_v211_trend_p1_r1/decisions unreachable ([Errno 61] Connection refused) — continuing
15:42:24 WARNING omega.core.heartbeat_client: heartbeat: http://localhost:8080/api/v1/diagnostics unreachable ([Errno 61] Connection refused) — continuing
15:42:24 WARNING omega.core.heartbeat_client: heartbeat: http://localhost:8080/api/v1/nodes/victoria_v211_trend_p1_r1/decisions unreachable ([Errno 61] Connection refused) — continuing
15:42:36 WARNING omega.core.heartbeat_client: heartbeat: http://localhost:8080/api/v1/diagnostics unreachable ([Errno 61] Connection refused) — continuing
15:42:36 WARNING omega.core.heartbeat_client: heartbeat: http://localhost:8080/api/v1/nodes/victoria_v211_trend_p1_r1/decisions unreachable ([Errno 61] Connection refused) — continuing
15:42:47 WARNING omega.core.heartbeat_client: heartbeat: http://localhost:8080/api/v1/diagnostics unreachable ([Errno 61] Connection refused) — continuing
15:42:47 WARNING omega.core.heartbeat_client: heartbeat: http://localhost:8080/api/v1/nodes/victoria_v211_trend_p1_r1/decisions unreachable ([Errno 61] Connection refused) — continuing
15:42:59 WARNING omega.core.heartbeat_client: heartbeat: http://localhost:8080/api/v1/diagnostics unreachable ([Errno 61] Connection refused) — continuing
15:43:14 WARNING omega.core.heartbeat_client: heartbeat: http://localhost:8080/api/v1/nodes/victoria_v211_trend_p1_r1/decisions unreachable ([Errno 61] Connection refused) — continuing
15:43:24 WARNING omega.nodes.victoria.vrp_signal: VRP circuit breaker: zscore=-2.68 < -2.0sigma — extreme COMPLACENCY; flagging for manual review (iv=0.43 rv=0.53)
15:43:26 WARNING omega.core.heartbeat_client: heartbeat: http://localhost:8080/api/v1/diagnostics unreachable ([Errno 61] Connection refused) — continuing
15:43:26 WARNING omega.core.heartbeat_client: heartbeat: http://localhost:8080/api/v1/nodes/victoria_v211_trend_p1_r1/decisions unreachable ([Errno 61] Connection refused) — continuing
15:43:38 WARNING omega.core.heartbeat_client: heartbeat: http://localhost:8080/api/v1/diagnostics unreachable ([Errno 61] Connection refused) — continuing
15:43:38 WARNING omega.core.heartbeat_client: heartbeat: http://localhost:8080/api/v1/nodes/victoria_v211_trend_p1_r1/decisions unreachable ([Errno 61] Connection refused) — continuing
15:43:50 WARNING omega.core.heartbeat_client: heartbeat: http://localhost:8080/api/v1/diagnostics unreachable ([Errno 61] Connection refused) — continuing
15:43:50 WARNING omega.core.heartbeat_client: heartbeat: http://localhost:8080/api/v1/nodes/victoria_v211_trend_p1_r1/decisions unreachable ([Errno 61] Connection refused) — continuing
15:44:02 WARNING omega.core.heartbeat_client: heartbeat: http://localhost:8080/api/v1/diagnostics unreachable ([Errno 61] Connection refused) — continuing
15:44:02 WARNING omega.core.heartbeat_client: heartbeat: http://localhost:8080/api/v1/nodes/victoria_v211_trend_p1_r1/decisions unreachable ([Errno 61] Connection refused) — continuing
15:44:13 WARNING omega.core.heartbeat_client: heartbeat: http://localhost:8080/api/v1/diagnostics unreachable ([Errno 61] Connection refused) — continuing
15:44:14 WARNING omega.core.heartbeat_client: heartbeat: http://localhost:8080/api/v1/nodes/victoria_v211_trend_p1_r1/decisions unreachable ([Errno 61] Connection refused) — continuing
15:44:24 WARNING omega.nodes.victoria.vrp_signal: VRP circuit breaker: zscore=-2.05 < -2.0sigma — extreme COMPLACENCY; flagging for manual review (iv=0.43 rv=0.55)
15:44:25 WARNING omega.core.heartbeat_client: heartbeat: http://localhost:8080/api/v1/diagnostics unreachable ([Errno 61] Connection refused) — continuing
15:44:25 WARNING omega.core.heartbeat_client: heartbeat: http://localhost:8080/api/v1/nodes/victoria_v211_trend_p1_r1/decisions unreachable ([Errno 61] Connection refused) — continuing
15:44:37 WARNING omega.core.heartbeat_client: heartbeat: http://localhost:8080/api/v1/diagnostics unreachable ([Errno 61] Connection refused) — continuing
15:44:37 WARNING omega.core.heartbeat_client: heartbeat: http://localhost:8080/api/v1/nodes/victoria_v211_trend_p1_r1/decisions unreachable ([Errno 61] Connection refused) — continuing
15:44:49 WARNING omega.core.heartbeat_client: heartbeat: http://localhost:8080/api/v1/diagnostics unreachable ([Errno 61] Connection refused) — continuing
15:44:49 WARNING omega.core.heartbeat_client: heartbeat: http://localhost:8080/api/v1/nodes/victoria_v211_trend_p1_r1/decisions unreachable ([Errno 61] Connection refused) — continuing
15:45:00 WARNING omega.core.heartbeat_client: heartbeat: http://localhost:8080/api/v1/diagnostics unreachable ([Errno 61] Connection refused) — continuing
15:45:00 WARNING omega.core.heartbeat_client: heartbeat: http://localhost:8080/api/v1/nodes/victoria_v211_trend_p1_r1/decisions unreachable ([Errno 61] Connection refused) — continuing
15:45:12 WARNING omega.core.heartbeat_client: heartbeat: http://localhost:8080/api/v1/diagnostics unreachable ([Errno 61] Connection refused) — continuing
15:45:25 WARNING omega.core.heartbeat_client: heartbeat: http://localhost:8080/api/v1/nodes/victoria_v211_trend_p1_r1/decisions unreachable ([Errno 61] Connection refused) — continuing
15:45:37 WARNING omega.core.heartbeat_client: heartbeat: http://localhost:8080/api/v1/diagnostics unreachable ([Errno 61] Connection refused) — continuing
15:45:37 WARNING omega.core.heartbeat_client: heartbeat: http://localhost:8080/api/v1/nodes/victoria_v211_trend_p1_r1/decisions unreachable ([Errno 61] Connection refused) — continuing
15:45:48 WARNING omega.core.heartbeat_client: heartbeat: http://localhost:8080/api/v1/diagnostics unreachable ([Errno 61] Connection refused) — continuing
15:45:48 WARNING omega.core.heartbeat_client: heartbeat: http://localhost:8080/api/v1/nodes/victoria_v211_trend_p1_r1/decisions unreachable ([Errno 61] Connection refused) — continuing
15:46:00 WARNING omega.core.heartbeat_client: heartbeat: http://localhost:8080/api/v1/diagnostics unreachable ([Errno 61] Connection refused) — continuing
15:46:00 WARNING omega.core.heartbeat_client: heartbeat: http://localhost:8080/api/v1/nodes/victoria_v211_trend_p1_r1/decisions unreachable ([Errno 61] Connection refused) — continuing
15:46:11 WARNING omega.core.heartbeat_client: heartbeat: http://localhost:8080/api/v1/diagnostics unreachable ([Errno 61] Connection refused) — continuing
15:46:11 WARNING omega.core.heartbeat_client: heartbeat: http://localhost:8080/api/v1/nodes/victoria_v211_trend_p1_r1/decisions unreachable ([Errno 61] Connection refused) — continuing
15:46:23 WARNING omega.core.heartbeat_client: heartbeat: http://localhost:8080/api/v1/diagnostics unreachable ([Errno 61] Connection refused) — continuing
15:46:23 WARNING omega.core.heartbeat_client: heartbeat: http://localhost:8080/api/v1/nodes/victoria_v211_trend_p1_r1/decisions unreachable ([Errno 61] Connection refused) — continuing
15:46:35 WARNING omega.core.heartbeat_client: heartbeat: http://localhost:8080/api/v1/diagnostics unreachable ([Errno 61] Connection refused) — continuing
15:46:35 WARNING omega.core.heartbeat_client: heartbeat: http://localhost:8080/api/v1/nodes/victoria_v211_trend_p1_r1/decisions unreachable ([Errno 61] Connection refused) — continuing
15:46:46 WARNING omega.core.heartbeat_client: heartbeat: http://localhost:8080/api/v1/diagnostics unreachable ([Errno 61] Connection refused) — continuing
15:46:47 WARNING omega.core.heartbeat_client: heartbeat: http://localhost:8080/api/v1/nodes/victoria_v211_trend_p1_r1/decisions unreachable ([Errno 61] Connection refused) — continuing
15:46:59 WARNING omega.core.heartbeat_client: heartbeat: http://localhost:8080/api/v1/diagnostics unreachable ([Errno 61] Connection refused) — continuing
15:46:59 WARNING omega.core.heartbeat_client: heartbeat: http://localhost:8080/api/v1/nodes/victoria_v211_trend_p1_r1/decisions unreachable ([Errno 61] Connection refused) — continuing
15:47:11 WARNING omega.core.heartbeat_client: heartbeat: http://localhost:8080/api/v1/diagnostics unreachable ([Errno 61] Connection refused) — continuing
15:47:11 WARNING omega.core.heartbeat_client: heartbeat: http://localhost:8080/api/v1/nodes/victoria_v211_trend_p1_r1/decisions unreachable ([Errno 61] Connection refused) — continuing
/opt/homebrew/lib/python3.14/site-packages/numpy/lib/_function_base_impl.py:3023: RuntimeWarning: invalid value encountered in divide
  c /= stddev[:, None]
/opt/homebrew/lib/python3.14/site-packages/numpy/lib/_function_base_impl.py:3024: RuntimeWarning: invalid value encountered in divide
  c /= stddev[None, :]
15:47:22 WARNING omega.core.heartbeat_client: heartbeat: http://localhost:8080/api/v1/diagnostics unreachable ([Errno 61] Connection refused) — continuing
15:47:36 WARNING omega.core.heartbeat_client: heartbeat: http://localhost:8080/api/v1/nodes/victoria_v211_trend_p1_r1/decisions unreachable ([Errno 61] Connection refused) — continuing
/opt/homebrew/lib/python3.14/site-packages/numpy/lib/_function_base_impl.py:3023: RuntimeWarning: invalid value encountered in divide
  c /= stddev[:, None]
/opt/homebrew/lib/python3.14/site-packages/numpy/lib/_function_base_impl.py:3024: RuntimeWarning: invalid value encountered in divide
  c /= stddev[None, :]
15:47:47 WARNING omega.core.heartbeat_client: heartbeat: http://localhost:8080/api/v1/diagnostics unreachable ([Errno 61] Connection refused) — continuing
15:47:47 WARNING omega.core.heartbeat_client: heartbeat: http://localhost:8080/api/v1/nodes/victoria_v211_trend_p1_r1/decisions unreachable ([Errno 61] Connection refused) — continuing
15:47:59 WARNING omega.core.heartbeat_client: heartbeat: http://localhost:8080/api/v1/diagnostics unreachable ([Errno 61] Connection refused) — continuing
15:47:59 WARNING omega.core.heartbeat_client: heartbeat: http://localhost:8080/api/v1/nodes/victoria_v211_trend_p1_r1/decisions unreachable ([Errno 61] Connection refused) — continuing
15:48:11 WARNING omega.core.heartbeat_client: heartbeat: http://localhost:8080/api/v1/diagnostics unreachable ([Errno 61] Connection refused) — continuing
15:48:11 WARNING omega.core.heartbeat_client: heartbeat: http://localhost:8080/api/v1/nodes/victoria_v211_trend_p1_r1/decisions unreachable ([Errno 61] Connection refused) — continuing
15:48:22 WARNING omega.core.heartbeat_client: heartbeat: http://localhost:8080/api/v1/diagnostics unreachable ([Errno 61] Connection refused) — continuing
15:48:22 WARNING omega.core.heartbeat_client: heartbeat: http://localhost:8080/api/v1/nodes/victoria_v211_trend_p1_r1/decisions unreachable ([Errno 61] Connection refused) — continuing
15:48:35 WARNING omega.core.heartbeat_client: heartbeat: http://localhost:8080/api/v1/diagnostics unreachable ([Errno 61] Connection refused) — continuing
15:48:35 WARNING omega.core.heartbeat_client: heartbeat: http://localhost:8080/api/v1/nodes/victoria_v211_trend_p1_r1/decisions unreachable ([Errno 61] Connection refused) — continuing
15:48:47 WARNING omega.core.heartbeat_client: heartbeat: http://localhost:8080/api/v1/diagnostics unreachable ([Errno 61] Connection refused) — continuing
15:48:47 WARNING omega.core.heartbeat_client: heartbeat: http://localhost:8080/api/v1/nodes/victoria_v211_trend_p1_r1/decisions unreachable ([Errno 61] Connection refused) — continuing
15:48:59 WARNING omega.core.heartbeat_client: heartbeat: http://localhost:8080/api/v1/diagnostics unreachable ([Errno 61] Connection refused) — continuing
15:48:59 WARNING omega.core.heartbeat_client: heartbeat: http://localhost:8080/api/v1/nodes/victoria_v211_trend_p1_r1/decisions unreachable ([Errno 61] Connection refused) — continuing
15:49:11 WARNING omega.core.heartbeat_client: heartbeat: http://localhost:8080/api/v1/diagnostics unreachable ([Errno 61] Connection refused) — continuing
15:49:11 WARNING omega.core.heartbeat_client: heartbeat: http://localhost:8080/api/v1/nodes/victoria_v211_trend_p1_r1/decisions unreachable ([Errno 61] Connection refused) — continuing
15:49:22 WARNING omega.core.heartbeat_client: heartbeat: http://localhost:8080/api/v1/diagnostics unreachable ([Errno 61] Connection refused) — continuing
15:49:22 WARNING omega.core.heartbeat_client: heartbeat: http://localhost:8080/api/v1/nodes/victoria_v211_trend_p1_r1/decisions unreachable ([Errno 61] Connection refused) — continuing
15:49:34 WARNING omega.core.heartbeat_client: heartbeat: http://localhost:8080/api/v1/diagnostics unreachable ([Errno 61] Connection refused) — continuing
15:49:50 WARNING omega.core.heartbeat_client: heartbeat: http://localhost:8080/api/v1/nodes/victoria_v211_trend_p1_r1/decisions unreachable ([Errno 61] Connection refused) — continuing
/opt/homebrew/lib/python3.14/site-packages/numpy/lib/_function_base_impl.py:3023: RuntimeWarning: invalid value encountered in divide
  c /= stddev[:, None]
/opt/homebrew/lib/python3.14/site-packages/numpy/lib/_function_base_impl.py:3024: RuntimeWarning: invalid value encountered in divide
  c /= stddev[None, :]
15:50:02 WARNING omega.core.heartbeat_client: heartbeat: http://localhost:8080/api/v1/diagnostics unreachable ([Errno 61] Connection refused) — continuing
15:50:02 WARNING omega.core.heartbeat_client: heartbeat: http://localhost:8080/api/v1/nodes/victoria_v211_trend_p1_r1/decisions unreachable ([Errno 61] Connection refused) — continuing
15:50:14 WARNING omega.core.heartbeat_client: heartbeat: http://localhost:8080/api/v1/diagnostics unreachable ([Errno 61] Connection refused) — continuing
15:50:14 WARNING omega.core.heartbeat_client: heartbeat: http://localhost:8080/api/v1/nodes/victoria_v211_trend_p1_r1/decisions unreachable ([Errno 61] Connection refused) — continuing
15:50:26 WARNING omega.core.heartbeat_client: heartbeat: http://localhost:8080/api/v1/diagnostics unreachable ([Errno 61] Connection refused) — continuing
15:50:26 WARNING omega.core.heartbeat_client: heartbeat: http://localhost:8080/api/v1/nodes/victoria_v211_trend_p1_r1/decisions unreachable ([Errno 61] Connection refused) — continuing
15:50:38 WARNING omega.core.heartbeat_client: heartbeat: http://localhost:8080/api/v1/diagnostics unreachable ([Errno 61] Connection refused) — continuing
15:50:38 WARNING omega.core.heartbeat_client: heartbeat: http://localhost:8080/api/v1/nodes/victoria_v211_trend_p1_r1/decisions unreachable ([Errno 61] Connection refused) — continuing
15:50:49 WARNING omega.core.heartbeat_client: heartbeat: http://localhost:8080/api/v1/diagnostics unreachable ([Errno 61] Connection refused) — continuing
15:50:49 WARNING omega.core.heartbeat_client: heartbeat: http://localhost:8080/api/v1/nodes/victoria_v211_trend_p1_r1/decisions unreachable ([Errno 61] Connection refused) — continuing
15:51:00 WARNING omega.core.heartbeat_client: heartbeat: http://localhost:8080/api/v1/diagnostics unreachable ([Errno 61] Connection refused) — continuing
15:51:00 WARNING omega.core.heartbeat_client: heartbeat: http://localhost:8080/api/v1/nodes/victoria_v211_trend_p1_r1/decisions unreachable ([Errno 61] Connection refused) — continuing
15:51:12 WARNING omega.core.heartbeat_client: heartbeat: http://localhost:8080/api/v1/diagnostics unreachable ([Errno 61] Connection refused) — continuing
15:51:12 WARNING omega.core.heartbeat_client: heartbeat: http://localhost:8080/api/v1/nodes/victoria_v211_trend_p1_r1/decisions unreachable ([Errno 61] Connection refused) — continuing
15:51:27 WARNING omega.core.heartbeat_client: heartbeat: http://localhost:8080/api/v1/diagnostics unreachable ([Errno 61] Connection refused) — continuing
15:51:27 WARNING omega.core.heartbeat_client: heartbeat: http://localhost:8080/api/v1/nodes/victoria_v211_trend_p1_r1/decisions unreachable ([Errno 61] Connection refused) — continuing
15:51:38 WARNING omega.core.heartbeat_client: heartbeat: http://localhost:8080/api/v1/diagnostics unreachable ([Errno 61] Connection refused) — continuing
15:51:38 WARNING omega.core.heartbeat_client: heartbeat: http://localhost:8080/api/v1/nodes/victoria_v211_trend_p1_r1/decisions unreachable ([Errno 61] Connection refused) — continuing
15:51:50 WARNING omega.core.heartbeat_client: heartbeat: http://localhost:8080/api/v1/diagnostics unreachable ([Errno 61] Connection refused) — continuing
15:52:06 WARNING omega.core.heartbeat_client: heartbeat: http://localhost:8080/api/v1/nodes/victoria_v211_trend_p1_r1/decisions unreachable ([Errno 61] Connection refused) — continuing
/opt/homebrew/lib/python3.14/site-packages/numpy/lib/_function_base_impl.py:3023: RuntimeWarning: invalid value encountered in divide
  c /= stddev[:, None]
/opt/homebrew/lib/python3.14/site-packages/numpy/lib/_function_base_impl.py:3024: RuntimeWarning: invalid value encountered in divide
  c /= stddev[None, :]
15:52:34 WARNING omega.core.heartbeat_client: heartbeat: http://localhost:8080/api/v1/diagnostics unreachable ([Errno 61] Connection refused) — continuing
15:52:34 WARNING omega.core.heartbeat_client: heartbeat: http://localhost:8080/api/v1/nodes/victoria_v211_trend_p1_r1/decisions unreachable ([Errno 61] Connection refused) — continuing
/opt/homebrew/lib/python3.14/site-packages/numpy/lib/_function_base_impl.py:3023: RuntimeWarning: invalid value encountered in divide
  c /= stddev[:, None]
/opt/homebrew/lib/python3.14/site-packages/numpy/lib/_function_base_impl.py:3024: RuntimeWarning: invalid value encountered in divide
  c /= stddev[None, :]
15:52:49 WARNING omega.core.heartbeat_client: heartbeat: http://localhost:8080/api/v1/diagnostics unreachable ([Errno 61] Connection refused) — continuing
15:52:49 WARNING omega.core.heartbeat_client: heartbeat: http://localhost:8080/api/v1/nodes/victoria_v211_trend_p1_r1/decisions unreachable ([Errno 61] Connection refused) — continuing
15:53:02 WARNING omega.core.heartbeat_client: heartbeat: http://localhost:8080/api/v1/diagnostics unreachable ([Errno 61] Connection refused) — continuing
15:53:02 WARNING omega.core.heartbeat_client: heartbeat: http://localhost:8080/api/v1/nodes/victoria_v211_trend_p1_r1/decisions unreachable ([Errno 61] Connection refused) — continuing
15:53:15 WARNING omega.core.heartbeat_client: heartbeat: http://localhost:8080/api/v1/diagnostics unreachable ([Errno 61] Connection refused) — continuing
15:53:15 WARNING omega.core.heartbeat_client: heartbeat: http://localhost:8080/api/v1/nodes/victoria_v211_trend_p1_r1/decisions unreachable ([Errno 61] Connection refused) — continuing
15:53:26 WARNING omega.core.heartbeat_client: heartbeat: http://localhost:8080/api/v1/diagnostics unreachable ([Errno 61] Connection refused) — continuing
15:53:26 WARNING omega.core.heartbeat_client: heartbeat: http://localhost:8080/api/v1/nodes/victoria_v211_trend_p1_r1/decisions unreachable ([Errno 61] Connection refused) — continuing
15:53:38 WARNING omega.core.heartbeat_client: heartbeat: http://localhost:8080/api/v1/diagnostics unreachable ([Errno 61] Connection refused) — continuing
15:53:38 WARNING omega.core.heartbeat_client: heartbeat: http://localhost:8080/api/v1/nodes/victoria_v211_trend_p1_r1/decisions unreachable ([Errno 61] Connection refused) — continuing
15:53:50 WARNING omega.core.heartbeat_client: heartbeat: http://localhost:8080/api/v1/diagnostics unreachable ([Errno 61] Connection refused) — continuing
15:53:51 WARNING omega.core.heartbeat_client: heartbeat: http://localhost:8080/api/v1/nodes/victoria_v211_trend_p1_r1/decisions unreachable ([Errno 61] Connection refused) — continuing
15:54:03 WARNING omega.core.heartbeat_client: heartbeat: http://localhost:8080/api/v1/diagnostics unreachable ([Errno 61] Connection refused) — continuing
15:54:03 WARNING omega.core.heartbeat_client: heartbeat: http://localhost:8080/api/v1/nodes/victoria_v211_trend_p1_r1/decisions unreachable ([Errno 61] Connection refused) — continuing
15:54:15 WARNING omega.core.heartbeat_client: heartbeat: http://localhost:8080/api/v1/diagnostics unreachable ([Errno 61] Connection refused) — continuing
15:54:15 WARNING omega.core.heartbeat_client: heartbeat: http://localhost:8080/api/v1/nodes/victoria_v211_trend_p1_r1/decisions unreachable ([Errno 61] Connection refused) — continuing
15:54:27 WARNING omega.core.heartbeat_client: heartbeat: http://localhost:8080/api/v1/diagnostics unreachable ([Errno 61] Connection refused) — continuing
15:54:27 WARNING omega.core.heartbeat_client: heartbeat: http://localhost:8080/api/v1/nodes/victoria_v211_trend_p1_r1/decisions unreachable ([Errno 61] Connection refused) — continuing
15:54:38 WARNING omega.core.heartbeat_client: heartbeat: http://localhost:8080/api/v1/diagnostics unreachable ([Errno 61] Connection refused) — continuing
15:54:38 WARNING omega.core.heartbeat_client: heartbeat: http://localhost:8080/api/v1/nodes/victoria_v211_trend_p1_r1/decisions unreachable ([Errno 61] Connection refused) — continuing
15:54:50 WARNING omega.core.heartbeat_client: heartbeat: http://localhost:8080/api/v1/diagnostics unreachable ([Errno 61] Connection refused) — continuing
15:54:50 WARNING omega.core.heartbeat_client: heartbeat: http://localhost:8080/api/v1/nodes/victoria_v211_trend_p1_r1/decisions unreachable ([Errno 61] Connection refused) — continuing
15:55:02 WARNING omega.core.heartbeat_client: heartbeat: http://localhost:8080/api/v1/diagnostics unreachable ([Errno 61] Connection refused) — continuing
15:55:02 WARNING omega.core.heartbeat_client: heartbeat: http://localhost:8080/api/v1/nodes/victoria_v211_trend_p1_r1/decisions unreachable ([Errno 61] Connection refused) — continuing
15:55:13 WARNING omega.core.heartbeat_client: heartbeat: http://localhost:8080/api/v1/diagnostics unreachable ([Errno 61] Connection refused) — continuing
15:55:13 WARNING omega.core.heartbeat_client: heartbeat: http://localhost:8080/api/v1/nodes/victoria_v211_trend_p1_r1/decisions unreachable ([Errno 61] Connection refused) — continuing
15:55:24 WARNING omega.core.heartbeat_client: heartbeat: http://localhost:8080/api/v1/diagnostics unreachable ([Errno 61] Connection refused) — continuing
15:55:24 WARNING omega.core.heartbeat_client: heartbeat: http://localhost:8080/api/v1/nodes/victoria_v211_trend_p1_r1/decisions unreachable ([Errno 61] Connection refused) — continuing
15:55:34 WARNING omega.nodes.victoria.vrp_signal: VRP circuit breaker: zscore=-3.23 < -2.0sigma — extreme COMPLACENCY; flagging for manual review (iv=0.43 rv=0.51)
15:55:36 WARNING omega.core.heartbeat_client: heartbeat: http://localhost:8080/api/v1/diagnostics unreachable ([Errno 61] Connection refused) — continuing
15:55:36 WARNING omega.core.heartbeat_client: heartbeat: http://localhost:8080/api/v1/nodes/victoria_v211_trend_p1_r1/decisions unreachable ([Errno 61] Connection refused) — continuing
15:55:48 WARNING omega.core.heartbeat_client: heartbeat: http://localhost:8080/api/v1/diagnostics unreachable ([Errno 61] Connection refused) — continuing
15:55:48 WARNING omega.core.heartbeat_client: heartbeat: http://localhost:8080/api/v1/nodes/victoria_v211_trend_p1_r1/decisions unreachable ([Errno 61] Connection refused) — continuing
15:56:00 WARNING omega.core.heartbeat_client: heartbeat: http://localhost:8080/api/v1/diagnostics unreachable ([Errno 61] Connection refused) — continuing
15:56:00 WARNING omega.core.heartbeat_client: heartbeat: http://localhost:8080/api/v1/nodes/victoria_v211_trend_p1_r1/decisions unreachable ([Errno 61] Connection refused) — continuing
15:56:16 WARNING omega.core.heartbeat_client: heartbeat: http://localhost:8080/api/v1/diagnostics unreachable ([Errno 61] Connection refused) — continuing
15:56:16 WARNING omega.core.heartbeat_client: heartbeat: http://localhost:8080/api/v1/nodes/victoria_v211_trend_p1_r1/decisions unreachable ([Errno 61] Connection refused) — continuing
15:56:28 WARNING omega.core.heartbeat_client: heartbeat: http://localhost:8080/api/v1/diagnostics unreachable ([Errno 61] Connection refused) — continuing
15:56:29 WARNING omega.core.heartbeat_client: heartbeat: http://localhost:8080/api/v1/nodes/victoria_v211_trend_p1_r1/decisions unreachable ([Errno 61] Connection refused) — continuing
15:56:39 WARNING omega.nodes.victoria.vrp_signal: VRP circuit breaker: zscore=-2.68 < -2.0sigma — extreme COMPLACENCY; flagging for manual review (iv=0.43 rv=0.53)
15:56:39 WARNING omega.core.heartbeat_client: heartbeat: http://localhost:8080/api/v1/diagnostics unreachable ([Errno 61] Connection refused) — continuing
15:56:39 WARNING omega.core.heartbeat_client: heartbeat: http://localhost:8080/api/v1/nodes/victoria_v211_trend_p1_r1/decisions unreachable ([Errno 61] Connection refused) — continuing
15:56:51 WARNING omega.core.heartbeat_client: heartbeat: http://localhost:8080/api/v1/diagnostics unreachable ([Errno 61] Connection refused) — continuing
15:56:51 WARNING omega.core.heartbeat_client: heartbeat: http://localhost:8080/api/v1/nodes/victoria_v211_trend_p1_r1/decisions unreachable ([Errno 61] Connection refused) — continuing
15:57:03 WARNING omega.core.heartbeat_client: heartbeat: http://localhost:8080/api/v1/diagnostics unreachable ([Errno 61] Connection refused) — continuing
15:57:03 WARNING omega.core.heartbeat_client: heartbeat: http://localhost:8080/api/v1/nodes/victoria_v211_trend_p1_r1/decisions unreachable ([Errno 61] Connection refused) — continuing
15:57:15 WARNING omega.core.heartbeat_client: heartbeat: http://localhost:8080/api/v1/diagnostics unreachable ([Errno 61] Connection refused) — continuing
15:57:15 WARNING omega.core.heartbeat_client: heartbeat: http://localhost:8080/api/v1/nodes/victoria_v211_trend_p1_r1/decisions unreachable ([Errno 61] Connection refused) — continuing
15:57:26 WARNING omega.core.heartbeat_client: heartbeat: http://localhost:8080/api/v1/diagnostics unreachable ([Errno 61] Connection refused) — continuing
15:57:26 WARNING omega.core.heartbeat_client: heartbeat: http://localhost:8080/api/v1/nodes/victoria_v211_trend_p1_r1/decisions unreachable ([Errno 61] Connection refused) — continuing
15:57:38 WARNING omega.core.heartbeat_client: heartbeat: http://localhost:8080/api/v1/diagnostics unreachable ([Errno 61] Connection refused) — continuing
15:57:38 WARNING omega.core.heartbeat_client: heartbeat: http://localhost:8080/api/v1/nodes/victoria_v211_trend_p1_r1/decisions unreachable ([Errno 61] Connection refused) — continuing
15:57:49 WARNING omega.core.heartbeat_client: heartbeat: http://localhost:8080/api/v1/diagnostics unreachable ([Errno 61] Connection refused) — continuing
15:57:49 WARNING omega.core.heartbeat_client: heartbeat: http://localhost:8080/api/v1/nodes/victoria_v211_trend_p1_r1/decisions unreachable ([Errno 61] Connection refused) — continuing
15:58:00 WARNING omega.core.heartbeat_client: heartbeat: http://localhost:8080/api/v1/diagnostics unreachable ([Errno 61] Connection refused) — continuing
15:58:00 WARNING omega.core.heartbeat_client: heartbeat: http://localhost:8080/api/v1/nodes/victoria_v211_trend_p1_r1/decisions unreachable ([Errno 61] Connection refused) — continuing
15:58:12 WARNING omega.core.heartbeat_client: heartbeat: http://localhost:8080/api/v1/diagnostics unreachable ([Errno 61] Connection refused) — continuing
15:58:12 WARNING omega.core.heartbeat_client: heartbeat: http://localhost:8080/api/v1/nodes/victoria_v211_trend_p1_r1/decisions unreachable ([Errno 61] Connection refused) — continuing
15:58:24 WARNING omega.core.heartbeat_client: heartbeat: http://localhost:8080/api/v1/diagnostics unreachable ([Errno 61] Connection refused) — continuing
15:58:24 WARNING omega.core.heartbeat_client: heartbeat: http://localhost:8080/api/v1/nodes/victoria_v211_trend_p1_r1/decisions unreachable ([Errno 61] Connection refused) — continuing
15:58:36 WARNING omega.core.heartbeat_client: heartbeat: http://localhost:8080/api/v1/diagnostics unreachable ([Errno 61] Connection refused) — continuing
15:58:36 WARNING omega.core.heartbeat_client: heartbeat: http://localhost:8080/api/v1/nodes/victoria_v211_trend_p1_r1/decisions unreachable ([Errno 61] Connection refused) — continuing
15:58:48 WARNING omega.core.heartbeat_client: heartbeat: http://localhost:8080/api/v1/diagnostics unreachable ([Errno 61] Connection refused) — continuing
15:58:48 WARNING omega.core.heartbeat_client: heartbeat: http://localhost:8080/api/v1/nodes/victoria_v211_trend_p1_r1/decisions unreachable ([Errno 61] Connection refused) — continuing
15:58:59 WARNING omega.core.heartbeat_client: heartbeat: http://localhost:8080/api/v1/diagnostics unreachable ([Errno 61] Connection refused) — continuing
15:58:59 WARNING omega.core.heartbeat_client: heartbeat: http://localhost:8080/api/v1/nodes/victoria_v211_trend_p1_r1/decisions unreachable ([Errno 61] Connection refused) — continuing
15:59:11 WARNING omega.core.heartbeat_client: heartbeat: http://localhost:8080/api/v1/diagnostics unreachable ([Errno 61] Connection refused) — continuing
15:59:11 WARNING omega.core.heartbeat_client: heartbeat: http://localhost:8080/api/v1/nodes/victoria_v211_trend_p1_r1/decisions unreachable ([Errno 61] Connection refused) — continuing
15:59:22 WARNING omega.core.heartbeat_client: heartbeat: http://localhost:8080/api/v1/diagnostics unreachable ([Errno 61] Connection refused) — continuing
15:59:22 WARNING omega.core.heartbeat_client: heartbeat: http://localhost:8080/api/v1/nodes/victoria_v211_trend_p1_r1/decisions unreachable ([Errno 61] Connection refused) — continuing
15:59:34 WARNING omega.core.heartbeat_client: heartbeat: http://localhost:8080/api/v1/diagnostics unreachable ([Errno 61] Connection refused) — continuing
15:59:34 WARNING omega.core.heartbeat_client: heartbeat: http://localhost:8080/api/v1/nodes/victoria_v211_trend_p1_r1/decisions unreachable ([Errno 61] Connection refused) — continuing
15:59:46 WARNING omega.core.heartbeat_client: heartbeat: http://localhost:8080/api/v1/diagnostics unreachable ([Errno 61] Connection refused) — continuing
15:59:46 WARNING omega.core.heartbeat_client: heartbeat: http://localhost:8080/api/v1/nodes/victoria_v211_trend_p1_r1/decisions unreachable ([Errno 61] Connection refused) — continuing
15:59:58 WARNING omega.core.heartbeat_client: heartbeat: http://localhost:8080/api/v1/diagnostics unreachable ([Errno 61] Connection refused) — continuing
15:59:58 WARNING omega.core.heartbeat_client: heartbeat: http://localhost:8080/api/v1/nodes/victoria_v211_trend_p1_r1/decisions unreachable ([Errno 61] Connection refused) — continuing
16:00:09 WARNING omega.core.heartbeat_client: heartbeat: http://localhost:8080/api/v1/diagnostics unreachable ([Errno 61] Connection refused) — continuing
16:00:09 WARNING omega.core.heartbeat_client: heartbeat: http://localhost:8080/api/v1/nodes/victoria_v211_trend_p1_r1/decisions unreachable ([Errno 61] Connection refused) — continuing
16:00:21 WARNING omega.core.heartbeat_client: heartbeat: http://localhost:8080/api/v1/diagnostics unreachable ([Errno 61] Connection refused) — continuing
16:00:21 WARNING omega.core.heartbeat_client: heartbeat: http://localhost:8080/api/v1/nodes/victoria_v211_trend_p1_r1/decisions unreachable ([Errno 61] Connection refused) — continuing
16:00:33 WARNING omega.core.heartbeat_client: heartbeat: http://localhost:8080/api/v1/diagnostics unreachable ([Errno 61] Connection refused) — continuing
16:00:33 WARNING omega.core.heartbeat_client: heartbeat: http://localhost:8080/api/v1/nodes/victoria_v211_trend_p1_r1/decisions unreachable ([Errno 61] Connection refused) — continuing
16:00:45 WARNING omega.core.heartbeat_client: heartbeat: http://localhost:8080/api/v1/diagnostics unreachable ([Errno 61] Connection refused) — continuing
16:00:45 WARNING omega.core.heartbeat_client: heartbeat: http://localhost:8080/api/v1/nodes/victoria_v211_trend_p1_r1/decisions unreachable ([Errno 61] Connection refused) — continuing
16:00:56 WARNING omega.core.heartbeat_client: heartbeat: http://localhost:8080/api/v1/diagnostics unreachable ([Errno 61] Connection refused) — continuing
16:00:56 WARNING omega.core.heartbeat_client: heartbeat: http://localhost:8080/api/v1/nodes/victoria_v211_trend_p1_r1/decisions unreachable ([Errno 61] Connection refused) — continuing
16:01:07 WARNING omega.core.heartbeat_client: heartbeat: http://localhost:8080/api/v1/diagnostics unreachable ([Errno 61] Connection refused) — continuing
16:01:07 WARNING omega.core.heartbeat_client: heartbeat: http://localhost:8080/api/v1/nodes/victoria_v211_trend_p1_r1/decisions unreachable ([Errno 61] Connection refused) — continuing
16:01:19 WARNING omega.core.heartbeat_client: heartbeat: http://localhost:8080/api/v1/diagnostics unreachable ([Errno 61] Connection refused) — continuing
16:01:19 WARNING omega.core.heartbeat_client: heartbeat: http://localhost:8080/api/v1/nodes/victoria_v211_trend_p1_r1/decisions unreachable ([Errno 61] Connection refused) — continuing
16:01:33 WARNING omega.core.heartbeat_client: heartbeat: http://localhost:8080/api/v1/diagnostics unreachable ([Errno 61] Connection refused) — continuing
16:01:33 WARNING omega.core.heartbeat_client: heartbeat: http://localhost:8080/api/v1/nodes/victoria_v211_trend_p1_r1/decisions unreachable ([Errno 61] Connection refused) — continuing
16:01:45 WARNING omega.core.heartbeat_client: heartbeat: http://localhost:8080/api/v1/diagnostics unreachable ([Errno 61] Connection refused) — continuing
16:01:45 WARNING omega.core.heartbeat_client: heartbeat: http://localhost:8080/api/v1/nodes/victoria_v211_trend_p1_r1/decisions unreachable ([Errno 61] Connection refused) — continuing
16:01:57 WARNING omega.core.heartbeat_client: heartbeat: http://localhost:8080/api/v1/diagnostics unreachable ([Errno 61] Connection refused) — continuing
16:01:57 WARNING omega.core.heartbeat_client: heartbeat: http://localhost:8080/api/v1/nodes/victoria_v211_trend_p1_r1/decisions unreachable ([Errno 61] Connection refused) — continuing
16:02:08 WARNING omega.core.heartbeat_client: heartbeat: http://localhost:8080/api/v1/diagnostics unreachable ([Errno 61] Connection refused) — continuing
16:02:08 WARNING omega.core.heartbeat_client: heartbeat: http://localhost:8080/api/v1/nodes/victoria_v211_trend_p1_r1/decisions unreachable ([Errno 61] Connection refused) — continuing
16:02:20 WARNING omega.core.heartbeat_client: heartbeat: http://localhost:8080/api/v1/diagnostics unreachable ([Errno 61] Connection refused) — continuing
16:02:20 WARNING omega.core.heartbeat_client: heartbeat: http://localhost:8080/api/v1/nodes/victoria_v211_trend_p1_r1/decisions unreachable ([Errno 61] Connection refused) — continuing
16:02:31 WARNING omega.core.heartbeat_client: heartbeat: http://localhost:8080/api/v1/diagnostics unreachable ([Errno 61] Connection refused) — continuing
16:02:31 WARNING omega.core.heartbeat_client: heartbeat: http://localhost:8080/api/v1/nodes/victoria_v211_trend_p1_r1/decisions unreachable ([Errno 61] Connection refused) — continuing
16:02:43 WARNING omega.core.heartbeat_client: heartbeat: http://localhost:8080/api/v1/diagnostics unreachable ([Errno 61] Connection refused) — continuing
16:02:43 WARNING omega.core.heartbeat_client: heartbeat: http://localhost:8080/api/v1/nodes/victoria_v211_trend_p1_r1/decisions unreachable ([Errno 61] Connection refused) — continuing
16:02:55 WARNING omega.core.heartbeat_client: heartbeat: http://localhost:8080/api/v1/diagnostics unreachable ([Errno 61] Connection refused) — continuing
16:02:55 WARNING omega.core.heartbeat_client: heartbeat: http://localhost:8080/api/v1/nodes/victoria_v211_trend_p1_r1/decisions unreachable ([Errno 61] Connection refused) — continuing
16:03:06 WARNING omega.core.heartbeat_client: heartbeat: http://localhost:8080/api/v1/diagnostics unreachable ([Errno 61] Connection refused) — continuing
16:03:06 WARNING omega.core.heartbeat_client: heartbeat: http://localhost:8080/api/v1/nodes/victoria_v211_trend_p1_r1/decisions unreachable ([Errno 61] Connection refused) — continuing
16:03:19 WARNING omega.core.heartbeat_client: heartbeat: http://localhost:8080/api/v1/diagnostics unreachable ([Errno 61] Connection refused) — continuing
16:03:19 WARNING omega.core.heartbeat_client: heartbeat: http://localhost:8080/api/v1/nodes/victoria_v211_trend_p1_r1/decisions unreachable ([Errno 61] Connection refused) — continuing
16:03:30 WARNING omega.core.heartbeat_client: heartbeat: http://localhost:8080/api/v1/diagnostics unreachable ([Errno 61] Connection refused) — continuing
16:03:30 WARNING omega.core.heartbeat_client: heartbeat: http://localhost:8080/api/v1/nodes/victoria_v211_trend_p1_r1/decisions unreachable ([Errno 61] Connection refused) — continuing
16:03:42 WARNING omega.core.heartbeat_client: heartbeat: http://localhost:8080/api/v1/diagnostics unreachable ([Errno 61] Connection refused) — continuing
16:03:42 WARNING omega.core.heartbeat_client: heartbeat: http://localhost:8080/api/v1/nodes/victoria_v211_trend_p1_r1/decisions unreachable ([Errno 61] Connection refused) — continuing
16:03:54 WARNING omega.core.heartbeat_client: heartbeat: http://localhost:8080/api/v1/diagnostics unreachable ([Errno 61] Connection refused) — continuing
16:03:54 WARNING omega.core.heartbeat_client: heartbeat: http://localhost:8080/api/v1/nodes/victoria_v211_trend_p1_r1/decisions unreachable ([Errno 61] Connection refused) — continuing
16:04:05 WARNING omega.core.heartbeat_client: heartbeat: http://localhost:8080/api/v1/diagnostics unreachable ([Errno 61] Connection refused) — continuing
16:04:05 WARNING omega.core.heartbeat_client: heartbeat: http://localhost:8080/api/v1/nodes/victoria_v211_trend_p1_r1/decisions unreachable ([Errno 61] Connection refused) — continuing
16:04:17 WARNING omega.core.heartbeat_client: heartbeat: http://localhost:8080/api/v1/diagnostics unreachable ([Errno 61] Connection refused) — continuing
16:04:17 WARNING omega.core.heartbeat_client: heartbeat: http://localhost:8080/api/v1/nodes/victoria_v211_trend_p1_r1/decisions unreachable ([Errno 61] Connection refused) — continuing
16:04:29 WARNING omega.core.heartbeat_client: heartbeat: http://localhost:8080/api/v1/diagnostics unreachable ([Errno 61] Connection refused) — continuing
16:04:29 WARNING omega.core.heartbeat_client: heartbeat: http://localhost:8080/api/v1/nodes/victoria_v211_trend_p1_r1/decisions unreachable ([Errno 61] Connection refused) — continuing
16:04:40 WARNING omega.core.heartbeat_client: heartbeat: http://localhost:8080/api/v1/diagnostics unreachable ([Errno 61] Connection refused) — continuing
16:04:40 WARNING omega.core.heartbeat_client: heartbeat: http://localhost:8080/api/v1/nodes/victoria_v211_trend_p1_r1/decisions unreachable ([Errno 61] Connection refused) — continuing
16:04:52 WARNING omega.core.heartbeat_client: heartbeat: http://localhost:8080/api/v1/diagnostics unreachable ([Errno 61] Connection refused) — continuing
16:04:52 WARNING omega.core.heartbeat_client: heartbeat: http://localhost:8080/api/v1/nodes/victoria_v211_trend_p1_r1/decisions unreachable ([Errno 61] Connection refused) — continuing
16:05:03 WARNING omega.core.heartbeat_client: heartbeat: http://localhost:8080/api/v1/diagnostics unreachable ([Errno 61] Connection refused) — continuing
16:05:04 WARNING omega.core.heartbeat_client: heartbeat: http://localhost:8080/api/v1/nodes/victoria_v211_trend_p1_r1/decisions unreachable ([Errno 61] Connection refused) — continuing
16:05:15 WARNING omega.core.heartbeat_client: heartbeat: http://localhost:8080/api/v1/diagnostics unreachable ([Errno 61] Connection refused) — continuing
16:05:15 WARNING omega.core.heartbeat_client: heartbeat: http://localhost:8080/api/v1/nodes/victoria_v211_trend_p1_r1/decisions unreachable ([Errno 61] Connection refused) — continuing
16:05:27 WARNING omega.core.heartbeat_client: heartbeat: http://localhost:8080/api/v1/diagnostics unreachable ([Errno 61] Connection refused) — continuing
16:05:27 WARNING omega.core.heartbeat_client: heartbeat: http://localhost:8080/api/v1/nodes/victoria_v211_trend_p1_r1/decisions unreachable ([Errno 61] Connection refused) — continuing
16:05:39 WARNING omega.core.heartbeat_client: heartbeat: http://localhost:8080/api/v1/diagnostics unreachable ([Errno 61] Connection refused) — continuing
16:05:39 WARNING omega.core.heartbeat_client: heartbeat: http://localhost:8080/api/v1/nodes/victoria_v211_trend_p1_r1/decisions unreachable ([Errno 61] Connection refused) — continuing
16:05:51 WARNING omega.core.heartbeat_client: heartbeat: http://localhost:8080/api/v1/diagnostics unreachable ([Errno 61] Connection refused) — continuing
16:05:51 WARNING omega.core.heartbeat_client: heartbeat: http://localhost:8080/api/v1/nodes/victoria_v211_trend_p1_r1/decisions unreachable ([Errno 61] Connection refused) — continuing
16:06:03 WARNING omega.core.heartbeat_client: heartbeat: http://localhost:8080/api/v1/diagnostics unreachable ([Errno 61] Connection refused) — continuing
16:06:03 WARNING omega.core.heartbeat_client: heartbeat: http://localhost:8080/api/v1/nodes/victoria_v211_trend_p1_r1/decisions unreachable ([Errno 61] Connection refused) — continuing
16:06:14 WARNING omega.core.heartbeat_client: heartbeat: http://localhost:8080/api/v1/diagnostics unreachable ([Errno 61] Connection refused) — continuing
16:06:14 WARNING omega.core.heartbeat_client: heartbeat: http://localhost:8080/api/v1/nodes/victoria_v211_trend_p1_r1/decisions unreachable ([Errno 61] Connection refused) — continuing
16:06:26 WARNING omega.core.heartbeat_client: heartbeat: http://localhost:8080/api/v1/diagnostics unreachable ([Errno 61] Connection refused) — continuing
16:06:26 WARNING omega.core.heartbeat_client: heartbeat: http://localhost:8080/api/v1/nodes/victoria_v211_trend_p1_r1/decisions unreachable ([Errno 61] Connection refused) — continuing
16:06:39 WARNING omega.core.heartbeat_client: heartbeat: http://localhost:8080/api/v1/diagnostics unreachable ([Errno 61] Connection refused) — continuing
16:06:39 WARNING omega.core.heartbeat_client: heartbeat: http://localhost:8080/api/v1/nodes/victoria_v211_trend_p1_r1/decisions unreachable ([Errno 61] Connection refused) — continuing
16:06:51 WARNING omega.core.heartbeat_client: heartbeat: http://localhost:8080/api/v1/diagnostics unreachable ([Errno 61] Connection refused) — continuing
16:06:51 WARNING omega.core.heartbeat_client: heartbeat: http://localhost:8080/api/v1/nodes/victoria_v211_trend_p1_r1/decisions unreachable ([Errno 61] Connection refused) — continuing
16:07:02 WARNING omega.core.heartbeat_client: heartbeat: http://localhost:8080/api/v1/diagnostics unreachable ([Errno 61] Connection refused) — continuing
16:07:02 WARNING omega.core.heartbeat_client: heartbeat: http://localhost:8080/api/v1/nodes/victoria_v211_trend_p1_r1/decisions unreachable ([Errno 61] Connection refused) — continuing
16:07:13 WARNING omega.core.heartbeat_client: heartbeat: http://localhost:8080/api/v1/diagnostics unreachable ([Errno 61] Connection refused) — continuing
16:07:13 WARNING omega.core.heartbeat_client: heartbeat: http://localhost:8080/api/v1/nodes/victoria_v211_trend_p1_r1/decisions unreachable ([Errno 61] Connection refused) — continuing
16:07:25 WARNING omega.core.heartbeat_client: heartbeat: http://localhost:8080/api/v1/diagnostics unreachable ([Errno 61] Connection refused) — continuing
16:07:25 WARNING omega.core.heartbeat_client: heartbeat: http://localhost:8080/api/v1/nodes/victoria_v211_trend_p1_r1/decisions unreachable ([Errno 61] Connection refused) — continuing
16:07:36 WARNING omega.core.heartbeat_client: heartbeat: http://localhost:8080/api/v1/diagnostics unreachable ([Errno 61] Connection refused) — continuing
16:07:36 WARNING omega.core.heartbeat_client: heartbeat: http://localhost:8080/api/v1/nodes/victoria_v211_trend_p1_r1/decisions unreachable ([Errno 61] Connection refused) — continuing
16:07:46 WARNING omega.nodes.victoria.vrp_signal: VRP circuit breaker: zscore=-2.91 < -2.0sigma — extreme COMPLACENCY; flagging for manual review (iv=0.43 rv=0.62)
16:07:49 WARNING omega.core.heartbeat_client: heartbeat: http://localhost:8080/api/v1/diagnostics unreachable ([Errno 61] Connection refused) — continuing
16:07:49 WARNING omega.core.heartbeat_client: heartbeat: http://localhost:8080/api/v1/nodes/victoria_v211_trend_p1_r1/decisions unreachable ([Errno 61] Connection refused) — continuing
16:08:00 WARNING omega.core.heartbeat_client: heartbeat: http://localhost:8080/api/v1/diagnostics unreachable ([Errno 61] Connection refused) — continuing
16:08:00 WARNING omega.core.heartbeat_client: heartbeat: http://localhost:8080/api/v1/nodes/victoria_v211_trend_p1_r1/decisions unreachable ([Errno 61] Connection refused) — continuing
16:08:12 WARNING omega.core.heartbeat_client: heartbeat: http://localhost:8080/api/v1/diagnostics unreachable ([Errno 61] Connection refused) — continuing
16:08:12 WARNING omega.core.heartbeat_client: heartbeat: http://localhost:8080/api/v1/nodes/victoria_v211_trend_p1_r1/decisions unreachable ([Errno 61] Connection refused) — continuing
16:08:24 WARNING omega.core.heartbeat_client: heartbeat: http://localhost:8080/api/v1/diagnostics unreachable ([Errno 61] Connection refused) — continuing
16:08:24 WARNING omega.core.heartbeat_client: heartbeat: http://localhost:8080/api/v1/nodes/victoria_v211_trend_p1_r1/decisions unreachable ([Errno 61] Connection refused) — continuing
16:08:35 WARNING omega.core.heartbeat_client: heartbeat: http://localhost:8080/api/v1/diagnostics unreachable ([Errno 61] Connection refused) — continuing
16:08:35 WARNING omega.core.heartbeat_client: heartbeat: http://localhost:8080/api/v1/nodes/victoria_v211_trend_p1_r1/decisions unreachable ([Errno 61] Connection refused) — continuing
16:08:47 WARNING omega.core.heartbeat_client: heartbeat: http://localhost:8080/api/v1/diagnostics unreachable ([Errno 61] Connection refused) — continuing
16:08:47 WARNING omega.core.heartbeat_client: heartbeat: http://localhost:8080/api/v1/nodes/victoria_v211_trend_p1_r1/decisions unreachable ([Errno 61] Connection refused) — continuing
16:09:00 WARNING omega.core.heartbeat_client: heartbeat: http://localhost:8080/api/v1/diagnostics unreachable ([Errno 61] Connection refused) — continuing
16:09:00 WARNING omega.core.heartbeat_client: heartbeat: http://localhost:8080/api/v1/nodes/victoria_v211_trend_p1_r1/decisions unreachable ([Errno 61] Connection refused) — continuing
16:09:12 WARNING omega.core.heartbeat_client: heartbeat: http://localhost:8080/api/v1/diagnostics unreachable ([Errno 61] Connection refused) — continuing
16:09:12 WARNING omega.core.heartbeat_client: heartbeat: http://localhost:8080/api/v1/nodes/victoria_v211_trend_p1_r1/decisions unreachable ([Errno 61] Connection refused) — continuing
16:09:24 WARNING omega.core.heartbeat_client: heartbeat: http://localhost:8080/api/v1/diagnostics unreachable ([Errno 61] Connection refused) — continuing
16:09:24 WARNING omega.core.heartbeat_client: heartbeat: http://localhost:8080/api/v1/nodes/victoria_v211_trend_p1_r1/decisions unreachable ([Errno 61] Connection refused) — continuing
16:09:35 WARNING omega.core.heartbeat_client: heartbeat: http://localhost:8080/api/v1/diagnostics unreachable ([Errno 61] Connection refused) — continuing
16:09:35 WARNING omega.core.heartbeat_client: heartbeat: http://localhost:8080/api/v1/nodes/victoria_v211_trend_p1_r1/decisions unreachable ([Errno 61] Connection refused) — continuing
16:09:47 WARNING omega.core.heartbeat_client: heartbeat: http://localhost:8080/api/v1/diagnostics unreachable ([Errno 61] Connection refused) — continuing
16:09:47 WARNING omega.core.heartbeat_client: heartbeat: http://localhost:8080/api/v1/nodes/victoria_v211_trend_p1_r1/decisions unreachable ([Errno 61] Connection refused) — continuing
16:10:00 WARNING omega.core.heartbeat_client: heartbeat: http://localhost:8080/api/v1/diagnostics unreachable ([Errno 61] Connection refused) — continuing
16:10:00 WARNING omega.core.heartbeat_client: heartbeat: http://localhost:8080/api/v1/nodes/victoria_v211_trend_p1_r1/decisions unreachable ([Errno 61] Connection refused) — continuing
16:10:12 WARNING omega.core.heartbeat_client: heartbeat: http://localhost:8080/api/v1/diagnostics unreachable ([Errno 61] Connection refused) — continuing
16:10:12 WARNING omega.core.heartbeat_client: heartbeat: http://localhost:8080/api/v1/nodes/victoria_v211_trend_p1_r1/decisions unreachable ([Errno 61] Connection refused) — continuing
16:10:24 WARNING omega.core.heartbeat_client: heartbeat: http://localhost:8080/api/v1/diagnostics unreachable ([Errno 61] Connection refused) — continuing
16:10:24 WARNING omega.core.heartbeat_client: heartbeat: http://localhost:8080/api/v1/nodes/victoria_v211_trend_p1_r1/decisions unreachable ([Errno 61] Connection refused) — continuing
16:10:36 WARNING omega.core.heartbeat_client: heartbeat: http://localhost:8080/api/v1/diagnostics unreachable ([Errno 61] Connection refused) — continuing
16:10:36 WARNING omega.core.heartbeat_client: heartbeat: http://localhost:8080/api/v1/nodes/victoria_v211_trend_p1_r1/decisions unreachable ([Errno 61] Connection refused) — continuing
16:10:48 WARNING omega.core.heartbeat_client: heartbeat: http://localhost:8080/api/v1/diagnostics unreachable ([Errno 61] Connection refused) — continuing
16:10:48 WARNING omega.core.heartbeat_client: heartbeat: http://localhost:8080/api/v1/nodes/victoria_v211_trend_p1_r1/decisions unreachable ([Errno 61] Connection refused) — continuing
16:10:59 WARNING omega.core.heartbeat_client: heartbeat: http://localhost:8080/api/v1/diagnostics unreachable ([Errno 61] Connection refused) — continuing
16:10:59 WARNING omega.core.heartbeat_client: heartbeat: http://localhost:8080/api/v1/nodes/victoria_v211_trend_p1_r1/decisions unreachable ([Errno 61] Connection refused) — continuing
16:11:11 WARNING omega.core.heartbeat_client: heartbeat: http://localhost:8080/api/v1/diagnostics unreachable ([Errno 61] Connection refused) — continuing
16:11:11 WARNING omega.core.heartbeat_client: heartbeat: http://localhost:8080/api/v1/nodes/victoria_v211_trend_p1_r1/decisions unreachable ([Errno 61] Connection refused) — continuing
16:11:28 WARNING omega.core.heartbeat_client: heartbeat: http://localhost:8080/api/v1/diagnostics unreachable ([Errno 61] Connection refused) — continuing
16:11:28 WARNING omega.core.heartbeat_client: heartbeat: http://localhost:8080/api/v1/nodes/victoria_v211_trend_p1_r1/decisions unreachable ([Errno 61] Connection refused) — continuing
16:11:43 WARNING omega.core.heartbeat_client: heartbeat: http://localhost:8080/api/v1/diagnostics unreachable ([Errno 61] Connection refused) — continuing
16:11:43 WARNING omega.core.heartbeat_client: heartbeat: http://localhost:8080/api/v1/nodes/victoria_v211_trend_p1_r1/decisions unreachable ([Errno 61] Connection refused) — continuing
16:11:54 WARNING omega.core.heartbeat_client: heartbeat: http://localhost:8080/api/v1/diagnostics unreachable ([Errno 61] Connection refused) — continuing
16:11:54 WARNING omega.core.heartbeat_client: heartbeat: http://localhost:8080/api/v1/nodes/victoria_v211_trend_p1_r1/decisions unreachable ([Errno 61] Connection refused) — continuing
16:12:06 WARNING omega.core.heartbeat_client: heartbeat: http://localhost:8080/api/v1/diagnostics unreachable ([Errno 61] Connection refused) — continuing
16:12:06 WARNING omega.core.heartbeat_client: heartbeat: http://localhost:8080/api/v1/nodes/victoria_v211_trend_p1_r1/decisions unreachable ([Errno 61] Connection refused) — continuing
16:12:18 WARNING omega.core.heartbeat_client: heartbeat: http://localhost:8080/api/v1/diagnostics unreachable ([Errno 61] Connection refused) — continuing
16:12:18 WARNING omega.core.heartbeat_client: heartbeat: http://localhost:8080/api/v1/nodes/victoria_v211_trend_p1_r1/decisions unreachable ([Errno 61] Connection refused) — continuing
16:12:30 WARNING omega.core.heartbeat_client: heartbeat: http://localhost:8080/api/v1/diagnostics unreachable ([Errno 61] Connection refused) — continuing
16:12:30 WARNING omega.core.heartbeat_client: heartbeat: http://localhost:8080/api/v1/nodes/victoria_v211_trend_p1_r1/decisions unreachable ([Errno 61] Connection refused) — continuing
16:12:42 WARNING omega.core.heartbeat_client: heartbeat: http://localhost:8080/api/v1/diagnostics unreachable ([Errno 61] Connection refused) — continuing
16:12:42 WARNING omega.core.heartbeat_client: heartbeat: http://localhost:8080/api/v1/nodes/victoria_v211_trend_p1_r1/decisions unreachable ([Errno 61] Connection refused) — continuing
16:12:53 WARNING omega.core.heartbeat_client: heartbeat: http://localhost:8080/api/v1/diagnostics unreachable ([Errno 61] Connection refused) — continuing
16:12:53 WARNING omega.core.heartbeat_client: heartbeat: http://localhost:8080/api/v1/nodes/victoria_v211_trend_p1_r1/decisions unreachable ([Errno 61] Connection refused) — continuing
16:13:05 WARNING omega.core.heartbeat_client: heartbeat: http://localhost:8080/api/v1/diagnostics unreachable ([Errno 61] Connection refused) — continuing
16:13:05 WARNING omega.core.heartbeat_client: heartbeat: http://localhost:8080/api/v1/nodes/victoria_v211_trend_p1_r1/decisions unreachable ([Errno 61] Connection refused) — continuing
16:13:16 WARNING omega.core.heartbeat_client: heartbeat: http://localhost:8080/api/v1/diagnostics unreachable ([Errno 61] Connection refused) — continuing
16:13:16 WARNING omega.core.heartbeat_client: heartbeat: http://localhost:8080/api/v1/nodes/victoria_v211_trend_p1_r1/decisions unreachable ([Errno 61] Connection refused) — continuing
16:13:28 WARNING omega.core.heartbeat_client: heartbeat: http://localhost:8080/api/v1/diagnostics unreachable ([Errno 61] Connection refused) — continuing
16:13:28 WARNING omega.core.heartbeat_client: heartbeat: http://localhost:8080/api/v1/nodes/victoria_v211_trend_p1_r1/decisions unreachable ([Errno 61] Connection refused) — continuing
16:13:40 WARNING omega.core.heartbeat_client: heartbeat: http://localhost:8080/api/v1/diagnostics unreachable ([Errno 61] Connection refused) — continuing
16:13:40 WARNING omega.core.heartbeat_client: heartbeat: http://localhost:8080/api/v1/nodes/victoria_v211_trend_p1_r1/decisions unreachable ([Errno 61] Connection refused) — continuing
16:13:52 WARNING omega.core.heartbeat_client: heartbeat: http://localhost:8080/api/v1/diagnostics unreachable ([Errno 61] Connection refused) — continuing
16:13:52 WARNING omega.core.heartbeat_client: heartbeat: http://localhost:8080/api/v1/nodes/victoria_v211_trend_p1_r1/decisions unreachable ([Errno 61] Connection refused) — continuing
16:14:04 WARNING omega.core.heartbeat_client: heartbeat: http://localhost:8080/api/v1/diagnostics unreachable ([Errno 61] Connection refused) — continuing
16:14:04 WARNING omega.core.heartbeat_client: heartbeat: http://localhost:8080/api/v1/nodes/victoria_v211_trend_p1_r1/decisions unreachable ([Errno 61] Connection refused) — continuing
16:14:15 WARNING omega.core.heartbeat_client: heartbeat: http://localhost:8080/api/v1/diagnostics unreachable ([Errno 61] Connection refused) — continuing
16:14:15 WARNING omega.core.heartbeat_client: heartbeat: http://localhost:8080/api/v1/nodes/victoria_v211_trend_p1_r1/decisions unreachable ([Errno 61] Connection refused) — continuing
16:14:27 WARNING omega.core.heartbeat_client: heartbeat: http://localhost:8080/api/v1/diagnostics unreachable ([Errno 61] Connection refused) — continuing
16:14:27 WARNING omega.core.heartbeat_client: heartbeat: http://localhost:8080/api/v1/nodes/victoria_v211_trend_p1_r1/decisions unreachable ([Errno 61] Connection refused) — continuing
16:14:39 WARNING omega.core.heartbeat_client: heartbeat: http://localhost:8080/api/v1/diagnostics unreachable ([Errno 61] Connection refused) — continuing
16:14:39 WARNING omega.core.heartbeat_client: heartbeat: http://localhost:8080/api/v1/nodes/victoria_v211_trend_p1_r1/decisions unreachable ([Errno 61] Connection refused) — continuing
16:14:51 WARNING omega.core.heartbeat_client: heartbeat: http://localhost:8080/api/v1/diagnostics unreachable ([Errno 61] Connection refused) — continuing
16:14:51 WARNING omega.core.heartbeat_client: heartbeat: http://localhost:8080/api/v1/nodes/victoria_v211_trend_p1_r1/decisions unreachable ([Errno 61] Connection refused) — continuing
16:15:03 WARNING omega.core.heartbeat_client: heartbeat: http://localhost:8080/api/v1/diagnostics unreachable ([Errno 61] Connection refused) — continuing
16:15:03 WARNING omega.core.heartbeat_client: heartbeat: http://localhost:8080/api/v1/nodes/victoria_v211_trend_p1_r1/decisions unreachable ([Errno 61] Connection refused) — continuing
16:15:14 WARNING omega.core.heartbeat_client: heartbeat: http://localhost:8080/api/v1/diagnostics unreachable ([Errno 61] Connection refused) — continuing
16:15:14 WARNING omega.core.heartbeat_client: heartbeat: http://localhost:8080/api/v1/nodes/victoria_v211_trend_p1_r1/decisions unreachable ([Errno 61] Connection refused) — continuing
16:15:26 WARNING omega.core.heartbeat_client: heartbeat: http://localhost:8080/api/v1/diagnostics unreachable ([Errno 61] Connection refused) — continuing
16:15:26 WARNING omega.core.heartbeat_client: heartbeat: http://localhost:8080/api/v1/nodes/victoria_v211_trend_p1_r1/decisions unreachable ([Errno 61] Connection refused) — continuing
16:15:38 WARNING omega.core.heartbeat_client: heartbeat: http://localhost:8080/api/v1/diagnostics unreachable ([Errno 61] Connection refused) — continuing
16:15:38 WARNING omega.core.heartbeat_client: heartbeat: http://localhost:8080/api/v1/nodes/victoria_v211_trend_p1_r1/decisions unreachable ([Errno 61] Connection refused) — continuing
16:15:50 WARNING omega.core.heartbeat_client: heartbeat: http://localhost:8080/api/v1/diagnostics unreachable ([Errno 61] Connection refused) — continuing
16:15:50 WARNING omega.core.heartbeat_client: heartbeat: http://localhost:8080/api/v1/nodes/victoria_v211_trend_p1_r1/decisions unreachable ([Errno 61] Connection refused) — continuing
16:16:02 WARNING omega.core.heartbeat_client: heartbeat: http://localhost:8080/api/v1/diagnostics unreachable ([Errno 61] Connection refused) — continuing
16:16:02 WARNING omega.core.heartbeat_client: heartbeat: http://localhost:8080/api/v1/nodes/victoria_v211_trend_p1_r1/decisions unreachable ([Errno 61] Connection refused) — continuing
16:16:13 WARNING omega.core.heartbeat_client: heartbeat: http://localhost:8080/api/v1/diagnostics unreachable ([Errno 61] Connection refused) — continuing
16:16:13 WARNING omega.core.heartbeat_client: heartbeat: http://localhost:8080/api/v1/nodes/victoria_v211_trend_p1_r1/decisions unreachable ([Errno 61] Connection refused) — continuing
16:16:25 WARNING omega.core.heartbeat_client: heartbeat: http://localhost:8080/api/v1/diagnostics unreachable ([Errno 61] Connection refused) — continuing
16:16:25 WARNING omega.core.heartbeat_client: heartbeat: http://localhost:8080/api/v1/nodes/victoria_v211_trend_p1_r1/decisions unreachable ([Errno 61] Connection refused) — continuing
16:16:37 WARNING omega.core.heartbeat_client: heartbeat: http://localhost:8080/api/v1/diagnostics unreachable ([Errno 61] Connection refused) — continuing
16:16:37 WARNING omega.core.heartbeat_client: heartbeat: http://localhost:8080/api/v1/nodes/victoria_v211_trend_p1_r1/decisions unreachable ([Errno 61] Connection refused) — continuing
16:16:49 WARNING omega.core.heartbeat_client: heartbeat: http://localhost:8080/api/v1/diagnostics unreachable ([Errno 61] Connection refused) — continuing
16:16:49 WARNING omega.core.heartbeat_client: heartbeat: http://localhost:8080/api/v1/nodes/victoria_v211_trend_p1_r1/decisions unreachable ([Errno 61] Connection refused) — continuing
16:17:01 WARNING omega.core.heartbeat_client: heartbeat: http://localhost:8080/api/v1/diagnostics unreachable ([Errno 61] Connection refused) — continuing
16:17:01 WARNING omega.core.heartbeat_client: heartbeat: http://localhost:8080/api/v1/nodes/victoria_v211_trend_p1_r1/decisions unreachable ([Errno 61] Connection refused) — continuing
16:17:13 WARNING omega.core.heartbeat_client: heartbeat: http://localhost:8080/api/v1/diagnostics unreachable ([Errno 61] Connection refused) — continuing
16:17:13 WARNING omega.core.heartbeat_client: heartbeat: http://localhost:8080/api/v1/nodes/victoria_v211_trend_p1_r1/decisions unreachable ([Errno 61] Connection refused) — continuing
16:17:25 WARNING omega.core.heartbeat_client: heartbeat: http://localhost:8080/api/v1/diagnostics unreachable ([Errno 61] Connection refused) — continuing
16:17:25 WARNING omega.core.heartbeat_client: heartbeat: http://localhost:8080/api/v1/nodes/victoria_v211_trend_p1_r1/decisions unreachable ([Errno 61] Connection refused) — continuing
16:17:37 WARNING omega.core.heartbeat_client: heartbeat: http://localhost:8080/api/v1/diagnostics unreachable ([Errno 61] Connection refused) — continuing
16:17:37 WARNING omega.core.heartbeat_client: heartbeat: http://localhost:8080/api/v1/nodes/victoria_v211_trend_p1_r1/decisions unreachable ([Errno 61] Connection refused) — continuing
16:17:49 WARNING omega.core.heartbeat_client: heartbeat: http://localhost:8080/api/v1/diagnostics unreachable ([Errno 61] Connection refused) — continuing
16:17:49 WARNING omega.core.heartbeat_client: heartbeat: http://localhost:8080/api/v1/nodes/victoria_v211_trend_p1_r1/decisions unreachable ([Errno 61] Connection refused) — continuing
16:18:00 WARNING omega.core.heartbeat_client: heartbeat: http://localhost:8080/api/v1/diagnostics unreachable ([Errno 61] Connection refused) — continuing
16:18:00 WARNING omega.core.heartbeat_client: heartbeat: http://localhost:8080/api/v1/nodes/victoria_v211_trend_p1_r1/decisions unreachable ([Errno 61] Connection refused) — continuing
16:18:13 WARNING omega.core.heartbeat_client: heartbeat: http://localhost:8080/api/v1/diagnostics unreachable ([Errno 61] Connection refused) — continuing
16:18:13 WARNING omega.core.heartbeat_client: heartbeat: http://localhost:8080/api/v1/nodes/victoria_v211_trend_p1_r1/decisions unreachable ([Errno 61] Connection refused) — continuing
16:18:25 WARNING omega.core.heartbeat_client: heartbeat: http://localhost:8080/api/v1/diagnostics unreachable ([Errno 61] Connection refused) — continuing
16:18:25 WARNING omega.core.heartbeat_client: heartbeat: http://localhost:8080/api/v1/nodes/victoria_v211_trend_p1_r1/decisions unreachable ([Errno 61] Connection refused) — continuing
16:18:37 WARNING omega.core.heartbeat_client: heartbeat: http://localhost:8080/api/v1/diagnostics unreachable ([Errno 61] Connection refused) — continuing
16:18:37 WARNING omega.core.heartbeat_client: heartbeat: http://localhost:8080/api/v1/nodes/victoria_v211_trend_p1_r1/decisions unreachable ([Errno 61] Connection refused) — continuing
16:18:49 WARNING omega.core.heartbeat_client: heartbeat: http://localhost:8080/api/v1/diagnostics unreachable ([Errno 61] Connection refused) — continuing
16:18:49 WARNING omega.core.heartbeat_client: heartbeat: http://localhost:8080/api/v1/nodes/victoria_v211_trend_p1_r1/decisions unreachable ([Errno 61] Connection refused) — continuing
16:19:01 WARNING omega.core.heartbeat_client: heartbeat: http://localhost:8080/api/v1/diagnostics unreachable ([Errno 61] Connection refused) — continuing
16:19:01 WARNING omega.core.heartbeat_client: heartbeat: http://localhost:8080/api/v1/nodes/victoria_v211_trend_p1_r1/decisions unreachable ([Errno 61] Connection refused) — continuing
16:19:13 WARNING omega.core.heartbeat_client: heartbeat: http://localhost:8080/api/v1/diagnostics unreachable ([Errno 61] Connection refused) — continuing
16:19:13 WARNING omega.core.heartbeat_client: heartbeat: http://localhost:8080/api/v1/nodes/victoria_v211_trend_p1_r1/decisions unreachable ([Errno 61] Connection refused) — continuing
16:19:24 WARNING omega.core.heartbeat_client: heartbeat: http://localhost:8080/api/v1/diagnostics unreachable ([Errno 61] Connection refused) — continuing
16:19:24 WARNING omega.core.heartbeat_client: heartbeat: http://localhost:8080/api/v1/nodes/victoria_v211_trend_p1_r1/decisions unreachable ([Errno 61] Connection refused) — continuing
16:19:36 WARNING omega.core.heartbeat_client: heartbeat: http://localhost:8080/api/v1/diagnostics unreachable ([Errno 61] Connection refused) — continuing
16:19:36 WARNING omega.core.heartbeat_client: heartbeat: http://localhost:8080/api/v1/nodes/victoria_v211_trend_p1_r1/decisions unreachable ([Errno 61] Connection refused) — continuing
16:19:48 WARNING omega.core.heartbeat_client: heartbeat: http://localhost:8080/api/v1/diagnostics unreachable ([Errno 61] Connection refused) — continuing
16:19:48 WARNING omega.core.heartbeat_client: heartbeat: http://localhost:8080/api/v1/nodes/victoria_v211_trend_p1_r1/decisions unreachable ([Errno 61] Connection refused) — continuing
16:20:00 WARNING omega.core.heartbeat_client: heartbeat: http://localhost:8080/api/v1/diagnostics unreachable ([Errno 61] Connection refused) — continuing
16:20:00 WARNING omega.core.heartbeat_client: heartbeat: http://localhost:8080/api/v1/nodes/victoria_v211_trend_p1_r1/decisions unreachable ([Errno 61] Connection refused) — continuing
16:20:11 WARNING omega.core.heartbeat_client: heartbeat: http://localhost:8080/api/v1/diagnostics unreachable ([Errno 61] Connection refused) — continuing
16:20:11 WARNING omega.core.heartbeat_client: heartbeat: http://localhost:8080/api/v1/nodes/victoria_v211_trend_p1_r1/decisions unreachable ([Errno 61] Connection refused) — continuing
16:20:23 WARNING omega.core.heartbeat_client: heartbeat: http://localhost:8080/api/v1/diagnostics unreachable ([Errno 61] Connection refused) — continuing
16:20:23 WARNING omega.core.heartbeat_client: heartbeat: http://localhost:8080/api/v1/nodes/victoria_v211_trend_p1_r1/decisions unreachable ([Errno 61] Connection refused) — continuing
16:20:34 WARNING omega.core.heartbeat_client: heartbeat: http://localhost:8080/api/v1/diagnostics unreachable ([Errno 61] Connection refused) — continuing
16:20:34 WARNING omega.core.heartbeat_client: heartbeat: http://localhost:8080/api/v1/nodes/victoria_v211_trend_p1_r1/decisions unreachable ([Errno 61] Connection refused) — continuing
16:20:46 WARNING omega.core.heartbeat_client: heartbeat: http://localhost:8080/api/v1/diagnostics unreachable ([Errno 61] Connection refused) — continuing
16:20:46 WARNING omega.core.heartbeat_client: heartbeat: http://localhost:8080/api/v1/nodes/victoria_v211_trend_p1_r1/decisions unreachable ([Errno 61] Connection refused) — continuing
16:20:58 WARNING omega.core.heartbeat_client: heartbeat: http://localhost:8080/api/v1/diagnostics unreachable ([Errno 61] Connection refused) — continuing
16:20:58 WARNING omega.core.heartbeat_client: heartbeat: http://localhost:8080/api/v1/nodes/victoria_v211_trend_p1_r1/decisions unreachable ([Errno 61] Connection refused) — continuing
16:21:09 WARNING omega.core.heartbeat_client: heartbeat: http://localhost:8080/api/v1/diagnostics unreachable ([Errno 61] Connection refused) — continuing
16:21:09 WARNING omega.core.heartbeat_client: heartbeat: http://localhost:8080/api/v1/nodes/victoria_v211_trend_p1_r1/decisions unreachable ([Errno 61] Connection refused) — continuing
16:21:21 WARNING omega.core.heartbeat_client: heartbeat: http://localhost:8080/api/v1/diagnostics unreachable ([Errno 61] Connection refused) — continuing
16:21:21 WARNING omega.core.heartbeat_client: heartbeat: http://localhost:8080/api/v1/nodes/victoria_v211_trend_p1_r1/decisions unreachable ([Errno 61] Connection refused) — continuing
16:21:33 WARNING omega.core.heartbeat_client: heartbeat: http://localhost:8080/api/v1/diagnostics unreachable ([Errno 61] Connection refused) — continuing
16:21:33 WARNING omega.core.heartbeat_client: heartbeat: http://localhost:8080/api/v1/nodes/victoria_v211_trend_p1_r1/decisions unreachable ([Errno 61] Connection refused) — continuing
16:21:45 WARNING omega.core.heartbeat_client: heartbeat: http://localhost:8080/api/v1/diagnostics unreachable ([Errno 61] Connection refused) — continuing
16:21:45 WARNING omega.core.heartbeat_client: heartbeat: http://localhost:8080/api/v1/nodes/victoria_v211_trend_p1_r1/decisions unreachable ([Errno 61] Connection refused) — continuing
16:21:58 WARNING omega.core.heartbeat_client: heartbeat: http://localhost:8080/api/v1/diagnostics unreachable ([Errno 61] Connection refused) — continuing
16:21:58 WARNING omega.core.heartbeat_client: heartbeat: http://localhost:8080/api/v1/nodes/victoria_v211_trend_p1_r1/decisions unreachable ([Errno 61] Connection refused) — continuing
16:22:10 WARNING omega.core.heartbeat_client: heartbeat: http://localhost:8080/api/v1/diagnostics unreachable ([Errno 61] Connection refused) — continuing
16:22:10 WARNING omega.core.heartbeat_client: heartbeat: http://localhost:8080/api/v1/nodes/victoria_v211_trend_p1_r1/decisions unreachable ([Errno 61] Connection refused) — continuing
16:22:10 WARNING omega.core.heartbeat_client: heartbeat: http://localhost:8080/api/v1/nodes/victoria_v211_trend_p1_r1/lifecycle unreachable ([Errno 61] Connection refused) — continuing
