15:41:02 RNG seed set to 42 (deterministic mode)
15:41:02 BACKTEST MODE: WS signals disabled (whale_prints, ws_microstructure)
15:41:02 ======================================================================
15:41:02 Training Run v211_trend_p1_r1 — 200 cycles  sleep=10s
15:41:02 CoinGecko key  : CG-YPzBAPag5...
15:41:02 Database URL   : postgresql://omega:omega@localhost:5432/...
15:41:02 Metrics JSONL  : /tmp/v211_trend_p1_r1_metrics.jsonl
15:41:02 Log file       : /tmp/v211_trend_p1_r1_training.log
15:41:02 Features ON    : ffg_gate1_enabled, ffg_gate4_enabled
15:41:02 ======================================================================
15:41:03 V207a: OMEGA_FROZEN_CACHE=1 — skipping macro warm_up (no live FRED/funding fetches)
15:41:03 BACKTEST MODE: ingestion replaced by ReplayIngestionNode (snap_trending_2023q4, 153 steps)
15:41:03 ImprovementEngine: SyntheticEvaluator injected
15:41:03 Decision snapshots → /tmp/v211_trend_p1_r1_decisions.jsonl (+ Postgres if configured)
15:41:03 SignalDecayDetector: loaded from data/signal_ic_history.json

[96m══════════════════════════════════════════════════════[0m
[96m══ TRAINING DIAGNOSTICS (cycle 0) ═══════════════════════[0m
[96m══════════════════════════════════════════════════════[0m
  [1mREGIME:       [0m [91mUNKN ⚠️[0m
  [1mDATA FRESH:   [0m [92m✅ 0.0min ago[0m
  [1mSIGNALS:      [0m [93mnone yet[0m
  [1mSIT-OUT:      [0m [92mNO[0m
  [1mCONVICTION:   [0m [93mn/a[0m
  [1mTRADES:       [0m open=0 closed=0 | PnL=$+0.00 | WR=0%
  [1mLONG/SHORT:   [0m longs=0 shorts=0
  [1mBLOCKERS:     [0m [91mRegime detector not firing | No signal data yet (first cycle?)[0m
[96m══════════════════════════════════════════════════════[0m

15:41:14 Cycle   1/200 [NORM] OK       | fresh=0.0min | open= 0 closed=  0 | PnL=$+0 wr=0% | improve=0 sem_db=30 | 10.7s/c ETA 2129s | zero_streak=1
15:42:01 Cycle   5/200 [NORM] OK       | fresh=0.0min | open= 3 closed=  1 | PnL=$-149 wr=0% | improve=0 sem_db=30 | 11.5s/c ETA 2249s | zero_streak=0

[96m══════════════════════════════════════════════════════[0m
[96m══ TRAINING DIAGNOSTICS (cycle 10) ══════════════════════[0m
[96m══════════════════════════════════════════════════════[0m
  [1mREGIME:       [0m [93mCRISIS[0m (conf: 0.00)
  [1mDATA FRESH:   [0m [92m✅ 0.0min ago[0m
  [1mSIGNALS:      [0m 10/20 active
  [1mSIT-OUT:      [0m [92mNO[0m
  [1mCONVICTION:   [0m BTC: -0.16 ([91mSELL[0m) | ETH: -0.12 ([91mSELL[0m) | SOL: +0.05 (HOLD) | BNB: -0.05 ([91mSELL[0m) | XRP: +0.05 (HOLD) | ADA: +0.05 (HOLD) | DOT: +0.05 (HOLD) | AVAX: -0.08 ([91mSELL[0m) | LINK: +0.05 (HOLD) | MATIC: +0.05 (HOLD) | NEAR: +0.05 (HOLD) | SUI: +0.05 (HOLD) | ARB: +0.05 (HOLD)
  [1mTRADES:       [0m open=3 closed=3 | PnL=$+125.68 | WR=33%
  [1mLONG/SHORT:   [0m longs=3 shorts=3
  [1mBLOCKERS:     [0m [92mNONE[0m
[96m══════════════════════════════════════════════════════[0m

15:43:14 Cycle  10/200 [CRIS] OK       | fresh=0.0min | open= 3 closed=  3 | PnL=$+126 wr=33% | improve=0 sem_db=30 | 13.1s/c ETA 2491s | zero_streak=1
15:44:14 Cycle  15/200 [CRIS] OK       | fresh=0.0min | open= 1 closed=  9 | PnL=$+990 wr=44% | improve=1 sem_db=30 | 12.7s/c ETA 2347s | zero_streak=0

[96m══════════════════════════════════════════════════════[0m
[96m══ TRAINING DIAGNOSTICS (cycle 20) ══════════════════════[0m
[96m══════════════════════════════════════════════════════[0m
  [1mREGIME:       [0m [93mCRISIS[0m (conf: 0.38)
  [1mDATA FRESH:   [0m [92m✅ 0.0min ago[0m
  [1mSIGNALS:      [0m 10/20 active
  [1mSIT-OUT:      [0m [92mNO[0m
  [1mCONVICTION:   [0m BTC: -0.09 ([91mSELL[0m) | ETH: -0.08 ([91mSELL[0m) | SOL: +0.18 ([92mBUY[0m) | BNB: -0.10 ([91mSELL[0m) | XRP: -0.24 ([91mSELL[0m) | ADA: +0.03 (HOLD) | DOT: +0.03 (HOLD) | AVAX: +0.03 (HOLD) | LINK: +0.00 (HOLD) | MATIC: +0.18 ([92mBUY[0m) | NEAR: +0.18 ([92mBUY[0m) | SUI: +0.05 ([92mBUY[0m) | ARB: -0.18 ([91mSELL[0m)
  [1mTRADES:       [0m open=1 closed=11 | PnL=$+1450.00 | WR=55%
  [1mLONG/SHORT:   [0m longs=8 shorts=4
  [1mBLOCKERS:     [0m [92mNONE[0m
[96m══════════════════════════════════════════════════════[0m

15:45:25 Cycle  20/200 [CRIS] OK       | fresh=0.0min | open= 1 closed= 11 | PnL=$+1450 wr=55% | improve=1 sem_db=30 | 13.1s/c ETA 2356s | zero_streak=1
15:46:23 Cycle  25/200 [HIGH] OK       | fresh=0.0min | open= 0 closed= 12 | PnL=$+3173 wr=58% | improve=1 sem_db=30 | 12.8s/c ETA 2239s | zero_streak=2

[96m══════════════════════════════════════════════════════[0m
[96m══ TRAINING DIAGNOSTICS (cycle 30) ══════════════════════[0m
[96m══════════════════════════════════════════════════════[0m
  [1mREGIME:       [0m [93mHIGH_VOL[0m (conf: 0.38)
  [1mDATA FRESH:   [0m [92m✅ 0.0min ago[0m
  [1mSIGNALS:      [0m 10/20 active
  [1mSIT-OUT:      [0m [92mNO[0m
  [1mCONVICTION:   [0m BTC: +0.03 (HOLD) | ETH: +0.03 (HOLD) | SOL: +0.02 (HOLD) | BNB: -0.16 ([91mSELL[0m) | XRP: -0.09 ([91mSELL[0m) | ADA: +0.06 ([92mBUY[0m) | DOT: -0.04 (HOLD) | AVAX: +0.20 ([92mBUY[0m) | LINK: -0.02 (HOLD) | MATIC: -0.26 ([91mSELL[0m) | NEAR: +0.13 ([92mBUY[0m) | SUI: +0.21 ([92mBUY[0m) | ARB: -0.12 ([91mSELL[0m)
  [1mTRADES:       [0m open=1 closed=12 | PnL=$+3173.01 | WR=58%
  [1mLONG/SHORT:   [0m longs=8 shorts=5
  [1mBLOCKERS:     [0m [92mNONE[0m
[96m══════════════════════════════════════════════════════[0m

15:47:36 Cycle  30/200 [HIGH] OK       | fresh=0.0min | open= 1 closed= 12 | PnL=$+3173 wr=58% | improve=1 sem_db=30 | 13.1s/c ETA 2223s | zero_streak=7
15:48:35 Cycle  35/200 [NORM] OK       | fresh=0.0min | open= 0 closed= 13 | PnL=$+2144 wr=54% | improve=1 sem_db=30 | 12.9s/c ETA 2128s | zero_streak=1

[96m══════════════════════════════════════════════════════[0m
[96m══ TRAINING DIAGNOSTICS (cycle 40) ══════════════════════[0m
[96m══════════════════════════════════════════════════════[0m
  [1mREGIME:       [0m [93mNORMAL[0m (conf: 0.38)
  [1mDATA FRESH:   [0m [92m✅ 0.0min ago[0m
  [1mSIGNALS:      [0m 10/20 active
  [1mSIT-OUT:      [0m [92mNO[0m
  [1mCONVICTION:   [0m BTC: +0.09 ([92mBUY[0m) | ETH: +0.03 (HOLD) | SOL: +0.05 ([92mBUY[0m) | BNB: -0.24 ([91mSELL[0m) | XRP: -0.13 ([91mSELL[0m) | ADA: +0.09 ([92mBUY[0m) | DOT: +0.09 ([92mBUY[0m) | AVAX: +0.09 ([92mBUY[0m) | LINK: -0.04 (HOLD) | MATIC: -0.06 ([91mSELL[0m) | NEAR: +0.09 ([92mBUY[0m) | SUI: -0.01 (HOLD) | ARB: -0.05 (HOLD)
  [1mTRADES:       [0m open=4 closed=14 | PnL=$+2096.48 | WR=50%
  [1mLONG/SHORT:   [0m longs=12 shorts=6
  [1mBLOCKERS:     [0m [92mNONE[0m
[96m══════════════════════════════════════════════════════[0m

15:49:50 Cycle  40/200 [NORM] OK       | fresh=0.0min | open= 4 closed= 14 | PnL=$+2096 wr=50% | improve=1 sem_db=30 | 13.2s/c ETA 2107s | zero_streak=2
15:50:49 Cycle  45/200 [NORM] OK       | fresh=0.0min | open= 2 closed= 20 | PnL=$+2005 wr=50% | improve=1 sem_db=30 | 13.0s/c ETA 2018s | zero_streak=0

[96m══════════════════════════════════════════════════════[0m
[96m══ TRAINING DIAGNOSTICS (cycle 50) ══════════════════════[0m
[96m══════════════════════════════════════════════════════[0m
  [1mREGIME:       [0m [93mNORMAL[0m (conf: 0.38)
  [1mDATA FRESH:   [0m [92m✅ 0.0min ago[0m
  [1mSIGNALS:      [0m 11/20 active
  [1mSIT-OUT:      [0m [92mNO[0m
  [1mCONVICTION:   [0m BTC: -0.06 ([91mSELL[0m) | ETH: -0.09 ([91mSELL[0m) | SOL: +0.18 ([92mBUY[0m) | BNB: -0.01 (HOLD) | XRP: -0.15 ([91mSELL[0m) | ADA: +0.23 ([92mBUY[0m) | DOT: +0.21 ([92mBUY[0m) | AVAX: +0.23 ([92mBUY[0m) | LINK: -0.25 ([91mSELL[0m) | MATIC: -0.10 ([91mSELL[0m) | NEAR: +0.03 (HOLD) | SUI: -0.17 ([91mSELL[0m) | ARB: -0.07 ([91mSELL[0m)
  [1mTRADES:       [0m open=2 closed=24 | PnL=$+1001.22 | WR=46%
  [1mLONG/SHORT:   [0m longs=17 shorts=9
  [1mBLOCKERS:     [0m [92mNONE[0m
[96m══════════════════════════════════════════════════════[0m

15:52:06 Cycle  50/200 [NORM] OK       | fresh=0.0min | open= 2 closed= 24 | PnL=$+1001 wr=46% | improve=1 sem_db=30 | 13.3s/c ETA 1989s | zero_streak=1
15:53:26 Cycle  55/200 [NORM] OK       | fresh=0.0min | open= 3 closed= 26 | PnL=$+58 wr=42% | improve=1 sem_db=30 | 13.5s/c ETA 1959s | zero_streak=1

[96m══════════════════════════════════════════════════════[0m
[96m══ TRAINING DIAGNOSTICS (cycle 60) ══════════════════════[0m
[96m══════════════════════════════════════════════════════[0m
  [1mREGIME:       [0m [93mNORMAL[0m (conf: 0.38)
  [1mDATA FRESH:   [0m [92m✅ 0.0min ago[0m
  [1mSIGNALS:      [0m 11/20 active
  [1mSIT-OUT:      [0m [92mNO[0m
  [1mCONVICTION:   [0m BTC: -0.20 ([91mSELL[0m) | ETH: -0.17 ([91mSELL[0m) | SOL: +0.12 ([92mBUY[0m) | BNB: +0.12 ([92mBUY[0m) | XRP: -0.20 ([91mSELL[0m) | ADA: -0.17 ([91mSELL[0m) | DOT: +0.12 ([92mBUY[0m) | AVAX: +0.02 (HOLD) | LINK: -0.09 ([91mSELL[0m) | MATIC: +0.11 ([92mBUY[0m) | NEAR: +0.12 ([92mBUY[0m) | SUI: +0.12 ([92mBUY[0m) | ARB: +0.12 ([92mBUY[0m)
  [1mTRADES:       [0m open=4 closed=29 | PnL=$-237.65 | WR=41%
  [1mLONG/SHORT:   [0m longs=21 shorts=12
  [1mBLOCKERS:     [0m [92mNONE[0m
[96m══════════════════════════════════════════════════════[0m

15:54:27 Cycle  60/200 [NORM] OK       | fresh=0.0min | open= 4 closed= 29 | PnL=$-238 wr=41% | improve=1 sem_db=30 | 13.4s/c ETA 1875s | zero_streak=1
15:55:24 Cycle  65/200 [CRIS] OK       | fresh=0.0min | open= 3 closed= 32 | PnL=$+1968 wr=41% | improve=1 sem_db=30 | 13.2s/c ETA 1788s | zero_streak=1

[96m══════════════════════════════════════════════════════[0m
[96m══ TRAINING DIAGNOSTICS (cycle 70) ══════════════════════[0m
[96m══════════════════════════════════════════════════════[0m
  [1mREGIME:       [0m [93mCRISIS[0m (conf: 0.38)
  [1mDATA FRESH:   [0m [92m✅ 0.0min ago[0m
  [1mSIGNALS:      [0m 12/20 active
  [1mSIT-OUT:      [0m [92mNO[0m
  [1mCONVICTION:   [0m BTC: +0.11 ([92mBUY[0m) | ETH: +0.03 (HOLD) | SOL: -0.05 (HOLD) | BNB: +0.26 ([92mBUY[0m) | XRP: -0.13 ([91mSELL[0m) | ADA: -0.23 ([91mSELL[0m) | DOT: -0.19 ([91mSELL[0m) | AVAX: -0.25 ([91mSELL[0m) | LINK: -0.16 ([91mSELL[0m) | MATIC: -0.13 ([91mSELL[0m) | NEAR: +0.03 (HOLD) | SUI: +0.29 ([92mBUY[0m) | ARB: +0.41 ([92mBUY[0m)
  [1mTRADES:       [0m open=2 closed=36 | PnL=$+4908.79 | WR=42%
  [1mLONG/SHORT:   [0m longs=25 shorts=13
  [1mBLOCKERS:     [0m [92mNONE[0m
[96m══════════════════════════════════════════════════════[0m

15:56:29 Cycle  70/200 [CRIS] OK       | fresh=0.0min | open= 2 closed= 36 | PnL=$+4909 wr=42% | improve=1 sem_db=30 | 13.2s/c ETA 1718s | zero_streak=1
15:57:26 Cycle  75/200 [CRIS] OK       | fresh=0.0min | open= 1 closed= 38 | PnL=$+5223 wr=42% | improve=1 sem_db=30 | 13.1s/c ETA 1638s | zero_streak=0

[96m══════════════════════════════════════════════════════[0m
[96m══ TRAINING DIAGNOSTICS (cycle 80) ══════════════════════[0m
[96m══════════════════════════════════════════════════════[0m
  [1mREGIME:       [0m [93mCRISIS[0m (conf: 0.38)
  [1mDATA FRESH:   [0m [92m✅ 0.0min ago[0m
  [1mSIGNALS:      [0m 12/20 active
  [1mSIT-OUT:      [0m [92mNO[0m
  [1mCONVICTION:   [0m BTC: -0.09 ([91mSELL[0m) | ETH: +0.20 ([92mBUY[0m) | SOL: -0.09 ([91mSELL[0m) | BNB: -0.01 (HOLD) | XRP: -0.08 ([91mSELL[0m) | ADA: -0.14 ([91mSELL[0m) | DOT: -0.11 ([91mSELL[0m) | AVAX: -0.12 ([91mSELL[0m) | LINK: +0.10 ([92mBUY[0m) | MATIC: -0.14 ([91mSELL[0m) | NEAR: -0.20 ([91mSELL[0m) | SUI: +0.34 ([92mBUY[0m) | ARB: +0.33 ([92mBUY[0m)
  [1mTRADES:       [0m open=2 closed=41 | PnL=$+8285.42 | WR=44%
  [1mLONG/SHORT:   [0m longs=30 shorts=13
  [1mBLOCKERS:     [0m [92mNONE[0m
[96m══════════════════════════════════════════════════════[0m

15:58:24 Cycle  80/200 [CRIS] OK       | fresh=0.0min | open= 2 closed= 41 | PnL=$+8285 wr=44% | improve=1 sem_db=30 | 13.0s/c ETA 1561s | zero_streak=0
15:59:22 Cycle  85/200 [CRIS] OK       | fresh=0.0min | open= 1 closed= 44 | PnL=$+6602 wr=41% | improve=1 sem_db=30 | 12.9s/c ETA 1487s | zero_streak=0

[96m══════════════════════════════════════════════════════[0m
[96m══ TRAINING DIAGNOSTICS (cycle 90) ══════════════════════[0m
[96m══════════════════════════════════════════════════════[0m
  [1mREGIME:       [0m [93mNORMAL[0m (conf: 0.38)
  [1mDATA FRESH:   [0m [92m✅ 0.0min ago[0m
  [1mSIGNALS:      [0m 11/20 active
  [1mSIT-OUT:      [0m [92mNO[0m
  [1mCONVICTION:   [0m BTC: +0.03 (HOLD) | ETH: -0.07 ([91mSELL[0m) | SOL: +0.01 (HOLD) | BNB: +0.09 ([92mBUY[0m) | XRP: -0.03 (HOLD) | ADA: -0.07 ([91mSELL[0m) | DOT: -0.10 ([91mSELL[0m) | AVAX: -0.07 ([91mSELL[0m) | LINK: +0.04 (HOLD) | MATIC: -0.07 ([91mSELL[0m) | NEAR: -0.15 ([91mSELL[0m) | SUI: +0.51 ([92mBUY[0m) | ARB: -0.14 ([91mSELL[0m)
  [1mTRADES:       [0m open=1 closed=46 | PnL=$+6683.73 | WR=41%
  [1mLONG/SHORT:   [0m longs=32 shorts=15
  [1mBLOCKERS:     [0m [92mNONE[0m
[96m══════════════════════════════════════════════════════[0m

16:00:21 Cycle  90/200 [NORM] OK       | fresh=0.0min | open= 1 closed= 46 | PnL=$+6684 wr=41% | improve=1 sem_db=30 | 12.9s/c ETA 1415s | zero_streak=1
16:01:19 Cycle  95/200 [NORM] OK       | fresh=0.0min | open= 2 closed= 47 | PnL=$+7229 wr=43% | improve=1 sem_db=30 | 12.8s/c ETA 1344s | zero_streak=2

[96m══════════════════════════════════════════════════════[0m
[96m══ TRAINING DIAGNOSTICS (cycle 100) ═════════════════════[0m
[96m══════════════════════════════════════════════════════[0m
  [1mREGIME:       [0m [93mHIGH_VOL[0m (conf: 0.38)
  [1mDATA FRESH:   [0m [92m✅ 0.0min ago[0m
  [1mSIGNALS:      [0m 11/20 active
  [1mSIT-OUT:      [0m [92mNO[0m
  [1mCONVICTION:   [0m BTC: +0.01 (HOLD) | ETH: -0.09 ([91mSELL[0m) | SOL: +0.04 (HOLD) | BNB: -0.10 ([91mSELL[0m) | XRP: -0.16 ([91mSELL[0m) | ADA: -0.03 (HOLD) | DOT: -0.04 (HOLD) | AVAX: +0.11 ([92mBUY[0m) | LINK: +0.26 ([92mBUY[0m) | MATIC: -0.02 (HOLD) | NEAR: -0.14 ([91mSELL[0m) | SUI: +0.26 ([92mBUY[0m) | ARB: -0.10 ([91mSELL[0m)
  [1mTRADES:       [0m open=1 closed=49 | PnL=$+7374.35 | WR=43%
  [1mLONG/SHORT:   [0m longs=32 shorts=18
  [1mBLOCKERS:     [0m [92mNONE[0m
[96m══════════════════════════════════════════════════════[0m

16:02:20 Cycle 100/200 [HIGH] OK       | fresh=0.0min | open= 1 closed= 49 | PnL=$+7374 wr=43% | improve=1 sem_db=30 | 12.8s/c ETA 1276s | zero_streak=0
16:03:19 Cycle 105/200 [HIGH] OK       | fresh=0.0min | open= 2 closed= 54 | PnL=$+5369 wr=39% | improve=1 sem_db=30 | 12.7s/c ETA 1208s | zero_streak=0

[96m══════════════════════════════════════════════════════[0m
[96m══ TRAINING DIAGNOSTICS (cycle 110) ═════════════════════[0m
[96m══════════════════════════════════════════════════════[0m
  [1mREGIME:       [0m [93mHIGH_VOL[0m (conf: 0.38)
  [1mDATA FRESH:   [0m [92m✅ 0.0min ago[0m
  [1mSIGNALS:      [0m 11/20 active
  [1mSIT-OUT:      [0m [92mNO[0m
  [1mCONVICTION:   [0m BTC: +0.04 (HOLD) | ETH: +0.04 (HOLD) | SOL: +0.01 (HOLD) | BNB: -0.04 (HOLD) | XRP: -0.15 ([91mSELL[0m) | ADA: +0.01 (HOLD) | DOT: -0.06 ([91mSELL[0m) | AVAX: +0.04 (HOLD) | LINK: +0.04 (HOLD) | MATIC: -0.04 (HOLD) | NEAR: +0.04 (HOLD) | SUI: +0.04 (HOLD) | ARB: +0.01 (HOLD)
  [1mTRADES:       [0m open=0 closed=56 | PnL=$+3036.14 | WR=38%
  [1mLONG/SHORT:   [0m longs=32 shorts=24
  [1mBLOCKERS:     [0m [92mNONE[0m
[96m══════════════════════════════════════════════════════[0m

16:04:17 Cycle 110/200 [HIGH] OK       | fresh=0.0min | open= 0 closed= 56 | PnL=$+3036 wr=38% | improve=1 sem_db=30 | 12.7s/c ETA 1140s | zero_streak=4
16:05:15 Cycle 115/200 [NORM] OK       | fresh=0.0min | open= 0 closed= 57 | PnL=$+2144 wr=37% | improve=1 sem_db=30 | 12.6s/c ETA 1073s | zero_streak=3

[96m══════════════════════════════════════════════════════[0m
[96m══ TRAINING DIAGNOSTICS (cycle 120) ═════════════════════[0m
[96m══════════════════════════════════════════════════════[0m
  [1mREGIME:       [0m [93mNORMAL[0m (conf: 0.38)
  [1mDATA FRESH:   [0m [92m✅ 0.0min ago[0m
  [1mSIGNALS:      [0m 11/20 active
  [1mSIT-OUT:      [0m [92mNO[0m
  [1mCONVICTION:   [0m BTC: +0.04 (HOLD) | ETH: +0.23 ([92mBUY[0m) | SOL: -0.19 ([91mSELL[0m) | BNB: +0.27 ([92mBUY[0m) | XRP: -0.05 ([91mSELL[0m) | ADA: +0.02 (HOLD) | DOT: +0.04 (HOLD) | AVAX: -0.19 ([91mSELL[0m) | LINK: -0.20 ([91mSELL[0m) | MATIC: +0.21 ([92mBUY[0m) | NEAR: +0.25 ([92mBUY[0m) | SUI: -0.20 ([91mSELL[0m) | ARB: -0.24 ([91mSELL[0m)
  [1mTRADES:       [0m open=3 closed=59 | PnL=$+1519.49 | WR=36%
  [1mLONG/SHORT:   [0m longs=34 shorts=28
  [1mBLOCKERS:     [0m [92mNONE[0m
[96m══════════════════════════════════════════════════════[0m

16:06:14 Cycle 120/200 [NORM] OK       | fresh=0.0min | open= 3 closed= 59 | PnL=$+1519 wr=36% | improve=1 sem_db=30 | 12.6s/c ETA 1007s | zero_streak=1
16:07:13 Cycle 125/200 [NORM] OK       | fresh=0.0min | open= 3 closed= 61 | PnL=$+1135 wr=34% | improve=1 sem_db=30 | 12.6s/c ETA 942s | zero_streak=2

[96m══════════════════════════════════════════════════════[0m
[96m══ TRAINING DIAGNOSTICS (cycle 130) ═════════════════════[0m
[96m══════════════════════════════════════════════════════[0m
  [1mREGIME:       [0m [93mCRISIS[0m (conf: 0.38)
  [1mDATA FRESH:   [0m [92m✅ 0.0min ago[0m
  [1mSIGNALS:      [0m 11/20 active
  [1mSIT-OUT:      [0m [92mNO[0m
  [1mCONVICTION:   [0m BTC: +0.11 ([92mBUY[0m) | ETH: +0.11 ([92mBUY[0m) | SOL: +0.11 ([92mBUY[0m) | BNB: +0.05 ([92mBUY[0m) | XRP: +0.02 (HOLD) | ADA: +0.11 ([92mBUY[0m) | DOT: +0.11 ([92mBUY[0m) | AVAX: -0.05 ([91mSELL[0m) | LINK: -0.13 ([91mSELL[0m) | MATIC: +0.03 (HOLD) | NEAR: +0.11 ([92mBUY[0m) | SUI: -0.50 ([91mSELL[0m) | ARB: -0.08 ([91mSELL[0m)
  [1mTRADES:       [0m open=4 closed=64 | PnL=$+1785.72 | WR=34%
  [1mLONG/SHORT:   [0m longs=37 shorts=31
  [1mBLOCKERS:     [0m [92mNONE[0m
[96m══════════════════════════════════════════════════════[0m

16:08:12 Cycle 130/200 [CRIS] OK       | fresh=0.0min | open= 4 closed= 64 | PnL=$+1786 wr=34% | improve=1 sem_db=30 | 12.5s/c ETA 877s | zero_streak=1
16:09:12 Cycle 135/200 [CRIS] OK       | fresh=0.0min | open= 2 closed= 70 | PnL=$+5343 wr=34% | improve=1 sem_db=30 | 12.5s/c ETA 813s | zero_streak=0

[96m══════════════════════════════════════════════════════[0m
[96m══ TRAINING DIAGNOSTICS (cycle 140) ═════════════════════[0m
[96m══════════════════════════════════════════════════════[0m
  [1mREGIME:       [0m [93mCRISIS[0m (conf: 0.38)
  [1mDATA FRESH:   [0m [92m✅ 0.0min ago[0m
  [1mSIGNALS:      [0m 12/20 active
  [1mSIT-OUT:      [0m [92mNO[0m
  [1mCONVICTION:   [0m BTC: +0.02 (HOLD) | ETH: -0.07 ([91mSELL[0m) | SOL: +0.20 ([92mBUY[0m) | BNB: +0.20 ([92mBUY[0m) | XRP: -0.06 ([91mSELL[0m) | ADA: -0.13 ([91mSELL[0m) | DOT: +0.10 ([92mBUY[0m) | AVAX: +0.20 ([92mBUY[0m) | LINK: -0.21 ([91mSELL[0m) | MATIC: -0.04 (HOLD) | NEAR: +0.20 ([92mBUY[0m) | SUI: -0.11 ([91mSELL[0m) | ARB: -0.29 ([91mSELL[0m)
  [1mTRADES:       [0m open=2 closed=74 | PnL=$+5452.70 | WR=35%
  [1mLONG/SHORT:   [0m longs=44 shorts=32
  [1mBLOCKERS:     [0m [92mNONE[0m
[96m══════════════════════════════════════════════════════[0m

16:10:12 Cycle 140/200 [CRIS] OK       | fresh=0.0min | open= 2 closed= 74 | PnL=$+5453 wr=35% | improve=1 sem_db=30 | 12.5s/c ETA 750s | zero_streak=1
16:11:11 Cycle 145/200 [CRIS] OK       | fresh=0.0min | open= 2 closed= 76 | PnL=$+3221 wr=36% | improve=1 sem_db=30 | 12.5s/c ETA 686s | zero_streak=1

[96m══════════════════════════════════════════════════════[0m
[96m══ TRAINING DIAGNOSTICS (cycle 150) ═════════════════════[0m
[96m══════════════════════════════════════════════════════[0m
  [1mREGIME:       [0m [93mCRISIS[0m (conf: 0.38)
  [1mDATA FRESH:   [0m [92m✅ 0.0min ago[0m
  [1mSIGNALS:      [0m 11/20 active
  [1mSIT-OUT:      [0m [92mNO[0m
  [1mCONVICTION:   [0m BTC: +0.02 (HOLD) | ETH: -0.12 ([91mSELL[0m) | SOL: +0.23 ([92mBUY[0m) | BNB: +0.11 ([92mBUY[0m) | XRP: -0.02 (HOLD) | ADA: -0.14 ([91mSELL[0m) | DOT: -0.16 ([91mSELL[0m) | AVAX: +0.15 ([92mBUY[0m) | LINK: -0.02 (HOLD) | MATIC: -0.18 ([91mSELL[0m) | NEAR: +0.10 ([92mBUY[0m) | SUI: +0.30 ([92mBUY[0m) | ARB: -0.26 ([91mSELL[0m)
  [1mTRADES:       [0m open=3 closed=79 | PnL=$+5953.26 | WR=35%
  [1mLONG/SHORT:   [0m longs=46 shorts=36
  [1mBLOCKERS:     [0m [92mNONE[0m
[96m══════════════════════════════════════════════════════[0m

16:12:18 Cycle 150/200 [CRIS] OK       | fresh=0.0min | open= 3 closed= 79 | PnL=$+5953 wr=35% | improve=1 sem_db=30 | 12.5s/c ETA 625s | zero_streak=3
16:13:16 Cycle 155/200 [HIGH] OK       | fresh=0.0min | open= 1 closed= 81 | PnL=$+7266 wr=36% | improve=1 sem_db=30 | 12.5s/c ETA 561s | zero_streak=3

[96m══════════════════════════════════════════════════════[0m
[96m══ TRAINING DIAGNOSTICS (cycle 160) ═════════════════════[0m
[96m══════════════════════════════════════════════════════[0m
  [1mREGIME:       [0m [93mHIGH_VOL[0m (conf: 0.38)
  [1mDATA FRESH:   [0m [92m✅ 0.0min ago[0m
  [1mSIGNALS:      [0m 12/20 active
  [1mSIT-OUT:      [0m [92mNO[0m
  [1mCONVICTION:   [0m BTC: -0.05 (HOLD) | ETH: -0.10 ([91mSELL[0m) | SOL: +0.04 (HOLD) | BNB: -0.17 ([91mSELL[0m) | XRP: +0.04 (HOLD) | ADA: +0.04 (HOLD) | DOT: +0.04 (HOLD) | AVAX: +0.04 (HOLD) | LINK: +0.04 (HOLD) | MATIC: +0.01 (HOLD) | NEAR: +0.04 (HOLD) | SUI: -0.01 (HOLD) | ARB: +0.04 (HOLD)
  [1mTRADES:       [0m open=1 closed=83 | PnL=$+11640.94 | WR=36%
  [1mLONG/SHORT:   [0m longs=46 shorts=38
  [1mBLOCKERS:     [0m [92mNONE[0m
[96m══════════════════════════════════════════════════════[0m

16:14:15 Cycle 160/200 [HIGH] OK       | fresh=0.0min | open= 1 closed= 83 | PnL=$+11641 wr=36% | improve=1 sem_db=30 | 12.5s/c ETA 498s | zero_streak=0
16:15:14 Cycle 165/200 [NORM] OK       | fresh=0.0min | open= 1 closed= 84 | PnL=$+11029 wr=36% | improve=1 sem_db=30 | 12.4s/c ETA 435s | zero_streak=3

[96m══════════════════════════════════════════════════════[0m
[96m══ TRAINING DIAGNOSTICS (cycle 170) ═════════════════════[0m
[96m══════════════════════════════════════════════════════[0m
  [1mREGIME:       [0m [93mNORMAL[0m (conf: 0.38)
  [1mDATA FRESH:   [0m [92m✅ 0.0min ago[0m
  [1mSIGNALS:      [0m 11/20 active
  [1mSIT-OUT:      [0m [92mNO[0m
  [1mCONVICTION:   [0m BTC: -0.15 ([91mSELL[0m) | ETH: -0.03 (HOLD) | SOL: +0.06 ([92mBUY[0m) | BNB: -0.15 ([91mSELL[0m) | XRP: -0.11 ([91mSELL[0m) | ADA: +0.06 ([92mBUY[0m) | DOT: +0.06 ([92mBUY[0m) | AVAX: +0.06 ([92mBUY[0m) | LINK: +0.06 ([92mBUY[0m) | MATIC: +0.06 ([92mBUY[0m) | NEAR: +0.04 (HOLD) | SUI: +0.06 ([92mBUY[0m) | ARB: -0.03 (HOLD)
  [1mTRADES:       [0m open=2 closed=88 | PnL=$+9707.90 | WR=34%
  [1mLONG/SHORT:   [0m longs=51 shorts=39
  [1mBLOCKERS:     [0m [92mNONE[0m
[96m══════════════════════════════════════════════════════[0m

16:16:13 Cycle 170/200 [NORM] OK       | fresh=0.0min | open= 2 closed= 88 | PnL=$+9708 wr=34% | improve=1 sem_db=30 | 12.4s/c ETA 372s | zero_streak=0
16:17:13 Cycle 175/200 [NORM] OK       | fresh=0.0min | open= 2 closed= 92 | PnL=$+10646 wr=36% | improve=1 sem_db=30 | 12.4s/c ETA 310s | zero_streak=0

[96m══════════════════════════════════════════════════════[0m
[96m══ TRAINING DIAGNOSTICS (cycle 180) ═════════════════════[0m
[96m══════════════════════════════════════════════════════[0m
  [1mREGIME:       [0m [93mNORMAL[0m (conf: 0.38)
  [1mDATA FRESH:   [0m [92m✅ 0.0min ago[0m
  [1mSIGNALS:      [0m 11/20 active
  [1mSIT-OUT:      [0m [92mNO[0m
  [1mCONVICTION:   [0m BTC: +0.04 (HOLD) | ETH: +0.04 (HOLD) | SOL: +0.12 ([92mBUY[0m) | BNB: -0.12 ([91mSELL[0m) | XRP: -0.19 ([91mSELL[0m) | ADA: +0.05 ([92mBUY[0m) | DOT: -0.06 ([91mSELL[0m) | AVAX: +0.32 ([92mBUY[0m) | LINK: -0.04 (HOLD) | MATIC: -0.20 ([91mSELL[0m) | NEAR: +0.29 ([92mBUY[0m) | SUI: -0.02 (HOLD) | ARB: -0.23 ([91mSELL[0m)
  [1mTRADES:       [0m open=1 closed=95 | PnL=$+8540.61 | WR=36%
  [1mLONG/SHORT:   [0m longs=54 shorts=42
  [1mBLOCKERS:     [0m [92mNONE[0m
[96m══════════════════════════════════════════════════════[0m

16:18:13 Cycle 180/200 [NORM] OK       | fresh=0.0min | open= 1 closed= 95 | PnL=$+8541 wr=36% | improve=1 sem_db=30 | 12.4s/c ETA 248s | zero_streak=0
16:19:13 Cycle 185/200 [HIGH] OK       | fresh=0.0min | open= 1 closed= 98 | PnL=$+8941 wr=38% | improve=1 sem_db=30 | 12.4s/c ETA 186s | zero_streak=0

[96m══════════════════════════════════════════════════════[0m
[96m══ TRAINING DIAGNOSTICS (cycle 190) ═════════════════════[0m
[96m══════════════════════════════════════════════════════[0m
  [1mREGIME:       [0m [93mNORMAL[0m (conf: 0.38)
  [1mDATA FRESH:   [0m [92m✅ 0.0min ago[0m
  [1mSIGNALS:      [0m 10/20 active
  [1mSIT-OUT:      [0m [92mNO[0m
  [1mCONVICTION:   [0m BTC: +0.05 ([92mBUY[0m) | ETH: +0.05 (HOLD) | SOL: +0.05 (HOLD) | BNB: -0.19 ([91mSELL[0m) | XRP: -0.09 ([91mSELL[0m) | ADA: -0.02 (HOLD) | DOT: +0.03 (HOLD) | AVAX: +0.01 (HOLD) | LINK: +0.08 ([92mBUY[0m) | MATIC: -0.08 ([91mSELL[0m) | NEAR: +0.11 ([92mBUY[0m) | SUI: +0.03 (HOLD) | ARB: -0.03 (HOLD)
  [1mTRADES:       [0m open=2 closed=99 | PnL=$+8472.18 | WR=37%
  [1mLONG/SHORT:   [0m longs=58 shorts=43
  [1mBLOCKERS:     [0m [92mNONE[0m
[96m══════════════════════════════════════════════════════[0m

16:20:11 Cycle 190/200 [NORM] OK       | fresh=0.0min | open= 2 closed= 99 | PnL=$+8472 wr=37% | improve=1 sem_db=30 | 12.4s/c ETA 124s | zero_streak=2
16:21:09 Cycle 195/200 [NORM] OK       | fresh=0.0min | open= 4 closed=100 | PnL=$+8425 wr=37% | improve=1 sem_db=30 | 12.3s/c ETA 62s | zero_streak=3

[96m══════════════════════════════════════════════════════[0m
[96m══ TRAINING DIAGNOSTICS (cycle 200) ═════════════════════[0m
[96m══════════════════════════════════════════════════════[0m
  [1mREGIME:       [0m [93mNORMAL[0m (conf: 0.38)
  [1mDATA FRESH:   [0m [92m✅ 0.0min ago[0m
  [1mSIGNALS:      [0m 11/20 active
  [1mSIT-OUT:      [0m [92mNO[0m
  [1mCONVICTION:   [0m BTC: -0.07 ([91mSELL[0m) | ETH: -0.09 ([91mSELL[0m) | SOL: +0.13 ([92mBUY[0m) | BNB: -0.01 (HOLD) | XRP: -0.18 ([91mSELL[0m) | ADA: +0.13 ([92mBUY[0m) | DOT: +0.13 ([92mBUY[0m) | AVAX: +0.13 ([92mBUY[0m) | LINK: -0.23 ([91mSELL[0m) | MATIC: +0.04 (HOLD) | NEAR: +0.13 ([92mBUY[0m) | SUI: -0.11 ([91mSELL[0m) | ARB: +0.02 (HOLD)
  [1mTRADES:       [0m open=3 closed=106 | PnL=$+8328.87 | WR=38%
  [1mLONG/SHORT:   [0m longs=62 shorts=47
  [1mBLOCKERS:     [0m [92mNONE[0m
[96m══════════════════════════════════════════════════════[0m

16:22:10 Cycle 200/200 [NORM] OK       | fresh=0.0min | open= 3 closed=106 | PnL=$+8329 wr=38% | improve=1 sem_db=30 | 12.3s/c ETA 0s | zero_streak=1
16:22:10 V211_TREND_P1_R1: no baseline version found for gate comparison
16:22:10 Attribution — alpha: $+3055.67  beta: $+6389848.75  timing: $+7342574.85  selection: $-0.00
16:22:10 Attribution report  : /Users/benebsworth/projects/omega/data/v211_trend_p1_r1_attribution.json
16:22:10 
16:22:10 ======================================================================
16:22:10 V211_TREND_P1_R1 COMPLETE — 200 cycles in 2466s (12.33s/cycle)
16:22:10 ======================================================================
16:22:10 improve_calls         : 1
16:22:10 semantic_patterns_db  : 30
16:22:10 Closed trades         : 106  (long=60  short=46)
16:22:10 Total PnL             : $+8328.87  (engine realised: $+8328.87)
16:22:10 Win rate              : 37.7%  (40/106)
16:22:10 Profit factor         : 1.28
16:22:10 --- Observability ---
16:22:10 Zero-trade cycles     : 117 / 200  (58%)
16:22:10 Circuit breaker trips : 0
16:22:10 Final vol threshold   : 0.000
16:22:10 Metrics JSONL         : /tmp/v211_trend_p1_r1_metrics.jsonl
16:22:10 Results               : /Users/benebsworth/projects/omega/data/v211_trend_p1_r1_results.json
16:22:10 ======================================================================
