15:11:41 RNG seed set to 42 (deterministic mode)
15:11:41 BACKTEST MODE: WS signals disabled (whale_prints, ws_microstructure)
15:11:41 ======================================================================
15:11:41 Training Run v209_recent_r1 — 200 cycles  sleep=10s
15:11:41 CoinGecko key  : CG-YPzBAPag5...
15:11:41 Database URL   : postgresql://omega:omega@localhost:5432/...
15:11:41 Metrics JSONL  : /tmp/v209_recent_r1_metrics.jsonl
15:11:41 Log file       : /tmp/v209_recent_r1_training.log
15:11:41 Features ON    : ffg_gate1_enabled, ffg_gate4_enabled
15:11:41 ======================================================================
15:11:42 V207a: OMEGA_FROZEN_CACHE=1 — skipping macro warm_up (no live FRED/funding fetches)
15:11:42 BACKTEST MODE: ingestion replaced by ReplayIngestionNode (snap_20260414, 60 steps)
15:11:42 ImprovementEngine: SyntheticEvaluator injected
15:11:42 Decision snapshots → /tmp/v209_recent_r1_decisions.jsonl (+ Postgres if configured)
15:11:42 SignalDecayDetector: loaded from data/signal_ic_history.json

[96m══════════════════════════════════════════════════════[0m
[96m══ TRAINING DIAGNOSTICS (cycle 0) ═══════════════════════[0m
[96m══════════════════════════════════════════════════════[0m
  [1mREGIME:       [0m [91mUNKN ⚠️[0m
  [1mDATA FRESH:   [0m [92m✅ 0.0min ago[0m
  [1mSIGNALS:      [0m [93mnone yet[0m
  [1mSIT-OUT:      [0m [92mNO[0m
  [1mCONVICTION:   [0m [93mn/a[0m
  [1mTRADES:       [0m open=0 closed=0 | PnL=$+0.00 | WR=0%
  [1mLONG/SHORT:   [0m longs=0 shorts=0
  [1mBLOCKERS:     [0m [91mRegime detector not firing | No signal data yet (first cycle?)[0m
[96m══════════════════════════════════════════════════════[0m

15:11:55 Cycle   1/200 [NORM] OK       | fresh=0.0min | open= 0 closed=  0 | PnL=$+0 wr=0% | improve=0 sem_db=30 | 12.9s/c ETA 2571s | zero_streak=1
15:12:42 Cycle   5/200 [CRIS] OK       | fresh=0.0min | open= 1 closed=  1 | PnL=$-895 wr=0% | improve=0 sem_db=30 | 11.9s/c ETA 2324s | zero_streak=2

[96m══════════════════════════════════════════════════════[0m
[96m══ TRAINING DIAGNOSTICS (cycle 10) ══════════════════════[0m
[96m══════════════════════════════════════════════════════[0m
  [1mREGIME:       [0m [93mNORMAL[0m (conf: 0.00)
  [1mDATA FRESH:   [0m [92m✅ 0.0min ago[0m
  [1mSIGNALS:      [0m 11/20 active
  [1mSIT-OUT:      [0m [92mNO[0m
  [1mCONVICTION:   [0m BTC: -0.01 (HOLD) | ETH: -0.04 (HOLD) | SOL: -0.02 (HOLD) | BNB: -0.04 (HOLD) | XRP: +0.02 (HOLD) | ADA: +0.08 ([92mBUY[0m) | DOT: +0.01 (HOLD) | AVAX: +0.01 (HOLD) | LINK: +0.04 (HOLD) | MATIC: +0.16 ([92mBUY[0m) | NEAR: +0.02 (HOLD) | SUI: -0.05 ([91mSELL[0m) | ARB: -0.19 ([91mSELL[0m)
  [1mTRADES:       [0m open=2 closed=2 | PnL=$-1814.78 | WR=0%
  [1mLONG/SHORT:   [0m longs=3 shorts=1
  [1mBLOCKERS:     [0m [92mNONE[0m
[96m══════════════════════════════════════════════════════[0m

15:13:59 Cycle  10/200 [NORM] OK       | fresh=0.0min | open= 2 closed=  2 | PnL=$-1815 wr=0% | improve=0 sem_db=30 | 13.7s/c ETA 2594s | zero_streak=4
15:14:56 Cycle  15/200 [CRIS] OK       | fresh=0.0min | open= 0 closed=  5 | PnL=$-3689 wr=0% | improve=1 sem_db=30 | 13.0s/c ETA 2396s | zero_streak=0

[96m══════════════════════════════════════════════════════[0m
[96m══ TRAINING DIAGNOSTICS (cycle 20) ══════════════════════[0m
[96m══════════════════════════════════════════════════════[0m
  [1mREGIME:       [0m [93mCRISIS[0m (conf: 0.37)
  [1mDATA FRESH:   [0m [92m✅ 0.0min ago[0m
  [1mSIGNALS:      [0m 11/20 active
  [1mSIT-OUT:      [0m [92mNO[0m
  [1mCONVICTION:   [0m BTC: +0.00 (HOLD) | ETH: +0.00 (HOLD) | SOL: +0.04 (HOLD) | BNB: +0.03 (HOLD) | XRP: -0.11 ([91mSELL[0m) | ADA: -0.08 ([91mSELL[0m) | DOT: +0.23 ([92mBUY[0m) | AVAX: +0.00 (HOLD) | LINK: +0.00 (HOLD) | MATIC: -0.14 ([91mSELL[0m) | NEAR: +0.23 ([92mBUY[0m) | SUI: -0.11 ([91mSELL[0m) | ARB: -0.10 ([91mSELL[0m)
  [1mTRADES:       [0m open=1 closed=5 | PnL=$-3688.62 | WR=0%
  [1mLONG/SHORT:   [0m longs=5 shorts=1
  [1mBLOCKERS:     [0m [92mNONE[0m
[96m══════════════════════════════════════════════════════[0m

15:16:15 Cycle  20/200 [CRIS] OK       | fresh=0.0min | open= 1 closed=  5 | PnL=$-3689 wr=0% | improve=1 sem_db=30 | 13.6s/c ETA 2452s | zero_streak=5
15:17:14 Cycle  25/200 [HIGH] OK       | fresh=0.0min | open= 0 closed=  6 | PnL=$-2748 wr=17% | improve=1 sem_db=30 | 13.3s/c ETA 2326s | zero_streak=3

[96m══════════════════════════════════════════════════════[0m
[96m══ TRAINING DIAGNOSTICS (cycle 30) ══════════════════════[0m
[96m══════════════════════════════════════════════════════[0m
  [1mREGIME:       [0m [93mHIGH_VOL[0m (conf: 0.37)
  [1mDATA FRESH:   [0m [92m✅ 0.0min ago[0m
  [1mSIGNALS:      [0m 11/20 active
  [1mSIT-OUT:      [0m [92mNO[0m
  [1mCONVICTION:   [0m BTC: +0.05 (HOLD) | ETH: +0.05 (HOLD) | SOL: +0.01 (HOLD) | BNB: +0.05 (HOLD) | XRP: -0.03 (HOLD) | ADA: -0.12 ([91mSELL[0m) | DOT: -0.10 ([91mSELL[0m) | AVAX: +0.10 ([92mBUY[0m) | LINK: +0.01 (HOLD) | MATIC: -0.33 ([91mSELL[0m) | NEAR: +0.21 ([92mBUY[0m) | SUI: +0.13 ([92mBUY[0m) | ARB: -0.02 (HOLD)
  [1mTRADES:       [0m open=1 closed=7 | PnL=$-2905.70 | WR=14%
  [1mLONG/SHORT:   [0m longs=5 shorts=3
  [1mBLOCKERS:     [0m [92mNONE[0m
[96m══════════════════════════════════════════════════════[0m

15:18:26 Cycle  30/200 [HIGH] OK       | fresh=0.0min | open= 1 closed=  7 | PnL=$-2906 wr=14% | improve=1 sem_db=30 | 13.5s/c ETA 2287s | zero_streak=2
15:19:24 Cycle  35/200 [NORM] OK       | fresh=0.0min | open= 1 closed=  8 | PnL=$-3486 wr=12% | improve=1 sem_db=30 | 13.2s/c ETA 2180s | zero_streak=4

[96m══════════════════════════════════════════════════════[0m
[96m══ TRAINING DIAGNOSTICS (cycle 40) ══════════════════════[0m
[96m══════════════════════════════════════════════════════[0m
  [1mREGIME:       [0m [93mNORMAL[0m (conf: 0.37)
  [1mDATA FRESH:   [0m [92m✅ 0.0min ago[0m
  [1mSIGNALS:      [0m 12/20 active
  [1mSIT-OUT:      [0m [92mNO[0m
  [1mCONVICTION:   [0m BTC: +0.01 (HOLD) | ETH: +0.06 ([92mBUY[0m) | SOL: +0.07 ([92mBUY[0m) | BNB: -0.01 (HOLD) | XRP: +0.04 (HOLD) | ADA: -0.02 (HOLD) | DOT: -0.07 ([91mSELL[0m) | AVAX: -0.00 (HOLD) | LINK: +0.00 (HOLD) | MATIC: +0.03 (HOLD) | NEAR: -0.01 (HOLD) | SUI: -0.04 (HOLD) | ARB: -0.07 ([91mSELL[0m)
  [1mTRADES:       [0m open=3 closed=10 | PnL=$-3512.10 | WR=20%
  [1mLONG/SHORT:   [0m longs=7 shorts=6
  [1mBLOCKERS:     [0m [92mNONE[0m
[96m══════════════════════════════════════════════════════[0m

15:20:36 Cycle  40/200 [NORM] OK       | fresh=0.0min | open= 3 closed= 10 | PnL=$-3512 wr=20% | improve=1 sem_db=30 | 13.3s/c ETA 2135s | zero_streak=0
15:21:34 Cycle  45/200 [NORM] OK       | fresh=0.0min | open= 2 closed= 12 | PnL=$-1925 wr=25% | improve=1 sem_db=30 | 13.2s/c ETA 2040s | zero_streak=3

[96m══════════════════════════════════════════════════════[0m
[96m══ TRAINING DIAGNOSTICS (cycle 50) ══════════════════════[0m
[96m══════════════════════════════════════════════════════[0m
  [1mREGIME:       [0m [93mHIGH_VOL[0m (conf: 0.37)
  [1mDATA FRESH:   [0m [92m✅ 0.0min ago[0m
  [1mSIGNALS:      [0m 13/20 active
  [1mSIT-OUT:      [0m [92mNO[0m
  [1mCONVICTION:   [0m BTC: +0.06 ([92mBUY[0m) | ETH: +0.09 ([92mBUY[0m) | SOL: -0.07 ([91mSELL[0m) | BNB: +0.00 (HOLD) | XRP: -0.01 (HOLD) | ADA: -0.04 (HOLD) | DOT: -0.07 ([91mSELL[0m) | AVAX: +0.01 (HOLD) | LINK: +0.05 ([92mBUY[0m) | MATIC: +0.10 ([92mBUY[0m) | NEAR: -0.07 ([91mSELL[0m) | SUI: -0.06 ([91mSELL[0m) | ARB: +0.01 (HOLD)
  [1mTRADES:       [0m open=1 closed=16 | PnL=$-2074.01 | WR=25%
  [1mLONG/SHORT:   [0m longs=8 shorts=9
  [1mBLOCKERS:     [0m [92mNONE[0m
[96m══════════════════════════════════════════════════════[0m

15:22:51 Cycle 50: SemanticMemoryNode stored 1 patterns
15:22:51 Cycle  50/200 [HIGH] OK       | fresh=0.0min | open= 1 closed= 16 | PnL=$-2074 wr=25% | improve=1 sem_db=30 | 13.4s/c ETA 2008s | zero_streak=0
15:24:01 Cycle  55/200 [HIGH] OK       | fresh=0.0min | open= 1 closed= 16 | PnL=$-2074 wr=25% | improve=1 sem_db=30 | 13.4s/c ETA 1949s | zero_streak=5

[96m══════════════════════════════════════════════════════[0m
[96m══ TRAINING DIAGNOSTICS (cycle 60) ══════════════════════[0m
[96m══════════════════════════════════════════════════════[0m
  [1mREGIME:       [0m [93mNORMAL[0m (conf: 0.37)
  [1mDATA FRESH:   [0m [92m✅ 0.0min ago[0m
  [1mSIGNALS:      [0m 12/20 active
  [1mSIT-OUT:      [0m [92mNO[0m
  [1mCONVICTION:   [0m BTC: +0.08 ([92mBUY[0m) | ETH: +0.12 ([92mBUY[0m) | SOL: -0.03 (HOLD) | BNB: -0.09 ([91mSELL[0m) | XRP: -0.06 ([91mSELL[0m) | ADA: -0.08 ([91mSELL[0m) | DOT: -0.08 ([91mSELL[0m) | AVAX: +0.03 (HOLD) | LINK: -0.00 (HOLD) | MATIC: -0.33 ([91mSELL[0m) | NEAR: +0.20 ([92mBUY[0m) | SUI: +0.05 ([92mBUY[0m) | ARB: +0.20 ([92mBUY[0m)
  [1mTRADES:       [0m open=0 closed=17 | PnL=$-1137.57 | WR=29%
  [1mLONG/SHORT:   [0m longs=8 shorts=9
  [1mBLOCKERS:     [0m [92mNONE[0m
[96m══════════════════════════════════════════════════════[0m

15:24:59 Cycle  60/200 [NORM] OK       | fresh=0.0min | open= 0 closed= 17 | PnL=$-1138 wr=29% | improve=1 sem_db=30 | 13.3s/c ETA 1859s | zero_streak=1
15:25:57 Cycle  65/200 [CRIS] OK       | fresh=0.0min | open= 1 closed= 20 | PnL=$-3911 wr=30% | improve=1 sem_db=30 | 13.2s/c ETA 1776s | zero_streak=1

[96m══════════════════════════════════════════════════════[0m
[96m══ TRAINING DIAGNOSTICS (cycle 70) ══════════════════════[0m
[96m══════════════════════════════════════════════════════[0m
  [1mREGIME:       [0m [93mCRISIS[0m (conf: 0.37)
  [1mDATA FRESH:   [0m [92m✅ 0.0min ago[0m
  [1mSIGNALS:      [0m 12/20 active
  [1mSIT-OUT:      [0m [92mNO[0m
  [1mCONVICTION:   [0m BTC: -0.02 (HOLD) | ETH: -0.04 (HOLD) | SOL: -0.02 (HOLD) | BNB: -0.06 ([91mSELL[0m) | XRP: +0.05 (HOLD) | ADA: +0.10 ([92mBUY[0m) | DOT: +0.01 (HOLD) | AVAX: +0.02 (HOLD) | LINK: +0.05 (HOLD) | MATIC: +0.16 ([92mBUY[0m) | NEAR: +0.02 (HOLD) | SUI: -0.04 (HOLD) | ARB: -0.23 ([91mSELL[0m)
  [1mTRADES:       [0m open=2 closed=21 | PnL=$-4625.04 | WR=29%
  [1mLONG/SHORT:   [0m longs=13 shorts=10
  [1mBLOCKERS:     [0m [92mNONE[0m
[96m══════════════════════════════════════════════════════[0m

15:26:59 Cycle  70/200 [CRIS] OK       | fresh=0.0min | open= 2 closed= 21 | PnL=$-4625 wr=29% | improve=1 sem_db=30 | 13.1s/c ETA 1703s | zero_streak=3
15:27:59 Cycle  75/200 [CRIS] OK       | fresh=0.0min | open= 3 closed= 24 | PnL=$-5517 wr=25% | improve=1 sem_db=30 | 13.0s/c ETA 1628s | zero_streak=1

[96m══════════════════════════════════════════════════════[0m
[96m══ TRAINING DIAGNOSTICS (cycle 80) ══════════════════════[0m
[96m══════════════════════════════════════════════════════[0m
  [1mREGIME:       [0m [93mNORMAL[0m (conf: 0.37)
  [1mDATA FRESH:   [0m [92m✅ 0.0min ago[0m
  [1mSIGNALS:      [0m 12/20 active
  [1mSIT-OUT:      [0m [92mNO[0m
  [1mCONVICTION:   [0m BTC: -0.03 (HOLD) | ETH: -0.02 (HOLD) | SOL: +0.01 (HOLD) | BNB: +0.02 (HOLD) | XRP: -0.11 ([91mSELL[0m) | ADA: -0.05 (HOLD) | DOT: +0.26 ([92mBUY[0m) | AVAX: -0.00 (HOLD) | LINK: -0.00 (HOLD) | MATIC: -0.09 ([91mSELL[0m) | NEAR: +0.26 ([92mBUY[0m) | SUI: -0.12 ([91mSELL[0m) | ARB: -0.11 ([91mSELL[0m)
  [1mTRADES:       [0m open=1 closed=26 | PnL=$-5241.39 | WR=27%
  [1mLONG/SHORT:   [0m longs=16 shorts=11
  [1mBLOCKERS:     [0m [92mNONE[0m
[96m══════════════════════════════════════════════════════[0m

15:28:57 Cycle  80/200 [NORM] OK       | fresh=0.0min | open= 1 closed= 26 | PnL=$-5241 wr=27% | improve=1 sem_db=30 | 12.9s/c ETA 1552s | zero_streak=1
15:29:55 Cycle  85/200 [NORM] OK       | fresh=0.0min | open= 2 closed= 27 | PnL=$-3727 wr=30% | improve=1 sem_db=30 | 12.9s/c ETA 1479s | zero_streak=2

[96m══════════════════════════════════════════════════════[0m
[96m══ TRAINING DIAGNOSTICS (cycle 90) ══════════════════════[0m
[96m══════════════════════════════════════════════════════[0m
  [1mREGIME:       [0m [93mHIGH_VOL[0m (conf: 0.37)
  [1mDATA FRESH:   [0m [92m✅ 0.0min ago[0m
  [1mSIGNALS:      [0m 12/20 active
  [1mSIT-OUT:      [0m [92mNO[0m
  [1mCONVICTION:   [0m BTC: +0.04 (HOLD) | ETH: +0.04 (HOLD) | SOL: +0.01 (HOLD) | BNB: +0.05 (HOLD) | XRP: -0.04 (HOLD) | ADA: -0.13 ([91mSELL[0m) | DOT: -0.04 (HOLD) | AVAX: +0.09 ([92mBUY[0m) | LINK: +0.00 (HOLD) | MATIC: -0.32 ([91mSELL[0m) | NEAR: +0.22 ([92mBUY[0m) | SUI: +0.11 ([92mBUY[0m) | ARB: -0.03 (HOLD)
  [1mTRADES:       [0m open=2 closed=29 | PnL=$-3970.21 | WR=28%
  [1mLONG/SHORT:   [0m longs=17 shorts=14
  [1mBLOCKERS:     [0m [92mNONE[0m
[96m══════════════════════════════════════════════════════[0m

15:30:53 Cycle  90/200 [HIGH] OK       | fresh=0.0min | open= 2 closed= 29 | PnL=$-3970 wr=28% | improve=1 sem_db=30 | 12.8s/c ETA 1407s | zero_streak=3
15:31:52 Cycle  95/200 [NORM] OK       | fresh=0.0min | open= 1 closed= 31 | PnL=$-2081 wr=29% | improve=1 sem_db=30 | 12.7s/c ETA 1337s | zero_streak=1

[96m══════════════════════════════════════════════════════[0m
[96m══ TRAINING DIAGNOSTICS (cycle 100) ═════════════════════[0m
[96m══════════════════════════════════════════════════════[0m
  [1mREGIME:       [0m [93mNORMAL[0m (conf: 0.37)
  [1mDATA FRESH:   [0m [92m✅ 0.0min ago[0m
  [1mSIGNALS:      [0m 12/20 active
  [1mSIT-OUT:      [0m [92mNO[0m
  [1mCONVICTION:   [0m BTC: +0.01 (HOLD) | ETH: +0.07 ([92mBUY[0m) | SOL: +0.06 ([92mBUY[0m) | BNB: -0.01 (HOLD) | XRP: +0.06 ([92mBUY[0m) | ADA: -0.01 (HOLD) | DOT: -0.03 (HOLD) | AVAX: -0.00 (HOLD) | LINK: -0.01 (HOLD) | MATIC: -0.07 ([91mSELL[0m) | NEAR: +0.02 (HOLD) | SUI: -0.03 (HOLD) | ARB: -0.07 ([91mSELL[0m)
  [1mTRADES:       [0m open=4 closed=32 | PnL=$-2169.86 | WR=28%
  [1mLONG/SHORT:   [0m longs=19 shorts=17
  [1mBLOCKERS:     [0m [92mNONE[0m
[96m══════════════════════════════════════════════════════[0m

15:32:52 Cycle 100/200 [NORM] OK       | fresh=0.0min | open= 4 closed= 32 | PnL=$-2170 wr=28% | improve=1 sem_db=30 | 12.7s/c ETA 1270s | zero_streak=0
15:33:50 Cycle 105/200 [NORM] OK       | fresh=0.0min | open= 2 closed= 35 | PnL=$-521 wr=31% | improve=1 sem_db=30 | 12.6s/c ETA 1201s | zero_streak=2

[96m══════════════════════════════════════════════════════[0m
[96m══ TRAINING DIAGNOSTICS (cycle 110) ═════════════════════[0m
[96m══════════════════════════════════════════════════════[0m
  [1mREGIME:       [0m [93mNORMAL[0m (conf: 0.37)
  [1mDATA FRESH:   [0m [92m✅ 0.0min ago[0m
  [1mSIGNALS:      [0m 12/20 active
  [1mSIT-OUT:      [0m [92mNO[0m
  [1mCONVICTION:   [0m BTC: +0.05 (HOLD) | ETH: +0.07 ([92mBUY[0m) | SOL: -0.06 ([91mSELL[0m) | BNB: +0.01 (HOLD) | XRP: -0.00 (HOLD) | ADA: -0.06 ([91mSELL[0m) | DOT: -0.08 ([91mSELL[0m) | AVAX: -0.02 (HOLD) | LINK: +0.04 (HOLD) | MATIC: +0.26 ([92mBUY[0m) | NEAR: -0.08 ([91mSELL[0m) | SUI: -0.08 ([91mSELL[0m) | ARB: -0.03 (HOLD)
  [1mTRADES:       [0m open=2 closed=38 | PnL=$-527.79 | WR=32%
  [1mLONG/SHORT:   [0m longs=20 shorts=20
  [1mBLOCKERS:     [0m [92mNONE[0m
[96m══════════════════════════════════════════════════════[0m

15:34:48 Cycle 110/200 [NORM] OK       | fresh=0.0min | open= 2 closed= 38 | PnL=$-528 wr=32% | improve=1 sem_db=30 | 12.6s/c ETA 1134s | zero_streak=1
15:35:47 Cycle 115/200 [HIGH] OK       | fresh=0.0min | open= 1 closed= 39 | PnL=$-668 wr=31% | improve=1 sem_db=30 | 12.6s/c ETA 1068s | zero_streak=4

[96m══════════════════════════════════════════════════════[0m
[96m══ TRAINING DIAGNOSTICS (cycle 120) ═════════════════════[0m
[96m══════════════════════════════════════════════════════[0m
  [1mREGIME:       [0m [93mNORMAL[0m (conf: 0.37)
  [1mDATA FRESH:   [0m [92m✅ 0.0min ago[0m
  [1mSIGNALS:      [0m 13/20 active
  [1mSIT-OUT:      [0m [92mNO[0m
  [1mCONVICTION:   [0m BTC: +0.08 ([92mBUY[0m) | ETH: +0.10 ([92mBUY[0m) | SOL: -0.06 ([91mSELL[0m) | BNB: -0.10 ([91mSELL[0m) | XRP: -0.06 ([91mSELL[0m) | ADA: -0.07 ([91mSELL[0m) | DOT: -0.06 ([91mSELL[0m) | AVAX: +0.00 (HOLD) | LINK: -0.02 (HOLD) | MATIC: -0.28 ([91mSELL[0m) | NEAR: +0.21 ([92mBUY[0m) | SUI: +0.04 (HOLD) | ARB: +0.21 ([92mBUY[0m)
  [1mTRADES:       [0m open=0 closed=40 | PnL=$+268.42 | WR=32%
  [1mLONG/SHORT:   [0m longs=20 shorts=20
  [1mBLOCKERS:     [0m [92mNONE[0m
[96m══════════════════════════════════════════════════════[0m

15:36:45 Cycle 120/200 [NORM] OK       | fresh=0.0min | open= 0 closed= 40 | PnL=$+268 wr=32% | improve=1 sem_db=30 | 12.5s/c ETA 1002s | zero_streak=0
15:37:43 Cycle 125/200 [CRIS] OK       | fresh=0.0min | open= 0 closed= 43 | PnL=$-2505 wr=33% | improve=1 sem_db=30 | 12.5s/c ETA 937s | zero_streak=0

[96m══════════════════════════════════════════════════════[0m
[96m══ TRAINING DIAGNOSTICS (cycle 130) ═════════════════════[0m
[96m══════════════════════════════════════════════════════[0m
  [1mREGIME:       [0m [93mCRISIS[0m (conf: 0.37)
  [1mDATA FRESH:   [0m [92m✅ 0.0min ago[0m
  [1mSIGNALS:      [0m 12/20 active
  [1mSIT-OUT:      [0m [92mNO[0m
  [1mCONVICTION:   [0m BTC: -0.03 (HOLD) | ETH: -0.05 ([91mSELL[0m) | SOL: -0.04 (HOLD) | BNB: -0.08 ([91mSELL[0m) | XRP: +0.06 ([92mBUY[0m) | ADA: +0.12 ([92mBUY[0m) | DOT: +0.01 (HOLD) | AVAX: +0.03 (HOLD) | LINK: +0.05 (HOLD) | MATIC: +0.17 ([92mBUY[0m) | NEAR: +0.01 (HOLD) | SUI: -0.04 (HOLD) | ARB: -0.20 ([91mSELL[0m)
  [1mTRADES:       [0m open=2 closed=44 | PnL=$-3219.01 | WR=32%
  [1mLONG/SHORT:   [0m longs=25 shorts=21
  [1mBLOCKERS:     [0m [92mNONE[0m
[96m══════════════════════════════════════════════════════[0m

15:38:41 Cycle 130/200 [CRIS] OK       | fresh=0.0min | open= 2 closed= 44 | PnL=$-3219 wr=32% | improve=1 sem_db=30 | 12.5s/c ETA 872s | zero_streak=2
15:39:40 Cycle 135/200 [CRIS] OK       | fresh=0.0min | open= 2 closed= 47 | PnL=$-4111 wr=30% | improve=1 sem_db=30 | 12.4s/c ETA 808s | zero_streak=0

[96m══════════════════════════════════════════════════════[0m
[96m══ TRAINING DIAGNOSTICS (cycle 140) ═════════════════════[0m
[96m══════════════════════════════════════════════════════[0m
  [1mREGIME:       [0m [93mNORMAL[0m (conf: 0.37)
  [1mDATA FRESH:   [0m [92m✅ 0.0min ago[0m
  [1mSIGNALS:      [0m 12/20 active
  [1mSIT-OUT:      [0m [92mNO[0m
  [1mCONVICTION:   [0m BTC: -0.04 (HOLD) | ETH: -0.02 (HOLD) | SOL: +0.01 (HOLD) | BNB: +0.01 (HOLD) | XRP: -0.10 ([91mSELL[0m) | ADA: +0.00 (HOLD) | DOT: +0.25 ([92mBUY[0m) | AVAX: +0.01 (HOLD) | LINK: +0.02 (HOLD) | MATIC: -0.12 ([91mSELL[0m) | NEAR: +0.25 ([92mBUY[0m) | SUI: -0.11 ([91mSELL[0m) | ARB: -0.15 ([91mSELL[0m)
  [1mTRADES:       [0m open=1 closed=49 | PnL=$-3835.33 | WR=31%
  [1mLONG/SHORT:   [0m longs=28 shorts=22
  [1mBLOCKERS:     [0m [92mNONE[0m
[96m══════════════════════════════════════════════════════[0m

15:40:38 Cycle 140/200 [NORM] OK       | fresh=0.0min | open= 1 closed= 49 | PnL=$-3835 wr=31% | improve=1 sem_db=30 | 12.4s/c ETA 744s | zero_streak=0
15:41:37 Cycle 145/200 [NORM] OK       | fresh=0.0min | open= 2 closed= 50 | PnL=$-2321 wr=32% | improve=1 sem_db=30 | 12.4s/c ETA 681s | zero_streak=1

[96m══════════════════════════════════════════════════════[0m
[96m══ TRAINING DIAGNOSTICS (cycle 150) ═════════════════════[0m
[96m══════════════════════════════════════════════════════[0m
  [1mREGIME:       [0m [93mNORMAL[0m (conf: 0.37)
  [1mDATA FRESH:   [0m [92m✅ 0.0min ago[0m
  [1mSIGNALS:      [0m 12/20 active
  [1mSIT-OUT:      [0m [92mNO[0m
  [1mCONVICTION:   [0m BTC: +0.04 (HOLD) | ETH: +0.03 (HOLD) | SOL: +0.00 (HOLD) | BNB: +0.05 (HOLD) | XRP: -0.03 (HOLD) | ADA: -0.14 ([91mSELL[0m) | DOT: +0.00 (HOLD) | AVAX: +0.07 ([92mBUY[0m) | LINK: +0.00 (HOLD) | MATIC: -0.28 ([91mSELL[0m) | NEAR: +0.22 ([92mBUY[0m) | SUI: +0.08 ([92mBUY[0m) | ARB: -0.04 (HOLD)
  [1mTRADES:       [0m open=2 closed=52 | PnL=$-2564.18 | WR=31%
  [1mLONG/SHORT:   [0m longs=29 shorts=25
  [1mBLOCKERS:     [0m [92mNONE[0m
[96m══════════════════════════════════════════════════════[0m

15:42:43 Cycle 150/200 [NORM] OK       | fresh=0.0min | open= 2 closed= 52 | PnL=$-2564 wr=31% | improve=1 sem_db=30 | 12.4s/c ETA 620s | zero_streak=2
15:43:42 Cycle 155/200 [HIGH] OK       | fresh=0.0min | open= 1 closed= 54 | PnL=$-675 wr=31% | improve=1 sem_db=30 | 12.4s/c ETA 557s | zero_streak=0

[96m══════════════════════════════════════════════════════[0m
[96m══ TRAINING DIAGNOSTICS (cycle 160) ═════════════════════[0m
[96m══════════════════════════════════════════════════════[0m
  [1mREGIME:       [0m [93mNORMAL[0m (conf: 0.37)
  [1mDATA FRESH:   [0m [92m✅ 0.0min ago[0m
  [1mSIGNALS:      [0m 12/20 active
  [1mSIT-OUT:      [0m [92mNO[0m
  [1mCONVICTION:   [0m BTC: +0.00 (HOLD) | ETH: +0.08 ([92mBUY[0m) | SOL: +0.04 (HOLD) | BNB: -0.01 (HOLD) | XRP: +0.07 ([92mBUY[0m) | ADA: -0.00 (HOLD) | DOT: +0.01 (HOLD) | AVAX: -0.01 (HOLD) | LINK: -0.01 (HOLD) | MATIC: -0.13 ([91mSELL[0m) | NEAR: +0.03 (HOLD) | SUI: -0.01 (HOLD) | ARB: -0.06 ([91mSELL[0m)
  [1mTRADES:       [0m open=4 closed=54 | PnL=$-675.31 | WR=31%
  [1mLONG/SHORT:   [0m longs=31 shorts=27
  [1mBLOCKERS:     [0m [92mNONE[0m
[96m══════════════════════════════════════════════════════[0m

15:44:40 Cycle 160/200 [NORM] OK       | fresh=0.0min | open= 4 closed= 54 | PnL=$-675 wr=31% | improve=1 sem_db=30 | 12.4s/c ETA 494s | zero_streak=5
15:45:38 Cycle 165/200 [NORM] OK       | fresh=0.0min | open= 2 closed= 58 | PnL=$+885 wr=33% | improve=1 sem_db=30 | 12.3s/c ETA 432s | zero_streak=1

[96m══════════════════════════════════════════════════════[0m
[96m══ TRAINING DIAGNOSTICS (cycle 170) ═════════════════════[0m
[96m══════════════════════════════════════════════════════[0m
  [1mREGIME:       [0m [93mNORMAL[0m (conf: 0.37)
  [1mDATA FRESH:   [0m [92m✅ 0.0min ago[0m
  [1mSIGNALS:      [0m 11/20 active
  [1mSIT-OUT:      [0m [92mNO[0m
  [1mCONVICTION:   [0m BTC: +0.03 (HOLD) | ETH: +0.05 (HOLD) | SOL: -0.06 ([91mSELL[0m) | BNB: +0.02 (HOLD) | XRP: -0.01 (HOLD) | ADA: -0.06 ([91mSELL[0m) | DOT: -0.11 ([91mSELL[0m) | AVAX: -0.04 (HOLD) | LINK: +0.01 (HOLD) | MATIC: +0.43 ([92mBUY[0m) | NEAR: -0.11 ([91mSELL[0m) | SUI: -0.11 ([91mSELL[0m) | ARB: -0.05 ([91mSELL[0m)
  [1mTRADES:       [0m open=1 closed=61 | PnL=$+878.22 | WR=33%
  [1mLONG/SHORT:   [0m longs=31 shorts=31
  [1mBLOCKERS:     [0m [92mNONE[0m
[96m══════════════════════════════════════════════════════[0m

15:46:36 Cycle 170/200 [NORM] OK       | fresh=0.0min | open= 1 closed= 61 | PnL=$+878 wr=33% | improve=1 sem_db=30 | 12.3s/c ETA 370s | zero_streak=0
15:47:35 Cycle 175/200 [HIGH] OK       | fresh=0.0min | open= 1 closed= 62 | PnL=$+738 wr=32% | improve=1 sem_db=30 | 12.3s/c ETA 307s | zero_streak=3

[96m══════════════════════════════════════════════════════[0m
[96m══ TRAINING DIAGNOSTICS (cycle 180) ═════════════════════[0m
[96m══════════════════════════════════════════════════════[0m
  [1mREGIME:       [0m [93mNORMAL[0m (conf: 0.37)
  [1mDATA FRESH:   [0m [92m✅ 0.0min ago[0m
  [1mSIGNALS:      [0m 13/20 active
  [1mSIT-OUT:      [0m [92mNO[0m
  [1mCONVICTION:   [0m BTC: +0.07 ([92mBUY[0m) | ETH: +0.11 ([92mBUY[0m) | SOL: -0.06 ([91mSELL[0m) | BNB: -0.10 ([91mSELL[0m) | XRP: -0.06 ([91mSELL[0m) | ADA: -0.03 (HOLD) | DOT: -0.06 ([91mSELL[0m) | AVAX: +0.00 (HOLD) | LINK: -0.00 (HOLD) | MATIC: -0.32 ([91mSELL[0m) | NEAR: +0.19 ([92mBUY[0m) | SUI: +0.06 ([92mBUY[0m) | ARB: +0.20 ([92mBUY[0m)
  [1mTRADES:       [0m open=1 closed=62 | PnL=$+738.04 | WR=32%
  [1mLONG/SHORT:   [0m longs=32 shorts=31
  [1mBLOCKERS:     [0m [92mNONE[0m
[96m══════════════════════════════════════════════════════[0m

15:48:33 Cycle 180/200 [NORM] OK       | fresh=0.0min | open= 1 closed= 62 | PnL=$+738 wr=32% | improve=1 sem_db=30 | 12.3s/c ETA 246s | zero_streak=8
15:49:31 Cycle 185/200 [CRIS] OK       | fresh=0.0min | open= 1 closed= 65 | PnL=$-1187 wr=32% | improve=1 sem_db=30 | 12.3s/c ETA 184s | zero_streak=1

[96m══════════════════════════════════════════════════════[0m
[96m══ TRAINING DIAGNOSTICS (cycle 190) ═════════════════════[0m
[96m══════════════════════════════════════════════════════[0m
  [1mREGIME:       [0m [93mCRISIS[0m (conf: 0.37)
  [1mDATA FRESH:   [0m [92m✅ 0.0min ago[0m
  [1mSIGNALS:      [0m 12/20 active
  [1mSIT-OUT:      [0m [92mNO[0m
  [1mCONVICTION:   [0m BTC: -0.03 (HOLD) | ETH: -0.07 ([91mSELL[0m) | SOL: -0.05 (HOLD) | BNB: -0.12 ([91mSELL[0m) | XRP: +0.07 ([92mBUY[0m) | ADA: +0.12 ([92mBUY[0m) | DOT: +0.01 (HOLD) | AVAX: +0.03 (HOLD) | LINK: +0.03 (HOLD) | MATIC: +0.18 ([92mBUY[0m) | NEAR: +0.00 (HOLD) | SUI: -0.04 (HOLD) | ARB: -0.15 ([91mSELL[0m)
  [1mTRADES:       [0m open=1 closed=67 | PnL=$-1813.01 | WR=33%
  [1mLONG/SHORT:   [0m longs=37 shorts=31
  [1mBLOCKERS:     [0m [92mNONE[0m
[96m══════════════════════════════════════════════════════[0m

15:50:30 Cycle 190/200 [CRIS] OK       | fresh=0.0min | open= 1 closed= 67 | PnL=$-1813 wr=33% | improve=1 sem_db=30 | 12.3s/c ETA 123s | zero_streak=1
15:51:27 Cycle 195/200 [CRIS] OK       | fresh=0.0min | open= 3 closed= 69 | PnL=$-2396 wr=32% | improve=1 sem_db=30 | 12.2s/c ETA 61s | zero_streak=1

[96m══════════════════════════════════════════════════════[0m
[96m══ TRAINING DIAGNOSTICS (cycle 200) ═════════════════════[0m
[96m══════════════════════════════════════════════════════[0m
  [1mREGIME:       [0m [93mCRISIS[0m (conf: 0.37)
  [1mDATA FRESH:   [0m [92m✅ 0.0min ago[0m
  [1mSIGNALS:      [0m 12/20 active
  [1mSIT-OUT:      [0m [92mNO[0m
  [1mCONVICTION:   [0m BTC: -0.06 ([91mSELL[0m) | ETH: -0.02 (HOLD) | SOL: +0.01 (HOLD) | BNB: -0.01 (HOLD) | XRP: -0.10 ([91mSELL[0m) | ADA: +0.05 (HOLD) | DOT: +0.23 ([92mBUY[0m) | AVAX: +0.03 (HOLD) | LINK: +0.04 (HOLD) | MATIC: -0.12 ([91mSELL[0m) | NEAR: +0.23 ([92mBUY[0m) | SUI: -0.09 ([91mSELL[0m) | ARB: -0.18 ([91mSELL[0m)
  [1mTRADES:       [0m open=2 closed=71 | PnL=$-2292.98 | WR=32%
  [1mLONG/SHORT:   [0m longs=40 shorts=33
  [1mBLOCKERS:     [0m [92mNONE[0m
[96m══════════════════════════════════════════════════════[0m

15:52:27 Cycle 200/200 [CRIS] OK       | fresh=0.0min | open= 2 closed= 71 | PnL=$-2293 wr=32% | improve=1 sem_db=30 | 12.2s/c ETA 0s | zero_streak=2
15:52:27 V209_RECENT_R1: no baseline version found for gate comparison
15:52:27 Attribution — alpha: $+106.40  beta: $-4121491.33  timing: $+4119078.28  selection: $-0.00
15:52:27 Attribution report  : /Users/benebsworth/projects/omega/data/v209_recent_r1_attribution.json
15:52:27 
15:52:27 ======================================================================
15:52:27 V209_RECENT_R1 COMPLETE — 200 cycles in 2445s (12.23s/cycle)
15:52:27 ======================================================================
15:52:27 improve_calls         : 1
15:52:27 semantic_patterns_db  : 30
15:52:27 Closed trades         : 71  (long=39  short=32)
15:52:27 Total PnL             : $-2292.98  (engine realised: $-2292.98)
15:52:27 Win rate              : 32.4%  (23/71)
15:52:27 Profit factor         : 0.89
15:52:27 --- Observability ---
15:52:27 Zero-trade cycles     : 135 / 200  (68%)
15:52:27 Circuit breaker trips : 0
15:52:27 Final vol threshold   : 0.000
15:52:27 Metrics JSONL         : /tmp/v209_recent_r1_metrics.jsonl
15:52:27 Results               : /Users/benebsworth/projects/omega/data/v209_recent_r1_results.json
15:52:27 ======================================================================
