17:43:50 RNG seed set to 42 (deterministic mode)
17:43:50 BACKTEST MODE: WS signals disabled (whale_prints, ws_microstructure)
17:43:50 ======================================================================
17:43:50 Training Run v211_trend_p2_r2 — 200 cycles  sleep=10s
17:43:50 CoinGecko key  : CG-YPzBAPag5...
17:43:50 Database URL   : postgresql://omega:omega@localhost:5432/...
17:43:50 Metrics JSONL  : /tmp/v211_trend_p2_r2_metrics.jsonl
17:43:50 Log file       : /tmp/v211_trend_p2_r2_training.log
17:43:50 Features ON    : ffg_gate1_enabled, ffg_gate4_enabled
17:43:50 ======================================================================
17:43:51 V207a: OMEGA_FROZEN_CACHE=1 — skipping macro warm_up (no live FRED/funding fetches)
17:43:51 BACKTEST MODE: ingestion replaced by ReplayIngestionNode (snap_trending_2023q4, 153 steps)
17:43:51 ImprovementEngine: SyntheticEvaluator injected
17:43:51 Decision snapshots → /tmp/v211_trend_p2_r2_decisions.jsonl (+ Postgres if configured)
17:43:51 SignalDecayDetector: loaded from data/signal_ic_history.json

[96m══════════════════════════════════════════════════════[0m
[96m══ TRAINING DIAGNOSTICS (cycle 0) ═══════════════════════[0m
[96m══════════════════════════════════════════════════════[0m
  [1mREGIME:       [0m [91mUNKN ⚠️[0m
  [1mDATA FRESH:   [0m [92m✅ 0.0min ago[0m
  [1mSIGNALS:      [0m [93mnone yet[0m
  [1mSIT-OUT:      [0m [92mNO[0m
  [1mCONVICTION:   [0m [93mn/a[0m
  [1mTRADES:       [0m open=0 closed=0 | PnL=$+0.00 | WR=0%
  [1mLONG/SHORT:   [0m longs=0 shorts=0
  [1mBLOCKERS:     [0m [91mRegime detector not firing | No signal data yet (first cycle?)[0m
[96m══════════════════════════════════════════════════════[0m

17:44:02 Cycle   1/200 [NORM] OK       | fresh=0.0min | open= 0 closed=  0 | PnL=$+0 wr=0% | improve=0 sem_db=30 | 11.3s/c ETA 2257s | zero_streak=1
17:44:50 Cycle   5/200 [NORM] OK       | fresh=0.0min | open= 3 closed=  1 | PnL=$-149 wr=0% | improve=0 sem_db=30 | 11.8s/c ETA 2292s | zero_streak=0

[96m══════════════════════════════════════════════════════[0m
[96m══ TRAINING DIAGNOSTICS (cycle 10) ══════════════════════[0m
[96m══════════════════════════════════════════════════════[0m
  [1mREGIME:       [0m [93mCRISIS[0m (conf: 0.00)
  [1mDATA FRESH:   [0m [92m✅ 0.0min ago[0m
  [1mSIGNALS:      [0m 10/20 active
  [1mSIT-OUT:      [0m [92mNO[0m
  [1mCONVICTION:   [0m BTC: -0.16 ([91mSELL[0m) | ETH: -0.12 ([91mSELL[0m) | SOL: +0.05 (HOLD) | BNB: -0.05 ([91mSELL[0m) | XRP: +0.05 (HOLD) | ADA: +0.05 (HOLD) | DOT: +0.05 (HOLD) | AVAX: -0.08 ([91mSELL[0m) | LINK: +0.05 (HOLD) | MATIC: +0.05 (HOLD) | NEAR: +0.05 (HOLD) | SUI: +0.05 (HOLD) | ARB: +0.05 (HOLD)
  [1mTRADES:       [0m open=3 closed=3 | PnL=$+125.68 | WR=33%
  [1mLONG/SHORT:   [0m longs=3 shorts=3
  [1mBLOCKERS:     [0m [92mNONE[0m
[96m══════════════════════════════════════════════════════[0m

17:46:05 Cycle  10/200 [CRIS] OK       | fresh=0.0min | open= 3 closed=  3 | PnL=$+126 wr=33% | improve=0 sem_db=30 | 13.4s/c ETA 2540s | zero_streak=1
17:47:03 Cycle  15/200 [CRIS] OK       | fresh=0.0min | open= 1 closed=  9 | PnL=$+990 wr=44% | improve=1 sem_db=30 | 12.8s/c ETA 2369s | zero_streak=0

[96m══════════════════════════════════════════════════════[0m
[96m══ TRAINING DIAGNOSTICS (cycle 20) ══════════════════════[0m
[96m══════════════════════════════════════════════════════[0m
  [1mREGIME:       [0m [93mCRISIS[0m (conf: 0.38)
  [1mDATA FRESH:   [0m [92m✅ 0.0min ago[0m
  [1mSIGNALS:      [0m 10/20 active
  [1mSIT-OUT:      [0m [92mNO[0m
  [1mCONVICTION:   [0m BTC: -0.09 ([91mSELL[0m) | ETH: -0.08 ([91mSELL[0m) | SOL: +0.18 ([92mBUY[0m) | BNB: -0.10 ([91mSELL[0m) | XRP: -0.24 ([91mSELL[0m) | ADA: +0.03 (HOLD) | DOT: +0.03 (HOLD) | AVAX: +0.03 (HOLD) | LINK: +0.00 (HOLD) | MATIC: +0.18 ([92mBUY[0m) | NEAR: +0.18 ([92mBUY[0m) | SUI: +0.05 ([92mBUY[0m) | ARB: -0.18 ([91mSELL[0m)
  [1mTRADES:       [0m open=1 closed=11 | PnL=$+1450.00 | WR=55%
  [1mLONG/SHORT:   [0m longs=8 shorts=4
  [1mBLOCKERS:     [0m [92mNONE[0m
[96m══════════════════════════════════════════════════════[0m

17:48:12 Cycle  20/200 [CRIS] OK       | fresh=0.0min | open= 1 closed= 11 | PnL=$+1450 wr=55% | improve=1 sem_db=30 | 13.1s/c ETA 2351s | zero_streak=1
17:49:10 Cycle  25/200 [HIGH] OK       | fresh=0.0min | open= 0 closed= 12 | PnL=$+3173 wr=58% | improve=1 sem_db=30 | 12.8s/c ETA 2231s | zero_streak=2

[96m══════════════════════════════════════════════════════[0m
[96m══ TRAINING DIAGNOSTICS (cycle 30) ══════════════════════[0m
[96m══════════════════════════════════════════════════════[0m
  [1mREGIME:       [0m [93mHIGH_VOL[0m (conf: 0.38)
  [1mDATA FRESH:   [0m [92m✅ 0.0min ago[0m
  [1mSIGNALS:      [0m 10/20 active
  [1mSIT-OUT:      [0m [92mNO[0m
  [1mCONVICTION:   [0m BTC: +0.03 (HOLD) | ETH: +0.03 (HOLD) | SOL: +0.02 (HOLD) | BNB: -0.16 ([91mSELL[0m) | XRP: -0.09 ([91mSELL[0m) | ADA: +0.06 ([92mBUY[0m) | DOT: -0.04 (HOLD) | AVAX: +0.20 ([92mBUY[0m) | LINK: -0.02 (HOLD) | MATIC: -0.26 ([91mSELL[0m) | NEAR: +0.13 ([92mBUY[0m) | SUI: +0.21 ([92mBUY[0m) | ARB: -0.12 ([91mSELL[0m)
  [1mTRADES:       [0m open=1 closed=12 | PnL=$+3173.01 | WR=58%
  [1mLONG/SHORT:   [0m longs=8 shorts=5
  [1mBLOCKERS:     [0m [92mNONE[0m
[96m══════════════════════════════════════════════════════[0m

17:50:22 Cycle  30/200 [HIGH] OK       | fresh=0.0min | open= 1 closed= 12 | PnL=$+3173 wr=58% | improve=1 sem_db=30 | 13.0s/c ETA 2215s | zero_streak=7
17:51:21 Cycle  35/200 [NORM] OK       | fresh=0.0min | open= 0 closed= 13 | PnL=$+2144 wr=54% | improve=1 sem_db=30 | 12.8s/c ETA 2120s | zero_streak=1

[96m══════════════════════════════════════════════════════[0m
[96m══ TRAINING DIAGNOSTICS (cycle 40) ══════════════════════[0m
[96m══════════════════════════════════════════════════════[0m
  [1mREGIME:       [0m [93mNORMAL[0m (conf: 0.38)
  [1mDATA FRESH:   [0m [92m✅ 0.0min ago[0m
  [1mSIGNALS:      [0m 11/20 active
  [1mSIT-OUT:      [0m [92mNO[0m
  [1mCONVICTION:   [0m BTC: +0.09 ([92mBUY[0m) | ETH: +0.03 (HOLD) | SOL: +0.05 ([92mBUY[0m) | BNB: -0.24 ([91mSELL[0m) | XRP: -0.13 ([91mSELL[0m) | ADA: +0.09 ([92mBUY[0m) | DOT: +0.09 ([92mBUY[0m) | AVAX: +0.09 ([92mBUY[0m) | LINK: -0.04 (HOLD) | MATIC: -0.06 ([91mSELL[0m) | NEAR: +0.09 ([92mBUY[0m) | SUI: -0.01 (HOLD) | ARB: -0.05 (HOLD)
  [1mTRADES:       [0m open=4 closed=14 | PnL=$+2096.48 | WR=50%
  [1mLONG/SHORT:   [0m longs=12 shorts=6
  [1mBLOCKERS:     [0m [92mNONE[0m
[96m══════════════════════════════════════════════════════[0m

17:52:31 Cycle  40/200 [NORM] OK       | fresh=0.0min | open= 4 closed= 14 | PnL=$+2096 wr=50% | improve=1 sem_db=30 | 13.0s/c ETA 2079s | zero_streak=2
17:53:30 Cycle  45/200 [NORM] OK       | fresh=0.0min | open= 2 closed= 20 | PnL=$+2006 wr=50% | improve=1 sem_db=30 | 12.9s/c ETA 1996s | zero_streak=0

[96m══════════════════════════════════════════════════════[0m
[96m══ TRAINING DIAGNOSTICS (cycle 50) ══════════════════════[0m
[96m══════════════════════════════════════════════════════[0m
  [1mREGIME:       [0m [93mNORMAL[0m (conf: 0.38)
  [1mDATA FRESH:   [0m [92m✅ 0.0min ago[0m
  [1mSIGNALS:      [0m 11/20 active
  [1mSIT-OUT:      [0m [92mNO[0m
  [1mCONVICTION:   [0m BTC: -0.06 ([91mSELL[0m) | ETH: -0.09 ([91mSELL[0m) | SOL: +0.18 ([92mBUY[0m) | BNB: -0.01 (HOLD) | XRP: -0.15 ([91mSELL[0m) | ADA: +0.23 ([92mBUY[0m) | DOT: +0.21 ([92mBUY[0m) | AVAX: +0.23 ([92mBUY[0m) | LINK: -0.25 ([91mSELL[0m) | MATIC: -0.10 ([91mSELL[0m) | NEAR: +0.03 (HOLD) | SUI: -0.17 ([91mSELL[0m) | ARB: -0.07 ([91mSELL[0m)
  [1mTRADES:       [0m open=2 closed=24 | PnL=$+1001.47 | WR=46%
  [1mLONG/SHORT:   [0m longs=17 shorts=9
  [1mBLOCKERS:     [0m [92mNONE[0m
[96m══════════════════════════════════════════════════════[0m

17:54:46 Cycle  50/200 [NORM] OK       | fresh=0.0min | open= 2 closed= 24 | PnL=$+1001 wr=46% | improve=1 sem_db=30 | 13.1s/c ETA 1965s | zero_streak=1
17:55:58 Cycle  55/200 [NORM] OK       | fresh=0.0min | open= 3 closed= 26 | PnL=$+59 wr=42% | improve=1 sem_db=30 | 13.2s/c ETA 1916s | zero_streak=1

[96m══════════════════════════════════════════════════════[0m
[96m══ TRAINING DIAGNOSTICS (cycle 60) ══════════════════════[0m
[96m══════════════════════════════════════════════════════[0m
  [1mREGIME:       [0m [93mNORMAL[0m (conf: 0.38)
  [1mDATA FRESH:   [0m [92m✅ 0.0min ago[0m
  [1mSIGNALS:      [0m 11/20 active
  [1mSIT-OUT:      [0m [92mNO[0m
  [1mCONVICTION:   [0m BTC: -0.20 ([91mSELL[0m) | ETH: -0.17 ([91mSELL[0m) | SOL: +0.12 ([92mBUY[0m) | BNB: +0.12 ([92mBUY[0m) | XRP: -0.20 ([91mSELL[0m) | ADA: -0.17 ([91mSELL[0m) | DOT: +0.12 ([92mBUY[0m) | AVAX: +0.02 (HOLD) | LINK: -0.09 ([91mSELL[0m) | MATIC: +0.11 ([92mBUY[0m) | NEAR: +0.12 ([92mBUY[0m) | SUI: +0.12 ([92mBUY[0m) | ARB: +0.12 ([92mBUY[0m)
  [1mTRADES:       [0m open=4 closed=29 | PnL=$-237.44 | WR=41%
  [1mLONG/SHORT:   [0m longs=21 shorts=12
  [1mBLOCKERS:     [0m [92mNONE[0m
[96m══════════════════════════════════════════════════════[0m

17:56:56 Cycle  60/200 [NORM] OK       | fresh=0.0min | open= 4 closed= 29 | PnL=$-237 wr=41% | improve=1 sem_db=30 | 13.1s/c ETA 1831s | zero_streak=1
17:57:54 Cycle  65/200 [CRIS] OK       | fresh=0.0min | open= 3 closed= 32 | PnL=$+1968 wr=41% | improve=1 sem_db=30 | 13.0s/c ETA 1751s | zero_streak=1

[96m══════════════════════════════════════════════════════[0m
[96m══ TRAINING DIAGNOSTICS (cycle 70) ══════════════════════[0m
[96m══════════════════════════════════════════════════════[0m
  [1mREGIME:       [0m [93mCRISIS[0m (conf: 0.38)
  [1mDATA FRESH:   [0m [92m✅ 0.0min ago[0m
  [1mSIGNALS:      [0m 12/20 active
  [1mSIT-OUT:      [0m [92mNO[0m
  [1mCONVICTION:   [0m BTC: +0.11 ([92mBUY[0m) | ETH: +0.03 (HOLD) | SOL: -0.05 (HOLD) | BNB: +0.26 ([92mBUY[0m) | XRP: -0.13 ([91mSELL[0m) | ADA: -0.23 ([91mSELL[0m) | DOT: -0.19 ([91mSELL[0m) | AVAX: -0.25 ([91mSELL[0m) | LINK: -0.16 ([91mSELL[0m) | MATIC: -0.13 ([91mSELL[0m) | NEAR: +0.03 (HOLD) | SUI: +0.29 ([92mBUY[0m) | ARB: +0.41 ([92mBUY[0m)
  [1mTRADES:       [0m open=2 closed=36 | PnL=$+4910.20 | WR=42%
  [1mLONG/SHORT:   [0m longs=25 shorts=13
  [1mBLOCKERS:     [0m [92mNONE[0m
[96m══════════════════════════════════════════════════════[0m

17:58:53 Cycle  70/200 [CRIS] OK       | fresh=0.0min | open= 2 closed= 36 | PnL=$+4910 wr=42% | improve=1 sem_db=30 | 12.9s/c ETA 1675s | zero_streak=1
17:59:57 Cycle  75/200 [CRIS] OK       | fresh=0.0min | open= 1 closed= 38 | PnL=$+5224 wr=42% | improve=1 sem_db=30 | 12.9s/c ETA 1610s | zero_streak=0

[96m══════════════════════════════════════════════════════[0m
[96m══ TRAINING DIAGNOSTICS (cycle 80) ══════════════════════[0m
[96m══════════════════════════════════════════════════════[0m
  [1mREGIME:       [0m [93mCRISIS[0m (conf: 0.38)
  [1mDATA FRESH:   [0m [92m✅ 0.0min ago[0m
  [1mSIGNALS:      [0m 12/20 active
  [1mSIT-OUT:      [0m [92mNO[0m
  [1mCONVICTION:   [0m BTC: -0.09 ([91mSELL[0m) | ETH: +0.20 ([92mBUY[0m) | SOL: -0.09 ([91mSELL[0m) | BNB: -0.01 (HOLD) | XRP: -0.08 ([91mSELL[0m) | ADA: -0.14 ([91mSELL[0m) | DOT: -0.11 ([91mSELL[0m) | AVAX: -0.12 ([91mSELL[0m) | LINK: +0.10 ([92mBUY[0m) | MATIC: -0.14 ([91mSELL[0m) | NEAR: -0.20 ([91mSELL[0m) | SUI: +0.34 ([92mBUY[0m) | ARB: +0.33 ([92mBUY[0m)
  [1mTRADES:       [0m open=2 closed=41 | PnL=$+8287.18 | WR=44%
  [1mLONG/SHORT:   [0m longs=30 shorts=13
  [1mBLOCKERS:     [0m [92mNONE[0m
[96m══════════════════════════════════════════════════════[0m

18:00:55 Cycle  80/200 [CRIS] OK       | fresh=0.0min | open= 2 closed= 41 | PnL=$+8287 wr=44% | improve=1 sem_db=30 | 12.8s/c ETA 1536s | zero_streak=0
18:01:53 Cycle  85/200 [CRIS] OK       | fresh=0.0min | open= 1 closed= 44 | PnL=$+6603 wr=41% | improve=1 sem_db=30 | 12.7s/c ETA 1465s | zero_streak=0

[96m══════════════════════════════════════════════════════[0m
[96m══ TRAINING DIAGNOSTICS (cycle 90) ══════════════════════[0m
[96m══════════════════════════════════════════════════════[0m
  [1mREGIME:       [0m [93mNORMAL[0m (conf: 0.38)
  [1mDATA FRESH:   [0m [92m✅ 0.0min ago[0m
  [1mSIGNALS:      [0m 11/20 active
  [1mSIT-OUT:      [0m [92mNO[0m
  [1mCONVICTION:   [0m BTC: +0.03 (HOLD) | ETH: -0.07 ([91mSELL[0m) | SOL: +0.01 (HOLD) | BNB: +0.09 ([92mBUY[0m) | XRP: -0.03 (HOLD) | ADA: -0.07 ([91mSELL[0m) | DOT: -0.10 ([91mSELL[0m) | AVAX: -0.07 ([91mSELL[0m) | LINK: +0.04 (HOLD) | MATIC: -0.07 ([91mSELL[0m) | NEAR: -0.15 ([91mSELL[0m) | SUI: +0.51 ([92mBUY[0m) | ARB: -0.14 ([91mSELL[0m)
  [1mTRADES:       [0m open=1 closed=46 | PnL=$+6684.80 | WR=41%
  [1mLONG/SHORT:   [0m longs=32 shorts=15
  [1mBLOCKERS:     [0m [92mNONE[0m
[96m══════════════════════════════════════════════════════[0m

18:02:52 Cycle  90/200 [NORM] OK       | fresh=0.0min | open= 1 closed= 46 | PnL=$+6685 wr=41% | improve=1 sem_db=30 | 12.7s/c ETA 1394s | zero_streak=1
18:03:51 Cycle  95/200 [NORM] OK       | fresh=0.0min | open= 2 closed= 47 | PnL=$+7231 wr=43% | improve=1 sem_db=30 | 12.6s/c ETA 1327s | zero_streak=2

[96m══════════════════════════════════════════════════════[0m
[96m══ TRAINING DIAGNOSTICS (cycle 100) ═════════════════════[0m
[96m══════════════════════════════════════════════════════[0m
  [1mREGIME:       [0m [93mHIGH_VOL[0m (conf: 0.38)
  [1mDATA FRESH:   [0m [92m✅ 0.0min ago[0m
  [1mSIGNALS:      [0m 11/20 active
  [1mSIT-OUT:      [0m [92mNO[0m
  [1mCONVICTION:   [0m BTC: +0.01 (HOLD) | ETH: -0.09 ([91mSELL[0m) | SOL: +0.04 (HOLD) | BNB: -0.10 ([91mSELL[0m) | XRP: -0.16 ([91mSELL[0m) | ADA: -0.03 (HOLD) | DOT: -0.04 (HOLD) | AVAX: +0.11 ([92mBUY[0m) | LINK: +0.26 ([92mBUY[0m) | MATIC: -0.02 (HOLD) | NEAR: -0.14 ([91mSELL[0m) | SUI: +0.26 ([92mBUY[0m) | ARB: -0.10 ([91mSELL[0m)
  [1mTRADES:       [0m open=1 closed=49 | PnL=$+7375.79 | WR=43%
  [1mLONG/SHORT:   [0m longs=32 shorts=18
  [1mBLOCKERS:     [0m [92mNONE[0m
[96m══════════════════════════════════════════════════════[0m

18:04:52 Cycle 100/200 [HIGH] OK       | fresh=0.0min | open= 1 closed= 49 | PnL=$+7376 wr=43% | improve=1 sem_db=30 | 12.6s/c ETA 1261s | zero_streak=0
18:05:51 Cycle 105/200 [HIGH] OK       | fresh=0.0min | open= 2 closed= 54 | PnL=$+5371 wr=39% | improve=1 sem_db=30 | 12.6s/c ETA 1195s | zero_streak=0

[96m══════════════════════════════════════════════════════[0m
[96m══ TRAINING DIAGNOSTICS (cycle 110) ═════════════════════[0m
[96m══════════════════════════════════════════════════════[0m
  [1mREGIME:       [0m [93mHIGH_VOL[0m (conf: 0.38)
  [1mDATA FRESH:   [0m [92m✅ 0.0min ago[0m
  [1mSIGNALS:      [0m 11/20 active
  [1mSIT-OUT:      [0m [92mNO[0m
  [1mCONVICTION:   [0m BTC: +0.04 (HOLD) | ETH: +0.04 (HOLD) | SOL: +0.01 (HOLD) | BNB: -0.04 (HOLD) | XRP: -0.15 ([91mSELL[0m) | ADA: +0.01 (HOLD) | DOT: -0.06 ([91mSELL[0m) | AVAX: +0.04 (HOLD) | LINK: +0.04 (HOLD) | MATIC: -0.04 (HOLD) | NEAR: +0.04 (HOLD) | SUI: +0.04 (HOLD) | ARB: +0.01 (HOLD)
  [1mTRADES:       [0m open=0 closed=56 | PnL=$+3037.58 | WR=38%
  [1mLONG/SHORT:   [0m longs=32 shorts=24
  [1mBLOCKERS:     [0m [92mNONE[0m
[96m══════════════════════════════════════════════════════[0m

18:06:50 Cycle 110/200 [HIGH] OK       | fresh=0.0min | open= 0 closed= 56 | PnL=$+3038 wr=38% | improve=1 sem_db=30 | 12.5s/c ETA 1128s | zero_streak=4
18:07:47 Cycle 115/200 [NORM] OK       | fresh=0.0min | open= 0 closed= 57 | PnL=$+2145 wr=37% | improve=1 sem_db=30 | 12.5s/c ETA 1062s | zero_streak=3

[96m══════════════════════════════════════════════════════[0m
[96m══ TRAINING DIAGNOSTICS (cycle 120) ═════════════════════[0m
[96m══════════════════════════════════════════════════════[0m
  [1mREGIME:       [0m [93mNORMAL[0m (conf: 0.38)
  [1mDATA FRESH:   [0m [92m✅ 0.0min ago[0m
  [1mSIGNALS:      [0m 11/20 active
  [1mSIT-OUT:      [0m [92mNO[0m
  [1mCONVICTION:   [0m BTC: +0.04 (HOLD) | ETH: +0.23 ([92mBUY[0m) | SOL: -0.19 ([91mSELL[0m) | BNB: +0.27 ([92mBUY[0m) | XRP: -0.05 ([91mSELL[0m) | ADA: +0.02 (HOLD) | DOT: +0.04 (HOLD) | AVAX: -0.19 ([91mSELL[0m) | LINK: -0.20 ([91mSELL[0m) | MATIC: +0.21 ([92mBUY[0m) | NEAR: +0.25 ([92mBUY[0m) | SUI: -0.20 ([91mSELL[0m) | ARB: -0.24 ([91mSELL[0m)
  [1mTRADES:       [0m open=3 closed=59 | PnL=$+1521.25 | WR=36%
  [1mLONG/SHORT:   [0m longs=34 shorts=28
  [1mBLOCKERS:     [0m [92mNONE[0m
[96m══════════════════════════════════════════════════════[0m

18:08:46 Cycle 120/200 [NORM] OK       | fresh=0.0min | open= 3 closed= 59 | PnL=$+1521 wr=36% | improve=1 sem_db=30 | 12.5s/c ETA 997s | zero_streak=1
18:09:45 Cycle 125/200 [NORM] OK       | fresh=0.0min | open= 3 closed= 61 | PnL=$+1137 wr=34% | improve=1 sem_db=30 | 12.4s/c ETA 932s | zero_streak=2

[96m══════════════════════════════════════════════════════[0m
[96m══ TRAINING DIAGNOSTICS (cycle 130) ═════════════════════[0m
[96m══════════════════════════════════════════════════════[0m
  [1mREGIME:       [0m [93mCRISIS[0m (conf: 0.38)
  [1mDATA FRESH:   [0m [92m✅ 0.0min ago[0m
  [1mSIGNALS:      [0m 11/20 active
  [1mSIT-OUT:      [0m [92mNO[0m
  [1mCONVICTION:   [0m BTC: +0.11 ([92mBUY[0m) | ETH: +0.11 ([92mBUY[0m) | SOL: +0.11 ([92mBUY[0m) | BNB: +0.05 ([92mBUY[0m) | XRP: +0.02 (HOLD) | ADA: +0.11 ([92mBUY[0m) | DOT: +0.11 ([92mBUY[0m) | AVAX: -0.05 ([91mSELL[0m) | LINK: -0.13 ([91mSELL[0m) | MATIC: +0.03 (HOLD) | NEAR: +0.11 ([92mBUY[0m) | SUI: -0.50 ([91mSELL[0m) | ARB: -0.08 ([91mSELL[0m)
  [1mTRADES:       [0m open=4 closed=64 | PnL=$+1788.09 | WR=34%
  [1mLONG/SHORT:   [0m longs=37 shorts=31
  [1mBLOCKERS:     [0m [92mNONE[0m
[96m══════════════════════════════════════════════════════[0m

18:10:43 Cycle 130/200 [CRIS] OK       | fresh=0.0min | open= 4 closed= 64 | PnL=$+1788 wr=34% | improve=1 sem_db=30 | 12.4s/c ETA 868s | zero_streak=1
18:11:41 Cycle 135/200 [CRIS] OK       | fresh=0.0min | open= 2 closed= 70 | PnL=$+5347 wr=34% | improve=1 sem_db=30 | 12.4s/c ETA 804s | zero_streak=0

[96m══════════════════════════════════════════════════════[0m
[96m══ TRAINING DIAGNOSTICS (cycle 140) ═════════════════════[0m
[96m══════════════════════════════════════════════════════[0m
  [1mREGIME:       [0m [93mCRISIS[0m (conf: 0.38)
  [1mDATA FRESH:   [0m [92m✅ 0.0min ago[0m
  [1mSIGNALS:      [0m 12/20 active
  [1mSIT-OUT:      [0m [92mNO[0m
  [1mCONVICTION:   [0m BTC: +0.02 (HOLD) | ETH: -0.07 ([91mSELL[0m) | SOL: +0.20 ([92mBUY[0m) | BNB: +0.20 ([92mBUY[0m) | XRP: -0.06 ([91mSELL[0m) | ADA: -0.13 ([91mSELL[0m) | DOT: +0.10 ([92mBUY[0m) | AVAX: +0.20 ([92mBUY[0m) | LINK: -0.21 ([91mSELL[0m) | MATIC: -0.04 (HOLD) | NEAR: +0.20 ([92mBUY[0m) | SUI: -0.11 ([91mSELL[0m) | ARB: -0.29 ([91mSELL[0m)
  [1mTRADES:       [0m open=2 closed=74 | PnL=$+5456.05 | WR=35%
  [1mLONG/SHORT:   [0m longs=44 shorts=32
  [1mBLOCKERS:     [0m [92mNONE[0m
[96m══════════════════════════════════════════════════════[0m

18:12:39 Cycle 140/200 [CRIS] OK       | fresh=0.0min | open= 2 closed= 74 | PnL=$+5456 wr=35% | improve=1 sem_db=30 | 12.3s/c ETA 741s | zero_streak=1
18:13:37 Cycle 145/200 [CRIS] OK       | fresh=0.0min | open= 2 closed= 76 | PnL=$+3224 wr=36% | improve=1 sem_db=30 | 12.3s/c ETA 677s | zero_streak=1

[96m══════════════════════════════════════════════════════[0m
[96m══ TRAINING DIAGNOSTICS (cycle 150) ═════════════════════[0m
[96m══════════════════════════════════════════════════════[0m
  [1mREGIME:       [0m [93mCRISIS[0m (conf: 0.38)
  [1mDATA FRESH:   [0m [92m✅ 0.0min ago[0m
  [1mSIGNALS:      [0m 11/20 active
  [1mSIT-OUT:      [0m [92mNO[0m
  [1mCONVICTION:   [0m BTC: +0.02 (HOLD) | ETH: -0.12 ([91mSELL[0m) | SOL: +0.23 ([92mBUY[0m) | BNB: +0.11 ([92mBUY[0m) | XRP: -0.02 (HOLD) | ADA: -0.14 ([91mSELL[0m) | DOT: -0.16 ([91mSELL[0m) | AVAX: +0.15 ([92mBUY[0m) | LINK: -0.02 (HOLD) | MATIC: -0.18 ([91mSELL[0m) | NEAR: +0.10 ([92mBUY[0m) | SUI: +0.30 ([92mBUY[0m) | ARB: -0.26 ([91mSELL[0m)
  [1mTRADES:       [0m open=3 closed=79 | PnL=$+5954.64 | WR=35%
  [1mLONG/SHORT:   [0m longs=46 shorts=36
  [1mBLOCKERS:     [0m [92mNONE[0m
[96m══════════════════════════════════════════════════════[0m

18:14:42 Cycle 150/200 [CRIS] OK       | fresh=0.0min | open= 3 closed= 79 | PnL=$+5955 wr=35% | improve=1 sem_db=30 | 12.3s/c ETA 617s | zero_streak=3
18:15:40 Cycle 155/200 [HIGH] OK       | fresh=0.0min | open= 1 closed= 81 | PnL=$+7268 wr=36% | improve=1 sem_db=30 | 12.3s/c ETA 554s | zero_streak=3

[96m══════════════════════════════════════════════════════[0m
[96m══ TRAINING DIAGNOSTICS (cycle 160) ═════════════════════[0m
[96m══════════════════════════════════════════════════════[0m
  [1mREGIME:       [0m [93mHIGH_VOL[0m (conf: 0.38)
  [1mDATA FRESH:   [0m [92m✅ 0.0min ago[0m
  [1mSIGNALS:      [0m 12/20 active
  [1mSIT-OUT:      [0m [92mNO[0m
  [1mCONVICTION:   [0m BTC: -0.05 (HOLD) | ETH: -0.10 ([91mSELL[0m) | SOL: +0.04 (HOLD) | BNB: -0.17 ([91mSELL[0m) | XRP: +0.04 (HOLD) | ADA: +0.04 (HOLD) | DOT: +0.04 (HOLD) | AVAX: +0.04 (HOLD) | LINK: +0.04 (HOLD) | MATIC: +0.01 (HOLD) | NEAR: +0.04 (HOLD) | SUI: -0.01 (HOLD) | ARB: +0.04 (HOLD)
  [1mTRADES:       [0m open=1 closed=83 | PnL=$+11642.81 | WR=36%
  [1mLONG/SHORT:   [0m longs=46 shorts=38
  [1mBLOCKERS:     [0m [92mNONE[0m
[96m══════════════════════════════════════════════════════[0m

18:16:39 Cycle 160/200 [HIGH] OK       | fresh=0.0min | open= 1 closed= 83 | PnL=$+11643 wr=36% | improve=1 sem_db=30 | 12.3s/c ETA 492s | zero_streak=0
18:17:37 Cycle 165/200 [NORM] OK       | fresh=0.0min | open= 1 closed= 84 | PnL=$+11031 wr=36% | improve=1 sem_db=30 | 12.3s/c ETA 430s | zero_streak=3

[96m══════════════════════════════════════════════════════[0m
[96m══ TRAINING DIAGNOSTICS (cycle 170) ═════════════════════[0m
[96m══════════════════════════════════════════════════════[0m
  [1mREGIME:       [0m [93mNORMAL[0m (conf: 0.38)
  [1mDATA FRESH:   [0m [92m✅ 0.0min ago[0m
  [1mSIGNALS:      [0m 11/20 active
  [1mSIT-OUT:      [0m [92mNO[0m
  [1mCONVICTION:   [0m BTC: -0.15 ([91mSELL[0m) | ETH: -0.03 (HOLD) | SOL: +0.06 ([92mBUY[0m) | BNB: -0.15 ([91mSELL[0m) | XRP: -0.11 ([91mSELL[0m) | ADA: +0.06 ([92mBUY[0m) | DOT: +0.06 ([92mBUY[0m) | AVAX: +0.06 ([92mBUY[0m) | LINK: +0.06 ([92mBUY[0m) | MATIC: +0.06 ([92mBUY[0m) | NEAR: +0.04 (HOLD) | SUI: +0.06 ([92mBUY[0m) | ARB: -0.03 (HOLD)
  [1mTRADES:       [0m open=2 closed=88 | PnL=$+9709.49 | WR=34%
  [1mLONG/SHORT:   [0m longs=51 shorts=39
  [1mBLOCKERS:     [0m [92mNONE[0m
[96m══════════════════════════════════════════════════════[0m

18:18:34 Cycle 170/200 [NORM] OK       | fresh=0.0min | open= 2 closed= 88 | PnL=$+9709 wr=34% | improve=1 sem_db=30 | 12.3s/c ETA 368s | zero_streak=0
18:19:33 Cycle 175/200 [NORM] OK       | fresh=0.0min | open= 2 closed= 92 | PnL=$+10648 wr=36% | improve=1 sem_db=30 | 12.2s/c ETA 306s | zero_streak=0

[96m══════════════════════════════════════════════════════[0m
[96m══ TRAINING DIAGNOSTICS (cycle 180) ═════════════════════[0m
[96m══════════════════════════════════════════════════════[0m
  [1mREGIME:       [0m [93mNORMAL[0m (conf: 0.39)
  [1mDATA FRESH:   [0m [92m✅ 0.0min ago[0m
  [1mSIGNALS:      [0m 11/20 active
  [1mSIT-OUT:      [0m [92mNO[0m
  [1mCONVICTION:   [0m BTC: +0.04 (HOLD) | ETH: +0.04 (HOLD) | SOL: +0.12 ([92mBUY[0m) | BNB: -0.12 ([91mSELL[0m) | XRP: -0.19 ([91mSELL[0m) | ADA: +0.05 ([92mBUY[0m) | DOT: -0.06 ([91mSELL[0m) | AVAX: +0.32 ([92mBUY[0m) | LINK: -0.04 (HOLD) | MATIC: -0.20 ([91mSELL[0m) | NEAR: +0.29 ([92mBUY[0m) | SUI: -0.02 (HOLD) | ARB: -0.23 ([91mSELL[0m)
  [1mTRADES:       [0m open=1 closed=95 | PnL=$+8541.52 | WR=36%
  [1mLONG/SHORT:   [0m longs=54 shorts=42
  [1mBLOCKERS:     [0m [92mNONE[0m
[96m══════════════════════════════════════════════════════[0m

18:20:31 Cycle 180/200 [NORM] OK       | fresh=0.0min | open= 1 closed= 95 | PnL=$+8542 wr=36% | improve=1 sem_db=30 | 12.2s/c ETA 244s | zero_streak=0
18:21:31 Cycle 185/200 [HIGH] OK       | fresh=0.0min | open= 1 closed= 98 | PnL=$+8942 wr=38% | improve=1 sem_db=30 | 12.2s/c ETA 183s | zero_streak=0

[96m══════════════════════════════════════════════════════[0m
[96m══ TRAINING DIAGNOSTICS (cycle 190) ═════════════════════[0m
[96m══════════════════════════════════════════════════════[0m
  [1mREGIME:       [0m [93mNORMAL[0m (conf: 0.38)
  [1mDATA FRESH:   [0m [92m✅ 0.0min ago[0m
  [1mSIGNALS:      [0m 10/20 active
  [1mSIT-OUT:      [0m [92mNO[0m
  [1mCONVICTION:   [0m BTC: +0.05 ([92mBUY[0m) | ETH: +0.05 (HOLD) | SOL: +0.05 (HOLD) | BNB: -0.19 ([91mSELL[0m) | XRP: -0.09 ([91mSELL[0m) | ADA: -0.02 (HOLD) | DOT: +0.03 (HOLD) | AVAX: +0.01 (HOLD) | LINK: +0.08 ([92mBUY[0m) | MATIC: -0.08 ([91mSELL[0m) | NEAR: +0.11 ([92mBUY[0m) | SUI: +0.03 (HOLD) | ARB: -0.03 (HOLD)
  [1mTRADES:       [0m open=2 closed=99 | PnL=$+8473.53 | WR=37%
  [1mLONG/SHORT:   [0m longs=58 shorts=43
  [1mBLOCKERS:     [0m [92mNONE[0m
[96m══════════════════════════════════════════════════════[0m

18:22:30 Cycle 190/200 [NORM] OK       | fresh=0.0min | open= 2 closed= 99 | PnL=$+8474 wr=37% | improve=1 sem_db=30 | 12.2s/c ETA 122s | zero_streak=2
18:23:28 Cycle 195/200 [NORM] OK       | fresh=0.0min | open= 4 closed=100 | PnL=$+8426 wr=37% | improve=1 sem_db=30 | 12.2s/c ETA 61s | zero_streak=3

[96m══════════════════════════════════════════════════════[0m
[96m══ TRAINING DIAGNOSTICS (cycle 200) ═════════════════════[0m
[96m══════════════════════════════════════════════════════[0m
  [1mREGIME:       [0m [93mNORMAL[0m (conf: 0.38)
  [1mDATA FRESH:   [0m [92m✅ 0.0min ago[0m
  [1mSIGNALS:      [0m 11/20 active
  [1mSIT-OUT:      [0m [92mNO[0m
  [1mCONVICTION:   [0m BTC: -0.07 ([91mSELL[0m) | ETH: -0.09 ([91mSELL[0m) | SOL: +0.13 ([92mBUY[0m) | BNB: -0.01 (HOLD) | XRP: -0.18 ([91mSELL[0m) | ADA: +0.13 ([92mBUY[0m) | DOT: +0.13 ([92mBUY[0m) | AVAX: +0.13 ([92mBUY[0m) | LINK: -0.23 ([91mSELL[0m) | MATIC: +0.04 (HOLD) | NEAR: +0.13 ([92mBUY[0m) | SUI: -0.11 ([91mSELL[0m) | ARB: +0.02 (HOLD)
  [1mTRADES:       [0m open=3 closed=106 | PnL=$+8330.79 | WR=38%
  [1mLONG/SHORT:   [0m longs=62 shorts=47
  [1mBLOCKERS:     [0m [92mNONE[0m
[96m══════════════════════════════════════════════════════[0m

18:24:28 Cycle 200/200 [NORM] OK       | fresh=0.0min | open= 3 closed=106 | PnL=$+8331 wr=38% | improve=1 sem_db=30 | 12.2s/c ETA 0s | zero_streak=1
18:24:28 V211_TREND_P2_R2: no baseline version found for gate comparison
18:24:28 Attribution — alpha: $+3056.77  beta: $+6389372.83  timing: $+7342378.79  selection: $+0.00
18:24:28 Attribution report  : /Users/benebsworth/projects/omega/data/v211_trend_p2_r2_attribution.json
18:24:28 
18:24:28 ======================================================================
18:24:28 V211_TREND_P2_R2 COMPLETE — 200 cycles in 2437s (12.18s/cycle)
18:24:28 ======================================================================
18:24:28 improve_calls         : 1
18:24:28 semantic_patterns_db  : 30
18:24:28 Closed trades         : 106  (long=60  short=46)
18:24:28 Total PnL             : $+8330.79  (engine realised: $+8330.79)
18:24:28 Win rate              : 37.7%  (40/106)
18:24:28 Profit factor         : 1.28
18:24:28 --- Observability ---
18:24:28 Zero-trade cycles     : 117 / 200  (58%)
18:24:28 Circuit breaker trips : 0
18:24:28 Final vol threshold   : 0.000
18:24:28 Metrics JSONL         : /tmp/v211_trend_p2_r2_metrics.jsonl
18:24:28 Results               : /Users/benebsworth/projects/omega/data/v211_trend_p2_r2_results.json
18:24:28 ======================================================================
