16:22:12 RNG seed set to 42 (deterministic mode)
16:22:12 BACKTEST MODE: WS signals disabled (whale_prints, ws_microstructure)
16:22:12 ======================================================================
16:22:12 Training Run v211_trend_p1_r2 — 200 cycles  sleep=10s
16:22:12 CoinGecko key  : CG-YPzBAPag5...
16:22:12 Database URL   : postgresql://omega:omega@localhost:5432/...
16:22:12 Metrics JSONL  : /tmp/v211_trend_p1_r2_metrics.jsonl
16:22:12 Log file       : /tmp/v211_trend_p1_r2_training.log
16:22:12 Features ON    : ffg_gate1_enabled, ffg_gate4_enabled
16:22:12 ======================================================================
16:22:12 V207a: OMEGA_FROZEN_CACHE=1 — skipping macro warm_up (no live FRED/funding fetches)
16:22:12 BACKTEST MODE: ingestion replaced by ReplayIngestionNode (snap_trending_2023q4, 153 steps)
16:22:12 ImprovementEngine: SyntheticEvaluator injected
16:22:13 Decision snapshots → /tmp/v211_trend_p1_r2_decisions.jsonl (+ Postgres if configured)
16:22:13 SignalDecayDetector: loaded from data/signal_ic_history.json

[96m══════════════════════════════════════════════════════[0m
[96m══ TRAINING DIAGNOSTICS (cycle 0) ═══════════════════════[0m
[96m══════════════════════════════════════════════════════[0m
  [1mREGIME:       [0m [91mUNKN ⚠️[0m
  [1mDATA FRESH:   [0m [92m✅ 0.0min ago[0m
  [1mSIGNALS:      [0m [93mnone yet[0m
  [1mSIT-OUT:      [0m [92mNO[0m
  [1mCONVICTION:   [0m [93mn/a[0m
  [1mTRADES:       [0m open=0 closed=0 | PnL=$+0.00 | WR=0%
  [1mLONG/SHORT:   [0m longs=0 shorts=0
  [1mBLOCKERS:     [0m [91mRegime detector not firing | No signal data yet (first cycle?)[0m
[96m══════════════════════════════════════════════════════[0m

16:22:23 Cycle   1/200 [NORM] OK       | fresh=0.0min | open= 0 closed=  0 | PnL=$+0 wr=0% | improve=0 sem_db=30 | 10.7s/c ETA 2136s | zero_streak=1
16:23:11 Cycle   5/200 [NORM] OK       | fresh=0.0min | open= 3 closed=  1 | PnL=$-149 wr=0% | improve=0 sem_db=30 | 11.7s/c ETA 2277s | zero_streak=0

[96m══════════════════════════════════════════════════════[0m
[96m══ TRAINING DIAGNOSTICS (cycle 10) ══════════════════════[0m
[96m══════════════════════════════════════════════════════[0m
  [1mREGIME:       [0m [93mCRISIS[0m (conf: 0.00)
  [1mDATA FRESH:   [0m [92m✅ 0.0min ago[0m
  [1mSIGNALS:      [0m 10/20 active
  [1mSIT-OUT:      [0m [92mNO[0m
  [1mCONVICTION:   [0m BTC: -0.16 ([91mSELL[0m) | ETH: -0.12 ([91mSELL[0m) | SOL: +0.05 (HOLD) | BNB: -0.05 ([91mSELL[0m) | XRP: +0.05 (HOLD) | ADA: +0.05 (HOLD) | DOT: +0.05 (HOLD) | AVAX: -0.08 ([91mSELL[0m) | LINK: +0.05 (HOLD) | MATIC: +0.05 (HOLD) | NEAR: +0.05 (HOLD) | SUI: +0.05 (HOLD) | ARB: +0.05 (HOLD)
  [1mTRADES:       [0m open=3 closed=3 | PnL=$+125.68 | WR=33%
  [1mLONG/SHORT:   [0m longs=3 shorts=3
  [1mBLOCKERS:     [0m [92mNONE[0m
[96m══════════════════════════════════════════════════════[0m

16:24:26 Cycle  10/200 [CRIS] OK       | fresh=0.0min | open= 3 closed=  3 | PnL=$+126 wr=33% | improve=0 sem_db=30 | 13.3s/c ETA 2535s | zero_streak=1
16:25:25 Cycle  15/200 [CRIS] OK       | fresh=0.0min | open= 1 closed=  9 | PnL=$+990 wr=44% | improve=1 sem_db=30 | 12.8s/c ETA 2374s | zero_streak=0

[96m══════════════════════════════════════════════════════[0m
[96m══ TRAINING DIAGNOSTICS (cycle 20) ══════════════════════[0m
[96m══════════════════════════════════════════════════════[0m
  [1mREGIME:       [0m [93mCRISIS[0m (conf: 0.38)
  [1mDATA FRESH:   [0m [92m✅ 0.0min ago[0m
  [1mSIGNALS:      [0m 10/20 active
  [1mSIT-OUT:      [0m [92mNO[0m
  [1mCONVICTION:   [0m BTC: -0.09 ([91mSELL[0m) | ETH: -0.08 ([91mSELL[0m) | SOL: +0.18 ([92mBUY[0m) | BNB: -0.10 ([91mSELL[0m) | XRP: -0.24 ([91mSELL[0m) | ADA: +0.03 (HOLD) | DOT: +0.03 (HOLD) | AVAX: +0.03 (HOLD) | LINK: +0.00 (HOLD) | MATIC: +0.18 ([92mBUY[0m) | NEAR: +0.18 ([92mBUY[0m) | SUI: +0.05 ([92mBUY[0m) | ARB: -0.18 ([91mSELL[0m)
  [1mTRADES:       [0m open=1 closed=11 | PnL=$+1450.00 | WR=55%
  [1mLONG/SHORT:   [0m longs=8 shorts=4
  [1mBLOCKERS:     [0m [92mNONE[0m
[96m══════════════════════════════════════════════════════[0m

16:26:36 Cycle  20/200 [CRIS] OK       | fresh=0.0min | open= 1 closed= 11 | PnL=$+1450 wr=55% | improve=1 sem_db=30 | 13.2s/c ETA 2369s | zero_streak=1
16:27:35 Cycle  25/200 [HIGH] OK       | fresh=0.0min | open= 0 closed= 12 | PnL=$+3173 wr=58% | improve=1 sem_db=30 | 12.9s/c ETA 2257s | zero_streak=2

[96m══════════════════════════════════════════════════════[0m
[96m══ TRAINING DIAGNOSTICS (cycle 30) ══════════════════════[0m
[96m══════════════════════════════════════════════════════[0m
  [1mREGIME:       [0m [93mHIGH_VOL[0m (conf: 0.38)
  [1mDATA FRESH:   [0m [92m✅ 0.0min ago[0m
  [1mSIGNALS:      [0m 10/20 active
  [1mSIT-OUT:      [0m [92mNO[0m
  [1mCONVICTION:   [0m BTC: +0.03 (HOLD) | ETH: +0.03 (HOLD) | SOL: +0.02 (HOLD) | BNB: -0.16 ([91mSELL[0m) | XRP: -0.09 ([91mSELL[0m) | ADA: +0.06 ([92mBUY[0m) | DOT: -0.04 (HOLD) | AVAX: +0.20 ([92mBUY[0m) | LINK: -0.02 (HOLD) | MATIC: -0.26 ([91mSELL[0m) | NEAR: +0.13 ([92mBUY[0m) | SUI: +0.21 ([92mBUY[0m) | ARB: -0.12 ([91mSELL[0m)
  [1mTRADES:       [0m open=1 closed=12 | PnL=$+3173.01 | WR=58%
  [1mLONG/SHORT:   [0m longs=8 shorts=5
  [1mBLOCKERS:     [0m [92mNONE[0m
[96m══════════════════════════════════════════════════════[0m

16:28:45 Cycle  30/200 [HIGH] OK       | fresh=0.0min | open= 1 closed= 12 | PnL=$+3173 wr=58% | improve=1 sem_db=30 | 13.1s/c ETA 2226s | zero_streak=7
16:29:44 Cycle  35/200 [NORM] OK       | fresh=0.0min | open= 0 closed= 13 | PnL=$+2144 wr=54% | improve=1 sem_db=30 | 12.9s/c ETA 2129s | zero_streak=1

[96m══════════════════════════════════════════════════════[0m
[96m══ TRAINING DIAGNOSTICS (cycle 40) ══════════════════════[0m
[96m══════════════════════════════════════════════════════[0m
  [1mREGIME:       [0m [93mNORMAL[0m (conf: 0.38)
  [1mDATA FRESH:   [0m [92m✅ 0.0min ago[0m
  [1mSIGNALS:      [0m 10/20 active
  [1mSIT-OUT:      [0m [92mNO[0m
  [1mCONVICTION:   [0m BTC: +0.09 ([92mBUY[0m) | ETH: +0.03 (HOLD) | SOL: +0.05 ([92mBUY[0m) | BNB: -0.24 ([91mSELL[0m) | XRP: -0.13 ([91mSELL[0m) | ADA: +0.09 ([92mBUY[0m) | DOT: +0.09 ([92mBUY[0m) | AVAX: +0.09 ([92mBUY[0m) | LINK: -0.04 (HOLD) | MATIC: -0.06 ([91mSELL[0m) | NEAR: +0.09 ([92mBUY[0m) | SUI: -0.01 (HOLD) | ARB: -0.05 (HOLD)
  [1mTRADES:       [0m open=4 closed=14 | PnL=$+2096.48 | WR=50%
  [1mLONG/SHORT:   [0m longs=12 shorts=6
  [1mBLOCKERS:     [0m [92mNONE[0m
[96m══════════════════════════════════════════════════════[0m

16:30:57 Cycle  40/200 [NORM] OK       | fresh=0.0min | open= 4 closed= 14 | PnL=$+2096 wr=50% | improve=1 sem_db=30 | 13.1s/c ETA 2096s | zero_streak=2
16:31:56 Cycle  45/200 [NORM] OK       | fresh=0.0min | open= 2 closed= 20 | PnL=$+2005 wr=50% | improve=1 sem_db=30 | 13.0s/c ETA 2009s | zero_streak=0

[96m══════════════════════════════════════════════════════[0m
[96m══ TRAINING DIAGNOSTICS (cycle 50) ══════════════════════[0m
[96m══════════════════════════════════════════════════════[0m
  [1mREGIME:       [0m [93mNORMAL[0m (conf: 0.38)
  [1mDATA FRESH:   [0m [92m✅ 0.0min ago[0m
  [1mSIGNALS:      [0m 11/20 active
  [1mSIT-OUT:      [0m [92mNO[0m
  [1mCONVICTION:   [0m BTC: -0.06 ([91mSELL[0m) | ETH: -0.09 ([91mSELL[0m) | SOL: +0.18 ([92mBUY[0m) | BNB: -0.01 (HOLD) | XRP: -0.15 ([91mSELL[0m) | ADA: +0.23 ([92mBUY[0m) | DOT: +0.21 ([92mBUY[0m) | AVAX: +0.23 ([92mBUY[0m) | LINK: -0.25 ([91mSELL[0m) | MATIC: -0.10 ([91mSELL[0m) | NEAR: +0.03 (HOLD) | SUI: -0.17 ([91mSELL[0m) | ARB: -0.07 ([91mSELL[0m)
  [1mTRADES:       [0m open=2 closed=24 | PnL=$+1001.15 | WR=46%
  [1mLONG/SHORT:   [0m longs=17 shorts=9
  [1mBLOCKERS:     [0m [92mNONE[0m
[96m══════════════════════════════════════════════════════[0m

16:33:08 Cycle  50/200 [NORM] OK       | fresh=0.0min | open= 2 closed= 24 | PnL=$+1001 wr=46% | improve=1 sem_db=30 | 13.1s/c ETA 1967s | zero_streak=1
16:34:18 Cycle  55/200 [NORM] OK       | fresh=0.0min | open= 3 closed= 26 | PnL=$+58 wr=42% | improve=1 sem_db=30 | 13.2s/c ETA 1913s | zero_streak=1

[96m══════════════════════════════════════════════════════[0m
[96m══ TRAINING DIAGNOSTICS (cycle 60) ══════════════════════[0m
[96m══════════════════════════════════════════════════════[0m
  [1mREGIME:       [0m [93mNORMAL[0m (conf: 0.38)
  [1mDATA FRESH:   [0m [92m✅ 0.0min ago[0m
  [1mSIGNALS:      [0m 11/20 active
  [1mSIT-OUT:      [0m [92mNO[0m
  [1mCONVICTION:   [0m BTC: -0.20 ([91mSELL[0m) | ETH: -0.17 ([91mSELL[0m) | SOL: +0.12 ([92mBUY[0m) | BNB: +0.12 ([92mBUY[0m) | XRP: -0.20 ([91mSELL[0m) | ADA: -0.17 ([91mSELL[0m) | DOT: +0.12 ([92mBUY[0m) | AVAX: +0.02 (HOLD) | LINK: -0.09 ([91mSELL[0m) | MATIC: +0.11 ([92mBUY[0m) | NEAR: +0.12 ([92mBUY[0m) | SUI: +0.12 ([92mBUY[0m) | ARB: +0.12 ([92mBUY[0m)
  [1mTRADES:       [0m open=4 closed=29 | PnL=$-237.69 | WR=41%
  [1mLONG/SHORT:   [0m longs=21 shorts=12
  [1mBLOCKERS:     [0m [92mNONE[0m
[96m══════════════════════════════════════════════════════[0m

16:35:16 Cycle  60/200 [NORM] OK       | fresh=0.0min | open= 4 closed= 29 | PnL=$-238 wr=41% | improve=1 sem_db=30 | 13.1s/c ETA 1828s | zero_streak=1
16:36:14 Cycle  65/200 [CRIS] OK       | fresh=0.0min | open= 3 closed= 32 | PnL=$+1968 wr=41% | improve=1 sem_db=30 | 12.9s/c ETA 1748s | zero_streak=1

[96m══════════════════════════════════════════════════════[0m
[96m══ TRAINING DIAGNOSTICS (cycle 70) ══════════════════════[0m
[96m══════════════════════════════════════════════════════[0m
  [1mREGIME:       [0m [93mCRISIS[0m (conf: 0.38)
  [1mDATA FRESH:   [0m [92m✅ 0.0min ago[0m
  [1mSIGNALS:      [0m 12/20 active
  [1mSIT-OUT:      [0m [92mNO[0m
  [1mCONVICTION:   [0m BTC: +0.11 ([92mBUY[0m) | ETH: +0.03 (HOLD) | SOL: -0.05 (HOLD) | BNB: +0.26 ([92mBUY[0m) | XRP: -0.13 ([91mSELL[0m) | ADA: -0.23 ([91mSELL[0m) | DOT: -0.19 ([91mSELL[0m) | AVAX: -0.25 ([91mSELL[0m) | LINK: -0.16 ([91mSELL[0m) | MATIC: -0.13 ([91mSELL[0m) | NEAR: +0.03 (HOLD) | SUI: +0.29 ([92mBUY[0m) | ARB: +0.41 ([92mBUY[0m)
  [1mTRADES:       [0m open=2 closed=36 | PnL=$+4908.63 | WR=42%
  [1mLONG/SHORT:   [0m longs=25 shorts=13
  [1mBLOCKERS:     [0m [92mNONE[0m
[96m══════════════════════════════════════════════════════[0m

16:37:12 Cycle  70/200 [CRIS] OK       | fresh=0.0min | open= 2 closed= 36 | PnL=$+4909 wr=42% | improve=1 sem_db=30 | 12.9s/c ETA 1671s | zero_streak=1
16:38:15 Cycle  75/200 [CRIS] OK       | fresh=0.0min | open= 1 closed= 38 | PnL=$+5223 wr=42% | improve=1 sem_db=30 | 12.8s/c ETA 1604s | zero_streak=0

[96m══════════════════════════════════════════════════════[0m
[96m══ TRAINING DIAGNOSTICS (cycle 80) ══════════════════════[0m
[96m══════════════════════════════════════════════════════[0m
  [1mREGIME:       [0m [93mCRISIS[0m (conf: 0.38)
  [1mDATA FRESH:   [0m [92m✅ 0.0min ago[0m
  [1mSIGNALS:      [0m 12/20 active
  [1mSIT-OUT:      [0m [92mNO[0m
  [1mCONVICTION:   [0m BTC: -0.09 ([91mSELL[0m) | ETH: +0.20 ([92mBUY[0m) | SOL: -0.09 ([91mSELL[0m) | BNB: -0.01 (HOLD) | XRP: -0.08 ([91mSELL[0m) | ADA: -0.14 ([91mSELL[0m) | DOT: -0.11 ([91mSELL[0m) | AVAX: -0.12 ([91mSELL[0m) | LINK: +0.10 ([92mBUY[0m) | MATIC: -0.14 ([91mSELL[0m) | NEAR: -0.20 ([91mSELL[0m) | SUI: +0.34 ([92mBUY[0m) | ARB: +0.33 ([92mBUY[0m)
  [1mTRADES:       [0m open=2 closed=41 | PnL=$+8285.27 | WR=44%
  [1mLONG/SHORT:   [0m longs=30 shorts=13
  [1mBLOCKERS:     [0m [92mNONE[0m
[96m══════════════════════════════════════════════════════[0m

16:39:13 Cycle  80/200 [CRIS] OK       | fresh=0.0min | open= 2 closed= 41 | PnL=$+8285 wr=44% | improve=1 sem_db=30 | 12.8s/c ETA 1531s | zero_streak=0
16:40:10 Cycle  85/200 [CRIS] OK       | fresh=0.0min | open= 1 closed= 44 | PnL=$+6602 wr=41% | improve=1 sem_db=30 | 12.7s/c ETA 1458s | zero_streak=0

[96m══════════════════════════════════════════════════════[0m
[96m══ TRAINING DIAGNOSTICS (cycle 90) ══════════════════════[0m
[96m══════════════════════════════════════════════════════[0m
  [1mREGIME:       [0m [93mNORMAL[0m (conf: 0.38)
  [1mDATA FRESH:   [0m [92m✅ 0.0min ago[0m
  [1mSIGNALS:      [0m 11/20 active
  [1mSIT-OUT:      [0m [92mNO[0m
  [1mCONVICTION:   [0m BTC: +0.03 (HOLD) | ETH: -0.07 ([91mSELL[0m) | SOL: +0.01 (HOLD) | BNB: +0.09 ([92mBUY[0m) | XRP: -0.03 (HOLD) | ADA: -0.07 ([91mSELL[0m) | DOT: -0.10 ([91mSELL[0m) | AVAX: -0.07 ([91mSELL[0m) | LINK: +0.04 (HOLD) | MATIC: -0.07 ([91mSELL[0m) | NEAR: -0.15 ([91mSELL[0m) | SUI: +0.51 ([92mBUY[0m) | ARB: -0.14 ([91mSELL[0m)
  [1mTRADES:       [0m open=1 closed=46 | PnL=$+6683.49 | WR=41%
  [1mLONG/SHORT:   [0m longs=32 shorts=15
  [1mBLOCKERS:     [0m [92mNONE[0m
[96m══════════════════════════════════════════════════════[0m

16:41:08 Cycle  90/200 [NORM] OK       | fresh=0.0min | open= 1 closed= 46 | PnL=$+6683 wr=41% | improve=1 sem_db=30 | 12.6s/c ETA 1387s | zero_streak=1
16:42:06 Cycle  95/200 [NORM] OK       | fresh=0.0min | open= 2 closed= 47 | PnL=$+7229 wr=43% | improve=1 sem_db=30 | 12.6s/c ETA 1319s | zero_streak=2

[96m══════════════════════════════════════════════════════[0m
[96m══ TRAINING DIAGNOSTICS (cycle 100) ═════════════════════[0m
[96m══════════════════════════════════════════════════════[0m
  [1mREGIME:       [0m [93mHIGH_VOL[0m (conf: 0.38)
  [1mDATA FRESH:   [0m [92m✅ 0.0min ago[0m
  [1mSIGNALS:      [0m 11/20 active
  [1mSIT-OUT:      [0m [92mNO[0m
  [1mCONVICTION:   [0m BTC: +0.01 (HOLD) | ETH: -0.09 ([91mSELL[0m) | SOL: +0.04 (HOLD) | BNB: -0.10 ([91mSELL[0m) | XRP: -0.16 ([91mSELL[0m) | ADA: -0.03 (HOLD) | DOT: -0.04 (HOLD) | AVAX: +0.11 ([92mBUY[0m) | LINK: +0.26 ([92mBUY[0m) | MATIC: -0.02 (HOLD) | NEAR: -0.14 ([91mSELL[0m) | SUI: +0.26 ([92mBUY[0m) | ARB: -0.10 ([91mSELL[0m)
  [1mTRADES:       [0m open=1 closed=49 | PnL=$+7374.16 | WR=43%
  [1mLONG/SHORT:   [0m longs=32 shorts=18
  [1mBLOCKERS:     [0m [92mNONE[0m
[96m══════════════════════════════════════════════════════[0m

16:43:07 Cycle 100/200 [HIGH] OK       | fresh=0.0min | open= 1 closed= 49 | PnL=$+7374 wr=43% | improve=1 sem_db=30 | 12.5s/c ETA 1255s | zero_streak=0
16:44:06 Cycle 105/200 [HIGH] OK       | fresh=0.0min | open= 2 closed= 54 | PnL=$+5369 wr=39% | improve=1 sem_db=30 | 12.5s/c ETA 1188s | zero_streak=0

[96m══════════════════════════════════════════════════════[0m
[96m══ TRAINING DIAGNOSTICS (cycle 110) ═════════════════════[0m
[96m══════════════════════════════════════════════════════[0m
  [1mREGIME:       [0m [93mHIGH_VOL[0m (conf: 0.38)
  [1mDATA FRESH:   [0m [92m✅ 0.0min ago[0m
  [1mSIGNALS:      [0m 11/20 active
  [1mSIT-OUT:      [0m [92mNO[0m
  [1mCONVICTION:   [0m BTC: +0.04 (HOLD) | ETH: +0.04 (HOLD) | SOL: +0.01 (HOLD) | BNB: -0.04 (HOLD) | XRP: -0.15 ([91mSELL[0m) | ADA: +0.01 (HOLD) | DOT: -0.06 ([91mSELL[0m) | AVAX: +0.04 (HOLD) | LINK: +0.04 (HOLD) | MATIC: -0.04 (HOLD) | NEAR: +0.04 (HOLD) | SUI: +0.04 (HOLD) | ARB: +0.01 (HOLD)
  [1mTRADES:       [0m open=0 closed=56 | PnL=$+3035.94 | WR=38%
  [1mLONG/SHORT:   [0m longs=32 shorts=24
  [1mBLOCKERS:     [0m [92mNONE[0m
[96m══════════════════════════════════════════════════════[0m

16:45:05 Cycle 110/200 [HIGH] OK       | fresh=0.0min | open= 0 closed= 56 | PnL=$+3036 wr=38% | improve=1 sem_db=30 | 12.5s/c ETA 1123s | zero_streak=4
16:46:05 Cycle 115/200 [NORM] OK       | fresh=0.0min | open= 0 closed= 57 | PnL=$+2143 wr=37% | improve=1 sem_db=30 | 12.5s/c ETA 1059s | zero_streak=3

[96m══════════════════════════════════════════════════════[0m
[96m══ TRAINING DIAGNOSTICS (cycle 120) ═════════════════════[0m
[96m══════════════════════════════════════════════════════[0m
  [1mREGIME:       [0m [93mNORMAL[0m (conf: 0.38)
  [1mDATA FRESH:   [0m [92m✅ 0.0min ago[0m
  [1mSIGNALS:      [0m 11/20 active
  [1mSIT-OUT:      [0m [92mNO[0m
  [1mCONVICTION:   [0m BTC: +0.04 (HOLD) | ETH: +0.23 ([92mBUY[0m) | SOL: -0.19 ([91mSELL[0m) | BNB: +0.27 ([92mBUY[0m) | XRP: -0.05 ([91mSELL[0m) | ADA: +0.02 (HOLD) | DOT: +0.04 (HOLD) | AVAX: -0.19 ([91mSELL[0m) | LINK: -0.20 ([91mSELL[0m) | MATIC: +0.21 ([92mBUY[0m) | NEAR: +0.25 ([92mBUY[0m) | SUI: -0.20 ([91mSELL[0m) | ARB: -0.24 ([91mSELL[0m)
  [1mTRADES:       [0m open=3 closed=59 | PnL=$+1519.29 | WR=36%
  [1mLONG/SHORT:   [0m longs=34 shorts=28
  [1mBLOCKERS:     [0m [92mNONE[0m
[96m══════════════════════════════════════════════════════[0m

16:47:04 Cycle 120/200 [NORM] OK       | fresh=0.0min | open= 3 closed= 59 | PnL=$+1519 wr=36% | improve=1 sem_db=30 | 12.4s/c ETA 994s | zero_streak=1
16:48:05 Cycle 125/200 [NORM] OK       | fresh=0.0min | open= 3 closed= 61 | PnL=$+1135 wr=34% | improve=1 sem_db=30 | 12.4s/c ETA 931s | zero_streak=2

[96m══════════════════════════════════════════════════════[0m
[96m══ TRAINING DIAGNOSTICS (cycle 130) ═════════════════════[0m
[96m══════════════════════════════════════════════════════[0m
  [1mREGIME:       [0m [93mCRISIS[0m (conf: 0.38)
  [1mDATA FRESH:   [0m [92m✅ 0.0min ago[0m
  [1mSIGNALS:      [0m 11/20 active
  [1mSIT-OUT:      [0m [92mNO[0m
  [1mCONVICTION:   [0m BTC: +0.11 ([92mBUY[0m) | ETH: +0.11 ([92mBUY[0m) | SOL: +0.11 ([92mBUY[0m) | BNB: +0.05 ([92mBUY[0m) | XRP: +0.02 (HOLD) | ADA: +0.11 ([92mBUY[0m) | DOT: +0.11 ([92mBUY[0m) | AVAX: -0.05 ([91mSELL[0m) | LINK: -0.13 ([91mSELL[0m) | MATIC: +0.03 (HOLD) | NEAR: +0.11 ([92mBUY[0m) | SUI: -0.50 ([91mSELL[0m) | ARB: -0.08 ([91mSELL[0m)
  [1mTRADES:       [0m open=4 closed=64 | PnL=$+1785.56 | WR=34%
  [1mLONG/SHORT:   [0m longs=37 shorts=31
  [1mBLOCKERS:     [0m [92mNONE[0m
[96m══════════════════════════════════════════════════════[0m

16:49:03 Cycle 130/200 [CRIS] OK       | fresh=0.0min | open= 4 closed= 64 | PnL=$+1786 wr=34% | improve=1 sem_db=30 | 12.4s/c ETA 867s | zero_streak=1
16:50:01 Cycle 135/200 [CRIS] OK       | fresh=0.0min | open= 2 closed= 70 | PnL=$+5343 wr=34% | improve=1 sem_db=30 | 12.4s/c ETA 803s | zero_streak=0

[96m══════════════════════════════════════════════════════[0m
[96m══ TRAINING DIAGNOSTICS (cycle 140) ═════════════════════[0m
[96m══════════════════════════════════════════════════════[0m
  [1mREGIME:       [0m [93mCRISIS[0m (conf: 0.38)
  [1mDATA FRESH:   [0m [92m✅ 0.0min ago[0m
  [1mSIGNALS:      [0m 12/20 active
  [1mSIT-OUT:      [0m [92mNO[0m
  [1mCONVICTION:   [0m BTC: +0.02 (HOLD) | ETH: -0.07 ([91mSELL[0m) | SOL: +0.20 ([92mBUY[0m) | BNB: +0.20 ([92mBUY[0m) | XRP: -0.06 ([91mSELL[0m) | ADA: -0.13 ([91mSELL[0m) | DOT: +0.10 ([92mBUY[0m) | AVAX: +0.20 ([92mBUY[0m) | LINK: -0.21 ([91mSELL[0m) | MATIC: -0.04 (HOLD) | NEAR: +0.20 ([92mBUY[0m) | SUI: -0.11 ([91mSELL[0m) | ARB: -0.29 ([91mSELL[0m)
  [1mTRADES:       [0m open=2 closed=74 | PnL=$+5452.44 | WR=35%
  [1mLONG/SHORT:   [0m longs=44 shorts=32
  [1mBLOCKERS:     [0m [92mNONE[0m
[96m══════════════════════════════════════════════════════[0m

16:51:00 Cycle 140/200 [CRIS] OK       | fresh=0.0min | open= 2 closed= 74 | PnL=$+5452 wr=35% | improve=1 sem_db=30 | 12.3s/c ETA 740s | zero_streak=1
16:51:59 Cycle 145/200 [CRIS] OK       | fresh=0.0min | open= 2 closed= 76 | PnL=$+3221 wr=36% | improve=1 sem_db=30 | 12.3s/c ETA 678s | zero_streak=1

[96m══════════════════════════════════════════════════════[0m
[96m══ TRAINING DIAGNOSTICS (cycle 150) ═════════════════════[0m
[96m══════════════════════════════════════════════════════[0m
  [1mREGIME:       [0m [93mCRISIS[0m (conf: 0.38)
  [1mDATA FRESH:   [0m [92m✅ 0.0min ago[0m
  [1mSIGNALS:      [0m 11/20 active
  [1mSIT-OUT:      [0m [92mNO[0m
  [1mCONVICTION:   [0m BTC: +0.02 (HOLD) | ETH: -0.12 ([91mSELL[0m) | SOL: +0.23 ([92mBUY[0m) | BNB: +0.11 ([92mBUY[0m) | XRP: -0.02 (HOLD) | ADA: -0.14 ([91mSELL[0m) | DOT: -0.16 ([91mSELL[0m) | AVAX: +0.15 ([92mBUY[0m) | LINK: -0.02 (HOLD) | MATIC: -0.18 ([91mSELL[0m) | NEAR: +0.10 ([92mBUY[0m) | SUI: +0.30 ([92mBUY[0m) | ARB: -0.26 ([91mSELL[0m)
  [1mTRADES:       [0m open=3 closed=79 | PnL=$+5952.82 | WR=35%
  [1mLONG/SHORT:   [0m longs=46 shorts=36
  [1mBLOCKERS:     [0m [92mNONE[0m
[96m══════════════════════════════════════════════════════[0m

16:53:04 Cycle 150/200 [CRIS] OK       | fresh=0.0min | open= 3 closed= 79 | PnL=$+5953 wr=35% | improve=1 sem_db=30 | 12.3s/c ETA 617s | zero_streak=3
16:54:04 Cycle 155/200 [HIGH] OK       | fresh=0.0min | open= 1 closed= 81 | PnL=$+7266 wr=36% | improve=1 sem_db=30 | 12.3s/c ETA 555s | zero_streak=3

[96m══════════════════════════════════════════════════════[0m
[96m══ TRAINING DIAGNOSTICS (cycle 160) ═════════════════════[0m
[96m══════════════════════════════════════════════════════[0m
  [1mREGIME:       [0m [93mHIGH_VOL[0m (conf: 0.38)
  [1mDATA FRESH:   [0m [92m✅ 0.0min ago[0m
  [1mSIGNALS:      [0m 12/20 active
  [1mSIT-OUT:      [0m [92mNO[0m
  [1mCONVICTION:   [0m BTC: -0.05 (HOLD) | ETH: -0.10 ([91mSELL[0m) | SOL: +0.04 (HOLD) | BNB: -0.17 ([91mSELL[0m) | XRP: +0.04 (HOLD) | ADA: +0.04 (HOLD) | DOT: +0.04 (HOLD) | AVAX: +0.04 (HOLD) | LINK: +0.04 (HOLD) | MATIC: +0.01 (HOLD) | NEAR: +0.04 (HOLD) | SUI: -0.01 (HOLD) | ARB: +0.04 (HOLD)
  [1mTRADES:       [0m open=1 closed=83 | PnL=$+11640.55 | WR=36%
  [1mLONG/SHORT:   [0m longs=46 shorts=38
  [1mBLOCKERS:     [0m [92mNONE[0m
[96m══════════════════════════════════════════════════════[0m

16:55:03 Cycle 160/200 [HIGH] OK       | fresh=0.0min | open= 1 closed= 83 | PnL=$+11641 wr=36% | improve=1 sem_db=30 | 12.3s/c ETA 493s | zero_streak=0
16:56:01 Cycle 165/200 [NORM] OK       | fresh=0.0min | open= 1 closed= 84 | PnL=$+11029 wr=36% | improve=1 sem_db=30 | 12.3s/c ETA 430s | zero_streak=3

[96m══════════════════════════════════════════════════════[0m
[96m══ TRAINING DIAGNOSTICS (cycle 170) ═════════════════════[0m
[96m══════════════════════════════════════════════════════[0m
  [1mREGIME:       [0m [93mNORMAL[0m (conf: 0.38)
  [1mDATA FRESH:   [0m [92m✅ 0.0min ago[0m
  [1mSIGNALS:      [0m 11/20 active
  [1mSIT-OUT:      [0m [92mNO[0m
  [1mCONVICTION:   [0m BTC: -0.15 ([91mSELL[0m) | ETH: -0.03 (HOLD) | SOL: +0.06 ([92mBUY[0m) | BNB: -0.15 ([91mSELL[0m) | XRP: -0.11 ([91mSELL[0m) | ADA: +0.06 ([92mBUY[0m) | DOT: +0.06 ([92mBUY[0m) | AVAX: +0.06 ([92mBUY[0m) | LINK: +0.06 ([92mBUY[0m) | MATIC: +0.06 ([92mBUY[0m) | NEAR: +0.04 (HOLD) | SUI: +0.06 ([92mBUY[0m) | ARB: -0.03 (HOLD)
  [1mTRADES:       [0m open=2 closed=88 | PnL=$+9707.48 | WR=34%
  [1mLONG/SHORT:   [0m longs=51 shorts=39
  [1mBLOCKERS:     [0m [92mNONE[0m
[96m══════════════════════════════════════════════════════[0m

16:57:00 Cycle 170/200 [NORM] OK       | fresh=0.0min | open= 2 closed= 88 | PnL=$+9707 wr=34% | improve=1 sem_db=30 | 12.3s/c ETA 368s | zero_streak=0
16:57:59 Cycle 175/200 [NORM] OK       | fresh=0.0min | open= 2 closed= 92 | PnL=$+10646 wr=36% | improve=1 sem_db=30 | 12.3s/c ETA 307s | zero_streak=0

[96m══════════════════════════════════════════════════════[0m
[96m══ TRAINING DIAGNOSTICS (cycle 180) ═════════════════════[0m
[96m══════════════════════════════════════════════════════[0m
  [1mREGIME:       [0m [93mNORMAL[0m (conf: 0.38)
  [1mDATA FRESH:   [0m [92m✅ 0.0min ago[0m
  [1mSIGNALS:      [0m 11/20 active
  [1mSIT-OUT:      [0m [92mNO[0m
  [1mCONVICTION:   [0m BTC: +0.04 (HOLD) | ETH: +0.04 (HOLD) | SOL: +0.12 ([92mBUY[0m) | BNB: -0.12 ([91mSELL[0m) | XRP: -0.19 ([91mSELL[0m) | ADA: +0.05 ([92mBUY[0m) | DOT: -0.06 ([91mSELL[0m) | AVAX: +0.32 ([92mBUY[0m) | LINK: -0.04 (HOLD) | MATIC: -0.20 ([91mSELL[0m) | NEAR: +0.29 ([92mBUY[0m) | SUI: -0.02 (HOLD) | ARB: -0.23 ([91mSELL[0m)
  [1mTRADES:       [0m open=1 closed=95 | PnL=$+8540.07 | WR=36%
  [1mLONG/SHORT:   [0m longs=54 shorts=42
  [1mBLOCKERS:     [0m [92mNONE[0m
[96m══════════════════════════════════════════════════════[0m

16:58:58 Cycle 180/200 [NORM] OK       | fresh=0.0min | open= 1 closed= 95 | PnL=$+8540 wr=36% | improve=1 sem_db=30 | 12.3s/c ETA 245s | zero_streak=0
16:59:57 Cycle 185/200 [HIGH] OK       | fresh=0.0min | open= 1 closed= 98 | PnL=$+8941 wr=38% | improve=1 sem_db=30 | 12.2s/c ETA 184s | zero_streak=0

[96m══════════════════════════════════════════════════════[0m
[96m══ TRAINING DIAGNOSTICS (cycle 190) ═════════════════════[0m
[96m══════════════════════════════════════════════════════[0m
  [1mREGIME:       [0m [93mNORMAL[0m (conf: 0.38)
  [1mDATA FRESH:   [0m [92m✅ 0.0min ago[0m
  [1mSIGNALS:      [0m 10/20 active
  [1mSIT-OUT:      [0m [92mNO[0m
  [1mCONVICTION:   [0m BTC: +0.05 ([92mBUY[0m) | ETH: +0.05 (HOLD) | SOL: +0.05 (HOLD) | BNB: -0.19 ([91mSELL[0m) | XRP: -0.09 ([91mSELL[0m) | ADA: -0.02 (HOLD) | DOT: +0.03 (HOLD) | AVAX: +0.01 (HOLD) | LINK: +0.08 ([92mBUY[0m) | MATIC: -0.08 ([91mSELL[0m) | NEAR: +0.11 ([92mBUY[0m) | SUI: +0.03 (HOLD) | ARB: -0.03 (HOLD)
  [1mTRADES:       [0m open=3 closed=99 | PnL=$+8471.67 | WR=37%
  [1mLONG/SHORT:   [0m longs=58 shorts=44
  [1mBLOCKERS:     [0m [92mNONE[0m
[96m══════════════════════════════════════════════════════[0m

17:00:56 Cycle 190/200 [NORM] OK       | fresh=0.0min | open= 3 closed= 99 | PnL=$+8472 wr=37% | improve=1 sem_db=30 | 12.2s/c ETA 122s | zero_streak=2
17:01:54 Cycle 195/200 [NORM] OK       | fresh=0.0min | open= 4 closed=101 | PnL=$+8113 wr=38% | improve=1 sem_db=30 | 12.2s/c ETA 61s | zero_streak=2

[96m══════════════════════════════════════════════════════[0m
[96m══ TRAINING DIAGNOSTICS (cycle 200) ═════════════════════[0m
[96m══════════════════════════════════════════════════════[0m
  [1mREGIME:       [0m [93mNORMAL[0m (conf: 0.38)
  [1mDATA FRESH:   [0m [92m✅ 0.0min ago[0m
  [1mSIGNALS:      [0m 11/20 active
  [1mSIT-OUT:      [0m [92mNO[0m
  [1mCONVICTION:   [0m BTC: -0.07 ([91mSELL[0m) | ETH: -0.09 ([91mSELL[0m) | SOL: +0.13 ([92mBUY[0m) | BNB: -0.01 (HOLD) | XRP: -0.18 ([91mSELL[0m) | ADA: +0.13 ([92mBUY[0m) | DOT: +0.13 ([92mBUY[0m) | AVAX: +0.13 ([92mBUY[0m) | LINK: -0.23 ([91mSELL[0m) | MATIC: +0.04 (HOLD) | NEAR: +0.13 ([92mBUY[0m) | SUI: -0.11 ([91mSELL[0m) | ARB: +0.02 (HOLD)
  [1mTRADES:       [0m open=2 closed=105 | PnL=$+8164.99 | WR=37%
  [1mLONG/SHORT:   [0m longs=61 shorts=46
  [1mBLOCKERS:     [0m [92mNONE[0m
[96m══════════════════════════════════════════════════════[0m

17:02:53 Cycle 200/200 [NORM] OK       | fresh=0.0min | open= 2 closed=105 | PnL=$+8165 wr=37% | improve=1 sem_db=30 | 12.2s/c ETA 0s | zero_streak=0
17:02:53 V211_TREND_P1_R2: no baseline version found for gate comparison
17:02:53 Attribution — alpha: $+2978.00  beta: $+7087712.40  timing: $+6627381.62  selection: $+0.00
17:02:53 Attribution report  : /Users/benebsworth/projects/omega/data/v211_trend_p1_r2_attribution.json
17:02:53 
17:02:53 ======================================================================
17:02:53 V211_TREND_P1_R2 COMPLETE — 200 cycles in 2441s (12.20s/cycle)
17:02:53 ======================================================================
17:02:53 improve_calls         : 1
17:02:54 semantic_patterns_db  : 30
17:02:54 Closed trades         : 105  (long=59  short=46)
17:02:54 Total PnL             : $+8164.99  (engine realised: $+8164.99)
17:02:54 Win rate              : 37.1%  (39/105)
17:02:54 Profit factor         : 1.27
17:02:54 --- Observability ---
17:02:54 Zero-trade cycles     : 117 / 200  (58%)
17:02:54 Circuit breaker trips : 0
17:02:54 Final vol threshold   : 0.000
17:02:54 Metrics JSONL         : /tmp/v211_trend_p1_r2_metrics.jsonl
17:02:54 Results               : /Users/benebsworth/projects/omega/data/v211_trend_p1_r2_results.json
17:02:54 ======================================================================
