21:55:30 RNG seed set to 42 (deterministic mode)
21:55:30 BACKTEST MODE: WS signals disabled (whale_prints, ws_microstructure)
21:55:30 ======================================================================
21:55:30 Training Run v207a_recent_r1 — 200 cycles  sleep=10s
21:55:30 CoinGecko key  : CG-YPzBAPag5...
21:55:30 Database URL   : postgresql://omega:omega@localhost:5432/...
21:55:30 Metrics JSONL  : /tmp/v207a_recent_r1_metrics.jsonl
21:55:30 Log file       : /tmp/v207a_recent_r1_training.log
21:55:30 Features ON    : ffg_gate1_enabled, ffg_gate4_enabled
21:55:30 ======================================================================
21:55:31 V207a: OMEGA_FROZEN_CACHE=1 — skipping macro warm_up (no live FRED/funding fetches)
21:55:32 BACKTEST MODE: ingestion replaced by ReplayIngestionNode (snap_20260414, 60 steps)
21:55:32 ImprovementEngine: SyntheticEvaluator injected
21:55:33 Decision snapshots → /tmp/v207a_recent_r1_decisions.jsonl (+ Postgres if configured)
21:55:33 SignalDecayDetector: loaded from data/signal_ic_history.json

[96m══════════════════════════════════════════════════════[0m
[96m══ TRAINING DIAGNOSTICS (cycle 0) ═══════════════════════[0m
[96m══════════════════════════════════════════════════════[0m
  [1mREGIME:       [0m [91mUNKN ⚠️[0m
  [1mDATA FRESH:   [0m [92m✅ 0.0min ago[0m
  [1mSIGNALS:      [0m [93mnone yet[0m
  [1mSIT-OUT:      [0m [92mNO[0m
  [1mCONVICTION:   [0m [93mn/a[0m
  [1mTRADES:       [0m open=0 closed=0 | PnL=$+0.00 | WR=0%
  [1mLONG/SHORT:   [0m longs=0 shorts=0
  [1mBLOCKERS:     [0m [91mRegime detector not firing | No signal data yet (first cycle?)[0m
[96m══════════════════════════════════════════════════════[0m

21:55:49 Cycle   1/200 [NORM] OK       | fresh=0.0min | open= 0 closed=  0 | PnL=$+0 wr=0% | improve=0 sem_db=30 | 15.2s/c ETA 3023s | zero_streak=1
21:56:38 Cycle   5/200 [CRIS] OK       | fresh=0.0min | open= 1 closed=  1 | PnL=$-895 wr=0% | improve=0 sem_db=30 | 12.8s/c ETA 2504s | zero_streak=2

[96m══════════════════════════════════════════════════════[0m
[96m══ TRAINING DIAGNOSTICS (cycle 10) ══════════════════════[0m
[96m══════════════════════════════════════════════════════[0m
  [1mREGIME:       [0m [93mNORMAL[0m (conf: 0.00)
  [1mDATA FRESH:   [0m [92m✅ 0.0min ago[0m
  [1mSIGNALS:      [0m 10/20 active
  [1mSIT-OUT:      [0m [92mNO[0m
  [1mCONVICTION:   [0m BTC: -0.01 (HOLD) | ETH: -0.04 (HOLD) | SOL: -0.02 (HOLD) | BNB: -0.04 (HOLD) | XRP: +0.02 (HOLD) | ADA: +0.08 ([92mBUY[0m) | DOT: +0.01 (HOLD) | AVAX: +0.01 (HOLD) | LINK: +0.04 (HOLD) | MATIC: +0.16 ([92mBUY[0m) | NEAR: +0.02 (HOLD) | SUI: -0.05 ([91mSELL[0m) | ARB: -0.19 ([91mSELL[0m)
  [1mTRADES:       [0m open=2 closed=2 | PnL=$-1814.78 | WR=0%
  [1mLONG/SHORT:   [0m longs=3 shorts=1
  [1mBLOCKERS:     [0m [92mNONE[0m
[96m══════════════════════════════════════════════════════[0m

21:57:54 Cycle  10/200 [NORM] OK       | fresh=0.0min | open= 2 closed=  2 | PnL=$-1815 wr=0% | improve=0 sem_db=30 | 14.0s/c ETA 2665s | zero_streak=4
21:58:54 Cycle  15/200 [CRIS] OK       | fresh=0.0min | open= 0 closed=  5 | PnL=$-3689 wr=0% | improve=1 sem_db=30 | 13.4s/c ETA 2473s | zero_streak=0

[96m══════════════════════════════════════════════════════[0m
[96m══ TRAINING DIAGNOSTICS (cycle 20) ══════════════════════[0m
[96m══════════════════════════════════════════════════════[0m
  [1mREGIME:       [0m [93mCRISIS[0m (conf: 0.37)
  [1mDATA FRESH:   [0m [92m✅ 0.0min ago[0m
  [1mSIGNALS:      [0m 10/20 active
  [1mSIT-OUT:      [0m [92mNO[0m
  [1mCONVICTION:   [0m BTC: +0.02 (HOLD) | ETH: +0.02 (HOLD) | SOL: +0.06 ([92mBUY[0m) | BNB: +0.05 ([92mBUY[0m) | XRP: -0.09 ([91mSELL[0m) | ADA: -0.06 ([91mSELL[0m) | DOT: +0.12 ([92mBUY[0m) | AVAX: +0.03 (HOLD) | LINK: +0.02 (HOLD) | MATIC: -0.12 ([91mSELL[0m) | NEAR: +0.12 ([92mBUY[0m) | SUI: -0.09 ([91mSELL[0m) | ARB: -0.08 ([91mSELL[0m)
  [1mTRADES:       [0m open=1 closed=6 | PnL=$-3879.27 | WR=0%
  [1mLONG/SHORT:   [0m longs=6 shorts=1
  [1mBLOCKERS:     [0m [92mNONE[0m
[96m══════════════════════════════════════════════════════[0m

22:00:05 Cycle  20/200 [CRIS] OK       | fresh=0.0min | open= 1 closed=  6 | PnL=$-3879 wr=0% | improve=1 sem_db=30 | 13.6s/c ETA 2441s | zero_streak=3
22:01:06 Cycle  25/200 [HIGH] OK       | fresh=0.0min | open= 0 closed=  7 | PnL=$-3376 wr=14% | improve=1 sem_db=30 | 13.3s/c ETA 2329s | zero_streak=3

[96m══════════════════════════════════════════════════════[0m
[96m══ TRAINING DIAGNOSTICS (cycle 30) ══════════════════════[0m
[96m══════════════════════════════════════════════════════[0m
  [1mREGIME:       [0m [93mHIGH_VOL[0m (conf: 0.37)
  [1mDATA FRESH:   [0m [92m✅ 0.0min ago[0m
  [1mSIGNALS:      [0m 10/20 active
  [1mSIT-OUT:      [0m [92mNO[0m
  [1mCONVICTION:   [0m BTC: +0.05 ([92mBUY[0m) | ETH: +0.05 ([92mBUY[0m) | SOL: +0.02 (HOLD) | BNB: +0.05 ([92mBUY[0m) | XRP: -0.03 (HOLD) | ADA: -0.11 ([91mSELL[0m) | DOT: -0.10 ([91mSELL[0m) | AVAX: +0.10 ([92mBUY[0m) | LINK: +0.01 (HOLD) | MATIC: -0.33 ([91mSELL[0m) | NEAR: +0.19 ([92mBUY[0m) | SUI: +0.13 ([92mBUY[0m) | ARB: -0.02 (HOLD)
  [1mTRADES:       [0m open=1 closed=7 | PnL=$-3376.47 | WR=14%
  [1mLONG/SHORT:   [0m longs=6 shorts=2
  [1mBLOCKERS:     [0m [92mNONE[0m
[96m══════════════════════════════════════════════════════[0m

22:02:19 Cycle  30/200 [HIGH] OK       | fresh=0.0min | open= 1 closed=  7 | PnL=$-3376 wr=14% | improve=1 sem_db=30 | 13.5s/c ETA 2296s | zero_streak=8
22:03:19 Cycle  35/200 [NORM] OK       | fresh=0.0min | open= 1 closed=  8 | PnL=$-4149 wr=12% | improve=1 sem_db=30 | 13.3s/c ETA 2193s | zero_streak=4

[96m══════════════════════════════════════════════════════[0m
[96m══ TRAINING DIAGNOSTICS (cycle 40) ══════════════════════[0m
[96m══════════════════════════════════════════════════════[0m
  [1mREGIME:       [0m [93mNORMAL[0m (conf: 0.37)
  [1mDATA FRESH:   [0m [92m✅ 0.0min ago[0m
  [1mSIGNALS:      [0m 11/20 active
  [1mSIT-OUT:      [0m [92mNO[0m
  [1mCONVICTION:   [0m BTC: +0.01 (HOLD) | ETH: +0.06 ([92mBUY[0m) | SOL: +0.07 ([92mBUY[0m) | BNB: -0.01 (HOLD) | XRP: +0.04 (HOLD) | ADA: -0.02 (HOLD) | DOT: -0.07 ([91mSELL[0m) | AVAX: -0.00 (HOLD) | LINK: +0.00 (HOLD) | MATIC: +0.03 (HOLD) | NEAR: -0.01 (HOLD) | SUI: -0.04 (HOLD) | ARB: -0.07 ([91mSELL[0m)
  [1mTRADES:       [0m open=3 closed=10 | PnL=$-4174.76 | WR=20%
  [1mLONG/SHORT:   [0m longs=8 shorts=5
  [1mBLOCKERS:     [0m [92mNONE[0m
[96m══════════════════════════════════════════════════════[0m

22:04:36 Cycle  40/200 [NORM] OK       | fresh=0.0min | open= 3 closed= 10 | PnL=$-4175 wr=20% | improve=1 sem_db=30 | 13.6s/c ETA 2170s | zero_streak=0
22:05:36 Cycle  45/200 [NORM] OK       | fresh=0.0min | open= 3 closed= 12 | PnL=$-2588 wr=25% | improve=1 sem_db=30 | 13.4s/c ETA 2075s | zero_streak=3

[96m══════════════════════════════════════════════════════[0m
[96m══ TRAINING DIAGNOSTICS (cycle 50) ══════════════════════[0m
[96m══════════════════════════════════════════════════════[0m
  [1mREGIME:       [0m [93mHIGH_VOL[0m (conf: 0.37)
  [1mDATA FRESH:   [0m [92m✅ 0.0min ago[0m
  [1mSIGNALS:      [0m 12/20 active
  [1mSIT-OUT:      [0m [92mNO[0m
  [1mCONVICTION:   [0m BTC: +0.06 ([92mBUY[0m) | ETH: +0.09 ([92mBUY[0m) | SOL: -0.07 ([91mSELL[0m) | BNB: +0.00 (HOLD) | XRP: -0.01 (HOLD) | ADA: -0.04 (HOLD) | DOT: -0.07 ([91mSELL[0m) | AVAX: +0.01 (HOLD) | LINK: +0.05 ([92mBUY[0m) | MATIC: +0.10 ([92mBUY[0m) | NEAR: -0.07 ([91mSELL[0m) | SUI: -0.06 ([91mSELL[0m) | ARB: +0.01 (HOLD)
  [1mTRADES:       [0m open=1 closed=17 | PnL=$-2228.97 | WR=29%
  [1mLONG/SHORT:   [0m longs=10 shorts=8
  [1mBLOCKERS:     [0m [92mNONE[0m
[96m══════════════════════════════════════════════════════[0m

22:06:52 Cycle  50/200 [HIGH] OK       | fresh=0.0min | open= 1 closed= 17 | PnL=$-2229 wr=29% | improve=1 sem_db=30 | 13.6s/c ETA 2036s | zero_streak=0
22:08:02 Cycle  55/200 [HIGH] OK       | fresh=0.0min | open= 1 closed= 17 | PnL=$-2229 wr=29% | improve=1 sem_db=30 | 13.6s/c ETA 1975s | zero_streak=5

[96m══════════════════════════════════════════════════════[0m
[96m══ TRAINING DIAGNOSTICS (cycle 60) ══════════════════════[0m
[96m══════════════════════════════════════════════════════[0m
  [1mREGIME:       [0m [93mNORMAL[0m (conf: 0.37)
  [1mDATA FRESH:   [0m [92m✅ 0.0min ago[0m
  [1mSIGNALS:      [0m 11/20 active
  [1mSIT-OUT:      [0m [92mNO[0m
  [1mCONVICTION:   [0m BTC: +0.08 ([92mBUY[0m) | ETH: +0.13 ([92mBUY[0m) | SOL: -0.03 (HOLD) | BNB: -0.09 ([91mSELL[0m) | XRP: -0.05 ([91mSELL[0m) | ADA: -0.08 ([91mSELL[0m) | DOT: -0.07 ([91mSELL[0m) | AVAX: +0.03 (HOLD) | LINK: -0.00 (HOLD) | MATIC: -0.33 ([91mSELL[0m) | NEAR: +0.18 ([92mBUY[0m) | SUI: +0.06 ([92mBUY[0m) | ARB: +0.18 ([92mBUY[0m)
  [1mTRADES:       [0m open=0 closed=18 | PnL=$-1289.85 | WR=33%
  [1mLONG/SHORT:   [0m longs=10 shorts=8
  [1mBLOCKERS:     [0m [92mNONE[0m
[96m══════════════════════════════════════════════════════[0m

22:09:00 Cycle  60/200 [NORM] OK       | fresh=0.0min | open= 0 closed= 18 | PnL=$-1290 wr=33% | improve=1 sem_db=30 | 13.4s/c ETA 1882s | zero_streak=1
22:09:59 Cycle  65/200 [CRIS] OK       | fresh=0.0min | open= 1 closed= 22 | PnL=$-4549 wr=32% | improve=1 sem_db=30 | 13.3s/c ETA 1798s | zero_streak=1

[96m══════════════════════════════════════════════════════[0m
[96m══ TRAINING DIAGNOSTICS (cycle 70) ══════════════════════[0m
[96m══════════════════════════════════════════════════════[0m
  [1mREGIME:       [0m [93mCRISIS[0m (conf: 0.37)
  [1mDATA FRESH:   [0m [92m✅ 0.0min ago[0m
  [1mSIGNALS:      [0m 11/20 active
  [1mSIT-OUT:      [0m [92mNO[0m
  [1mCONVICTION:   [0m BTC: -0.02 (HOLD) | ETH: -0.04 (HOLD) | SOL: -0.02 (HOLD) | BNB: -0.06 ([91mSELL[0m) | XRP: +0.05 (HOLD) | ADA: +0.10 ([92mBUY[0m) | DOT: +0.01 (HOLD) | AVAX: +0.02 (HOLD) | LINK: +0.05 (HOLD) | MATIC: +0.16 ([92mBUY[0m) | NEAR: +0.02 (HOLD) | SUI: -0.04 (HOLD) | ARB: -0.23 ([91mSELL[0m)
  [1mTRADES:       [0m open=2 closed=23 | PnL=$-5264.35 | WR=30%
  [1mLONG/SHORT:   [0m longs=15 shorts=10
  [1mBLOCKERS:     [0m [92mNONE[0m
[96m══════════════════════════════════════════════════════[0m

22:11:03 Cycle  70/200 [CRIS] OK       | fresh=0.0min | open= 2 closed= 23 | PnL=$-5264 wr=30% | improve=1 sem_db=30 | 13.3s/c ETA 1726s | zero_streak=3
22:12:01 Cycle  75/200 [CRIS] OK       | fresh=0.0min | open= 3 closed= 26 | PnL=$-6156 wr=27% | improve=1 sem_db=30 | 13.2s/c ETA 1646s | zero_streak=1

[96m══════════════════════════════════════════════════════[0m
[96m══ TRAINING DIAGNOSTICS (cycle 80) ══════════════════════[0m
[96m══════════════════════════════════════════════════════[0m
  [1mREGIME:       [0m [93mNORMAL[0m (conf: 0.37)
  [1mDATA FRESH:   [0m [92m✅ 0.0min ago[0m
  [1mSIGNALS:      [0m 11/20 active
  [1mSIT-OUT:      [0m [92mNO[0m
  [1mCONVICTION:   [0m BTC: -0.00 (HOLD) | ETH: -0.00 (HOLD) | SOL: +0.03 (HOLD) | BNB: +0.04 (HOLD) | XRP: -0.09 ([91mSELL[0m) | ADA: -0.03 (HOLD) | DOT: +0.14 ([92mBUY[0m) | AVAX: +0.02 (HOLD) | LINK: +0.02 (HOLD) | MATIC: -0.07 ([91mSELL[0m) | NEAR: +0.14 ([92mBUY[0m) | SUI: -0.10 ([91mSELL[0m) | ARB: -0.09 ([91mSELL[0m)
  [1mTRADES:       [0m open=1 closed=28 | PnL=$-5879.20 | WR=29%
  [1mLONG/SHORT:   [0m longs=18 shorts=11
  [1mBLOCKERS:     [0m [92mNONE[0m
[96m══════════════════════════════════════════════════════[0m

22:12:59 Cycle  80/200 [NORM] OK       | fresh=0.0min | open= 1 closed= 28 | PnL=$-5879 wr=29% | improve=1 sem_db=30 | 13.1s/c ETA 1568s | zero_streak=1
22:13:59 Cycle  85/200 [NORM] OK       | fresh=0.0min | open= 3 closed= 30 | PnL=$-4641 wr=30% | improve=1 sem_db=30 | 13.0s/c ETA 1496s | zero_streak=2

[96m══════════════════════════════════════════════════════[0m
[96m══ TRAINING DIAGNOSTICS (cycle 90) ══════════════════════[0m
[96m══════════════════════════════════════════════════════[0m
  [1mREGIME:       [0m [93mHIGH_VOL[0m (conf: 0.37)
  [1mDATA FRESH:   [0m [92m✅ 0.0min ago[0m
  [1mSIGNALS:      [0m 11/20 active
  [1mSIT-OUT:      [0m [92mNO[0m
  [1mCONVICTION:   [0m BTC: +0.05 ([92mBUY[0m) | ETH: +0.05 ([92mBUY[0m) | SOL: +0.02 (HOLD) | BNB: +0.06 ([92mBUY[0m) | XRP: -0.03 (HOLD) | ADA: -0.12 ([91mSELL[0m) | DOT: -0.03 (HOLD) | AVAX: +0.10 ([92mBUY[0m) | LINK: +0.02 (HOLD) | MATIC: -0.31 ([91mSELL[0m) | NEAR: +0.10 ([92mBUY[0m) | SUI: +0.10 ([92mBUY[0m) | ARB: -0.01 (HOLD)
  [1mTRADES:       [0m open=3 closed=31 | PnL=$-4473.74 | WR=32%
  [1mLONG/SHORT:   [0m longs=21 shorts=13
  [1mBLOCKERS:     [0m [92mNONE[0m
[96m══════════════════════════════════════════════════════[0m

22:14:58 Cycle  90/200 [HIGH] OK       | fresh=0.0min | open= 3 closed= 31 | PnL=$-4474 wr=32% | improve=1 sem_db=30 | 12.9s/c ETA 1424s | zero_streak=3
22:16:00 Cycle  95/200 [NORM] OK       | fresh=0.0min | open= 1 closed= 34 | PnL=$-2427 wr=35% | improve=1 sem_db=30 | 12.9s/c ETA 1355s | zero_streak=1

[96m══════════════════════════════════════════════════════[0m
[96m══ TRAINING DIAGNOSTICS (cycle 100) ═════════════════════[0m
[96m══════════════════════════════════════════════════════[0m
  [1mREGIME:       [0m [93mNORMAL[0m (conf: 0.37)
  [1mDATA FRESH:   [0m [92m✅ 0.0min ago[0m
  [1mSIGNALS:      [0m 11/20 active
  [1mSIT-OUT:      [0m [92mNO[0m
  [1mCONVICTION:   [0m BTC: +0.01 (HOLD) | ETH: +0.07 ([92mBUY[0m) | SOL: +0.06 ([92mBUY[0m) | BNB: -0.01 (HOLD) | XRP: +0.06 ([92mBUY[0m) | ADA: -0.01 (HOLD) | DOT: -0.03 (HOLD) | AVAX: -0.00 (HOLD) | LINK: -0.01 (HOLD) | MATIC: -0.07 ([91mSELL[0m) | NEAR: +0.02 (HOLD) | SUI: -0.03 (HOLD) | ARB: -0.07 ([91mSELL[0m)
  [1mTRADES:       [0m open=4 closed=35 | PnL=$-2515.22 | WR=34%
  [1mLONG/SHORT:   [0m longs=23 shorts=16
  [1mBLOCKERS:     [0m [92mNONE[0m
[96m══════════════════════════════════════════════════════[0m

22:17:02 Cycle 100/200 [NORM] OK       | fresh=0.0min | open= 4 closed= 35 | PnL=$-2515 wr=34% | improve=1 sem_db=30 | 12.9s/c ETA 1288s | zero_streak=0
22:18:02 Cycle 105/200 [NORM] OK       | fresh=0.0min | open= 2 closed= 38 | PnL=$-867 wr=37% | improve=1 sem_db=30 | 12.8s/c ETA 1220s | zero_streak=2

[96m══════════════════════════════════════════════════════[0m
[96m══ TRAINING DIAGNOSTICS (cycle 110) ═════════════════════[0m
[96m══════════════════════════════════════════════════════[0m
  [1mREGIME:       [0m [93mNORMAL[0m (conf: 0.37)
  [1mDATA FRESH:   [0m [92m✅ 0.0min ago[0m
  [1mSIGNALS:      [0m 11/20 active
  [1mSIT-OUT:      [0m [92mNO[0m
  [1mCONVICTION:   [0m BTC: +0.05 (HOLD) | ETH: +0.07 ([92mBUY[0m) | SOL: -0.06 ([91mSELL[0m) | BNB: +0.01 (HOLD) | XRP: -0.00 (HOLD) | ADA: -0.06 ([91mSELL[0m) | DOT: -0.08 ([91mSELL[0m) | AVAX: -0.02 (HOLD) | LINK: +0.04 (HOLD) | MATIC: +0.26 ([92mBUY[0m) | NEAR: -0.08 ([91mSELL[0m) | SUI: -0.08 ([91mSELL[0m) | ARB: -0.03 (HOLD)
  [1mTRADES:       [0m open=2 closed=42 | PnL=$-594.60 | WR=38%
  [1mLONG/SHORT:   [0m longs=25 shorts=19
  [1mBLOCKERS:     [0m [92mNONE[0m
[96m══════════════════════════════════════════════════════[0m

22:19:01 Cycle 110/200 [NORM] OK       | fresh=0.0min | open= 2 closed= 42 | PnL=$-595 wr=38% | improve=1 sem_db=30 | 12.8s/c ETA 1152s | zero_streak=0
22:20:01 Cycle 115/200 [HIGH] OK       | fresh=0.0min | open= 1 closed= 43 | PnL=$-735 wr=37% | improve=1 sem_db=30 | 12.8s/c ETA 1085s | zero_streak=4

[96m══════════════════════════════════════════════════════[0m
[96m══ TRAINING DIAGNOSTICS (cycle 120) ═════════════════════[0m
[96m══════════════════════════════════════════════════════[0m
  [1mREGIME:       [0m [93mNORMAL[0m (conf: 0.37)
  [1mDATA FRESH:   [0m [92m✅ 0.0min ago[0m
  [1mSIGNALS:      [0m 12/20 active
  [1mSIT-OUT:      [0m [92mNO[0m
  [1mCONVICTION:   [0m BTC: +0.10 ([92mBUY[0m) | ETH: +0.10 ([92mBUY[0m) | SOL: -0.03 (HOLD) | BNB: -0.07 ([91mSELL[0m) | XRP: -0.04 (HOLD) | ADA: -0.05 (HOLD) | DOT: -0.04 (HOLD) | AVAX: +0.02 (HOLD) | LINK: +0.00 (HOLD) | MATIC: -0.26 ([91mSELL[0m) | NEAR: +0.10 ([92mBUY[0m) | SUI: +0.06 ([92mBUY[0m) | ARB: +0.10 ([92mBUY[0m)
  [1mTRADES:       [0m open=0 closed=44 | PnL=$+204.29 | WR=39%
  [1mLONG/SHORT:   [0m longs=25 shorts=19
  [1mBLOCKERS:     [0m [92mNONE[0m
[96m══════════════════════════════════════════════════════[0m

22:20:59 Cycle 120/200 [NORM] OK       | fresh=0.0min | open= 0 closed= 44 | PnL=$+204 wr=39% | improve=1 sem_db=30 | 12.7s/c ETA 1017s | zero_streak=0
22:21:59 Cycle 125/200 [CRIS] OK       | fresh=0.0min | open= 0 closed= 48 | PnL=$-3055 wr=38% | improve=1 sem_db=30 | 12.7s/c ETA 952s | zero_streak=0

[96m══════════════════════════════════════════════════════[0m
[96m══ TRAINING DIAGNOSTICS (cycle 130) ═════════════════════[0m
[96m══════════════════════════════════════════════════════[0m
  [1mREGIME:       [0m [93mCRISIS[0m (conf: 0.37)
  [1mDATA FRESH:   [0m [92m✅ 0.0min ago[0m
  [1mSIGNALS:      [0m 11/20 active
  [1mSIT-OUT:      [0m [92mNO[0m
  [1mCONVICTION:   [0m BTC: -0.03 (HOLD) | ETH: -0.05 ([91mSELL[0m) | SOL: -0.04 (HOLD) | BNB: -0.08 ([91mSELL[0m) | XRP: +0.06 ([92mBUY[0m) | ADA: +0.12 ([92mBUY[0m) | DOT: +0.01 (HOLD) | AVAX: +0.03 (HOLD) | LINK: +0.05 (HOLD) | MATIC: +0.17 ([92mBUY[0m) | NEAR: +0.01 (HOLD) | SUI: -0.04 (HOLD) | ARB: -0.20 ([91mSELL[0m)
  [1mTRADES:       [0m open=2 closed=49 | PnL=$-3770.17 | WR=37%
  [1mLONG/SHORT:   [0m longs=30 shorts=21
  [1mBLOCKERS:     [0m [92mNONE[0m
[96m══════════════════════════════════════════════════════[0m

22:22:58 Cycle 130/200 [CRIS] OK       | fresh=0.0min | open= 2 closed= 49 | PnL=$-3770 wr=37% | improve=1 sem_db=30 | 12.6s/c ETA 885s | zero_streak=2
22:23:57 Cycle 135/200 [CRIS] OK       | fresh=0.0min | open= 2 closed= 52 | PnL=$-4662 wr=35% | improve=1 sem_db=30 | 12.6s/c ETA 820s | zero_streak=0

[96m══════════════════════════════════════════════════════[0m
[96m══ TRAINING DIAGNOSTICS (cycle 140) ═════════════════════[0m
[96m══════════════════════════════════════════════════════[0m
  [1mREGIME:       [0m [93mNORMAL[0m (conf: 0.37)
  [1mDATA FRESH:   [0m [92m✅ 0.0min ago[0m
  [1mSIGNALS:      [0m 11/20 active
  [1mSIT-OUT:      [0m [92mNO[0m
  [1mCONVICTION:   [0m BTC: -0.03 (HOLD) | ETH: -0.01 (HOLD) | SOL: +0.02 (HOLD) | BNB: +0.01 (HOLD) | XRP: -0.10 ([91mSELL[0m) | ADA: +0.01 (HOLD) | DOT: +0.20 ([92mBUY[0m) | AVAX: +0.02 (HOLD) | LINK: +0.03 (HOLD) | MATIC: -0.11 ([91mSELL[0m) | NEAR: +0.20 ([92mBUY[0m) | SUI: -0.10 ([91mSELL[0m) | ARB: -0.14 ([91mSELL[0m)
  [1mTRADES:       [0m open=1 closed=54 | PnL=$-4384.05 | WR=35%
  [1mLONG/SHORT:   [0m longs=33 shorts=22
  [1mBLOCKERS:     [0m [92mNONE[0m
[96m══════════════════════════════════════════════════════[0m

22:24:56 Cycle 140/200 [NORM] OK       | fresh=0.0min | open= 1 closed= 54 | PnL=$-4384 wr=35% | improve=1 sem_db=30 | 12.6s/c ETA 755s | zero_streak=0
22:26:00 Cycle 145/200 [NORM] OK       | fresh=0.0min | open= 2 closed= 56 | PnL=$-3142 wr=36% | improve=1 sem_db=30 | 12.6s/c ETA 693s | zero_streak=1

[96m══════════════════════════════════════════════════════[0m
[96m══ TRAINING DIAGNOSTICS (cycle 150) ═════════════════════[0m
[96m══════════════════════════════════════════════════════[0m
  [1mREGIME:       [0m [93mNORMAL[0m (conf: 0.37)
  [1mDATA FRESH:   [0m [92m✅ 0.0min ago[0m
  [1mSIGNALS:      [0m 11/20 active
  [1mSIT-OUT:      [0m [92mNO[0m
  [1mCONVICTION:   [0m BTC: +0.04 (HOLD) | ETH: +0.04 (HOLD) | SOL: +0.01 (HOLD) | BNB: +0.05 ([92mBUY[0m) | XRP: -0.03 (HOLD) | ADA: -0.14 ([91mSELL[0m) | DOT: +0.01 (HOLD) | AVAX: +0.08 ([92mBUY[0m) | LINK: +0.01 (HOLD) | MATIC: -0.27 ([91mSELL[0m) | NEAR: +0.13 ([92mBUY[0m) | SUI: +0.08 ([92mBUY[0m) | ARB: -0.03 (HOLD)
  [1mTRADES:       [0m open=2 closed=57 | PnL=$-2976.93 | WR=37%
  [1mLONG/SHORT:   [0m longs=35 shorts=24
  [1mBLOCKERS:     [0m [92mNONE[0m
[96m══════════════════════════════════════════════════════[0m

22:27:00 Cycle 150/200 [NORM] OK       | fresh=0.0min | open= 2 closed= 57 | PnL=$-2977 wr=37% | improve=1 sem_db=30 | 12.6s/c ETA 629s | zero_streak=2
22:27:57 Cycle 155/200 [HIGH] OK       | fresh=0.0min | open= 1 closed= 59 | PnL=$-1630 wr=37% | improve=1 sem_db=30 | 12.5s/c ETA 564s | zero_streak=0

[96m══════════════════════════════════════════════════════[0m
[96m══ TRAINING DIAGNOSTICS (cycle 160) ═════════════════════[0m
[96m══════════════════════════════════════════════════════[0m
  [1mREGIME:       [0m [93mNORMAL[0m (conf: 0.37)
  [1mDATA FRESH:   [0m [92m✅ 0.0min ago[0m
  [1mSIGNALS:      [0m 11/20 active
  [1mSIT-OUT:      [0m [92mNO[0m
  [1mCONVICTION:   [0m BTC: +0.00 (HOLD) | ETH: +0.08 ([92mBUY[0m) | SOL: +0.04 (HOLD) | BNB: -0.01 (HOLD) | XRP: +0.07 ([92mBUY[0m) | ADA: -0.00 (HOLD) | DOT: +0.01 (HOLD) | AVAX: -0.01 (HOLD) | LINK: -0.01 (HOLD) | MATIC: -0.13 ([91mSELL[0m) | NEAR: +0.03 (HOLD) | SUI: -0.01 (HOLD) | ARB: -0.06 ([91mSELL[0m)
  [1mTRADES:       [0m open=4 closed=59 | PnL=$-1630.07 | WR=37%
  [1mLONG/SHORT:   [0m longs=37 shorts=26
  [1mBLOCKERS:     [0m [92mNONE[0m
[96m══════════════════════════════════════════════════════[0m

22:28:56 Cycle 160/200 [NORM] OK       | fresh=0.0min | open= 4 closed= 59 | PnL=$-1630 wr=37% | improve=1 sem_db=30 | 12.5s/c ETA 501s | zero_streak=5
22:29:57 Cycle 165/200 [NORM] OK       | fresh=0.0min | open= 2 closed= 63 | PnL=$-70 wr=38% | improve=1 sem_db=30 | 12.5s/c ETA 438s | zero_streak=1

[96m══════════════════════════════════════════════════════[0m
[96m══ TRAINING DIAGNOSTICS (cycle 170) ═════════════════════[0m
[96m══════════════════════════════════════════════════════[0m
  [1mREGIME:       [0m [93mNORMAL[0m (conf: 0.37)
  [1mDATA FRESH:   [0m [92m✅ 0.0min ago[0m
  [1mSIGNALS:      [0m 11/20 active
  [1mSIT-OUT:      [0m [92mNO[0m
  [1mCONVICTION:   [0m BTC: +0.03 (HOLD) | ETH: +0.05 (HOLD) | SOL: -0.05 ([91mSELL[0m) | BNB: +0.02 (HOLD) | XRP: -0.00 (HOLD) | ADA: -0.05 ([91mSELL[0m) | DOT: -0.11 ([91mSELL[0m) | AVAX: -0.04 (HOLD) | LINK: +0.02 (HOLD) | MATIC: +0.39 ([92mBUY[0m) | NEAR: -0.11 ([91mSELL[0m) | SUI: -0.11 ([91mSELL[0m) | ARB: -0.05 ([91mSELL[0m)
  [1mTRADES:       [0m open=2 closed=66 | PnL=$-340.16 | WR=38%
  [1mLONG/SHORT:   [0m longs=38 shorts=30
  [1mBLOCKERS:     [0m [92mNONE[0m
[96m══════════════════════════════════════════════════════[0m

22:30:55 Cycle 170/200 [NORM] OK       | fresh=0.0min | open= 2 closed= 66 | PnL=$-340 wr=38% | improve=1 sem_db=30 | 12.5s/c ETA 374s | zero_streak=0
22:31:56 Cycle 175/200 [HIGH] OK       | fresh=0.0min | open= 1 closed= 68 | PnL=$+62 wr=38% | improve=1 sem_db=30 | 12.5s/c ETA 312s | zero_streak=3

[96m══════════════════════════════════════════════════════[0m
[96m══ TRAINING DIAGNOSTICS (cycle 180) ═════════════════════[0m
[96m══════════════════════════════════════════════════════[0m
  [1mREGIME:       [0m [93mNORMAL[0m (conf: 0.37)
  [1mDATA FRESH:   [0m [92m✅ 0.0min ago[0m
  [1mSIGNALS:      [0m 12/20 active
  [1mSIT-OUT:      [0m [92mNO[0m
  [1mCONVICTION:   [0m BTC: +0.09 ([92mBUY[0m) | ETH: +0.09 ([92mBUY[0m) | SOL: -0.03 (HOLD) | BNB: -0.07 ([91mSELL[0m) | XRP: -0.04 (HOLD) | ADA: -0.01 (HOLD) | DOT: -0.03 (HOLD) | AVAX: +0.03 (HOLD) | LINK: +0.02 (HOLD) | MATIC: -0.30 ([91mSELL[0m) | NEAR: +0.09 ([92mBUY[0m) | SUI: +0.08 ([92mBUY[0m) | ARB: +0.09 ([92mBUY[0m)
  [1mTRADES:       [0m open=1 closed=68 | PnL=$+62.29 | WR=38%
  [1mLONG/SHORT:   [0m longs=39 shorts=30
  [1mBLOCKERS:     [0m [92mNONE[0m
[96m══════════════════════════════════════════════════════[0m

22:32:54 Cycle 180/200 [NORM] OK       | fresh=0.0min | open= 1 closed= 68 | PnL=$+62 wr=38% | improve=1 sem_db=30 | 12.4s/c ETA 249s | zero_streak=8
22:33:53 Cycle 185/200 [CRIS] OK       | fresh=0.0min | open= 1 closed= 72 | PnL=$-2327 wr=38% | improve=1 sem_db=30 | 12.4s/c ETA 186s | zero_streak=1

[96m══════════════════════════════════════════════════════[0m
[96m══ TRAINING DIAGNOSTICS (cycle 190) ═════════════════════[0m
[96m══════════════════════════════════════════════════════[0m
  [1mREGIME:       [0m [93mCRISIS[0m (conf: 0.37)
  [1mDATA FRESH:   [0m [92m✅ 0.0min ago[0m
  [1mSIGNALS:      [0m 11/20 active
  [1mSIT-OUT:      [0m [92mNO[0m
  [1mCONVICTION:   [0m BTC: -0.03 (HOLD) | ETH: -0.07 ([91mSELL[0m) | SOL: -0.05 (HOLD) | BNB: -0.12 ([91mSELL[0m) | XRP: +0.07 ([92mBUY[0m) | ADA: +0.12 ([92mBUY[0m) | DOT: +0.01 (HOLD) | AVAX: +0.03 (HOLD) | LINK: +0.03 (HOLD) | MATIC: +0.18 ([92mBUY[0m) | NEAR: +0.00 (HOLD) | SUI: -0.04 (HOLD) | ARB: -0.15 ([91mSELL[0m)
  [1mTRADES:       [0m open=1 closed=74 | PnL=$-2973.10 | WR=38%
  [1mLONG/SHORT:   [0m longs=44 shorts=31
  [1mBLOCKERS:     [0m [92mNONE[0m
[96m══════════════════════════════════════════════════════[0m

22:34:51 Cycle 190/200 [CRIS] OK       | fresh=0.0min | open= 1 closed= 74 | PnL=$-2973 wr=38% | improve=1 sem_db=30 | 12.4s/c ETA 124s | zero_streak=1
22:35:50 Cycle 195/200 [CRIS] OK       | fresh=0.0min | open= 3 closed= 76 | PnL=$-3557 wr=37% | improve=1 sem_db=30 | 12.4s/c ETA 62s | zero_streak=1

[96m══════════════════════════════════════════════════════[0m
[96m══ TRAINING DIAGNOSTICS (cycle 200) ═════════════════════[0m
[96m══════════════════════════════════════════════════════[0m
  [1mREGIME:       [0m [93mCRISIS[0m (conf: 0.37)
  [1mDATA FRESH:   [0m [92m✅ 0.0min ago[0m
  [1mSIGNALS:      [0m 11/20 active
  [1mSIT-OUT:      [0m [92mNO[0m
  [1mCONVICTION:   [0m BTC: -0.04 (HOLD) | ETH: +0.00 (HOLD) | SOL: +0.04 (HOLD) | BNB: +0.01 (HOLD) | XRP: -0.08 ([91mSELL[0m) | ADA: +0.07 ([92mBUY[0m) | DOT: +0.12 ([92mBUY[0m) | AVAX: +0.05 (HOLD) | LINK: +0.06 ([92mBUY[0m) | MATIC: -0.10 ([91mSELL[0m) | NEAR: +0.12 ([92mBUY[0m) | SUI: -0.07 ([91mSELL[0m) | ARB: -0.16 ([91mSELL[0m)
  [1mTRADES:       [0m open=2 closed=78 | PnL=$-3452.23 | WR=37%
  [1mLONG/SHORT:   [0m longs=47 shorts=33
  [1mBLOCKERS:     [0m [92mNONE[0m
[96m══════════════════════════════════════════════════════[0m

22:36:52 Cycle 200/200 [CRIS] OK       | fresh=0.0min | open= 2 closed= 78 | PnL=$-3452 wr=37% | improve=1 sem_db=30 | 12.4s/c ETA 0s | zero_streak=2
22:36:52 V207A_RECENT_R1: no baseline version found for gate comparison
22:36:52 Attribution — alpha: $-1144.04  beta: $+8701187.18  timing: $-8705179.18  selection: $+0.00
22:36:52 Attribution report  : /Users/benebsworth/projects/omega/data/v207a_recent_r1_attribution.json
22:36:52 
22:36:52 ======================================================================
22:36:52 V207A_RECENT_R1 COMPLETE — 200 cycles in 2479s (12.39s/cycle)
22:36:52 ======================================================================
22:36:52 improve_calls         : 1
22:36:52 semantic_patterns_db  : 30
22:36:52 Closed trades         : 78  (long=46  short=32)
22:36:52 Total PnL             : $-3452.23  (engine realised: $-3452.23)
22:36:52 Win rate              : 37.2%  (29/78)
22:36:52 Profit factor         : 0.85
22:36:52 --- Observability ---
22:36:52 Zero-trade cycles     : 134 / 200  (67%)
22:36:52 Circuit breaker trips : 0
22:36:52 Final vol threshold   : 0.000
22:36:52 Metrics JSONL         : /tmp/v207a_recent_r1_metrics.jsonl
22:36:52 Results               : /Users/benebsworth/projects/omega/data/v207a_recent_r1_results.json
22:36:52 ======================================================================
