23:58:30 RNG seed set to 42 (deterministic mode)
23:58:30 BACKTEST MODE: WS signals disabled (whale_prints, ws_microstructure)
23:58:30 ======================================================================
23:58:30 Training Run v207a_trend_r2 — 200 cycles  sleep=10s
23:58:30 CoinGecko key  : CG-YPzBAPag5...
23:58:30 Database URL   : postgresql://omega:omega@localhost:5432/...
23:58:30 Metrics JSONL  : /tmp/v207a_trend_r2_metrics.jsonl
23:58:30 Log file       : /tmp/v207a_trend_r2_training.log
23:58:30 Features ON    : ffg_gate1_enabled, ffg_gate4_enabled
23:58:30 ======================================================================
23:58:31 V207a: OMEGA_FROZEN_CACHE=1 — skipping macro warm_up (no live FRED/funding fetches)
23:58:31 BACKTEST MODE: ingestion replaced by ReplayIngestionNode (snap_trending_2023q4, 153 steps)
23:58:31 ImprovementEngine: SyntheticEvaluator injected
23:58:31 Decision snapshots → /tmp/v207a_trend_r2_decisions.jsonl (+ Postgres if configured)
23:58:31 SignalDecayDetector: loaded from data/signal_ic_history.json

[96m══════════════════════════════════════════════════════[0m
[96m══ TRAINING DIAGNOSTICS (cycle 0) ═══════════════════════[0m
[96m══════════════════════════════════════════════════════[0m
  [1mREGIME:       [0m [91mUNKN ⚠️[0m
  [1mDATA FRESH:   [0m [92m✅ 0.0min ago[0m
  [1mSIGNALS:      [0m [93mnone yet[0m
  [1mSIT-OUT:      [0m [92mNO[0m
  [1mCONVICTION:   [0m [93mn/a[0m
  [1mTRADES:       [0m open=0 closed=0 | PnL=$+0.00 | WR=0%
  [1mLONG/SHORT:   [0m longs=0 shorts=0
  [1mBLOCKERS:     [0m [91mRegime detector not firing | No signal data yet (first cycle?)[0m
[96m══════════════════════════════════════════════════════[0m

23:58:42 Cycle   1/200 [NORM] OK       | fresh=0.0min | open= 0 closed=  0 | PnL=$+0 wr=0% | improve=0 sem_db=30 | 10.8s/c ETA 2146s | zero_streak=1
23:59:29 Cycle   5/200 [NORM] OK       | fresh=0.0min | open= 3 closed=  1 | PnL=$-149 wr=0% | improve=0 sem_db=30 | 11.7s/c ETA 2273s | zero_streak=0

[96m══════════════════════════════════════════════════════[0m
[96m══ TRAINING DIAGNOSTICS (cycle 10) ══════════════════════[0m
[96m══════════════════════════════════════════════════════[0m
  [1mREGIME:       [0m [93mCRISIS[0m (conf: 0.00)
  [1mDATA FRESH:   [0m [92m✅ 0.0min ago[0m
  [1mSIGNALS:      [0m 10/20 active
  [1mSIT-OUT:      [0m [92mNO[0m
  [1mCONVICTION:   [0m BTC: -0.00 (HOLD) | ETH: +0.00 (HOLD) | SOL: +0.00 (HOLD) | BNB: +0.00 (HOLD) | XRP: +0.00 (HOLD) | ADA: +0.00 (HOLD) | DOT: +0.00 (HOLD) | AVAX: +0.00 (HOLD) | LINK: +0.00 (HOLD) | MATIC: +0.00 (HOLD) | NEAR: +0.00 (HOLD) | SUI: +0.00 (HOLD) | ARB: +0.00 (HOLD)
  [1mTRADES:       [0m open=3 closed=3 | PnL=$+125.68 | WR=33%
  [1mLONG/SHORT:   [0m longs=3 shorts=3
  [1mBLOCKERS:     [0m [91mNo conviction above threshold (all HOLD)[0m
[96m══════════════════════════════════════════════════════[0m

00:00:41 Cycle  10/200 [CRIS] OK       | fresh=0.0min | open= 3 closed=  3 | PnL=$+126 wr=33% | improve=0 sem_db=30 | 13.0s/c ETA 2463s | zero_streak=1
00:01:40 Cycle  15/200 [CRIS] OK       | fresh=0.0min | open= 1 closed=  6 | PnL=$+1602 wr=50% | improve=1 sem_db=30 | 12.6s/c ETA 2324s | zero_streak=1

[96m══════════════════════════════════════════════════════[0m
[96m══ TRAINING DIAGNOSTICS (cycle 20) ══════════════════════[0m
[96m══════════════════════════════════════════════════════[0m
  [1mREGIME:       [0m [93mCRISIS[0m (conf: 0.37)
  [1mDATA FRESH:   [0m [92m✅ 0.0min ago[0m
  [1mSIGNALS:      [0m 10/20 active
  [1mSIT-OUT:      [0m [92mNO[0m
  [1mCONVICTION:   [0m BTC: -0.03 (HOLD) | ETH: -0.01 (HOLD) | SOL: +0.05 (HOLD) | BNB: -0.04 (HOLD) | XRP: -0.18 ([91mSELL[0m) | ADA: +0.05 (HOLD) | DOT: +0.05 (HOLD) | AVAX: +0.05 (HOLD) | LINK: +0.05 (HOLD) | MATIC: +0.05 (HOLD) | NEAR: +0.05 (HOLD) | SUI: +0.05 (HOLD) | ARB: -0.11 ([91mSELL[0m)
  [1mTRADES:       [0m open=0 closed=7 | PnL=$+523.52 | WR=43%
  [1mLONG/SHORT:   [0m longs=4 shorts=3
  [1mBLOCKERS:     [0m [92mNONE[0m
[96m══════════════════════════════════════════════════════[0m

00:02:48 Cycle  20/200 [CRIS] OK       | fresh=0.0min | open= 0 closed=  7 | PnL=$+524 wr=43% | improve=1 sem_db=30 | 12.9s/c ETA 2314s | zero_streak=4
00:03:48 Cycle  25/200 [HIGH] OK       | fresh=0.0min | open= 0 closed=  7 | PnL=$+524 wr=43% | improve=1 sem_db=30 | 12.7s/c ETA 2219s | zero_streak=9

[96m══════════════════════════════════════════════════════[0m
[96m══ TRAINING DIAGNOSTICS (cycle 30) ══════════════════════[0m
[96m══════════════════════════════════════════════════════[0m
  [1mREGIME:       [0m [93mHIGH_VOL[0m (conf: 0.37)
  [1mDATA FRESH:   [0m [92m✅ 0.0min ago[0m
  [1mSIGNALS:      [0m 10/20 active
  [1mSIT-OUT:      [0m [92mNO[0m
  [1mCONVICTION:   [0m BTC: +0.04 (HOLD) | ETH: +0.03 (HOLD) | SOL: +0.03 (HOLD) | BNB: -0.15 ([91mSELL[0m) | XRP: -0.08 ([91mSELL[0m) | ADA: +0.07 ([92mBUY[0m) | DOT: -0.03 (HOLD) | AVAX: +0.17 ([92mBUY[0m) | LINK: -0.02 (HOLD) | MATIC: -0.25 ([91mSELL[0m) | NEAR: +0.14 ([92mBUY[0m) | SUI: +0.17 ([92mBUY[0m) | ARB: -0.11 ([91mSELL[0m)
  [1mTRADES:       [0m open=1 closed=7 | PnL=$+523.52 | WR=43%
  [1mLONG/SHORT:   [0m longs=4 shorts=4
  [1mBLOCKERS:     [0m [92mNONE[0m
[96m══════════════════════════════════════════════════════[0m

00:04:59 Cycle  30/200 [HIGH] OK       | fresh=0.0min | open= 1 closed=  7 | PnL=$+524 wr=43% | improve=1 sem_db=30 | 12.9s/c ETA 2198s | zero_streak=14
00:05:34 ZERO_STREAK_ALERT cycle=33 streak=16 basket_std=0.2000 basket_mean=0.0000 composites={}
00:05:46 ZERO_STREAK_ALERT cycle=34 streak=17 basket_std=0.2000 basket_mean=0.0000 composites={}
00:05:57 Cycle  35/200 [NORM] OK       | fresh=0.0min | open= 0 closed=  8 | PnL=$+9 wr=38% | improve=1 sem_db=30 | 12.8s/c ETA 2104s | zero_streak=1

[96m══════════════════════════════════════════════════════[0m
[96m══ TRAINING DIAGNOSTICS (cycle 40) ══════════════════════[0m
[96m══════════════════════════════════════════════════════[0m
  [1mREGIME:       [0m [93mNORMAL[0m (conf: 0.37)
  [1mDATA FRESH:   [0m [92m✅ 0.0min ago[0m
  [1mSIGNALS:      [0m 11/20 active
  [1mSIT-OUT:      [0m [92mNO[0m
  [1mCONVICTION:   [0m BTC: +0.01 (HOLD) | ETH: +0.01 (HOLD) | SOL: +0.01 (HOLD) | BNB: -0.12 ([91mSELL[0m) | XRP: -0.01 (HOLD) | ADA: +0.01 (HOLD) | DOT: +0.01 (HOLD) | AVAX: +0.01 (HOLD) | LINK: +0.01 (HOLD) | MATIC: +0.01 (HOLD) | NEAR: +0.01 (HOLD) | SUI: +0.01 (HOLD) | ARB: +0.01 (HOLD)
  [1mTRADES:       [0m open=1 closed=9 | PnL=$-20.69 | WR=33%
  [1mLONG/SHORT:   [0m longs=6 shorts=4
  [1mBLOCKERS:     [0m [92mNONE[0m
[96m══════════════════════════════════════════════════════[0m

00:07:04 Cycle  40/200 [NORM] OK       | fresh=0.0min | open= 1 closed=  9 | PnL=$-21 wr=33% | improve=1 sem_db=30 | 12.8s/c ETA 2053s | zero_streak=2
00:08:03 Cycle  45/200 [NORM] OK       | fresh=0.0min | open= 0 closed= 10 | PnL=$+244 wr=40% | improve=1 sem_db=30 | 12.7s/c ETA 1970s | zero_streak=2

[96m══════════════════════════════════════════════════════[0m
[96m══ TRAINING DIAGNOSTICS (cycle 50) ══════════════════════[0m
[96m══════════════════════════════════════════════════════[0m
  [1mREGIME:       [0m [93mNORMAL[0m (conf: 0.37)
  [1mDATA FRESH:   [0m [92m✅ 0.0min ago[0m
  [1mSIGNALS:      [0m 11/20 active
  [1mSIT-OUT:      [0m [92mNO[0m
  [1mCONVICTION:   [0m BTC: -0.00 (HOLD) | ETH: -0.03 (HOLD) | SOL: +0.09 ([92mBUY[0m) | BNB: +0.05 (HOLD) | XRP: -0.09 ([91mSELL[0m) | ADA: +0.09 ([92mBUY[0m) | DOT: +0.09 ([92mBUY[0m) | AVAX: +0.09 ([92mBUY[0m) | LINK: -0.19 ([91mSELL[0m) | MATIC: -0.04 (HOLD) | NEAR: +0.08 ([92mBUY[0m) | SUI: -0.11 ([91mSELL[0m) | ARB: -0.02 (HOLD)
  [1mTRADES:       [0m open=0 closed=10 | PnL=$+243.97 | WR=40%
  [1mLONG/SHORT:   [0m longs=6 shorts=4
  [1mBLOCKERS:     [0m [92mNONE[0m
[96m══════════════════════════════════════════════════════[0m

00:09:16 Cycle  50/200 [NORM] OK       | fresh=0.0min | open= 0 closed= 10 | PnL=$+244 wr=40% | improve=1 sem_db=30 | 12.9s/c ETA 1935s | zero_streak=7
00:10:28 Cycle  55/200 [NORM] OK       | fresh=0.0min | open= 0 closed= 10 | PnL=$+244 wr=40% | improve=1 sem_db=30 | 13.0s/c ETA 1890s | zero_streak=12

[96m══════════════════════════════════════════════════════[0m
[96m══ TRAINING DIAGNOSTICS (cycle 60) ══════════════════════[0m
[96m══════════════════════════════════════════════════════[0m
  [1mREGIME:       [0m [93mNORMAL[0m (conf: 0.37)
  [1mDATA FRESH:   [0m [92m✅ 0.0min ago[0m
  [1mSIGNALS:      [0m 11/20 active
  [1mSIT-OUT:      [0m [92mNO[0m
  [1mCONVICTION:   [0m BTC: -0.16 ([91mSELL[0m) | ETH: -0.13 ([91mSELL[0m) | SOL: +0.08 ([92mBUY[0m) | BNB: +0.08 ([92mBUY[0m) | XRP: -0.15 ([91mSELL[0m) | ADA: -0.12 ([91mSELL[0m) | DOT: +0.08 ([92mBUY[0m) | AVAX: +0.06 ([92mBUY[0m) | LINK: -0.04 (HOLD) | MATIC: +0.08 ([92mBUY[0m) | NEAR: +0.08 ([92mBUY[0m) | SUI: +0.08 ([92mBUY[0m) | ARB: +0.08 ([92mBUY[0m)
  [1mTRADES:       [0m open=0 closed=11 | PnL=$-70.03 | WR=36%
  [1mLONG/SHORT:   [0m longs=6 shorts=5
  [1mBLOCKERS:     [0m [92mNONE[0m
[96m══════════════════════════════════════════════════════[0m

00:11:26 Cycle  60/200 [NORM] OK       | fresh=0.0min | open= 0 closed= 11 | PnL=$-70 wr=36% | improve=1 sem_db=30 | 12.9s/c ETA 1809s | zero_streak=1
00:12:24 Cycle  65/200 [CRIS] OK       | fresh=0.0min | open= 1 closed= 11 | PnL=$-70 wr=36% | improve=1 sem_db=30 | 12.8s/c ETA 1730s | zero_streak=6

[96m══════════════════════════════════════════════════════[0m
[96m══ TRAINING DIAGNOSTICS (cycle 70) ══════════════════════[0m
[96m══════════════════════════════════════════════════════[0m
  [1mREGIME:       [0m [93mCRISIS[0m (conf: 0.37)
  [1mDATA FRESH:   [0m [92m✅ 0.0min ago[0m
  [1mSIGNALS:      [0m 12/20 active
  [1mSIT-OUT:      [0m [92mNO[0m
  [1mCONVICTION:   [0m BTC: +0.14 ([92mBUY[0m) | ETH: +0.05 ([92mBUY[0m) | SOL: -0.02 (HOLD) | BNB: +0.24 ([92mBUY[0m) | XRP: -0.10 ([91mSELL[0m) | ADA: -0.20 ([91mSELL[0m) | DOT: -0.16 ([91mSELL[0m) | AVAX: -0.22 ([91mSELL[0m) | LINK: -0.14 ([91mSELL[0m) | MATIC: -0.11 ([91mSELL[0m) | NEAR: +0.05 ([92mBUY[0m) | SUI: +0.24 ([92mBUY[0m) | ARB: +0.24 ([92mBUY[0m)
  [1mTRADES:       [0m open=2 closed=11 | PnL=$-70.03 | WR=36%
  [1mLONG/SHORT:   [0m longs=7 shorts=6
  [1mBLOCKERS:     [0m [92mNONE[0m
[96m══════════════════════════════════════════════════════[0m

00:13:22 Cycle  70/200 [CRIS] OK       | fresh=0.0min | open= 2 closed= 11 | PnL=$-70 wr=36% | improve=1 sem_db=30 | 12.7s/c ETA 1654s | zero_streak=11
00:14:26 Cycle  75/200 [CRIS] OK       | fresh=0.0min | open= 1 closed= 12 | PnL=$+504 wr=42% | improve=1 sem_db=30 | 12.7s/c ETA 1591s | zero_streak=2

[96m══════════════════════════════════════════════════════[0m
[96m══ TRAINING DIAGNOSTICS (cycle 80) ══════════════════════[0m
[96m══════════════════════════════════════════════════════[0m
  [1mREGIME:       [0m [93mCRISIS[0m (conf: 0.37)
  [1mDATA FRESH:   [0m [92m✅ 0.0min ago[0m
  [1mSIGNALS:      [0m 12/20 active
  [1mSIT-OUT:      [0m [92mNO[0m
  [1mCONVICTION:   [0m BTC: -0.05 ([91mSELL[0m) | ETH: +0.17 ([92mBUY[0m) | SOL: -0.05 ([91mSELL[0m) | BNB: +0.03 (HOLD) | XRP: -0.04 (HOLD) | ADA: -0.10 ([91mSELL[0m) | DOT: -0.08 ([91mSELL[0m) | AVAX: -0.09 ([91mSELL[0m) | LINK: +0.13 ([92mBUY[0m) | MATIC: -0.11 ([91mSELL[0m) | NEAR: -0.16 ([91mSELL[0m) | SUI: +0.17 ([92mBUY[0m) | ARB: +0.17 ([92mBUY[0m)
  [1mTRADES:       [0m open=0 closed=13 | PnL=$+1968.25 | WR=46%
  [1mLONG/SHORT:   [0m longs=7 shorts=6
  [1mBLOCKERS:     [0m [92mNONE[0m
[96m══════════════════════════════════════════════════════[0m

00:15:23 Cycle  80/200 [CRIS] OK       | fresh=0.0min | open= 0 closed= 13 | PnL=$+1968 wr=46% | improve=1 sem_db=30 | 12.7s/c ETA 1518s | zero_streak=0
00:16:21 Cycle  85/200 [CRIS] OK       | fresh=0.0min | open= 0 closed= 14 | PnL=$+1474 wr=43% | improve=1 sem_db=30 | 12.6s/c ETA 1448s | zero_streak=0

[96m══════════════════════════════════════════════════════[0m
[96m══ TRAINING DIAGNOSTICS (cycle 90) ══════════════════════[0m
[96m══════════════════════════════════════════════════════[0m
  [1mREGIME:       [0m [93mNORMAL[0m (conf: 0.37)
  [1mDATA FRESH:   [0m [92m✅ 0.0min ago[0m
  [1mSIGNALS:      [0m 11/20 active
  [1mSIT-OUT:      [0m [92mNO[0m
  [1mCONVICTION:   [0m BTC: +0.05 (HOLD) | ETH: -0.06 ([91mSELL[0m) | SOL: +0.03 (HOLD) | BNB: +0.11 ([92mBUY[0m) | XRP: -0.01 (HOLD) | ADA: -0.05 ([91mSELL[0m) | DOT: -0.09 ([91mSELL[0m) | AVAX: -0.06 ([91mSELL[0m) | LINK: +0.06 ([92mBUY[0m) | MATIC: -0.06 ([91mSELL[0m) | NEAR: -0.13 ([91mSELL[0m) | SUI: +0.32 ([92mBUY[0m) | ARB: -0.12 ([91mSELL[0m)
  [1mTRADES:       [0m open=1 closed=14 | PnL=$+1473.59 | WR=43%
  [1mLONG/SHORT:   [0m longs=9 shorts=6
  [1mBLOCKERS:     [0m [92mNONE[0m
[96m══════════════════════════════════════════════════════[0m

00:17:18 Cycle  90/200 [NORM] OK       | fresh=0.0min | open= 1 closed= 14 | PnL=$+1474 wr=43% | improve=1 sem_db=30 | 12.5s/c ETA 1377s | zero_streak=5
00:18:17 Cycle  95/200 [NORM] OK       | fresh=0.0min | open= 2 closed= 15 | PnL=$+1715 wr=47% | improve=1 sem_db=30 | 12.5s/c ETA 1311s | zero_streak=2

[96m══════════════════════════════════════════════════════[0m
[96m══ TRAINING DIAGNOSTICS (cycle 100) ═════════════════════[0m
[96m══════════════════════════════════════════════════════[0m
  [1mREGIME:       [0m [93mHIGH_VOL[0m (conf: 0.37)
  [1mDATA FRESH:   [0m [92m✅ 0.0min ago[0m
  [1mSIGNALS:      [0m 11/20 active
  [1mSIT-OUT:      [0m [92mNO[0m
  [1mCONVICTION:   [0m BTC: +0.03 (HOLD) | ETH: -0.06 ([91mSELL[0m) | SOL: +0.07 ([92mBUY[0m) | BNB: -0.08 ([91mSELL[0m) | XRP: -0.14 ([91mSELL[0m) | ADA: -0.01 (HOLD) | DOT: -0.02 (HOLD) | AVAX: +0.13 ([92mBUY[0m) | LINK: +0.13 ([92mBUY[0m) | MATIC: +0.00 (HOLD) | NEAR: -0.12 ([91mSELL[0m) | SUI: +0.13 ([92mBUY[0m) | ARB: -0.08 ([91mSELL[0m)
  [1mTRADES:       [0m open=0 closed=17 | PnL=$+1521.67 | WR=41%
  [1mLONG/SHORT:   [0m longs=9 shorts=8
  [1mBLOCKERS:     [0m [92mNONE[0m
[96m══════════════════════════════════════════════════════[0m

00:19:19 Cycle 100/200 [HIGH] OK       | fresh=0.0min | open= 0 closed= 17 | PnL=$+1522 wr=41% | improve=1 sem_db=30 | 12.5s/c ETA 1248s | zero_streak=0
00:20:17 Cycle 105/200 [HIGH] OK       | fresh=0.0min | open= 0 closed= 19 | PnL=$+707 wr=37% | improve=1 sem_db=30 | 12.4s/c ETA 1181s | zero_streak=0

[96m══════════════════════════════════════════════════════[0m
[96m══ TRAINING DIAGNOSTICS (cycle 110) ═════════════════════[0m
[96m══════════════════════════════════════════════════════[0m
  [1mREGIME:       [0m [93mHIGH_VOL[0m (conf: 0.37)
  [1mDATA FRESH:   [0m [92m✅ 0.0min ago[0m
  [1mSIGNALS:      [0m 11/20 active
  [1mSIT-OUT:      [0m [92mNO[0m
  [1mCONVICTION:   [0m BTC: -0.00 (HOLD) | ETH: -0.00 (HOLD) | SOL: -0.00 (HOLD) | BNB: -0.00 (HOLD) | XRP: -0.00 (HOLD) | ADA: -0.00 (HOLD) | DOT: -0.00 (HOLD) | AVAX: -0.00 (HOLD) | LINK: -0.00 (HOLD) | MATIC: -0.00 (HOLD) | NEAR: -0.00 (HOLD) | SUI: -0.00 (HOLD) | ARB: -0.00 (HOLD)
  [1mTRADES:       [0m open=0 closed=19 | PnL=$+706.88 | WR=37%
  [1mLONG/SHORT:   [0m longs=9 shorts=10
  [1mBLOCKERS:     [0m [91mNo conviction above threshold (all HOLD)[0m
[96m══════════════════════════════════════════════════════[0m

00:21:15 Cycle 110/200 [HIGH] OK       | fresh=0.0min | open= 0 closed= 19 | PnL=$+707 wr=37% | improve=1 sem_db=30 | 12.4s/c ETA 1116s | zero_streak=5
00:22:14 Cycle 115/200 [NORM] OK       | fresh=0.0min | open= 1 closed= 19 | PnL=$+707 wr=37% | improve=1 sem_db=30 | 12.4s/c ETA 1052s | zero_streak=10

[96m══════════════════════════════════════════════════════[0m
[96m══ TRAINING DIAGNOSTICS (cycle 120) ═════════════════════[0m
[96m══════════════════════════════════════════════════════[0m
  [1mREGIME:       [0m [93mNORMAL[0m (conf: 0.37)
  [1mDATA FRESH:   [0m [92m✅ 0.0min ago[0m
  [1mSIGNALS:      [0m 11/20 active
  [1mSIT-OUT:      [0m [92mNO[0m
  [1mCONVICTION:   [0m BTC: +0.09 ([92mBUY[0m) | ETH: +0.12 ([92mBUY[0m) | SOL: -0.14 ([91mSELL[0m) | BNB: +0.12 ([92mBUY[0m) | XRP: -0.00 (HOLD) | ADA: +0.07 ([92mBUY[0m) | DOT: +0.09 ([92mBUY[0m) | AVAX: -0.14 ([91mSELL[0m) | LINK: -0.14 ([91mSELL[0m) | MATIC: +0.12 ([92mBUY[0m) | NEAR: +0.12 ([92mBUY[0m) | SUI: -0.14 ([91mSELL[0m) | ARB: -0.19 ([91mSELL[0m)
  [1mTRADES:       [0m open=1 closed=20 | PnL=$+1389.00 | WR=40%
  [1mLONG/SHORT:   [0m longs=9 shorts=12
  [1mBLOCKERS:     [0m [92mNONE[0m
[96m══════════════════════════════════════════════════════[0m

00:23:12 Cycle 120/200 [NORM] OK       | fresh=0.0min | open= 1 closed= 20 | PnL=$+1389 wr=40% | improve=1 sem_db=30 | 12.3s/c ETA 987s | zero_streak=0
00:24:11 Cycle 125/200 [NORM] OK       | fresh=0.0min | open= 1 closed= 21 | PnL=$+1335 wr=38% | improve=1 sem_db=30 | 12.3s/c ETA 924s | zero_streak=2

[96m══════════════════════════════════════════════════════[0m
[96m══ TRAINING DIAGNOSTICS (cycle 130) ═════════════════════[0m
[96m══════════════════════════════════════════════════════[0m
  [1mREGIME:       [0m [93mCRISIS[0m (conf: 0.37)
  [1mDATA FRESH:   [0m [92m✅ 0.0min ago[0m
  [1mSIGNALS:      [0m 11/20 active
  [1mSIT-OUT:      [0m [92mNO[0m
  [1mCONVICTION:   [0m BTC: +0.03 (HOLD) | ETH: +0.03 (HOLD) | SOL: +0.03 (HOLD) | BNB: +0.03 (HOLD) | XRP: +0.03 (HOLD) | ADA: +0.03 (HOLD) | DOT: +0.03 (HOLD) | AVAX: +0.03 (HOLD) | LINK: -0.01 (HOLD) | MATIC: +0.03 (HOLD) | NEAR: +0.03 (HOLD) | SUI: -0.38 ([91mSELL[0m) | ARB: +0.03 (HOLD)
  [1mTRADES:       [0m open=0 closed=23 | PnL=$+1120.88 | WR=35%
  [1mLONG/SHORT:   [0m longs=9 shorts=14
  [1mBLOCKERS:     [0m [92mNONE[0m
[96m══════════════════════════════════════════════════════[0m

00:25:09 Cycle 130/200 [CRIS] OK       | fresh=0.0min | open= 0 closed= 23 | PnL=$+1121 wr=35% | improve=1 sem_db=30 | 12.3s/c ETA 861s | zero_streak=1
00:26:07 Cycle 135/200 [CRIS] OK       | fresh=0.0min | open= 0 closed= 23 | PnL=$+1121 wr=35% | improve=1 sem_db=30 | 12.3s/c ETA 797s | zero_streak=6

[96m══════════════════════════════════════════════════════[0m
[96m══ TRAINING DIAGNOSTICS (cycle 140) ═════════════════════[0m
[96m══════════════════════════════════════════════════════[0m
  [1mREGIME:       [0m [93mCRISIS[0m (conf: 0.37)
  [1mDATA FRESH:   [0m [92m✅ 0.0min ago[0m
  [1mSIGNALS:      [0m 12/20 active
  [1mSIT-OUT:      [0m [92mNO[0m
  [1mCONVICTION:   [0m BTC: +0.07 ([92mBUY[0m) | ETH: -0.02 (HOLD) | SOL: +0.10 ([92mBUY[0m) | BNB: +0.10 ([92mBUY[0m) | XRP: -0.01 (HOLD) | ADA: -0.09 ([91mSELL[0m) | DOT: +0.10 ([92mBUY[0m) | AVAX: +0.10 ([92mBUY[0m) | LINK: -0.16 ([91mSELL[0m) | MATIC: +0.01 (HOLD) | NEAR: +0.10 ([92mBUY[0m) | SUI: -0.06 ([91mSELL[0m) | ARB: -0.24 ([91mSELL[0m)
  [1mTRADES:       [0m open=2 closed=23 | PnL=$+1120.88 | WR=35%
  [1mLONG/SHORT:   [0m longs=10 shorts=15
  [1mBLOCKERS:     [0m [92mNONE[0m
[96m══════════════════════════════════════════════════════[0m

00:27:06 Cycle 140/200 [CRIS] OK       | fresh=0.0min | open= 2 closed= 23 | PnL=$+1121 wr=35% | improve=1 sem_db=30 | 12.2s/c ETA 735s | zero_streak=11
00:28:04 Cycle 145/200 [CRIS] OK       | fresh=0.0min | open= 2 closed= 26 | PnL=$+61 wr=35% | improve=1 sem_db=30 | 12.2s/c ETA 673s | zero_streak=1

[96m══════════════════════════════════════════════════════[0m
[96m══ TRAINING DIAGNOSTICS (cycle 150) ═════════════════════[0m
[96m══════════════════════════════════════════════════════[0m
  [1mREGIME:       [0m [93mCRISIS[0m (conf: 0.37)
  [1mDATA FRESH:   [0m [92m✅ 0.0min ago[0m
  [1mSIGNALS:      [0m 11/20 active
  [1mSIT-OUT:      [0m [92mNO[0m
  [1mCONVICTION:   [0m BTC: +0.04 (HOLD) | ETH: -0.10 ([91mSELL[0m) | SOL: +0.18 ([92mBUY[0m) | BNB: +0.13 ([92mBUY[0m) | XRP: -0.00 (HOLD) | ADA: -0.13 ([91mSELL[0m) | DOT: -0.15 ([91mSELL[0m) | AVAX: +0.17 ([92mBUY[0m) | LINK: -0.01 (HOLD) | MATIC: -0.17 ([91mSELL[0m) | NEAR: +0.11 ([92mBUY[0m) | SUI: +0.18 ([92mBUY[0m) | ARB: -0.25 ([91mSELL[0m)
  [1mTRADES:       [0m open=1 closed=27 | PnL=$+1130.54 | WR=37%
  [1mLONG/SHORT:   [0m longs=13 shorts=15
  [1mBLOCKERS:     [0m [92mNONE[0m
[96m══════════════════════════════════════════════════════[0m

00:29:08 Cycle 150/200 [CRIS] OK       | fresh=0.0min | open= 1 closed= 27 | PnL=$+1131 wr=37% | improve=1 sem_db=30 | 12.2s/c ETA 612s | zero_streak=3
00:30:07 Cycle 155/200 [HIGH] OK       | fresh=0.0min | open= 0 closed= 28 | PnL=$+1711 wr=39% | improve=1 sem_db=30 | 12.2s/c ETA 550s | zero_streak=3

[96m══════════════════════════════════════════════════════[0m
[96m══ TRAINING DIAGNOSTICS (cycle 160) ═════════════════════[0m
[96m══════════════════════════════════════════════════════[0m
  [1mREGIME:       [0m [93mHIGH_VOL[0m (conf: 0.37)
  [1mDATA FRESH:   [0m [92m✅ 0.0min ago[0m
  [1mSIGNALS:      [0m 12/20 active
  [1mSIT-OUT:      [0m [92mNO[0m
  [1mCONVICTION:   [0m BTC: +0.00 (HOLD) | ETH: +0.00 (HOLD) | SOL: +0.00 (HOLD) | BNB: -0.01 (HOLD) | XRP: +0.00 (HOLD) | ADA: +0.00 (HOLD) | DOT: +0.00 (HOLD) | AVAX: +0.00 (HOLD) | LINK: +0.00 (HOLD) | MATIC: +0.00 (HOLD) | NEAR: +0.00 (HOLD) | SUI: +0.00 (HOLD) | ARB: +0.00 (HOLD)
  [1mTRADES:       [0m open=0 closed=28 | PnL=$+1711.36 | WR=39%
  [1mLONG/SHORT:   [0m longs=13 shorts=15
  [1mBLOCKERS:     [0m [91mNo conviction above threshold (all HOLD)[0m
[96m══════════════════════════════════════════════════════[0m

00:31:06 Cycle 160/200 [HIGH] OK       | fresh=0.0min | open= 0 closed= 28 | PnL=$+1711 wr=39% | improve=1 sem_db=30 | 12.2s/c ETA 489s | zero_streak=8
00:32:04 Cycle 165/200 [NORM] OK       | fresh=0.0min | open= 0 closed= 28 | PnL=$+1711 wr=39% | improve=1 sem_db=30 | 12.2s/c ETA 427s | zero_streak=13
00:32:51 ZERO_STREAK_ALERT cycle=169 streak=16 basket_std=0.2000 basket_mean=0.0000 composites={}

[96m══════════════════════════════════════════════════════[0m
[96m══ TRAINING DIAGNOSTICS (cycle 170) ═════════════════════[0m
[96m══════════════════════════════════════════════════════[0m
  [1mREGIME:       [0m [93mNORMAL[0m (conf: 0.37)
  [1mDATA FRESH:   [0m [92m✅ 0.0min ago[0m
  [1mSIGNALS:      [0m 11/20 active
  [1mSIT-OUT:      [0m [92mNO[0m
  [1mCONVICTION:   [0m BTC: -0.01 (HOLD) | ETH: +0.00 (HOLD) | SOL: +0.00 (HOLD) | BNB: -0.01 (HOLD) | XRP: +0.00 (HOLD) | ADA: +0.00 (HOLD) | DOT: +0.00 (HOLD) | AVAX: +0.00 (HOLD) | LINK: +0.00 (HOLD) | MATIC: +0.00 (HOLD) | NEAR: +0.00 (HOLD) | SUI: +0.00 (HOLD) | ARB: +0.00 (HOLD)
  [1mTRADES:       [0m open=0 closed=28 | PnL=$+1711.36 | WR=39%
  [1mLONG/SHORT:   [0m longs=13 shorts=15
  [1mBLOCKERS:     [0m [91mNo conviction above threshold (all HOLD)[0m
[96m══════════════════════════════════════════════════════[0m

00:33:02 ZERO_STREAK_ALERT cycle=170 streak=17 basket_std=0.2000 basket_mean=0.0000 composites={}
00:33:02 Cycle 170/200 [NORM] OK       | fresh=0.0min | open= 0 closed= 28 | PnL=$+1711 wr=39% | improve=1 sem_db=30 | 12.2s/c ETA 365s | zero_streak=18
00:33:14 ZERO_STREAK_ALERT cycle=171 streak=18 basket_std=0.2000 basket_mean=0.0000 composites={}
00:33:26 ZERO_STREAK_ALERT cycle=172 streak=19 basket_std=0.2000 basket_mean=0.0000 composites={}
00:33:37 ZERO_STREAK_ALERT cycle=173 streak=20 basket_std=0.2000 basket_mean=0.0000 composites={}
00:33:49 ZERO_STREAK_ALERT cycle=174 streak=21 basket_std=0.2000 basket_mean=0.0000 composites={}
00:34:00 ZERO_STREAK_ALERT cycle=175 streak=22 basket_std=0.2000 basket_mean=0.0000 composites={}
00:34:00 Cycle 175/200 [NORM] OK       | fresh=0.0min | open= 1 closed= 28 | PnL=$+1711 wr=39% | improve=1 sem_db=30 | 12.2s/c ETA 304s | zero_streak=23
00:34:12 ZERO_STREAK_ALERT cycle=176 streak=23 basket_std=0.2000 basket_mean=0.0000 composites={}
00:34:25 ZERO_STREAK_ALERT cycle=177 streak=24 basket_std=0.2000 basket_mean=0.0000 composites={}
00:34:37 ZERO_STREAK_ALERT cycle=178 streak=25 basket_std=0.2000 basket_mean=0.0000 composites={}

[96m══════════════════════════════════════════════════════[0m
[96m══ TRAINING DIAGNOSTICS (cycle 180) ═════════════════════[0m
[96m══════════════════════════════════════════════════════[0m
  [1mREGIME:       [0m [93mNORMAL[0m (conf: 0.38)
  [1mDATA FRESH:   [0m [92m✅ 0.0min ago[0m
  [1mSIGNALS:      [0m 11/20 active
  [1mSIT-OUT:      [0m [92mNO[0m
  [1mCONVICTION:   [0m BTC: +0.07 ([92mBUY[0m) | ETH: +0.07 ([92mBUY[0m) | SOL: +0.15 ([92mBUY[0m) | BNB: -0.10 ([91mSELL[0m) | XRP: -0.16 ([91mSELL[0m) | ADA: +0.08 ([92mBUY[0m) | DOT: -0.04 (HOLD) | AVAX: +0.15 ([92mBUY[0m) | LINK: -0.01 (HOLD) | MATIC: -0.17 ([91mSELL[0m) | NEAR: +0.15 ([92mBUY[0m) | SUI: +0.00 (HOLD) | ARB: -0.20 ([91mSELL[0m)
  [1mTRADES:       [0m open=1 closed=30 | PnL=$+1570.79 | WR=40%
  [1mLONG/SHORT:   [0m longs=13 shorts=18
  [1mBLOCKERS:     [0m [92mNONE[0m
[96m══════════════════════════════════════════════════════[0m

00:35:00 Cycle 180/200 [NORM] OK       | fresh=0.0min | open= 1 closed= 30 | PnL=$+1571 wr=40% | improve=1 sem_db=30 | 12.2s/c ETA 243s | zero_streak=0
00:35:58 Cycle 185/200 [HIGH] OK       | fresh=0.0min | open= 1 closed= 30 | PnL=$+1571 wr=40% | improve=1 sem_db=30 | 12.1s/c ETA 182s | zero_streak=5

[96m══════════════════════════════════════════════════════[0m
[96m══ TRAINING DIAGNOSTICS (cycle 190) ═════════════════════[0m
[96m══════════════════════════════════════════════════════[0m
  [1mREGIME:       [0m [93mNORMAL[0m (conf: 0.38)
  [1mDATA FRESH:   [0m [92m✅ 0.0min ago[0m
  [1mSIGNALS:      [0m 11/20 active
  [1mSIT-OUT:      [0m [92mNO[0m
  [1mCONVICTION:   [0m BTC: +0.05 (HOLD) | ETH: +0.05 (HOLD) | SOL: +0.05 (HOLD) | BNB: -0.18 ([91mSELL[0m) | XRP: -0.08 ([91mSELL[0m) | ADA: -0.01 (HOLD) | DOT: +0.04 (HOLD) | AVAX: +0.02 (HOLD) | LINK: +0.05 (HOLD) | MATIC: -0.07 ([91mSELL[0m) | NEAR: +0.05 (HOLD) | SUI: +0.04 (HOLD) | ARB: -0.01 (HOLD)
  [1mTRADES:       [0m open=2 closed=31 | PnL=$+1672.66 | WR=42%
  [1mLONG/SHORT:   [0m longs=15 shorts=18
  [1mBLOCKERS:     [0m [92mNONE[0m
[96m══════════════════════════════════════════════════════[0m

00:36:57 Cycle 190/200 [NORM] OK       | fresh=0.0min | open= 2 closed= 31 | PnL=$+1673 wr=42% | improve=1 sem_db=30 | 12.1s/c ETA 121s | zero_streak=3
00:37:55 Cycle 195/200 [NORM] OK       | fresh=0.0min | open= 1 closed= 32 | PnL=$+1643 wr=41% | improve=1 sem_db=30 | 12.1s/c ETA 61s | zero_streak=3

[96m══════════════════════════════════════════════════════[0m
[96m══ TRAINING DIAGNOSTICS (cycle 200) ═════════════════════[0m
[96m══════════════════════════════════════════════════════[0m
  [1mREGIME:       [0m [93mNORMAL[0m (conf: 0.38)
  [1mDATA FRESH:   [0m [92m✅ 0.0min ago[0m
  [1mSIGNALS:      [0m 11/20 active
  [1mSIT-OUT:      [0m [92mNO[0m
  [1mCONVICTION:   [0m BTC: +0.02 (HOLD) | ETH: +0.00 (HOLD) | SOL: +0.03 (HOLD) | BNB: +0.03 (HOLD) | XRP: -0.08 ([91mSELL[0m) | ADA: +0.03 (HOLD) | DOT: +0.03 (HOLD) | AVAX: +0.03 (HOLD) | LINK: -0.13 ([91mSELL[0m) | MATIC: +0.03 (HOLD) | NEAR: +0.03 (HOLD) | SUI: -0.01 (HOLD) | ARB: +0.03 (HOLD)
  [1mTRADES:       [0m open=0 closed=33 | PnL=$+1907.59 | WR=42%
  [1mLONG/SHORT:   [0m longs=15 shorts=18
  [1mBLOCKERS:     [0m [92mNONE[0m
[96m══════════════════════════════════════════════════════[0m

00:38:54 Cycle 200/200 [NORM] OK       | fresh=0.0min | open= 0 closed= 33 | PnL=$+1908 wr=42% | improve=1 sem_db=30 | 12.1s/c ETA 0s | zero_streak=3
00:38:54 V207A_TREND_R2: no baseline version found for gate comparison
00:38:54 Attribution — alpha: $-1158.65  beta: $+2175645.85  timing: $+8215951.10  selection: $+0.00
00:38:54 Attribution report  : /Users/benebsworth/projects/omega/data/v207a_trend_r2_attribution.json
00:38:54 
00:38:54 ======================================================================
00:38:54 V207A_TREND_R2 COMPLETE — 200 cycles in 2422s (12.11s/cycle)
00:38:54 ======================================================================
00:38:54 improve_calls         : 1
00:38:54 semantic_patterns_db  : 30
00:38:54 Closed trades         : 33  (long=15  short=18)
00:38:54 Total PnL             : $+1907.59  (engine realised: $+1907.59)
00:38:54 Win rate              : 42.4%  (14/33)
00:38:54 Profit factor         : 1.25
00:38:54 --- Observability ---
00:38:54 Zero-trade cycles     : 168 / 200  (84%)
00:38:54 Circuit breaker trips : 0
00:38:54 Final vol threshold   : 0.000
00:38:54 Metrics JSONL         : /tmp/v207a_trend_r2_metrics.jsonl
00:38:54 Results               : /Users/benebsworth/projects/omega/data/v207a_trend_r2_results.json
00:38:54 ======================================================================
