21:25:22 RNG seed set to 42 (deterministic mode)
21:25:22 BACKTEST MODE: WS signals disabled (whale_prints, ws_microstructure)
21:25:22 ======================================================================
21:25:22 Training Run v212_recent_p2_r2 — 200 cycles  sleep=10s
21:25:22 CoinGecko key  : CG-YPzBAPag5...
21:25:22 Database URL   : postgresql://omega:omega@localhost:5432/...
21:25:22 Metrics JSONL  : /tmp/v212_recent_p2_r2_metrics.jsonl
21:25:22 Log file       : /tmp/v212_recent_p2_r2_training.log
21:25:22 Features ON    : ffg_gate1_enabled, ffg_gate4_enabled, strategy_selector_enabled
21:25:22 ======================================================================
21:25:22 V207a: OMEGA_FROZEN_CACHE=1 — skipping macro warm_up (no live FRED/funding fetches)
21:25:22 BACKTEST MODE: ingestion replaced by ReplayIngestionNode (snap_20260414, 60 steps)
21:25:22 ImprovementEngine: SyntheticEvaluator injected
21:25:22 Decision snapshots → /tmp/v212_recent_p2_r2_decisions.jsonl (+ Postgres if configured)
21:25:22 SignalDecayDetector: loaded from data/signal_ic_history.json

[96m══════════════════════════════════════════════════════[0m
[96m══ TRAINING DIAGNOSTICS (cycle 0) ═══════════════════════[0m
[96m══════════════════════════════════════════════════════[0m
  [1mREGIME:       [0m [91mUNKN ⚠️[0m
  [1mDATA FRESH:   [0m [92m✅ 0.0min ago[0m
  [1mSIGNALS:      [0m [93mnone yet[0m
  [1mSIT-OUT:      [0m [92mNO[0m
  [1mCONVICTION:   [0m [93mn/a[0m
  [1mTRADES:       [0m open=0 closed=0 | PnL=$+0.00 | WR=0%
  [1mLONG/SHORT:   [0m longs=0 shorts=0
  [1mBLOCKERS:     [0m [91mRegime detector not firing | No signal data yet (first cycle?)[0m
[96m══════════════════════════════════════════════════════[0m

21:25:35 Cycle   1/200 [NORM] OK       | fresh=0.0min | open= 0 closed=  0 | PnL=$+0 wr=0% | improve=0 sem_db=30 | 12.2s/c ETA 2424s | zero_streak=1
21:26:22 Cycle   5/200 [CRIS] OK       | fresh=0.0min | open= 0 closed=  1 | PnL=$-895 wr=0% | improve=0 sem_db=30 | 11.8s/c ETA 2303s | zero_streak=2

[96m══════════════════════════════════════════════════════[0m
[96m══ TRAINING DIAGNOSTICS (cycle 10) ══════════════════════[0m
[96m══════════════════════════════════════════════════════[0m
  [1mREGIME:       [0m [93mNORMAL[0m (conf: 0.00)
  [1mDATA FRESH:   [0m [92m✅ 0.0min ago[0m
  [1mSIGNALS:      [0m 10/20 active
  [1mSIT-OUT:      [0m [92mNO[0m
  [1mCONVICTION:   [0m BTC: -0.00 (HOLD) | ETH: -0.03 (HOLD) | SOL: -0.01 (HOLD) | BNB: -0.03 (HOLD) | XRP: +0.03 (HOLD) | ADA: +0.08 ([92mBUY[0m) | DOT: +0.01 (HOLD) | AVAX: -0.03 (HOLD) | LINK: +0.05 (HOLD) | MATIC: +0.16 ([92mBUY[0m) | NEAR: +0.02 (HOLD) | SUI: -0.05 (HOLD) | ARB: -0.19 ([91mSELL[0m)
  [1mTRADES:       [0m open=2 closed=1 | PnL=$-894.92 | WR=0%
  [1mLONG/SHORT:   [0m longs=2 shorts=1
  [1mBLOCKERS:     [0m [92mNONE[0m
[96m══════════════════════════════════════════════════════[0m

21:27:34 Cycle 10: SemanticMemoryNode stored 3 patterns
21:27:34 Cycle  10/200 [NORM] OK       | fresh=0.0min | open= 2 closed=  1 | PnL=$-895 wr=0% | improve=0 sem_db=30 | 13.2s/c ETA 2503s | zero_streak=7
21:28:32 Cycle  15/200 [CRIS] OK       | fresh=0.0min | open= 0 closed=  4 | PnL=$-2765 wr=0% | improve=1 sem_db=30 | 12.7s/c ETA 2342s | zero_streak=0

[96m══════════════════════════════════════════════════════[0m
[96m══ TRAINING DIAGNOSTICS (cycle 20) ══════════════════════[0m
[96m══════════════════════════════════════════════════════[0m
  [1mREGIME:       [0m [93mCRISIS[0m (conf: 0.37)
  [1mDATA FRESH:   [0m [92m✅ 0.0min ago[0m
  [1mSIGNALS:      [0m 10/20 active
  [1mSIT-OUT:      [0m [92mNO[0m
  [1mCONVICTION:   [0m BTC: +0.00 (HOLD) | ETH: +0.00 (HOLD) | SOL: +0.03 (HOLD) | BNB: +0.03 (HOLD) | XRP: -0.11 ([91mSELL[0m) | ADA: -0.08 ([91mSELL[0m) | DOT: +0.25 ([92mBUY[0m) | AVAX: -0.07 ([91mSELL[0m) | LINK: +0.00 (HOLD) | MATIC: -0.14 ([91mSELL[0m) | NEAR: +0.29 ([92mBUY[0m) | SUI: -0.11 ([91mSELL[0m) | ARB: -0.10 ([91mSELL[0m)
  [1mTRADES:       [0m open=0 closed=6 | PnL=$-3427.99 | WR=0%
  [1mLONG/SHORT:   [0m longs=3 shorts=3
  [1mBLOCKERS:     [0m [92mNONE[0m
[96m══════════════════════════════════════════════════════[0m

21:29:44 Cycle  20/200 [CRIS] OK       | fresh=0.0min | open= 0 closed=  6 | PnL=$-3428 wr=0% | improve=1 sem_db=30 | 13.1s/c ETA 2355s | zero_streak=2
21:30:44 Cycle  25/200 [HIGH] OK       | fresh=0.0min | open= 0 closed=  6 | PnL=$-3428 wr=0% | improve=1 sem_db=30 | 12.9s/c ETA 2250s | zero_streak=7

[96m══════════════════════════════════════════════════════[0m
[96m══ TRAINING DIAGNOSTICS (cycle 30) ══════════════════════[0m
[96m══════════════════════════════════════════════════════[0m
  [1mREGIME:       [0m [93mHIGH_VOL[0m (conf: 0.37)
  [1mDATA FRESH:   [0m [92m✅ 0.0min ago[0m
  [1mSIGNALS:      [0m 10/20 active
  [1mSIT-OUT:      [0m [92mNO[0m
  [1mCONVICTION:   [0m BTC: +0.05 (HOLD) | ETH: +0.05 (HOLD) | SOL: +0.01 (HOLD) | BNB: +0.05 (HOLD) | XRP: -0.03 (HOLD) | ADA: -0.12 ([91mSELL[0m) | DOT: -0.10 ([91mSELL[0m) | AVAX: +0.10 ([92mBUY[0m) | LINK: +0.01 (HOLD) | MATIC: -0.33 ([91mSELL[0m) | NEAR: +0.21 ([92mBUY[0m) | SUI: +0.13 ([92mBUY[0m) | ARB: -0.02 (HOLD)
  [1mTRADES:       [0m open=0 closed=6 | PnL=$-3427.99 | WR=0%
  [1mLONG/SHORT:   [0m longs=3 shorts=3
  [1mBLOCKERS:     [0m [92mNONE[0m
[96m══════════════════════════════════════════════════════[0m

21:31:52 Cycle  30/200 [HIGH] OK       | fresh=0.0min | open= 0 closed=  6 | PnL=$-3428 wr=0% | improve=1 sem_db=30 | 13.0s/c ETA 2209s | zero_streak=12
21:32:51 ZERO_STREAK_ALERT cycle=35 streak=16 basket_std=0.2000 basket_mean=0.0000 composites={}
21:32:51 Cycle  35/200 [NORM] OK       | fresh=0.0min | open= 0 closed=  6 | PnL=$-3428 wr=0% | improve=1 sem_db=30 | 12.8s/c ETA 2115s | zero_streak=17
21:33:03 ZERO_STREAK_ALERT cycle=36 streak=17 basket_std=0.2000 basket_mean=0.0000 composites={}
21:33:14 ZERO_STREAK_ALERT cycle=37 streak=18 basket_std=0.2000 basket_mean=0.0000 composites={}
21:33:26 ZERO_STREAK_ALERT cycle=38 streak=19 basket_std=0.2000 basket_mean=0.0000 composites={}
21:33:38 ZERO_STREAK_ALERT cycle=39 streak=20 basket_std=0.2000 basket_mean=0.0000 composites={}

[96m══════════════════════════════════════════════════════[0m
[96m══ TRAINING DIAGNOSTICS (cycle 40) ══════════════════════[0m
[96m══════════════════════════════════════════════════════[0m
  [1mREGIME:       [0m [93mNORMAL[0m (conf: 0.37)
  [1mDATA FRESH:   [0m [92m✅ 0.0min ago[0m
  [1mSIGNALS:      [0m 11/20 active
  [1mSIT-OUT:      [0m [92mNO[0m
  [1mCONVICTION:   [0m BTC: +0.01 (HOLD) | ETH: +0.06 ([92mBUY[0m) | SOL: +0.07 ([92mBUY[0m) | BNB: -0.01 (HOLD) | XRP: +0.04 (HOLD) | ADA: -0.02 (HOLD) | DOT: -0.07 ([91mSELL[0m) | AVAX: -0.00 (HOLD) | LINK: +0.00 (HOLD) | MATIC: +0.03 (HOLD) | NEAR: -0.01 (HOLD) | SUI: -0.04 (HOLD) | ARB: -0.07 ([91mSELL[0m)
  [1mTRADES:       [0m open=2 closed=8 | PnL=$-3451.77 | WR=12%
  [1mLONG/SHORT:   [0m longs=5 shorts=5
  [1mBLOCKERS:     [0m [92mNONE[0m
[96m══════════════════════════════════════════════════════[0m

21:34:02 Cycle  40/200 [NORM] OK       | fresh=0.0min | open= 2 closed=  8 | PnL=$-3452 wr=12% | improve=1 sem_db=30 | 13.0s/c ETA 2077s | zero_streak=0
21:35:00 Cycle  45/200 [NORM] OK       | fresh=0.0min | open= 2 closed=  9 | PnL=$-3579 wr=11% | improve=1 sem_db=30 | 12.8s/c ETA 1991s | zero_streak=3

[96m══════════════════════════════════════════════════════[0m
[96m══ TRAINING DIAGNOSTICS (cycle 50) ══════════════════════[0m
[96m══════════════════════════════════════════════════════[0m
  [1mREGIME:       [0m [93mHIGH_VOL[0m (conf: 0.38)
  [1mDATA FRESH:   [0m [92m✅ 0.0min ago[0m
  [1mSIGNALS:      [0m 12/20 active
  [1mSIT-OUT:      [0m [92mNO[0m
  [1mCONVICTION:   [0m BTC: +0.06 ([92mBUY[0m) | ETH: +0.09 ([92mBUY[0m) | SOL: -0.07 ([91mSELL[0m) | BNB: +0.00 (HOLD) | XRP: -0.01 (HOLD) | ADA: -0.04 (HOLD) | DOT: -0.07 ([91mSELL[0m) | AVAX: +0.01 (HOLD) | LINK: +0.05 ([92mBUY[0m) | MATIC: +0.10 ([92mBUY[0m) | NEAR: -0.07 ([91mSELL[0m) | SUI: -0.06 ([91mSELL[0m) | ARB: +0.01 (HOLD)
  [1mTRADES:       [0m open=1 closed=13 | PnL=$-3733.77 | WR=15%
  [1mLONG/SHORT:   [0m longs=6 shorts=8
  [1mBLOCKERS:     [0m [92mNONE[0m
[96m══════════════════════════════════════════════════════[0m

21:36:15 Cycle  50/200 [HIGH] OK       | fresh=0.0min | open= 1 closed= 13 | PnL=$-3734 wr=15% | improve=1 sem_db=30 | 13.1s/c ETA 1958s | zero_streak=0
21:37:33 Cycle  55/200 [HIGH] OK       | fresh=0.0min | open= 1 closed= 13 | PnL=$-3734 wr=15% | improve=1 sem_db=30 | 13.3s/c ETA 1926s | zero_streak=5

[96m══════════════════════════════════════════════════════[0m
[96m══ TRAINING DIAGNOSTICS (cycle 60) ══════════════════════[0m
[96m══════════════════════════════════════════════════════[0m
  [1mREGIME:       [0m [93mNORMAL[0m (conf: 0.37)
  [1mDATA FRESH:   [0m [92m✅ 0.0min ago[0m
  [1mSIGNALS:      [0m 11/20 active
  [1mSIT-OUT:      [0m [92mNO[0m
  [1mCONVICTION:   [0m BTC: +0.07 ([92mBUY[0m) | ETH: +0.12 ([92mBUY[0m) | SOL: -0.04 (HOLD) | BNB: -0.10 ([91mSELL[0m) | XRP: -0.06 ([91mSELL[0m) | ADA: -0.09 ([91mSELL[0m) | DOT: -0.09 ([91mSELL[0m) | AVAX: +0.02 (HOLD) | LINK: -0.01 (HOLD) | MATIC: -0.34 ([91mSELL[0m) | NEAR: +0.23 ([92mBUY[0m) | SUI: +0.05 (HOLD) | ARB: +0.25 ([92mBUY[0m)
  [1mTRADES:       [0m open=0 closed=14 | PnL=$-2783.53 | WR=21%
  [1mLONG/SHORT:   [0m longs=6 shorts=8
  [1mBLOCKERS:     [0m [92mNONE[0m
[96m══════════════════════════════════════════════════════[0m

21:38:33 Cycle  60/200 [NORM] OK       | fresh=0.0min | open= 0 closed= 14 | PnL=$-2784 wr=21% | improve=1 sem_db=30 | 13.2s/c ETA 1844s | zero_streak=1
21:39:32 Cycle  65/200 [CRIS] OK       | fresh=0.0min | open= 3 closed= 17 | PnL=$-5586 wr=24% | improve=1 sem_db=30 | 13.1s/c ETA 1764s | zero_streak=1

[96m══════════════════════════════════════════════════════[0m
[96m══ TRAINING DIAGNOSTICS (cycle 70) ══════════════════════[0m
[96m══════════════════════════════════════════════════════[0m
  [1mREGIME:       [0m [93mCRISIS[0m (conf: 0.37)
  [1mDATA FRESH:   [0m [92m✅ 0.0min ago[0m
  [1mSIGNALS:      [0m 11/20 active
  [1mSIT-OUT:      [0m [92mNO[0m
  [1mCONVICTION:   [0m BTC: -0.02 (HOLD) | ETH: -0.04 (HOLD) | SOL: -0.02 (HOLD) | BNB: -0.06 ([91mSELL[0m) | XRP: +0.05 (HOLD) | ADA: +0.10 ([92mBUY[0m) | DOT: +0.01 (HOLD) | AVAX: +0.02 (HOLD) | LINK: +0.05 (HOLD) | MATIC: +0.16 ([92mBUY[0m) | NEAR: +0.02 (HOLD) | SUI: -0.04 (HOLD) | ARB: -0.23 ([91mSELL[0m)
  [1mTRADES:       [0m open=2 closed=18 | PnL=$-5566.70 | WR=28%
  [1mLONG/SHORT:   [0m longs=9 shorts=11
  [1mBLOCKERS:     [0m [92mNONE[0m
[96m══════════════════════════════════════════════════════[0m

21:40:36 Cycle  70/200 [CRIS] OK       | fresh=0.0min | open= 2 closed= 18 | PnL=$-5567 wr=28% | improve=1 sem_db=30 | 13.0s/c ETA 1696s | zero_streak=1
21:41:35 Cycle  75/200 [CRIS] OK       | fresh=0.0min | open= 2 closed= 20 | PnL=$-4544 wr=30% | improve=1 sem_db=30 | 13.0s/c ETA 1620s | zero_streak=0

[96m══════════════════════════════════════════════════════[0m
[96m══ TRAINING DIAGNOSTICS (cycle 80) ══════════════════════[0m
[96m══════════════════════════════════════════════════════[0m
  [1mREGIME:       [0m [93mNORMAL[0m (conf: 0.37)
  [1mDATA FRESH:   [0m [92m✅ 0.0min ago[0m
  [1mSIGNALS:      [0m 11/20 active
  [1mSIT-OUT:      [0m [92mNO[0m
  [1mCONVICTION:   [0m BTC: -0.03 (HOLD) | ETH: -0.03 (HOLD) | SOL: +0.00 (HOLD) | BNB: +0.01 (HOLD) | XRP: -0.12 ([91mSELL[0m) | ADA: -0.06 ([91mSELL[0m) | DOT: +0.31 ([92mBUY[0m) | AVAX: -0.01 (HOLD) | LINK: -0.01 (HOLD) | MATIC: -0.10 ([91mSELL[0m) | NEAR: +0.31 ([92mBUY[0m) | SUI: -0.13 ([91mSELL[0m) | ARB: -0.12 ([91mSELL[0m)
  [1mTRADES:       [0m open=0 closed=22 | PnL=$-4856.77 | WR=32%
  [1mLONG/SHORT:   [0m longs=9 shorts=13
  [1mBLOCKERS:     [0m [92mNONE[0m
[96m══════════════════════════════════════════════════════[0m

21:42:33 Cycle  80/200 [NORM] OK       | fresh=0.0min | open= 0 closed= 22 | PnL=$-4857 wr=32% | improve=1 sem_db=30 | 12.9s/c ETA 1546s | zero_streak=1
21:43:32 Cycle  85/200 [NORM] OK       | fresh=0.0min | open= 2 closed= 23 | PnL=$-5541 wr=30% | improve=1 sem_db=30 | 12.8s/c ETA 1474s | zero_streak=2

[96m══════════════════════════════════════════════════════[0m
[96m══ TRAINING DIAGNOSTICS (cycle 90) ══════════════════════[0m
[96m══════════════════════════════════════════════════════[0m
  [1mREGIME:       [0m [93mHIGH_VOL[0m (conf: 0.37)
  [1mDATA FRESH:   [0m [92m✅ 0.0min ago[0m
  [1mSIGNALS:      [0m 11/20 active
  [1mSIT-OUT:      [0m [92mNO[0m
  [1mCONVICTION:   [0m BTC: +0.04 (HOLD) | ETH: +0.04 (HOLD) | SOL: +0.01 (HOLD) | BNB: +0.05 (HOLD) | XRP: -0.04 (HOLD) | ADA: -0.13 ([91mSELL[0m) | DOT: -0.04 (HOLD) | AVAX: +0.09 ([92mBUY[0m) | LINK: +0.00 (HOLD) | MATIC: -0.32 ([91mSELL[0m) | NEAR: +0.22 ([92mBUY[0m) | SUI: +0.11 ([92mBUY[0m) | ARB: -0.03 (HOLD)
  [1mTRADES:       [0m open=2 closed=25 | PnL=$-5769.33 | WR=28%
  [1mLONG/SHORT:   [0m longs=11 shorts=16
  [1mBLOCKERS:     [0m [92mNONE[0m
[96m══════════════════════════════════════════════════════[0m

21:44:30 Cycle  90/200 [HIGH] OK       | fresh=0.0min | open= 2 closed= 25 | PnL=$-5769 wr=28% | improve=1 sem_db=30 | 12.7s/c ETA 1402s | zero_streak=3
21:45:28 Cycle  95/200 [NORM] OK       | fresh=0.0min | open= 1 closed= 27 | PnL=$-2459 wr=30% | improve=1 sem_db=30 | 12.7s/c ETA 1333s | zero_streak=1

[96m══════════════════════════════════════════════════════[0m
[96m══ TRAINING DIAGNOSTICS (cycle 100) ═════════════════════[0m
[96m══════════════════════════════════════════════════════[0m
  [1mREGIME:       [0m [93mNORMAL[0m (conf: 0.37)
  [1mDATA FRESH:   [0m [92m✅ 0.0min ago[0m
  [1mSIGNALS:      [0m 11/20 active
  [1mSIT-OUT:      [0m [92mNO[0m
  [1mCONVICTION:   [0m BTC: +0.01 (HOLD) | ETH: +0.07 ([92mBUY[0m) | SOL: +0.06 ([92mBUY[0m) | BNB: -0.01 (HOLD) | XRP: +0.06 ([92mBUY[0m) | ADA: -0.01 (HOLD) | DOT: -0.03 (HOLD) | AVAX: -0.00 (HOLD) | LINK: -0.01 (HOLD) | MATIC: -0.07 ([91mSELL[0m) | NEAR: +0.02 (HOLD) | SUI: -0.03 (HOLD) | ARB: -0.07 ([91mSELL[0m)
  [1mTRADES:       [0m open=4 closed=28 | PnL=$-2545.55 | WR=29%
  [1mLONG/SHORT:   [0m longs=13 shorts=19
  [1mBLOCKERS:     [0m [92mNONE[0m
[96m══════════════════════════════════════════════════════[0m

21:46:29 Cycle 100/200 [NORM] OK       | fresh=0.0min | open= 4 closed= 28 | PnL=$-2546 wr=29% | improve=1 sem_db=30 | 12.7s/c ETA 1267s | zero_streak=0
21:47:28 Cycle 105/200 [NORM] OK       | fresh=0.0min | open= 2 closed= 31 | PnL=$-897 wr=32% | improve=1 sem_db=30 | 12.6s/c ETA 1199s | zero_streak=2

[96m══════════════════════════════════════════════════════[0m
[96m══ TRAINING DIAGNOSTICS (cycle 110) ═════════════════════[0m
[96m══════════════════════════════════════════════════════[0m
  [1mREGIME:       [0m [93mNORMAL[0m (conf: 0.38)
  [1mDATA FRESH:   [0m [92m✅ 0.0min ago[0m
  [1mSIGNALS:      [0m 11/20 active
  [1mSIT-OUT:      [0m [92mNO[0m
  [1mCONVICTION:   [0m BTC: +0.05 (HOLD) | ETH: +0.07 ([92mBUY[0m) | SOL: -0.06 ([91mSELL[0m) | BNB: +0.01 (HOLD) | XRP: -0.00 (HOLD) | ADA: -0.06 ([91mSELL[0m) | DOT: -0.08 ([91mSELL[0m) | AVAX: -0.02 (HOLD) | LINK: +0.04 (HOLD) | MATIC: +0.26 ([92mBUY[0m) | NEAR: -0.08 ([91mSELL[0m) | SUI: -0.08 ([91mSELL[0m) | ARB: -0.03 (HOLD)
  [1mTRADES:       [0m open=2 closed=34 | PnL=$-910.03 | WR=32%
  [1mLONG/SHORT:   [0m longs=14 shorts=22
  [1mBLOCKERS:     [0m [92mNONE[0m
[96m══════════════════════════════════════════════════════[0m

21:48:26 Cycle 110/200 [NORM] OK       | fresh=0.0min | open= 2 closed= 34 | PnL=$-910 wr=32% | improve=1 sem_db=30 | 12.6s/c ETA 1132s | zero_streak=1
21:49:24 Cycle 115/200 [HIGH] OK       | fresh=0.0min | open= 1 closed= 35 | PnL=$-1050 wr=31% | improve=1 sem_db=30 | 12.5s/c ETA 1066s | zero_streak=4

[96m══════════════════════════════════════════════════════[0m
[96m══ TRAINING DIAGNOSTICS (cycle 120) ═════════════════════[0m
[96m══════════════════════════════════════════════════════[0m
  [1mREGIME:       [0m [93mNORMAL[0m (conf: 0.37)
  [1mDATA FRESH:   [0m [92m✅ 0.0min ago[0m
  [1mSIGNALS:      [0m 12/20 active
  [1mSIT-OUT:      [0m [92mNO[0m
  [1mCONVICTION:   [0m BTC: +0.07 ([92mBUY[0m) | ETH: +0.10 ([92mBUY[0m) | SOL: -0.06 ([91mSELL[0m) | BNB: -0.10 ([91mSELL[0m) | XRP: -0.06 ([91mSELL[0m) | ADA: -0.07 ([91mSELL[0m) | DOT: -0.07 ([91mSELL[0m) | AVAX: -0.00 (HOLD) | LINK: -0.03 (HOLD) | MATIC: -0.29 ([91mSELL[0m) | NEAR: +0.22 ([92mBUY[0m) | SUI: +0.03 (HOLD) | ARB: +0.27 ([92mBUY[0m)
  [1mTRADES:       [0m open=0 closed=36 | PnL=$-99.96 | WR=33%
  [1mLONG/SHORT:   [0m longs=14 shorts=22
  [1mBLOCKERS:     [0m [92mNONE[0m
[96m══════════════════════════════════════════════════════[0m

21:50:24 Cycle 120/200 [NORM] OK       | fresh=0.0min | open= 0 closed= 36 | PnL=$-100 wr=33% | improve=1 sem_db=30 | 12.5s/c ETA 1001s | zero_streak=0
21:51:23 Cycle 125/200 [CRIS] OK       | fresh=0.0min | open= 0 closed= 39 | PnL=$-2902 wr=33% | improve=1 sem_db=30 | 12.5s/c ETA 936s | zero_streak=0

[96m══════════════════════════════════════════════════════[0m
[96m══ TRAINING DIAGNOSTICS (cycle 130) ═════════════════════[0m
[96m══════════════════════════════════════════════════════[0m
  [1mREGIME:       [0m [93mCRISIS[0m (conf: 0.37)
  [1mDATA FRESH:   [0m [92m✅ 0.0min ago[0m
  [1mSIGNALS:      [0m 11/20 active
  [1mSIT-OUT:      [0m [92mNO[0m
  [1mCONVICTION:   [0m BTC: -0.03 (HOLD) | ETH: -0.05 ([91mSELL[0m) | SOL: -0.04 (HOLD) | BNB: -0.08 ([91mSELL[0m) | XRP: +0.06 ([92mBUY[0m) | ADA: +0.12 ([92mBUY[0m) | DOT: +0.01 (HOLD) | AVAX: +0.03 (HOLD) | LINK: +0.05 (HOLD) | MATIC: +0.17 ([92mBUY[0m) | NEAR: +0.01 (HOLD) | SUI: -0.04 (HOLD) | ARB: -0.20 ([91mSELL[0m)
  [1mTRADES:       [0m open=2 closed=40 | PnL=$-2883.13 | WR=35%
  [1mLONG/SHORT:   [0m longs=17 shorts=25
  [1mBLOCKERS:     [0m [92mNONE[0m
[96m══════════════════════════════════════════════════════[0m

21:52:22 Cycle 130/200 [CRIS] OK       | fresh=0.0min | open= 2 closed= 40 | PnL=$-2883 wr=35% | improve=1 sem_db=30 | 12.5s/c ETA 872s | zero_streak=0
21:53:20 Cycle 135/200 [CRIS] OK       | fresh=0.0min | open= 1 closed= 41 | PnL=$-3179 wr=34% | improve=1 sem_db=30 | 12.4s/c ETA 808s | zero_streak=0

[96m══════════════════════════════════════════════════════[0m
[96m══ TRAINING DIAGNOSTICS (cycle 140) ═════════════════════[0m
[96m══════════════════════════════════════════════════════[0m
  [1mREGIME:       [0m [93mNORMAL[0m (conf: 0.37)
  [1mDATA FRESH:   [0m [92m✅ 0.0min ago[0m
  [1mSIGNALS:      [0m 11/20 active
  [1mSIT-OUT:      [0m [92mNO[0m
  [1mCONVICTION:   [0m BTC: -0.05 ([91mSELL[0m) | ETH: -0.03 (HOLD) | SOL: -0.00 (HOLD) | BNB: -0.00 (HOLD) | XRP: -0.11 ([91mSELL[0m) | ADA: -0.00 (HOLD) | DOT: +0.30 ([92mBUY[0m) | AVAX: -0.00 (HOLD) | LINK: +0.01 (HOLD) | MATIC: -0.13 ([91mSELL[0m) | NEAR: +0.30 ([92mBUY[0m) | SUI: -0.12 ([91mSELL[0m) | ARB: -0.16 ([91mSELL[0m)
  [1mTRADES:       [0m open=0 closed=44 | PnL=$-2173.21 | WR=36%
  [1mLONG/SHORT:   [0m longs=17 shorts=27
  [1mBLOCKERS:     [0m [92mNONE[0m
[96m══════════════════════════════════════════════════════[0m

21:54:19 Cycle 140/200 [NORM] OK       | fresh=0.0min | open= 0 closed= 44 | PnL=$-2173 wr=36% | improve=1 sem_db=30 | 12.4s/c ETA 744s | zero_streak=0
21:55:18 Cycle 145/200 [NORM] OK       | fresh=0.0min | open= 3 closed= 44 | PnL=$-2173 wr=36% | improve=1 sem_db=30 | 12.4s/c ETA 681s | zero_streak=5

[96m══════════════════════════════════════════════════════[0m
[96m══ TRAINING DIAGNOSTICS (cycle 150) ═════════════════════[0m
[96m══════════════════════════════════════════════════════[0m
  [1mREGIME:       [0m [93mNORMAL[0m (conf: 0.37)
  [1mDATA FRESH:   [0m [92m✅ 0.0min ago[0m
  [1mSIGNALS:      [0m 11/20 active
  [1mSIT-OUT:      [0m [92mNO[0m
  [1mCONVICTION:   [0m BTC: +0.04 (HOLD) | ETH: +0.03 (HOLD) | SOL: +0.00 (HOLD) | BNB: +0.05 (HOLD) | XRP: -0.03 (HOLD) | ADA: -0.14 ([91mSELL[0m) | DOT: +0.00 (HOLD) | AVAX: +0.07 ([92mBUY[0m) | LINK: +0.00 (HOLD) | MATIC: -0.28 ([91mSELL[0m) | NEAR: +0.22 ([92mBUY[0m) | SUI: +0.08 ([92mBUY[0m) | ARB: -0.04 (HOLD)
  [1mTRADES:       [0m open=2 closed=46 | PnL=$-1506.66 | WR=39%
  [1mLONG/SHORT:   [0m longs=18 shorts=30
  [1mBLOCKERS:     [0m [92mNONE[0m
[96m══════════════════════════════════════════════════════[0m

21:56:23 Cycle 150/200 [NORM] OK       | fresh=0.0min | open= 2 closed= 46 | PnL=$-1507 wr=39% | improve=1 sem_db=30 | 12.4s/c ETA 620s | zero_streak=1
21:57:21 Cycle 155/200 [HIGH] OK       | fresh=0.0min | open= 1 closed= 48 | PnL=$+1804 wr=40% | improve=1 sem_db=30 | 12.4s/c ETA 557s | zero_streak=0

[96m══════════════════════════════════════════════════════[0m
[96m══ TRAINING DIAGNOSTICS (cycle 160) ═════════════════════[0m
[96m══════════════════════════════════════════════════════[0m
  [1mREGIME:       [0m [93mNORMAL[0m (conf: 0.37)
  [1mDATA FRESH:   [0m [92m✅ 0.0min ago[0m
  [1mSIGNALS:      [0m 11/20 active
  [1mSIT-OUT:      [0m [92mNO[0m
  [1mCONVICTION:   [0m BTC: +0.00 (HOLD) | ETH: +0.08 ([92mBUY[0m) | SOL: +0.04 (HOLD) | BNB: -0.01 (HOLD) | XRP: +0.07 ([92mBUY[0m) | ADA: -0.00 (HOLD) | DOT: +0.01 (HOLD) | AVAX: -0.01 (HOLD) | LINK: -0.01 (HOLD) | MATIC: -0.13 ([91mSELL[0m) | NEAR: +0.03 (HOLD) | SUI: -0.01 (HOLD) | ARB: -0.06 ([91mSELL[0m)
  [1mTRADES:       [0m open=2 closed=48 | PnL=$+1803.67 | WR=40%
  [1mLONG/SHORT:   [0m longs=18 shorts=32
  [1mBLOCKERS:     [0m [92mNONE[0m
[96m══════════════════════════════════════════════════════[0m

21:58:19 Cycle 160/200 [NORM] OK       | fresh=0.0min | open= 2 closed= 48 | PnL=$+1804 wr=40% | improve=1 sem_db=30 | 12.4s/c ETA 494s | zero_streak=5
21:59:19 Cycle 165/200 [NORM] OK       | fresh=0.0min | open= 2 closed= 51 | PnL=$+2556 wr=39% | improve=1 sem_db=30 | 12.3s/c ETA 432s | zero_streak=1

[96m══════════════════════════════════════════════════════[0m
[96m══ TRAINING DIAGNOSTICS (cycle 170) ═════════════════════[0m
[96m══════════════════════════════════════════════════════[0m
  [1mREGIME:       [0m [93mNORMAL[0m (conf: 0.37)
  [1mDATA FRESH:   [0m [92m✅ 0.0min ago[0m
  [1mSIGNALS:      [0m 11/20 active
  [1mSIT-OUT:      [0m [92mNO[0m
  [1mCONVICTION:   [0m BTC: +0.03 (HOLD) | ETH: +0.04 (HOLD) | SOL: -0.06 ([91mSELL[0m) | BNB: +0.02 (HOLD) | XRP: -0.01 (HOLD) | ADA: -0.06 ([91mSELL[0m) | DOT: -0.11 ([91mSELL[0m) | AVAX: -0.04 (HOLD) | LINK: +0.01 (HOLD) | MATIC: +0.47 ([92mBUY[0m) | NEAR: -0.11 ([91mSELL[0m) | SUI: -0.11 ([91mSELL[0m) | ARB: -0.06 ([91mSELL[0m)
  [1mTRADES:       [0m open=1 closed=54 | PnL=$+2543.80 | WR=39%
  [1mLONG/SHORT:   [0m longs=19 shorts=36
  [1mBLOCKERS:     [0m [92mNONE[0m
[96m══════════════════════════════════════════════════════[0m

22:00:21 Cycle 170/200 [NORM] OK       | fresh=0.0min | open= 1 closed= 54 | PnL=$+2544 wr=39% | improve=1 sem_db=30 | 12.3s/c ETA 370s | zero_streak=0
22:01:21 Cycle 175/200 [HIGH] OK       | fresh=0.0min | open= 1 closed= 55 | PnL=$+2404 wr=38% | improve=1 sem_db=30 | 12.3s/c ETA 308s | zero_streak=3

[96m══════════════════════════════════════════════════════[0m
[96m══ TRAINING DIAGNOSTICS (cycle 180) ═════════════════════[0m
[96m══════════════════════════════════════════════════════[0m
  [1mREGIME:       [0m [93mNORMAL[0m (conf: 0.37)
  [1mDATA FRESH:   [0m [92m✅ 0.0min ago[0m
  [1mSIGNALS:      [0m 12/20 active
  [1mSIT-OUT:      [0m [92mNO[0m
  [1mCONVICTION:   [0m BTC: +0.07 ([92mBUY[0m) | ETH: +0.10 ([92mBUY[0m) | SOL: -0.06 ([91mSELL[0m) | BNB: -0.10 ([91mSELL[0m) | XRP: -0.07 ([91mSELL[0m) | ADA: -0.04 (HOLD) | DOT: -0.06 ([91mSELL[0m) | AVAX: -0.00 (HOLD) | LINK: -0.01 (HOLD) | MATIC: -0.33 ([91mSELL[0m) | NEAR: +0.19 ([92mBUY[0m) | SUI: +0.05 ([92mBUY[0m) | ARB: +0.25 ([92mBUY[0m)
  [1mTRADES:       [0m open=1 closed=55 | PnL=$+2403.63 | WR=38%
  [1mLONG/SHORT:   [0m longs=20 shorts=36
  [1mBLOCKERS:     [0m [92mNONE[0m
[96m══════════════════════════════════════════════════════[0m

22:02:20 Cycle 180/200 [NORM] OK       | fresh=0.0min | open= 1 closed= 55 | PnL=$+2404 wr=38% | improve=1 sem_db=30 | 12.3s/c ETA 246s | zero_streak=8
22:03:18 Cycle 185/200 [CRIS] OK       | fresh=0.0min | open= 1 closed= 58 | PnL=$+451 wr=38% | improve=1 sem_db=30 | 12.3s/c ETA 184s | zero_streak=1

[96m══════════════════════════════════════════════════════[0m
[96m══ TRAINING DIAGNOSTICS (cycle 190) ═════════════════════[0m
[96m══════════════════════════════════════════════════════[0m
  [1mREGIME:       [0m [93mCRISIS[0m (conf: 0.37)
  [1mDATA FRESH:   [0m [92m✅ 0.0min ago[0m
  [1mSIGNALS:      [0m 11/20 active
  [1mSIT-OUT:      [0m [92mNO[0m
  [1mCONVICTION:   [0m BTC: -0.03 (HOLD) | ETH: -0.07 ([91mSELL[0m) | SOL: -0.05 (HOLD) | BNB: -0.12 ([91mSELL[0m) | XRP: +0.07 ([92mBUY[0m) | ADA: +0.12 ([92mBUY[0m) | DOT: +0.01 (HOLD) | AVAX: +0.03 (HOLD) | LINK: +0.03 (HOLD) | MATIC: +0.18 ([92mBUY[0m) | NEAR: +0.00 (HOLD) | SUI: -0.04 (HOLD) | ARB: -0.15 ([91mSELL[0m)
  [1mTRADES:       [0m open=3 closed=59 | PnL=$+551.87 | WR=39%
  [1mLONG/SHORT:   [0m longs=23 shorts=39
  [1mBLOCKERS:     [0m [92mNONE[0m
[96m══════════════════════════════════════════════════════[0m

22:04:15 Cycle 190/200 [CRIS] OK       | fresh=0.0min | open= 3 closed= 59 | PnL=$+552 wr=39% | improve=1 sem_db=30 | 12.3s/c ETA 123s | zero_streak=4
22:05:16 Cycle 195/200 [CRIS] OK       | fresh=0.0min | open= 2 closed= 60 | PnL=$+571 wr=40% | improve=1 sem_db=30 | 12.3s/c ETA 61s | zero_streak=4

[96m══════════════════════════════════════════════════════[0m
[96m══ TRAINING DIAGNOSTICS (cycle 200) ═════════════════════[0m
[96m══════════════════════════════════════════════════════[0m
  [1mREGIME:       [0m [93mCRISIS[0m (conf: 0.37)
  [1mDATA FRESH:   [0m [92m✅ 0.0min ago[0m
  [1mSIGNALS:      [0m 11/20 active
  [1mSIT-OUT:      [0m [92mNO[0m
  [1mCONVICTION:   [0m BTC: -0.07 ([91mSELL[0m) | ETH: -0.03 (HOLD) | SOL: +0.01 (HOLD) | BNB: -0.02 (HOLD) | XRP: -0.11 ([91mSELL[0m) | ADA: +0.04 (HOLD) | DOT: +0.29 ([92mBUY[0m) | AVAX: +0.02 (HOLD) | LINK: +0.03 (HOLD) | MATIC: -0.13 ([91mSELL[0m) | NEAR: +0.25 ([92mBUY[0m) | SUI: -0.10 ([91mSELL[0m) | ARB: -0.19 ([91mSELL[0m)
  [1mTRADES:       [0m open=2 closed=62 | PnL=$+1593.08 | WR=40%
  [1mLONG/SHORT:   [0m longs=23 shorts=41
  [1mBLOCKERS:     [0m [92mNONE[0m
[96m══════════════════════════════════════════════════════[0m

22:06:17 Cycle 200/200 [CRIS] OK       | fresh=0.0min | open= 2 closed= 62 | PnL=$+1593 wr=40% | improve=1 sem_db=30 | 12.3s/c ETA 0s | zero_streak=3
22:06:17 V212_RECENT_P2_R2 gates FAILED vs v211_recent_p2_r2 — 2 failures:
22:06:17   ✗ pnl_floor: v49 1593.08 < v48 2178.19
22:06:17   ✗ regime_parity[normal]: v49 +2545.30 < v48 +10674.91 (delta -8129.61)
22:06:17 Gate report: /Users/benebsworth/projects/omega/data/v212_recent_p2_r2_gate_result.json
22:06:17 Attribution — alpha: $+5781.25  beta: $-1060034.30  timing: $+6358735.49  selection: $+0.00
22:06:17 Attribution report  : /Users/benebsworth/projects/omega/data/v212_recent_p2_r2_attribution.json
22:06:17 
22:06:17 ======================================================================
22:06:17 V212_RECENT_P2_R2 COMPLETE — 200 cycles in 2454s (12.27s/cycle)
22:06:17 ======================================================================
22:06:17 improve_calls         : 1
22:06:17 semantic_patterns_db  : 30
22:06:17 Closed trades         : 62  (long=23  short=39)
22:06:17 Total PnL             : $+1593.08  (engine realised: $+1593.08)
22:06:17 Win rate              : 40.3%  (25/62)
22:06:17 Profit factor         : 1.09
22:06:17 --- Observability ---
22:06:17 Zero-trade cycles     : 147 / 200  (74%)
22:06:17 Circuit breaker trips : 0
22:06:17 Final vol threshold   : 0.000
22:06:17 Metrics JSONL         : /tmp/v212_recent_p2_r2_metrics.jsonl
22:06:17 Results               : /Users/benebsworth/projects/omega/data/v212_recent_p2_r2_results.json
22:06:17 ======================================================================
