hmmlearn not available — using numpy GMM fallback
17:50:46 WARNING omega.nodes.victoria.data_cache: MacroDataCache: FRED_API_KEY not set — using DEMO_KEY (30 req/day limit). Set FRED_API_KEY env var for full access.
17:50:46 WARNING omega.core.training_preflight: PREFLIGHT WARN: No exchange API responded (tried Binance, Coinbase, CoinGecko). Trading signals will use stale/cached data.
17:50:46 WARNING omega.core.training_preflight: PREFLIGHT COMPLETE — 1 issue(s) found (training will continue with degraded capabilities): No exchange API responded (tried Binance, Coinbase, CoinGecko). Trading signals will use stale/cached data.
17:50:46 WARNING omega.nodes.victoria.data_cache: MacroDataCache: FRED_API_KEY not set — using DEMO_KEY (30 req/day limit). Set FRED_API_KEY env var for full access.
17:50:47 WARNING omega.core.heartbeat_client: heartbeat: http://localhost:8080/api/v1/nodes/victoria_v223_smoke_crisis/lifecycle unreachable (OMEGA_FROZEN_CACHE: live HTTP blocked in backtest: http://localhost:8080/api/v1/nodes/victoria_v223_smoke_crisis/lifecycle) — continuing
17:50:47 WARNING omega.nodes.victoria.signals.fear_greed: FearGreedSignal: fetch failed: <urlopen error OMEGA_FROZEN_CACHE: live HTTP blocked in backtest: https://api.alternative.me/fng/?limit=30>
17:50:47 WARNING omega.nodes.victoria.signals.fear_greed: FearGreedSignal: fetch returned no data — returning 0.0 (cold cache) (cache_age=1781425247s)
17:50:47 WARNING omega.nodes.victoria.data_cache: MacroDataCache: FRED_API_KEY not set — using DEMO_KEY (30 req/day limit). Set FRED_API_KEY env var for full access.
17:50:50 WARNING omega.core.heartbeat_client: heartbeat: http://localhost:8080/api/v1/diagnostics unreachable (OMEGA_FROZEN_CACHE: live HTTP blocked in backtest: http://localhost:8080/api/v1/diagnostics) — continuing
17:50:50 WARNING omega.core.heartbeat_client: heartbeat: http://localhost:8080/api/v1/nodes/victoria_v223_smoke_crisis/decisions unreachable (OMEGA_FROZEN_CACHE: live HTTP blocked in backtest: http://localhost:8080/api/v1/nodes/victoria_v223_smoke_crisis/decisions) — continuing
17:51:00 WARNING omega.nodes.victoria.signals.fear_greed: FearGreedSignal: fetch failed: <urlopen error OMEGA_FROZEN_CACHE: live HTTP blocked in backtest: https://api.alternative.me/fng/?limit=30>
17:51:00 WARNING omega.nodes.victoria.signals.fear_greed: FearGreedSignal: fetch returned no data — returning 0.0 (cold cache) (cache_age=1781425261s)
17:51:02 WARNING omega.core.heartbeat_client: heartbeat: http://localhost:8080/api/v1/diagnostics unreachable (OMEGA_FROZEN_CACHE: live HTTP blocked in backtest: http://localhost:8080/api/v1/diagnostics) — continuing
17:51:02 WARNING omega.core.heartbeat_client: heartbeat: http://localhost:8080/api/v1/nodes/victoria_v223_smoke_crisis/decisions unreachable (OMEGA_FROZEN_CACHE: live HTTP blocked in backtest: http://localhost:8080/api/v1/nodes/victoria_v223_smoke_crisis/decisions) — continuing
17:51:13 WARNING omega.nodes.victoria.signals.fear_greed: FearGreedSignal: fetch failed: <urlopen error OMEGA_FROZEN_CACHE: live HTTP blocked in backtest: https://api.alternative.me/fng/?limit=30>
17:51:13 WARNING omega.nodes.victoria.signals.fear_greed: FearGreedSignal: fetch returned no data — returning 0.0 (cold cache) (cache_age=1781425273s)
17:51:15 WARNING omega.core.heartbeat_client: heartbeat: http://localhost:8080/api/v1/diagnostics unreachable (OMEGA_FROZEN_CACHE: live HTTP blocked in backtest: http://localhost:8080/api/v1/diagnostics) — continuing
17:51:15 WARNING omega.core.heartbeat_client: heartbeat: http://localhost:8080/api/v1/nodes/victoria_v223_smoke_crisis/decisions unreachable (OMEGA_FROZEN_CACHE: live HTTP blocked in backtest: http://localhost:8080/api/v1/nodes/victoria_v223_smoke_crisis/decisions) — continuing
17:51:25 WARNING omega.nodes.victoria.signals.fear_greed: FearGreedSignal: fetch failed: <urlopen error OMEGA_FROZEN_CACHE: live HTTP blocked in backtest: https://api.alternative.me/fng/?limit=30>
17:51:25 WARNING omega.nodes.victoria.signals.fear_greed: FearGreedSignal: fetch returned no data — returning 0.0 (cold cache) (cache_age=1781425285s)
17:51:26 WARNING omega.core.heartbeat_client: heartbeat: http://localhost:8080/api/v1/diagnostics unreachable (OMEGA_FROZEN_CACHE: live HTTP blocked in backtest: http://localhost:8080/api/v1/diagnostics) — continuing
17:51:26 WARNING omega.core.heartbeat_client: heartbeat: http://localhost:8080/api/v1/nodes/victoria_v223_smoke_crisis/decisions unreachable (OMEGA_FROZEN_CACHE: live HTTP blocked in backtest: http://localhost:8080/api/v1/nodes/victoria_v223_smoke_crisis/decisions) — continuing
17:51:36 WARNING omega.nodes.victoria.signals.fear_greed: FearGreedSignal: fetch failed: <urlopen error OMEGA_FROZEN_CACHE: live HTTP blocked in backtest: https://api.alternative.me/fng/?limit=30>
17:51:36 WARNING omega.nodes.victoria.signals.fear_greed: FearGreedSignal: fetch returned no data — returning 0.0 (cold cache) (cache_age=1781425297s)
17:51:38 WARNING omega.core.heartbeat_client: heartbeat: http://localhost:8080/api/v1/diagnostics unreachable (OMEGA_FROZEN_CACHE: live HTTP blocked in backtest: http://localhost:8080/api/v1/diagnostics) — continuing
17:51:38 WARNING omega.core.heartbeat_client: heartbeat: http://localhost:8080/api/v1/nodes/victoria_v223_smoke_crisis/decisions unreachable (OMEGA_FROZEN_CACHE: live HTTP blocked in backtest: http://localhost:8080/api/v1/nodes/victoria_v223_smoke_crisis/decisions) — continuing
17:51:38 WARNING omega.core.heartbeat_client: heartbeat: http://localhost:8080/api/v1/nodes/victoria_v223_smoke_crisis/lifecycle unreachable (OMEGA_FROZEN_CACHE: live HTTP blocked in backtest: http://localhost:8080/api/v1/nodes/victoria_v223_smoke_crisis/lifecycle) — continuing
