hmmlearn not available — using numpy GMM fallback
17:51:40 WARNING omega.nodes.victoria.data_cache: MacroDataCache: FRED_API_KEY not set — using DEMO_KEY (30 req/day limit). Set FRED_API_KEY env var for full access.
17:51:40 WARNING omega.core.training_preflight: PREFLIGHT WARN: No exchange API responded (tried Binance, Coinbase, CoinGecko). Trading signals will use stale/cached data.
17:51:41 WARNING omega.core.training_preflight: PREFLIGHT COMPLETE — 1 issue(s) found (training will continue with degraded capabilities): No exchange API responded (tried Binance, Coinbase, CoinGecko). Trading signals will use stale/cached data.
17:51:41 WARNING omega.nodes.victoria.data_cache: MacroDataCache: FRED_API_KEY not set — using DEMO_KEY (30 req/day limit). Set FRED_API_KEY env var for full access.
17:51:41 WARNING omega.core.heartbeat_client: heartbeat: http://localhost:8080/api/v1/nodes/victoria_v223_smoke_recent/lifecycle unreachable (OMEGA_FROZEN_CACHE: live HTTP blocked in backtest: http://localhost:8080/api/v1/nodes/victoria_v223_smoke_recent/lifecycle) — continuing
17:51:41 WARNING omega.nodes.victoria.signals.fear_greed: FearGreedSignal: fetch failed: <urlopen error OMEGA_FROZEN_CACHE: live HTTP blocked in backtest: https://api.alternative.me/fng/?limit=30>
17:51:41 WARNING omega.nodes.victoria.signals.fear_greed: FearGreedSignal: fetch returned no data — returning 0.0 (cold cache) (cache_age=1781425301s)
17:51:41 WARNING omega.nodes.victoria.data_cache: MacroDataCache: FRED_API_KEY not set — using DEMO_KEY (30 req/day limit). Set FRED_API_KEY env var for full access.
17:51:44 WARNING omega.core.heartbeat_client: heartbeat: http://localhost:8080/api/v1/diagnostics unreachable (OMEGA_FROZEN_CACHE: live HTTP blocked in backtest: http://localhost:8080/api/v1/diagnostics) — continuing
17:51:44 WARNING omega.core.heartbeat_client: heartbeat: http://localhost:8080/api/v1/nodes/victoria_v223_smoke_recent/decisions unreachable (OMEGA_FROZEN_CACHE: live HTTP blocked in backtest: http://localhost:8080/api/v1/nodes/victoria_v223_smoke_recent/decisions) — continuing
17:51:54 WARNING omega.nodes.victoria.signals.fear_greed: FearGreedSignal: fetch failed: <urlopen error OMEGA_FROZEN_CACHE: live HTTP blocked in backtest: https://api.alternative.me/fng/?limit=30>
17:51:54 WARNING omega.nodes.victoria.signals.fear_greed: FearGreedSignal: fetch returned no data — returning 0.0 (cold cache) (cache_age=1781425314s)
17:51:55 WARNING omega.core.heartbeat_client: heartbeat: http://localhost:8080/api/v1/diagnostics unreachable (OMEGA_FROZEN_CACHE: live HTTP blocked in backtest: http://localhost:8080/api/v1/diagnostics) — continuing
17:51:55 WARNING omega.core.heartbeat_client: heartbeat: http://localhost:8080/api/v1/nodes/victoria_v223_smoke_recent/decisions unreachable (OMEGA_FROZEN_CACHE: live HTTP blocked in backtest: http://localhost:8080/api/v1/nodes/victoria_v223_smoke_recent/decisions) — continuing
17:52:05 WARNING omega.nodes.victoria.signals.fear_greed: FearGreedSignal: fetch failed: <urlopen error OMEGA_FROZEN_CACHE: live HTTP blocked in backtest: https://api.alternative.me/fng/?limit=30>
17:52:05 WARNING omega.nodes.victoria.signals.fear_greed: FearGreedSignal: fetch returned no data — returning 0.0 (cold cache) (cache_age=1781425326s)
17:52:07 WARNING omega.core.heartbeat_client: heartbeat: http://localhost:8080/api/v1/diagnostics unreachable (OMEGA_FROZEN_CACHE: live HTTP blocked in backtest: http://localhost:8080/api/v1/diagnostics) — continuing
17:52:07 WARNING omega.core.heartbeat_client: heartbeat: http://localhost:8080/api/v1/nodes/victoria_v223_smoke_recent/decisions unreachable (OMEGA_FROZEN_CACHE: live HTTP blocked in backtest: http://localhost:8080/api/v1/nodes/victoria_v223_smoke_recent/decisions) — continuing
17:52:17 WARNING omega.nodes.victoria.signals.fear_greed: FearGreedSignal: fetch failed: <urlopen error OMEGA_FROZEN_CACHE: live HTTP blocked in backtest: https://api.alternative.me/fng/?limit=30>
17:52:17 WARNING omega.nodes.victoria.signals.fear_greed: FearGreedSignal: fetch returned no data — returning 0.0 (cold cache) (cache_age=1781425337s)
17:52:18 WARNING omega.core.heartbeat_client: heartbeat: http://localhost:8080/api/v1/diagnostics unreachable (OMEGA_FROZEN_CACHE: live HTTP blocked in backtest: http://localhost:8080/api/v1/diagnostics) — continuing
17:52:18 WARNING omega.core.heartbeat_client: heartbeat: http://localhost:8080/api/v1/nodes/victoria_v223_smoke_recent/decisions unreachable (OMEGA_FROZEN_CACHE: live HTTP blocked in backtest: http://localhost:8080/api/v1/nodes/victoria_v223_smoke_recent/decisions) — continuing
17:52:28 WARNING omega.nodes.victoria.signals.fear_greed: FearGreedSignal: fetch failed: <urlopen error OMEGA_FROZEN_CACHE: live HTTP blocked in backtest: https://api.alternative.me/fng/?limit=30>
17:52:28 WARNING omega.nodes.victoria.signals.fear_greed: FearGreedSignal: fetch returned no data — returning 0.0 (cold cache) (cache_age=1781425349s)
17:52:30 WARNING omega.core.heartbeat_client: heartbeat: http://localhost:8080/api/v1/diagnostics unreachable (OMEGA_FROZEN_CACHE: live HTTP blocked in backtest: http://localhost:8080/api/v1/diagnostics) — continuing
17:52:30 WARNING omega.core.heartbeat_client: heartbeat: http://localhost:8080/api/v1/nodes/victoria_v223_smoke_recent/decisions unreachable (OMEGA_FROZEN_CACHE: live HTTP blocked in backtest: http://localhost:8080/api/v1/nodes/victoria_v223_smoke_recent/decisions) — continuing
17:52:30 WARNING omega.core.heartbeat_client: heartbeat: http://localhost:8080/api/v1/nodes/victoria_v223_smoke_recent/lifecycle unreachable (OMEGA_FROZEN_CACHE: live HTTP blocked in backtest: http://localhost:8080/api/v1/nodes/victoria_v223_smoke_recent/lifecycle) — continuing
