13:21:42 INFO     RNG seed set to 42 (deterministic mode)
13:21:42 INFO     BACKTEST MODE: WS signals disabled (whale_prints, ws_microstructure)
13:21:42 INFO     ======================================================================
13:21:42 INFO     Training Run v206b_recent_r1 — 200 cycles  sleep=10s
13:21:42 INFO     CoinGecko key  : CG-YPzBAPag5...
13:21:42 INFO     Database URL   : postgresql://omega:omega@localhost:5432/...
13:21:42 INFO     Metrics JSONL  : /tmp/v206b_recent_r1_metrics.jsonl
13:21:42 INFO     Log file       : /tmp/v206b_recent_r1_training.log
13:21:42 INFO     Features ON    : ffg_gate1_enabled, ffg_gate4_enabled
13:21:42 INFO     ======================================================================
13:21:45 INFO     BACKTEST MODE: ingestion replaced by ReplayIngestionNode (snap_20260414, 60 steps)
13:21:45 INFO     ImprovementEngine: SyntheticEvaluator injected
13:21:45 INFO     Decision snapshots → /tmp/v206b_recent_r1_decisions.jsonl (+ Postgres if configured)
13:21:45 INFO     SignalDecayDetector: loaded from data/signal_ic_history.json
13:21:58 INFO     Cycle   1/200 [NORM] OK       | fresh=0.0min | open= 0 closed=  0 | PnL=$+0 wr=0% | improve=0 sem_db=30 | 13.0s/c ETA 2596s | zero_streak=1
13:22:45 INFO     Cycle   5/200 [CRIS] OK       | fresh=0.0min | open= 1 closed=  1 | PnL=$-895 wr=0% | improve=0 sem_db=30 | 11.9s/c ETA 2329s | zero_streak=2
13:23:56 INFO     Cycle  10/200 [NORM] OK       | fresh=0.0min | open= 2 closed=  2 | PnL=$-1815 wr=0% | improve=0 sem_db=30 | 13.1s/c ETA 2485s | zero_streak=4
13:24:55 INFO     Cycle  15/200 [CRIS] OK       | fresh=0.0min | open= 0 closed=  5 | PnL=$-3685 wr=0% | improve=1 sem_db=30 | 12.7s/c ETA 2342s | zero_streak=0
13:26:06 INFO     Cycle  20/200 [CRIS] OK       | fresh=0.0min | open= 1 closed=  6 | PnL=$-3876 wr=0% | improve=1 sem_db=30 | 13.0s/c ETA 2347s | zero_streak=3
13:27:05 INFO     Cycle  25/200 [HIGH] OK       | fresh=0.0min | open= 0 closed=  7 | PnL=$-3373 wr=14% | improve=1 sem_db=30 | 12.8s/c ETA 2238s | zero_streak=3
13:28:20 INFO     Cycle  30/200 [HIGH] OK       | fresh=0.0min | open= 1 closed=  7 | PnL=$-3373 wr=14% | improve=1 sem_db=30 | 13.2s/c ETA 2240s | zero_streak=8
13:29:20 INFO     Cycle  35/200 [NORM] OK       | fresh=0.0min | open= 1 closed=  8 | PnL=$-4146 wr=12% | improve=1 sem_db=30 | 13.0s/c ETA 2144s | zero_streak=4
13:30:34 INFO     Cycle  40/200 [NORM] OK       | fresh=0.0min | open= 3 closed= 10 | PnL=$-4171 wr=20% | improve=1 sem_db=30 | 13.2s/c ETA 2114s | zero_streak=0
13:31:33 INFO     Cycle  45/200 [NORM] OK       | fresh=0.0min | open= 3 closed= 12 | PnL=$-2585 wr=25% | improve=1 sem_db=30 | 13.1s/c ETA 2025s | zero_streak=3
13:32:45 INFO     Cycle  50/200 [HIGH] OK       | fresh=0.0min | open= 1 closed= 17 | PnL=$-2422 wr=29% | improve=1 sem_db=30 | 13.2s/c ETA 1980s | zero_streak=0
13:33:58 INFO     Cycle  55/200 [HIGH] OK       | fresh=0.0min | open= 1 closed= 17 | PnL=$-2422 wr=29% | improve=1 sem_db=30 | 13.3s/c ETA 1933s | zero_streak=5
13:34:56 INFO     Cycle  60/200 [NORM] OK       | fresh=0.0min | open= 0 closed= 18 | PnL=$-1327 wr=33% | improve=1 sem_db=30 | 13.2s/c ETA 1846s | zero_streak=1
13:35:55 INFO     Cycle  65/200 [CRIS] OK       | fresh=0.0min | open= 1 closed= 22 | PnL=$-4586 wr=32% | improve=1 sem_db=30 | 13.1s/c ETA 1765s | zero_streak=1
13:36:59 INFO     Cycle  70/200 [CRIS] OK       | fresh=0.0min | open= 2 closed= 23 | PnL=$-5344 wr=30% | improve=1 sem_db=30 | 13.1s/c ETA 1697s | zero_streak=3
13:37:58 INFO     Cycle  75/200 [CRIS] OK       | fresh=0.0min | open= 3 closed= 26 | PnL=$-6176 wr=27% | improve=1 sem_db=30 | 13.0s/c ETA 1621s | zero_streak=1
13:38:56 INFO     Cycle  80/200 [NORM] OK       | fresh=0.0min | open= 1 closed= 28 | PnL=$-5985 wr=29% | improve=1 sem_db=30 | 12.9s/c ETA 1546s | zero_streak=1
13:39:54 INFO     Cycle  85/200 [NORM] OK       | fresh=0.0min | open= 3 closed= 30 | PnL=$-4740 wr=30% | improve=1 sem_db=30 | 12.8s/c ETA 1474s | zero_streak=2
13:40:53 INFO     Cycle  90/200 [HIGH] OK       | fresh=0.0min | open= 3 closed= 31 | PnL=$-4573 wr=32% | improve=1 sem_db=30 | 12.8s/c ETA 1403s | zero_streak=3
13:41:51 INFO     Cycle  95/200 [NORM] OK       | fresh=0.0min | open= 1 closed= 34 | PnL=$-2509 wr=35% | improve=1 sem_db=30 | 12.7s/c ETA 1333s | zero_streak=1
13:42:52 INFO     Cycle 100/200 [NORM] OK       | fresh=0.0min | open= 4 closed= 35 | PnL=$-2597 wr=34% | improve=1 sem_db=30 | 12.7s/c ETA 1267s | zero_streak=0
13:43:51 INFO     Cycle 105/200 [NORM] OK       | fresh=0.0min | open= 2 closed= 38 | PnL=$-949 wr=37% | improve=1 sem_db=30 | 12.6s/c ETA 1200s | zero_streak=2
13:44:50 INFO     Cycle 110/200 [NORM] OK       | fresh=0.0min | open= 2 closed= 42 | PnL=$-641 wr=38% | improve=1 sem_db=30 | 12.6s/c ETA 1133s | zero_streak=0
13:45:48 INFO     Cycle 115/200 [HIGH] OK       | fresh=0.0min | open= 1 closed= 43 | PnL=$-782 wr=37% | improve=1 sem_db=30 | 12.6s/c ETA 1067s | zero_streak=4
13:46:48 INFO     Cycle 120/200 [NORM] OK       | fresh=0.0min | open= 0 closed= 44 | PnL=$+313 wr=39% | improve=1 sem_db=30 | 12.5s/c ETA 1002s | zero_streak=0
13:47:47 INFO     Cycle 125/200 [CRIS] OK       | fresh=0.0min | open= 0 closed= 48 | PnL=$-2946 wr=38% | improve=1 sem_db=30 | 12.5s/c ETA 937s | zero_streak=0
13:48:45 INFO     Cycle 130/200 [CRIS] OK       | fresh=0.0min | open= 2 closed= 49 | PnL=$-3704 wr=37% | improve=1 sem_db=30 | 12.5s/c ETA 872s | zero_streak=2
13:49:44 INFO     Cycle 135/200 [CRIS] OK       | fresh=0.0min | open= 2 closed= 52 | PnL=$-4496 wr=35% | improve=1 sem_db=30 | 12.4s/c ETA 808s | zero_streak=0
13:50:43 INFO     Cycle 140/200 [NORM] OK       | fresh=0.0min | open= 1 closed= 54 | PnL=$-4238 wr=35% | improve=1 sem_db=30 | 12.4s/c ETA 745s | zero_streak=0
13:51:41 INFO     Cycle 145/200 [NORM] OK       | fresh=0.0min | open= 2 closed= 56 | PnL=$-2984 wr=36% | improve=1 sem_db=30 | 12.4s/c ETA 681s | zero_streak=1
13:52:47 INFO     Cycle 150/200 [NORM] OK       | fresh=0.0min | open= 2 closed= 57 | PnL=$-2823 wr=37% | improve=1 sem_db=30 | 12.4s/c ETA 621s | zero_streak=2
13:53:45 INFO     Cycle 155/200 [HIGH] OK       | fresh=0.0min | open= 1 closed= 59 | PnL=$-1381 wr=37% | improve=1 sem_db=30 | 12.4s/c ETA 557s | zero_streak=0
13:54:44 INFO     Cycle 160/200 [NORM] OK       | fresh=0.0min | open= 4 closed= 59 | PnL=$-1381 wr=37% | improve=1 sem_db=30 | 12.4s/c ETA 495s | zero_streak=5
13:55:43 INFO     Cycle 165/200 [NORM] OK       | fresh=0.0min | open= 2 closed= 63 | PnL=$+180 wr=38% | improve=1 sem_db=30 | 12.3s/c ETA 432s | zero_streak=1
13:56:41 INFO     Cycle 170/200 [NORM] OK       | fresh=0.0min | open= 2 closed= 66 | PnL=$-56 wr=38% | improve=1 sem_db=30 | 12.3s/c ETA 370s | zero_streak=0
13:57:41 INFO     Cycle 175/200 [HIGH] OK       | fresh=0.0min | open= 1 closed= 68 | PnL=$+347 wr=38% | improve=1 sem_db=30 | 12.3s/c ETA 308s | zero_streak=3
13:58:40 INFO     Cycle 180/200 [NORM] OK       | fresh=0.0min | open= 1 closed= 68 | PnL=$+347 wr=38% | improve=1 sem_db=30 | 12.3s/c ETA 246s | zero_streak=8
13:59:38 INFO     Cycle 185/200 [CRIS] OK       | fresh=0.0min | open= 1 closed= 72 | PnL=$-1887 wr=38% | improve=1 sem_db=30 | 12.3s/c ETA 184s | zero_streak=1
14:00:37 INFO     Cycle 190/200 [CRIS] OK       | fresh=0.0min | open= 1 closed= 74 | PnL=$-2516 wr=38% | improve=1 sem_db=30 | 12.3s/c ETA 123s | zero_streak=1
14:01:33 INFO     Cycle 195/200 [CRIS] OK       | fresh=0.0min | open= 3 closed= 76 | PnL=$-3002 wr=37% | improve=1 sem_db=30 | 12.2s/c ETA 61s | zero_streak=1
14:02:33 INFO     Cycle 200/200 [CRIS] OK       | fresh=0.0min | open= 2 closed= 78 | PnL=$-2894 wr=37% | improve=1 sem_db=30 | 12.2s/c ETA 0s | zero_streak=2
14:02:33 WARNING  V206B_RECENT_R1: no baseline version found for gate comparison
14:02:33 INFO     Attribution — alpha: $-265.90  beta: $+9777030.32  timing: $-9779745.07  selection: $+0.00
14:02:33 INFO     Attribution report  : /Users/benebsworth/projects/omega/data/v206b_recent_r1_attribution.json
14:02:33 INFO     
14:02:33 INFO     ======================================================================
14:02:33 INFO     V206B_RECENT_R1 COMPLETE — 200 cycles in 2448s (12.24s/cycle)
14:02:33 INFO     ======================================================================
14:02:33 INFO     improve_calls         : 1
14:02:33 INFO     semantic_patterns_db  : 30
14:02:33 INFO     Closed trades         : 78  (long=46  short=32)
14:02:33 INFO     Total PnL             : $-2894.09  (engine realised: $-2894.09)
14:02:33 INFO     Win rate              : 37.2%  (29/78)
14:02:33 INFO     Profit factor         : 0.88
14:02:33 INFO     --- Observability ---
14:02:33 INFO     Zero-trade cycles     : 134 / 200  (67%)
14:02:33 INFO     Circuit breaker trips : 0
14:02:33 INFO     Final vol threshold   : 0.000
14:02:33 INFO     Metrics JSONL         : /tmp/v206b_recent_r1_metrics.jsonl
14:02:33 INFO     Results               : /Users/benebsworth/projects/omega/data/v206b_recent_r1_results.json
14:02:33 INFO     ======================================================================
