18:43:26 RNG seed set to 42 (deterministic mode)
18:43:26 BACKTEST MODE: WS signals disabled (whale_prints, ws_microstructure)
18:43:26 ======================================================================
18:43:26 Training Run v209_crisis_r2 — 200 cycles  sleep=10s
18:43:26 CoinGecko key  : CG-YPzBAPag5...
18:43:26 Database URL   : postgresql://omega:omega@localhost:5432/...
18:43:26 Metrics JSONL  : /tmp/v209_crisis_r2_metrics.jsonl
18:43:26 Log file       : /tmp/v209_crisis_r2_training.log
18:43:26 Features ON    : ffg_gate1_enabled, ffg_gate4_enabled
18:43:26 ======================================================================
18:43:27 V207a: OMEGA_FROZEN_CACHE=1 — skipping macro warm_up (no live FRED/funding fetches)
18:43:27 BACKTEST MODE: ingestion replaced by ReplayIngestionNode (snap_crisis_2022h1, 151 steps)
18:43:27 ImprovementEngine: SyntheticEvaluator injected
18:43:27 Decision snapshots → /tmp/v209_crisis_r2_decisions.jsonl (+ Postgres if configured)
18:43:27 SignalDecayDetector: loaded from data/signal_ic_history.json

[96m══════════════════════════════════════════════════════[0m
[96m══ TRAINING DIAGNOSTICS (cycle 0) ═══════════════════════[0m
[96m══════════════════════════════════════════════════════[0m
  [1mREGIME:       [0m [91mUNKN ⚠️[0m
  [1mDATA FRESH:   [0m [92m✅ 0.0min ago[0m
  [1mSIGNALS:      [0m [93mnone yet[0m
  [1mSIT-OUT:      [0m [92mNO[0m
  [1mCONVICTION:   [0m [93mn/a[0m
  [1mTRADES:       [0m open=0 closed=0 | PnL=$+0.00 | WR=0%
  [1mLONG/SHORT:   [0m longs=0 shorts=0
  [1mBLOCKERS:     [0m [91mRegime detector not firing | No signal data yet (first cycle?)[0m
[96m══════════════════════════════════════════════════════[0m

18:43:39 Cycle   1/200 [NORM] OK       | fresh=0.0min | open= 0 closed=  0 | PnL=$+0 wr=0% | improve=0 sem_db=30 | 12.1s/c ETA 2405s | zero_streak=1
18:44:26 Cycle   5/200 [NORM] OK       | fresh=0.0min | open= 2 closed=  1 | PnL=$-642 wr=0% | improve=0 sem_db=30 | 11.9s/c ETA 2312s | zero_streak=2

[96m══════════════════════════════════════════════════════[0m
[96m══ TRAINING DIAGNOSTICS (cycle 10) ══════════════════════[0m
[96m══════════════════════════════════════════════════════[0m
  [1mREGIME:       [0m [93mCRISIS[0m (conf: 0.00)
  [1mDATA FRESH:   [0m [92m✅ 0.0min ago[0m
  [1mSIGNALS:      [0m 10/20 active
  [1mSIT-OUT:      [0m [92mNO[0m
  [1mCONVICTION:   [0m BTC: +0.02 (HOLD) | ETH: +0.02 (HOLD) | SOL: +0.02 (HOLD) | BNB: -0.05 (HOLD) | XRP: +0.02 (HOLD) | ADA: -0.08 ([91mSELL[0m) | DOT: +0.02 (HOLD) | AVAX: +0.02 (HOLD) | LINK: -0.02 (HOLD) | MATIC: +0.02 (HOLD) | NEAR: +0.02 (HOLD)
  [1mTRADES:       [0m open=1 closed=2 | PnL=$-3156.63 | WR=0%
  [1mLONG/SHORT:   [0m longs=1 shorts=2
  [1mBLOCKERS:     [0m [92mNONE[0m
[96m══════════════════════════════════════════════════════[0m

18:45:37 Cycle  10/200 [CRIS] OK       | fresh=0.0min | open= 1 closed=  2 | PnL=$-3157 wr=0% | improve=0 sem_db=30 | 13.0s/c ETA 2472s | zero_streak=4
18:46:35 Cycle  15/200 [NORM] OK       | fresh=0.0min | open= 0 closed=  3 | PnL=$-1051 wr=33% | improve=1 sem_db=30 | 12.5s/c ETA 2320s | zero_streak=2

[96m══════════════════════════════════════════════════════[0m
[96m══ TRAINING DIAGNOSTICS (cycle 20) ══════════════════════[0m
[96m══════════════════════════════════════════════════════[0m
  [1mREGIME:       [0m [93mCRISIS[0m (conf: 0.38)
  [1mDATA FRESH:   [0m [92m✅ 0.0min ago[0m
  [1mSIGNALS:      [0m 10/20 active
  [1mSIT-OUT:      [0m [92mNO[0m
  [1mCONVICTION:   [0m BTC: +0.08 ([92mBUY[0m) | ETH: +0.06 ([92mBUY[0m) | SOL: -0.19 ([91mSELL[0m) | BNB: +0.09 ([92mBUY[0m) | XRP: +0.28 ([92mBUY[0m) | ADA: -0.11 ([91mSELL[0m) | DOT: -0.14 ([91mSELL[0m) | AVAX: +0.28 ([92mBUY[0m) | LINK: -0.14 ([91mSELL[0m) | MATIC: -0.01 (HOLD) | NEAR: -0.20 ([91mSELL[0m)
  [1mTRADES:       [0m open=0 closed=3 | PnL=$-1051.31 | WR=33%
  [1mLONG/SHORT:   [0m longs=1 shorts=2
  [1mBLOCKERS:     [0m [92mNONE[0m
[96m══════════════════════════════════════════════════════[0m

18:47:45 Cycle  20/200 [CRIS] OK       | fresh=0.0min | open= 0 closed=  3 | PnL=$-1051 wr=33% | improve=1 sem_db=30 | 12.9s/c ETA 2321s | zero_streak=7
18:48:44 Cycle  25/200 [HIGH] OK       | fresh=0.0min | open= 3 closed=  3 | PnL=$-1051 wr=33% | improve=1 sem_db=30 | 12.7s/c ETA 2219s | zero_streak=12

[96m══════════════════════════════════════════════════════[0m
[96m══ TRAINING DIAGNOSTICS (cycle 30) ══════════════════════[0m
[96m══════════════════════════════════════════════════════[0m
  [1mREGIME:       [0m [93mCRISIS[0m (conf: 0.37)
  [1mDATA FRESH:   [0m [92m✅ 0.0min ago[0m
  [1mSIGNALS:      [0m 10/20 active
  [1mSIT-OUT:      [0m [92mNO[0m
  [1mCONVICTION:   [0m BTC: +0.08 ([92mBUY[0m) | ETH: +0.06 ([92mBUY[0m) | SOL: +0.08 ([92mBUY[0m) | BNB: +0.01 (HOLD) | XRP: +0.03 (HOLD) | ADA: -0.13 ([91mSELL[0m) | DOT: +0.05 ([92mBUY[0m) | AVAX: +0.08 ([92mBUY[0m) | LINK: -0.07 ([91mSELL[0m) | MATIC: -0.06 ([91mSELL[0m) | NEAR: -0.13 ([91mSELL[0m)
  [1mTRADES:       [0m open=1 closed=8 | PnL=$-4048.63 | WR=12%
  [1mLONG/SHORT:   [0m longs=2 shorts=7
  [1mBLOCKERS:     [0m [92mNONE[0m
[96m══════════════════════════════════════════════════════[0m

18:49:55 Cycle  30/200 [CRIS] OK       | fresh=0.0min | open= 1 closed=  8 | PnL=$-4049 wr=12% | improve=1 sem_db=30 | 12.9s/c ETA 2200s | zero_streak=0
18:50:54 Cycle  35/200 [CRIS] OK       | fresh=0.0min | open= 2 closed= 10 | PnL=$-4790 wr=20% | improve=1 sem_db=30 | 12.8s/c ETA 2105s | zero_streak=1

[96m══════════════════════════════════════════════════════[0m
[96m══ TRAINING DIAGNOSTICS (cycle 40) ══════════════════════[0m
[96m══════════════════════════════════════════════════════[0m
  [1mREGIME:       [0m [93mCRISIS[0m (conf: 0.37)
  [1mDATA FRESH:   [0m [92m✅ 0.0min ago[0m
  [1mSIGNALS:      [0m 11/20 active
  [1mSIT-OUT:      [0m [92mNO[0m
  [1mCONVICTION:   [0m BTC: +0.06 ([92mBUY[0m) | ETH: -0.04 (HOLD) | SOL: -0.11 ([91mSELL[0m) | BNB: +0.08 ([92mBUY[0m) | XRP: +0.05 (HOLD) | ADA: -0.15 ([91mSELL[0m) | DOT: +0.04 (HOLD) | AVAX: -0.07 ([91mSELL[0m) | LINK: -0.11 ([91mSELL[0m) | MATIC: -0.04 (HOLD) | NEAR: +0.28 ([92mBUY[0m)
  [1mTRADES:       [0m open=0 closed=12 | PnL=$-4811.90 | WR=25%
  [1mLONG/SHORT:   [0m longs=4 shorts=8
  [1mBLOCKERS:     [0m [92mNONE[0m
[96m══════════════════════════════════════════════════════[0m

18:52:07 Cycle  40/200 [CRIS] OK       | fresh=0.0min | open= 0 closed= 12 | PnL=$-4812 wr=25% | improve=1 sem_db=30 | 13.0s/c ETA 2078s | zero_streak=1
18:53:06 Cycle  45/200 [CRIS] OK       | fresh=0.0min | open= 2 closed= 13 | PnL=$-5640 wr=23% | improve=1 sem_db=30 | 12.9s/c ETA 1995s | zero_streak=2

[96m══════════════════════════════════════════════════════[0m
[96m══ TRAINING DIAGNOSTICS (cycle 50) ══════════════════════[0m
[96m══════════════════════════════════════════════════════[0m
  [1mREGIME:       [0m [93mNORMAL[0m (conf: 0.37)
  [1mDATA FRESH:   [0m [92m✅ 0.0min ago[0m
  [1mSIGNALS:      [0m 11/20 active
  [1mSIT-OUT:      [0m [92mNO[0m
  [1mCONVICTION:   [0m BTC: -0.04 (HOLD) | ETH: +0.06 ([92mBUY[0m) | SOL: -0.05 ([91mSELL[0m) | BNB: -0.06 ([91mSELL[0m) | XRP: +0.02 (HOLD) | ADA: -0.06 ([91mSELL[0m) | DOT: +0.07 ([92mBUY[0m) | AVAX: +0.13 ([92mBUY[0m) | LINK: +0.05 ([92mBUY[0m) | MATIC: -0.10 ([91mSELL[0m) | NEAR: -0.02 (HOLD)
  [1mTRADES:       [0m open=0 closed=17 | PnL=$-6132.83 | WR=24%
  [1mLONG/SHORT:   [0m longs=7 shorts=10
  [1mBLOCKERS:     [0m [92mNONE[0m
[96m══════════════════════════════════════════════════════[0m

18:54:20 Cycle  50/200 [NORM] OK       | fresh=0.0min | open= 0 closed= 17 | PnL=$-6133 wr=24% | improve=1 sem_db=30 | 13.0s/c ETA 1957s | zero_streak=0
18:55:32 Cycle  55/200 [NORM] OK       | fresh=0.0min | open= 2 closed= 19 | PnL=$-7396 wr=21% | improve=1 sem_db=30 | 13.2s/c ETA 1912s | zero_streak=0

[96m══════════════════════════════════════════════════════[0m
[96m══ TRAINING DIAGNOSTICS (cycle 60) ══════════════════════[0m
[96m══════════════════════════════════════════════════════[0m
  [1mREGIME:       [0m [93mHIGH_VOL[0m (conf: 0.37)
  [1mDATA FRESH:   [0m [92m✅ 0.0min ago[0m
  [1mSIGNALS:      [0m 11/20 active
  [1mSIT-OUT:      [0m [92mNO[0m
  [1mCONVICTION:   [0m BTC: +0.01 (HOLD) | ETH: +0.01 (HOLD) | SOL: +0.01 (HOLD) | BNB: -0.01 (HOLD) | XRP: -0.11 ([91mSELL[0m) | ADA: +0.01 (HOLD) | DOT: +0.01 (HOLD) | AVAX: +0.01 (HOLD) | LINK: +0.01 (HOLD) | MATIC: +0.01 (HOLD) | NEAR: +0.01 (HOLD)
  [1mTRADES:       [0m open=2 closed=19 | PnL=$-7395.54 | WR=21%
  [1mLONG/SHORT:   [0m longs=10 shorts=11
  [1mBLOCKERS:     [0m [92mNONE[0m
[96m══════════════════════════════════════════════════════[0m

18:56:30 Cycle  60/200 [HIGH] OK       | fresh=0.0min | open= 2 closed= 19 | PnL=$-7396 wr=21% | improve=1 sem_db=30 | 13.0s/c ETA 1827s | zero_streak=5
18:57:29 Cycle  65/200 [HIGH] OK       | fresh=0.0min | open= 0 closed= 21 | PnL=$-4068 wr=29% | improve=1 sem_db=30 | 12.9s/c ETA 1748s | zero_streak=3

[96m══════════════════════════════════════════════════════[0m
[96m══ TRAINING DIAGNOSTICS (cycle 70) ══════════════════════[0m
[96m══════════════════════════════════════════════════════[0m
  [1mREGIME:       [0m [93mHIGH_VOL[0m (conf: 0.37)
  [1mDATA FRESH:   [0m [92m✅ 0.0min ago[0m
  [1mSIGNALS:      [0m 12/20 active
  [1mSIT-OUT:      [0m [92mNO[0m
  [1mCONVICTION:   [0m BTC: -0.04 (HOLD) | ETH: +0.06 ([92mBUY[0m) | SOL: +0.15 ([92mBUY[0m) | BNB: +0.08 ([92mBUY[0m) | XRP: -0.13 ([91mSELL[0m) | ADA: -0.06 ([91mSELL[0m) | DOT: -0.10 ([91mSELL[0m) | AVAX: -0.08 ([91mSELL[0m) | LINK: -0.07 ([91mSELL[0m) | MATIC: -0.15 ([91mSELL[0m) | NEAR: +0.33 ([92mBUY[0m)
  [1mTRADES:       [0m open=1 closed=21 | PnL=$-4067.93 | WR=29%
  [1mLONG/SHORT:   [0m longs=10 shorts=12
  [1mBLOCKERS:     [0m [92mNONE[0m
[96m══════════════════════════════════════════════════════[0m

18:58:27 Cycle  70/200 [HIGH] OK       | fresh=0.0min | open= 1 closed= 21 | PnL=$-4068 wr=29% | improve=1 sem_db=30 | 12.9s/c ETA 1671s | zero_streak=8
18:59:31 Cycle  75/200 [NORM] OK       | fresh=0.0min | open= 2 closed= 21 | PnL=$-4068 wr=29% | improve=1 sem_db=30 | 12.8s/c ETA 1606s | zero_streak=13

[96m══════════════════════════════════════════════════════[0m
[96m══ TRAINING DIAGNOSTICS (cycle 80) ══════════════════════[0m
[96m══════════════════════════════════════════════════════[0m
  [1mREGIME:       [0m [93mNORMAL[0m (conf: 0.38)
  [1mDATA FRESH:   [0m [92m✅ 0.0min ago[0m
  [1mSIGNALS:      [0m 11/20 active
  [1mSIT-OUT:      [0m [92mNO[0m
  [1mCONVICTION:   [0m BTC: +0.02 (HOLD) | ETH: +0.02 (HOLD) | SOL: -0.13 ([91mSELL[0m) | BNB: +0.11 ([92mBUY[0m) | XRP: +0.17 ([92mBUY[0m) | ADA: -0.13 ([91mSELL[0m) | DOT: -0.06 ([91mSELL[0m) | AVAX: -0.09 ([91mSELL[0m) | LINK: -0.10 ([91mSELL[0m) | MATIC: -0.02 (HOLD) | NEAR: +0.20 ([92mBUY[0m)
  [1mTRADES:       [0m open=1 closed=23 | PnL=$-2333.36 | WR=30%
  [1mLONG/SHORT:   [0m longs=12 shorts=12
  [1mBLOCKERS:     [0m [92mNONE[0m
[96m══════════════════════════════════════════════════════[0m

19:00:29 Cycle  80/200 [NORM] OK       | fresh=0.0min | open= 1 closed= 23 | PnL=$-2333 wr=30% | improve=1 sem_db=30 | 12.8s/c ETA 1533s | zero_streak=0
19:01:28 Cycle  85/200 [NORM] OK       | fresh=0.0min | open= 1 closed= 26 | PnL=$-2872 wr=31% | improve=1 sem_db=30 | 12.7s/c ETA 1462s | zero_streak=0

[96m══════════════════════════════════════════════════════[0m
[96m══ TRAINING DIAGNOSTICS (cycle 90) ══════════════════════[0m
[96m══════════════════════════════════════════════════════[0m
  [1mREGIME:       [0m [93mNORMAL[0m (conf: 0.38)
  [1mDATA FRESH:   [0m [92m✅ 0.0min ago[0m
  [1mSIGNALS:      [0m 11/20 active
  [1mSIT-OUT:      [0m [92mNO[0m
  [1mCONVICTION:   [0m BTC: +0.11 ([92mBUY[0m) | ETH: +0.07 ([92mBUY[0m) | SOL: +0.06 ([92mBUY[0m) | BNB: +0.09 ([92mBUY[0m) | XRP: -0.06 ([91mSELL[0m) | ADA: -0.06 ([91mSELL[0m) | DOT: +0.01 (HOLD) | AVAX: -0.06 ([91mSELL[0m) | LINK: -0.05 (HOLD) | MATIC: -0.06 ([91mSELL[0m) | NEAR: -0.06 ([91mSELL[0m)
  [1mTRADES:       [0m open=2 closed=27 | PnL=$-2838.51 | WR=33%
  [1mLONG/SHORT:   [0m longs=15 shorts=14
  [1mBLOCKERS:     [0m [92mNONE[0m
[96m══════════════════════════════════════════════════════[0m

19:02:26 Cycle  90/200 [NORM] OK       | fresh=0.0min | open= 2 closed= 27 | PnL=$-2839 wr=33% | improve=1 sem_db=30 | 12.7s/c ETA 1392s | zero_streak=0
19:03:25 Cycle  95/200 [NORM] OK       | fresh=0.0min | open= 1 closed= 30 | PnL=$-403 wr=40% | improve=1 sem_db=30 | 12.6s/c ETA 1324s | zero_streak=1

[96m══════════════════════════════════════════════════════[0m
[96m══ TRAINING DIAGNOSTICS (cycle 100) ═════════════════════[0m
[96m══════════════════════════════════════════════════════[0m
  [1mREGIME:       [0m [93mCRISIS[0m (conf: 0.38)
  [1mDATA FRESH:   [0m [92m✅ 0.0min ago[0m
  [1mSIGNALS:      [0m 12/20 active
  [1mSIT-OUT:      [0m [92mNO[0m
  [1mCONVICTION:   [0m BTC: -0.00 (HOLD) | ETH: +0.01 (HOLD) | SOL: -0.00 (HOLD) | BNB: +0.03 (HOLD) | XRP: -0.00 (HOLD) | ADA: -0.00 (HOLD) | DOT: -0.00 (HOLD) | AVAX: -0.00 (HOLD) | LINK: -0.00 (HOLD) | MATIC: -0.00 (HOLD) | NEAR: -0.00 (HOLD)
  [1mTRADES:       [0m open=1 closed=33 | PnL=$-4437.96 | WR=36%
  [1mLONG/SHORT:   [0m longs=19 shorts=15
  [1mBLOCKERS:     [0m [91mNo conviction above threshold (all HOLD)[0m
[96m══════════════════════════════════════════════════════[0m

19:04:26 Cycle 100/200 [CRIS] OK       | fresh=0.0min | open= 1 closed= 33 | PnL=$-4438 wr=36% | improve=1 sem_db=30 | 12.6s/c ETA 1259s | zero_streak=0
19:05:25 Cycle 105/200 [CRIS] OK       | fresh=0.0min | open= 1 closed= 33 | PnL=$-4438 wr=36% | improve=1 sem_db=30 | 12.5s/c ETA 1192s | zero_streak=5

[96m══════════════════════════════════════════════════════[0m
[96m══ TRAINING DIAGNOSTICS (cycle 110) ═════════════════════[0m
[96m══════════════════════════════════════════════════════[0m
  [1mREGIME:       [0m [93mCRISIS[0m (conf: 0.37)
  [1mDATA FRESH:   [0m [92m✅ 0.0min ago[0m
  [1mSIGNALS:      [0m 11/20 active
  [1mSIT-OUT:      [0m [92mNO[0m
  [1mCONVICTION:   [0m BTC: +0.00 (HOLD) | ETH: +0.00 (HOLD) | SOL: +0.00 (HOLD) | BNB: +0.00 (HOLD) | XRP: +0.00 (HOLD) | ADA: +0.00 (HOLD) | DOT: +0.00 (HOLD) | AVAX: +0.00 (HOLD) | LINK: +0.00 (HOLD) | MATIC: +0.00 (HOLD) | NEAR: +0.00 (HOLD)
  [1mTRADES:       [0m open=0 closed=34 | PnL=$-1440.04 | WR=38%
  [1mLONG/SHORT:   [0m longs=19 shorts=15
  [1mBLOCKERS:     [0m [91mNo conviction above threshold (all HOLD)[0m
[96m══════════════════════════════════════════════════════[0m

19:06:23 Cycle 110/200 [CRIS] OK       | fresh=0.0min | open= 0 closed= 34 | PnL=$-1440 wr=38% | improve=1 sem_db=30 | 12.5s/c ETA 1126s | zero_streak=1
19:07:22 Cycle 115/200 [CRIS] OK       | fresh=0.0min | open= 0 closed= 34 | PnL=$-1440 wr=38% | improve=1 sem_db=30 | 12.5s/c ETA 1060s | zero_streak=6

[96m══════════════════════════════════════════════════════[0m
[96m══ TRAINING DIAGNOSTICS (cycle 120) ═════════════════════[0m
[96m══════════════════════════════════════════════════════[0m
  [1mREGIME:       [0m [93mNORMAL[0m (conf: 0.37)
  [1mDATA FRESH:   [0m [92m✅ 0.0min ago[0m
  [1mSIGNALS:      [0m 12/20 active
  [1mSIT-OUT:      [0m [92mNO[0m
  [1mCONVICTION:   [0m BTC: +0.12 ([92mBUY[0m) | ETH: -0.04 (HOLD) | SOL: -0.04 (HOLD) | BNB: +0.22 ([92mBUY[0m) | XRP: -0.03 (HOLD) | ADA: -0.04 (HOLD) | DOT: -0.00 (HOLD) | AVAX: -0.04 (HOLD) | LINK: -0.04 (HOLD) | MATIC: -0.04 (HOLD) | NEAR: -0.04 (HOLD)
  [1mTRADES:       [0m open=3 closed=34 | PnL=$-1440.04 | WR=38%
  [1mLONG/SHORT:   [0m longs=19 shorts=18
  [1mBLOCKERS:     [0m [92mNONE[0m
[96m══════════════════════════════════════════════════════[0m

19:08:23 Cycle 120/200 [NORM] OK       | fresh=0.0min | open= 3 closed= 34 | PnL=$-1440 wr=38% | improve=1 sem_db=30 | 12.5s/c ETA 997s | zero_streak=11
19:09:21 Cycle 125/200 [NORM] OK       | fresh=0.0min | open= 1 closed= 39 | PnL=$-2880 wr=36% | improve=1 sem_db=30 | 12.4s/c ETA 933s | zero_streak=0

[96m══════════════════════════════════════════════════════[0m
[96m══ TRAINING DIAGNOSTICS (cycle 130) ═════════════════════[0m
[96m══════════════════════════════════════════════════════[0m
  [1mREGIME:       [0m [93mNORMAL[0m (conf: 0.37)
  [1mDATA FRESH:   [0m [92m✅ 0.0min ago[0m
  [1mSIGNALS:      [0m 11/20 active
  [1mSIT-OUT:      [0m [92mNO[0m
  [1mCONVICTION:   [0m BTC: +0.03 (HOLD) | ETH: -0.06 ([91mSELL[0m) | SOL: -0.06 ([91mSELL[0m) | BNB: -0.06 ([91mSELL[0m) | XRP: -0.05 ([91mSELL[0m) | ADA: +0.24 ([92mBUY[0m) | DOT: -0.06 ([91mSELL[0m) | AVAX: -0.06 ([91mSELL[0m) | LINK: +0.24 ([92mBUY[0m) | MATIC: -0.06 ([91mSELL[0m) | NEAR: -0.06 ([91mSELL[0m)
  [1mTRADES:       [0m open=1 closed=39 | PnL=$-2880.05 | WR=36%
  [1mLONG/SHORT:   [0m longs=21 shorts=19
  [1mBLOCKERS:     [0m [92mNONE[0m
[96m══════════════════════════════════════════════════════[0m

19:10:19 Cycle 130/200 [NORM] OK       | fresh=0.0min | open= 1 closed= 39 | PnL=$-2880 wr=36% | improve=1 sem_db=30 | 12.4s/c ETA 868s | zero_streak=5
19:11:17 Cycle 135/200 [NORM] OK       | fresh=0.0min | open= 2 closed= 40 | PnL=$-2303 wr=38% | improve=1 sem_db=30 | 12.4s/c ETA 804s | zero_streak=3

[96m══════════════════════════════════════════════════════[0m
[96m══ TRAINING DIAGNOSTICS (cycle 140) ═════════════════════[0m
[96m══════════════════════════════════════════════════════[0m
  [1mREGIME:       [0m [93mCRISIS[0m (conf: 0.38)
  [1mDATA FRESH:   [0m [92m✅ 0.0min ago[0m
  [1mSIGNALS:      [0m 10/20 active
  [1mSIT-OUT:      [0m [92mNO[0m
  [1mCONVICTION:   [0m BTC: +0.00 (HOLD) | ETH: +0.00 (HOLD) | SOL: +0.00 (HOLD) | BNB: +0.00 (HOLD) | XRP: +0.00 (HOLD) | ADA: +0.00 (HOLD) | DOT: +0.00 (HOLD) | AVAX: +0.00 (HOLD) | LINK: +0.00 (HOLD) | MATIC: +0.00 (HOLD) | NEAR: +0.00 (HOLD)
  [1mTRADES:       [0m open=1 closed=41 | PnL=$-2701.74 | WR=37%
  [1mLONG/SHORT:   [0m longs=21 shorts=21
  [1mBLOCKERS:     [0m [91mNo conviction above threshold (all HOLD)[0m
[96m══════════════════════════════════════════════════════[0m

19:12:15 Cycle 140/200 [CRIS] OK       | fresh=0.0min | open= 1 closed= 41 | PnL=$-2702 wr=37% | improve=1 sem_db=30 | 12.3s/c ETA 741s | zero_streak=3
19:13:13 Cycle 145/200 [CRIS] OK       | fresh=0.0min | open= 0 closed= 45 | PnL=$-1171 wr=36% | improve=1 sem_db=30 | 12.3s/c ETA 677s | zero_streak=0

[96m══════════════════════════════════════════════════════[0m
[96m══ TRAINING DIAGNOSTICS (cycle 150) ═════════════════════[0m
[96m══════════════════════════════════════════════════════[0m
  [1mREGIME:       [0m [93mCRISIS[0m (conf: 0.38)
  [1mDATA FRESH:   [0m [92m✅ 0.0min ago[0m
  [1mSIGNALS:      [0m 11/20 active
  [1mSIT-OUT:      [0m [92mNO[0m
  [1mCONVICTION:   [0m BTC: -0.29 ([91mSELL[0m) | ETH: -0.17 ([91mSELL[0m) | SOL: +0.21 ([92mBUY[0m) | BNB: -0.05 (HOLD) | XRP: +0.09 ([92mBUY[0m) | ADA: -0.14 ([91mSELL[0m) | DOT: -0.03 (HOLD) | AVAX: +0.21 ([92mBUY[0m) | LINK: -0.09 ([91mSELL[0m) | MATIC: +0.21 ([92mBUY[0m) | NEAR: +0.05 (HOLD)
  [1mTRADES:       [0m open=2 closed=46 | PnL=$-1544.25 | WR=35%
  [1mLONG/SHORT:   [0m longs=21 shorts=27
  [1mBLOCKERS:     [0m [92mNONE[0m
[96m══════════════════════════════════════════════════════[0m

19:14:20 Cycle 150/200 [CRIS] OK       | fresh=0.0min | open= 2 closed= 46 | PnL=$-1544 wr=35% | improve=1 sem_db=30 | 12.4s/c ETA 618s | zero_streak=3
19:15:20 Cycle 155/200 [NORM] OK       | fresh=0.0min | open= 0 closed= 48 | PnL=$-19892 wr=33% | improve=1 sem_db=30 | 12.3s/c ETA 555s | zero_streak=2

[96m══════════════════════════════════════════════════════[0m
[96m══ TRAINING DIAGNOSTICS (cycle 160) ═════════════════════[0m
[96m══════════════════════════════════════════════════════[0m
  [1mREGIME:       [0m [93mNORMAL[0m (conf: 0.38)
  [1mDATA FRESH:   [0m [92m✅ 0.0min ago[0m
  [1mSIGNALS:      [0m 11/20 active
  [1mSIT-OUT:      [0m [92mNO[0m
  [1mCONVICTION:   [0m BTC: +0.08 ([92mBUY[0m) | ETH: +0.18 ([92mBUY[0m) | SOL: +0.06 ([92mBUY[0m) | BNB: -0.05 (HOLD) | XRP: -0.03 (HOLD) | ADA: -0.10 ([91mSELL[0m) | DOT: +0.03 (HOLD) | AVAX: +0.10 ([92mBUY[0m) | LINK: -0.08 ([91mSELL[0m) | MATIC: -0.12 ([91mSELL[0m) | NEAR: -0.06 ([91mSELL[0m)
  [1mTRADES:       [0m open=1 closed=49 | PnL=$-20101.87 | WR=33%
  [1mLONG/SHORT:   [0m longs=22 shorts=28
  [1mBLOCKERS:     [0m [92mNONE[0m
[96m══════════════════════════════════════════════════════[0m

19:16:19 Cycle 160/200 [NORM] OK       | fresh=0.0min | open= 1 closed= 49 | PnL=$-20102 wr=33% | improve=1 sem_db=30 | 12.3s/c ETA 493s | zero_streak=0
19:17:21 Cycle 165/200 [NORM] OK       | fresh=0.0min | open= 1 closed= 50 | PnL=$-18388 wr=34% | improve=1 sem_db=30 | 12.3s/c ETA 431s | zero_streak=0

[96m══════════════════════════════════════════════════════[0m
[96m══ TRAINING DIAGNOSTICS (cycle 170) ═════════════════════[0m
[96m══════════════════════════════════════════════════════[0m
  [1mREGIME:       [0m [93mNORMAL[0m (conf: 0.38)
  [1mDATA FRESH:   [0m [92m✅ 0.0min ago[0m
  [1mSIGNALS:      [0m 11/20 active
  [1mSIT-OUT:      [0m [92mNO[0m
  [1mCONVICTION:   [0m BTC: +0.13 ([92mBUY[0m) | ETH: +0.09 ([92mBUY[0m) | SOL: -0.19 ([91mSELL[0m) | BNB: +0.08 ([92mBUY[0m) | XRP: +0.25 ([92mBUY[0m) | ADA: -0.10 ([91mSELL[0m) | DOT: -0.12 ([91mSELL[0m) | AVAX: +0.25 ([92mBUY[0m) | LINK: -0.15 ([91mSELL[0m) | MATIC: -0.01 (HOLD) | NEAR: -0.22 ([91mSELL[0m)
  [1mTRADES:       [0m open=3 closed=51 | PnL=$-18763.18 | WR=33%
  [1mLONG/SHORT:   [0m longs=23 shorts=31
  [1mBLOCKERS:     [0m [92mNONE[0m
[96m══════════════════════════════════════════════════════[0m

19:18:19 Cycle 170/200 [NORM] OK       | fresh=0.0min | open= 3 closed= 51 | PnL=$-18763 wr=33% | improve=1 sem_db=30 | 12.3s/c ETA 369s | zero_streak=1
19:19:17 Cycle 175/200 [NORM] OK       | fresh=0.0min | open= 2 closed= 54 | PnL=$-15750 wr=33% | improve=1 sem_db=30 | 12.3s/c ETA 307s | zero_streak=1

[96m══════════════════════════════════════════════════════[0m
[96m══ TRAINING DIAGNOSTICS (cycle 180) ═════════════════════[0m
[96m══════════════════════════════════════════════════════[0m
  [1mREGIME:       [0m [93mNORMAL[0m (conf: 0.38)
  [1mDATA FRESH:   [0m [92m✅ 0.0min ago[0m
  [1mSIGNALS:      [0m 11/20 active
  [1mSIT-OUT:      [0m [92mNO[0m
  [1mCONVICTION:   [0m BTC: +0.06 ([92mBUY[0m) | ETH: +0.03 (HOLD) | SOL: -0.00 (HOLD) | BNB: +0.05 (HOLD) | XRP: +0.01 (HOLD) | ADA: -0.04 (HOLD) | DOT: -0.04 (HOLD) | AVAX: +0.06 ([92mBUY[0m) | LINK: -0.04 (HOLD) | MATIC: -0.04 (HOLD) | NEAR: -0.04 (HOLD)
  [1mTRADES:       [0m open=3 closed=57 | PnL=$-13977.15 | WR=35%
  [1mLONG/SHORT:   [0m longs=25 shorts=35
  [1mBLOCKERS:     [0m [92mNONE[0m
[96m══════════════════════════════════════════════════════[0m

19:20:17 Cycle 180/200 [NORM] OK       | fresh=0.0min | open= 3 closed= 57 | PnL=$-13977 wr=35% | improve=1 sem_db=30 | 12.3s/c ETA 245s | zero_streak=0
19:21:15 Cycle 185/200 [CRIS] OK       | fresh=0.0min | open= 2 closed= 60 | PnL=$-15679 wr=33% | improve=1 sem_db=30 | 12.3s/c ETA 184s | zero_streak=3

[96m══════════════════════════════════════════════════════[0m
[96m══ TRAINING DIAGNOSTICS (cycle 190) ═════════════════════[0m
[96m══════════════════════════════════════════════════════[0m
  [1mREGIME:       [0m [93mNORMAL[0m (conf: 0.38)
  [1mDATA FRESH:   [0m [92m✅ 0.0min ago[0m
  [1mSIGNALS:      [0m 11/20 active
  [1mSIT-OUT:      [0m [92mNO[0m
  [1mCONVICTION:   [0m BTC: +0.04 (HOLD) | ETH: -0.04 (HOLD) | SOL: -0.05 ([91mSELL[0m) | BNB: +0.09 ([92mBUY[0m) | XRP: +0.03 (HOLD) | ADA: -0.15 ([91mSELL[0m) | DOT: +0.03 (HOLD) | AVAX: -0.07 ([91mSELL[0m) | LINK: -0.09 ([91mSELL[0m) | MATIC: -0.02 (HOLD) | NEAR: +0.23 ([92mBUY[0m)
  [1mTRADES:       [0m open=1 closed=62 | PnL=$-17128.83 | WR=32%
  [1mLONG/SHORT:   [0m longs=27 shorts=36
  [1mBLOCKERS:     [0m [92mNONE[0m
[96m══════════════════════════════════════════════════════[0m

19:22:13 Cycle 190/200 [NORM] OK       | fresh=0.0min | open= 1 closed= 62 | PnL=$-17129 wr=32% | improve=1 sem_db=30 | 12.2s/c ETA 122s | zero_streak=2
19:23:12 Cycle 195/200 [CRIS] OK       | fresh=0.0min | open= 1 closed= 64 | PnL=$-17294 wr=33% | improve=1 sem_db=30 | 12.2s/c ETA 61s | zero_streak=0

[96m══════════════════════════════════════════════════════[0m
[96m══ TRAINING DIAGNOSTICS (cycle 200) ═════════════════════[0m
[96m══════════════════════════════════════════════════════[0m
  [1mREGIME:       [0m [93mCRISIS[0m (conf: 0.37)
  [1mDATA FRESH:   [0m [92m✅ 0.0min ago[0m
  [1mSIGNALS:      [0m 11/20 active
  [1mSIT-OUT:      [0m [92mNO[0m
  [1mCONVICTION:   [0m BTC: +0.01 (HOLD) | ETH: +0.04 (HOLD) | SOL: -0.08 ([91mSELL[0m) | BNB: -0.01 (HOLD) | XRP: +0.09 ([92mBUY[0m) | ADA: -0.10 ([91mSELL[0m) | DOT: +0.10 ([92mBUY[0m) | AVAX: -0.03 (HOLD) | LINK: +0.06 ([92mBUY[0m) | MATIC: -0.11 ([91mSELL[0m) | NEAR: +0.04 (HOLD)
  [1mTRADES:       [0m open=3 closed=65 | PnL=$-17734.74 | WR=32%
  [1mLONG/SHORT:   [0m longs=30 shorts=38
  [1mBLOCKERS:     [0m [92mNONE[0m
[96m══════════════════════════════════════════════════════[0m

19:24:12 Cycle 200/200 [CRIS] OK       | fresh=0.0min | open= 3 closed= 65 | PnL=$-17735 wr=32% | improve=1 sem_db=30 | 12.2s/c ETA 0s | zero_streak=2
19:24:12 V209_CRISIS_R2: no baseline version found for gate comparison
19:24:12 Attribution — alpha: $-7881.34  beta: $+13182372.36  timing: $+4958326.37  selection: $+0.00
19:24:12 Attribution report  : /Users/benebsworth/projects/omega/data/v209_crisis_r2_attribution.json
19:24:12 
19:24:12 ======================================================================
19:24:12 V209_CRISIS_R2 COMPLETE — 200 cycles in 2445s (12.22s/cycle)
19:24:12 ======================================================================
19:24:12 improve_calls         : 1
19:24:12 semantic_patterns_db  : 30
19:24:12 Closed trades         : 65  (long=28  short=37)
19:24:12 Total PnL             : $-17734.74  (engine realised: $-17734.74)
19:24:12 Win rate              : 32.3%  (21/65)
19:24:12 Profit factor         : 0.61
19:24:12 --- Observability ---
19:24:12 Zero-trade cycles     : 149 / 200  (74%)
19:24:12 Circuit breaker trips : 0
19:24:12 Final vol threshold   : 0.000
19:24:12 Metrics JSONL         : /tmp/v209_crisis_r2_metrics.jsonl
19:24:12 Results               : /Users/benebsworth/projects/omega/data/v209_crisis_r2_results.json
19:24:12 ======================================================================
