01:19:32 RNG seed set to 42 (deterministic mode)
01:19:32 BACKTEST MODE: WS signals disabled (whale_prints, ws_microstructure)
01:19:32 ======================================================================
01:19:32 Training Run v207a_crisis_r2 — 200 cycles  sleep=10s
01:19:32 CoinGecko key  : CG-YPzBAPag5...
01:19:32 Database URL   : postgresql://omega:omega@localhost:5432/...
01:19:32 Metrics JSONL  : /tmp/v207a_crisis_r2_metrics.jsonl
01:19:32 Log file       : /tmp/v207a_crisis_r2_training.log
01:19:32 Features ON    : ffg_gate1_enabled, ffg_gate4_enabled
01:19:32 ======================================================================
01:19:33 V207a: OMEGA_FROZEN_CACHE=1 — skipping macro warm_up (no live FRED/funding fetches)
01:19:33 BACKTEST MODE: ingestion replaced by ReplayIngestionNode (snap_crisis_2022h1, 151 steps)
01:19:33 ImprovementEngine: SyntheticEvaluator injected
01:19:33 Decision snapshots → /tmp/v207a_crisis_r2_decisions.jsonl (+ Postgres if configured)
01:19:33 SignalDecayDetector: loaded from data/signal_ic_history.json

[96m══════════════════════════════════════════════════════[0m
[96m══ TRAINING DIAGNOSTICS (cycle 0) ═══════════════════════[0m
[96m══════════════════════════════════════════════════════[0m
  [1mREGIME:       [0m [91mUNKN ⚠️[0m
  [1mDATA FRESH:   [0m [92m✅ 0.0min ago[0m
  [1mSIGNALS:      [0m [93mnone yet[0m
  [1mSIT-OUT:      [0m [92mNO[0m
  [1mCONVICTION:   [0m [93mn/a[0m
  [1mTRADES:       [0m open=0 closed=0 | PnL=$+0.00 | WR=0%
  [1mLONG/SHORT:   [0m longs=0 shorts=0
  [1mBLOCKERS:     [0m [91mRegime detector not firing | No signal data yet (first cycle?)[0m
[96m══════════════════════════════════════════════════════[0m

01:19:44 Cycle   1/200 [NORM] OK       | fresh=0.0min | open= 0 closed=  0 | PnL=$+0 wr=0% | improve=0 sem_db=30 | 11.6s/c ETA 2308s | zero_streak=1
01:20:30 Cycle   5/200 [NORM] OK       | fresh=0.0min | open= 2 closed=  1 | PnL=$-642 wr=0% | improve=0 sem_db=30 | 11.5s/c ETA 2243s | zero_streak=2

[96m══════════════════════════════════════════════════════[0m
[96m══ TRAINING DIAGNOSTICS (cycle 10) ══════════════════════[0m
[96m══════════════════════════════════════════════════════[0m
  [1mREGIME:       [0m [93mCRISIS[0m (conf: 0.00)
  [1mDATA FRESH:   [0m [92m✅ 0.0min ago[0m
  [1mSIGNALS:      [0m 9/20 active
  [1mSIT-OUT:      [0m [92mNO[0m
  [1mCONVICTION:   [0m BTC: +0.00 (HOLD) | ETH: +0.00 (HOLD) | SOL: +0.00 (HOLD) | BNB: +0.00 (HOLD) | XRP: +0.00 (HOLD) | ADA: +0.00 (HOLD) | DOT: +0.00 (HOLD) | AVAX: +0.00 (HOLD) | LINK: +0.00 (HOLD) | MATIC: +0.00 (HOLD) | NEAR: +0.00 (HOLD)
  [1mTRADES:       [0m open=1 closed=2 | PnL=$-3156.63 | WR=0%
  [1mLONG/SHORT:   [0m longs=1 shorts=2
  [1mBLOCKERS:     [0m [91mNo conviction above threshold (all HOLD)[0m
[96m══════════════════════════════════════════════════════[0m

01:21:43 Cycle  10/200 [CRIS] OK       | fresh=0.0min | open= 1 closed=  2 | PnL=$-3157 wr=0% | improve=0 sem_db=30 | 13.0s/c ETA 2470s | zero_streak=4
01:22:42 Cycle  15/200 [NORM] OK       | fresh=0.0min | open= 0 closed=  3 | PnL=$-1051 wr=33% | improve=1 sem_db=30 | 12.6s/c ETA 2331s | zero_streak=2

[96m══════════════════════════════════════════════════════[0m
[96m══ TRAINING DIAGNOSTICS (cycle 20) ══════════════════════[0m
[96m══════════════════════════════════════════════════════[0m
  [1mREGIME:       [0m [93mCRISIS[0m (conf: 0.37)
  [1mDATA FRESH:   [0m [92m✅ 0.0min ago[0m
  [1mSIGNALS:      [0m 10/20 active
  [1mSIT-OUT:      [0m [92mNO[0m
  [1mCONVICTION:   [0m BTC: +0.10 ([92mBUY[0m) | ETH: +0.09 ([92mBUY[0m) | SOL: -0.16 ([91mSELL[0m) | BNB: +0.12 ([92mBUY[0m) | XRP: +0.17 ([92mBUY[0m) | ADA: -0.09 ([91mSELL[0m) | DOT: -0.11 ([91mSELL[0m) | AVAX: +0.17 ([92mBUY[0m) | LINK: -0.11 ([91mSELL[0m) | MATIC: +0.01 (HOLD) | NEAR: -0.18 ([91mSELL[0m)
  [1mTRADES:       [0m open=0 closed=3 | PnL=$-1051.31 | WR=33%
  [1mLONG/SHORT:   [0m longs=1 shorts=2
  [1mBLOCKERS:     [0m [92mNONE[0m
[96m══════════════════════════════════════════════════════[0m

01:23:55 Cycle  20/200 [CRIS] OK       | fresh=0.0min | open= 0 closed=  3 | PnL=$-1051 wr=33% | improve=1 sem_db=30 | 13.1s/c ETA 2357s | zero_streak=7
01:24:54 Cycle  25/200 [HIGH] OK       | fresh=0.0min | open= 3 closed=  3 | PnL=$-1051 wr=33% | improve=1 sem_db=30 | 12.8s/c ETA 2247s | zero_streak=12

[96m══════════════════════════════════════════════════════[0m
[96m══ TRAINING DIAGNOSTICS (cycle 30) ══════════════════════[0m
[96m══════════════════════════════════════════════════════[0m
  [1mREGIME:       [0m [93mCRISIS[0m (conf: 0.37)
  [1mDATA FRESH:   [0m [92m✅ 0.0min ago[0m
  [1mSIGNALS:      [0m 10/20 active
  [1mSIT-OUT:      [0m [92mNO[0m
  [1mCONVICTION:   [0m BTC: +0.08 ([92mBUY[0m) | ETH: +0.06 ([92mBUY[0m) | SOL: +0.08 ([92mBUY[0m) | BNB: +0.01 (HOLD) | XRP: +0.03 (HOLD) | ADA: -0.13 ([91mSELL[0m) | DOT: +0.05 ([92mBUY[0m) | AVAX: +0.08 ([92mBUY[0m) | LINK: -0.07 ([91mSELL[0m) | MATIC: -0.06 ([91mSELL[0m) | NEAR: -0.13 ([91mSELL[0m)
  [1mTRADES:       [0m open=1 closed=6 | PnL=$-2338.20 | WR=17%
  [1mLONG/SHORT:   [0m longs=2 shorts=5
  [1mBLOCKERS:     [0m [92mNONE[0m
[96m══════════════════════════════════════════════════════[0m

01:26:03 Cycle  30/200 [CRIS] OK       | fresh=0.0min | open= 1 closed=  6 | PnL=$-2338 wr=17% | improve=1 sem_db=30 | 13.0s/c ETA 2214s | zero_streak=3
01:27:02 Cycle  35/200 [CRIS] OK       | fresh=0.0min | open= 2 closed=  8 | PnL=$-3083 wr=25% | improve=1 sem_db=30 | 12.8s/c ETA 2119s | zero_streak=1

[96m══════════════════════════════════════════════════════[0m
[96m══ TRAINING DIAGNOSTICS (cycle 40) ══════════════════════[0m
[96m══════════════════════════════════════════════════════[0m
  [1mREGIME:       [0m [93mCRISIS[0m (conf: 0.37)
  [1mDATA FRESH:   [0m [92m✅ 0.0min ago[0m
  [1mSIGNALS:      [0m 11/20 active
  [1mSIT-OUT:      [0m [92mNO[0m
  [1mCONVICTION:   [0m BTC: +0.06 ([92mBUY[0m) | ETH: -0.03 (HOLD) | SOL: -0.11 ([91mSELL[0m) | BNB: +0.09 ([92mBUY[0m) | XRP: +0.05 ([92mBUY[0m) | ADA: -0.15 ([91mSELL[0m) | DOT: +0.04 (HOLD) | AVAX: -0.06 ([91mSELL[0m) | LINK: -0.10 ([91mSELL[0m) | MATIC: -0.03 (HOLD) | NEAR: +0.23 ([92mBUY[0m)
  [1mTRADES:       [0m open=0 closed=10 | PnL=$-3008.92 | WR=30%
  [1mLONG/SHORT:   [0m longs=4 shorts=6
  [1mBLOCKERS:     [0m [92mNONE[0m
[96m══════════════════════════════════════════════════════[0m

01:28:11 Cycle  40/200 [CRIS] OK       | fresh=0.0min | open= 0 closed= 10 | PnL=$-3009 wr=30% | improve=1 sem_db=30 | 13.0s/c ETA 2074s | zero_streak=1
01:29:10 Cycle  45/200 [CRIS] OK       | fresh=0.0min | open= 2 closed= 11 | PnL=$-3768 wr=27% | improve=1 sem_db=30 | 12.8s/c ETA 1987s | zero_streak=2

[96m══════════════════════════════════════════════════════[0m
[96m══ TRAINING DIAGNOSTICS (cycle 50) ══════════════════════[0m
[96m══════════════════════════════════════════════════════[0m
  [1mREGIME:       [0m [93mNORMAL[0m (conf: 0.37)
  [1mDATA FRESH:   [0m [92m✅ 0.0min ago[0m
  [1mSIGNALS:      [0m 11/20 active
  [1mSIT-OUT:      [0m [92mNO[0m
  [1mCONVICTION:   [0m BTC: -0.01 (HOLD) | ETH: +0.03 (HOLD) | SOL: -0.02 (HOLD) | BNB: -0.03 (HOLD) | XRP: +0.03 (HOLD) | ADA: -0.03 (HOLD) | DOT: +0.03 (HOLD) | AVAX: +0.03 (HOLD) | LINK: +0.03 (HOLD) | MATIC: -0.08 ([91mSELL[0m) | NEAR: +0.01 (HOLD)
  [1mTRADES:       [0m open=0 closed=15 | PnL=$-4339.72 | WR=27%
  [1mLONG/SHORT:   [0m longs=7 shorts=8
  [1mBLOCKERS:     [0m [92mNONE[0m
[96m══════════════════════════════════════════════════════[0m

01:30:27 Cycle  50/200 [NORM] OK       | fresh=0.0min | open= 0 closed= 15 | PnL=$-4340 wr=27% | improve=1 sem_db=30 | 13.1s/c ETA 1963s | zero_streak=0
01:31:36 Cycle  55/200 [NORM] OK       | fresh=0.0min | open= 0 closed= 15 | PnL=$-4340 wr=27% | improve=1 sem_db=30 | 13.1s/c ETA 1906s | zero_streak=5

[96m══════════════════════════════════════════════════════[0m
[96m══ TRAINING DIAGNOSTICS (cycle 60) ══════════════════════[0m
[96m══════════════════════════════════════════════════════[0m
  [1mREGIME:       [0m [93mHIGH_VOL[0m (conf: 0.37)
  [1mDATA FRESH:   [0m [92m✅ 0.0min ago[0m
  [1mSIGNALS:      [0m 11/20 active
  [1mSIT-OUT:      [0m [92mNO[0m
  [1mCONVICTION:   [0m BTC: +0.01 (HOLD) | ETH: +0.01 (HOLD) | SOL: +0.01 (HOLD) | BNB: +0.01 (HOLD) | XRP: -0.09 ([91mSELL[0m) | ADA: +0.01 (HOLD) | DOT: +0.01 (HOLD) | AVAX: +0.01 (HOLD) | LINK: +0.01 (HOLD) | MATIC: +0.01 (HOLD) | NEAR: +0.01 (HOLD)
  [1mTRADES:       [0m open=0 closed=15 | PnL=$-4339.72 | WR=27%
  [1mLONG/SHORT:   [0m longs=7 shorts=8
  [1mBLOCKERS:     [0m [92mNONE[0m
[96m══════════════════════════════════════════════════════[0m

01:32:33 Cycle  60/200 [HIGH] OK       | fresh=0.0min | open= 0 closed= 15 | PnL=$-4340 wr=27% | improve=1 sem_db=30 | 13.0s/c ETA 1820s | zero_streak=10
01:33:30 Cycle  65/200 [HIGH] OK       | fresh=0.0min | open= 0 closed= 15 | PnL=$-4340 wr=27% | improve=1 sem_db=30 | 12.9s/c ETA 1740s | zero_streak=15
01:33:54 ZERO_STREAK_ALERT cycle=67 streak=16 basket_std=0.2000 basket_mean=0.0000 composites={}
01:34:05 ZERO_STREAK_ALERT cycle=68 streak=17 basket_std=0.2000 basket_mean=0.0000 composites={}
01:34:17 ZERO_STREAK_ALERT cycle=69 streak=18 basket_std=0.2000 basket_mean=0.0000 composites={}

[96m══════════════════════════════════════════════════════[0m
[96m══ TRAINING DIAGNOSTICS (cycle 70) ══════════════════════[0m
[96m══════════════════════════════════════════════════════[0m
  [1mREGIME:       [0m [93mHIGH_VOL[0m (conf: 0.37)
  [1mDATA FRESH:   [0m [92m✅ 0.0min ago[0m
  [1mSIGNALS:      [0m 12/20 active
  [1mSIT-OUT:      [0m [92mNO[0m
  [1mCONVICTION:   [0m BTC: -0.02 (HOLD) | ETH: +0.07 ([92mBUY[0m) | SOL: +0.17 ([92mBUY[0m) | BNB: +0.09 ([92mBUY[0m) | XRP: -0.12 ([91mSELL[0m) | ADA: -0.05 (HOLD) | DOT: -0.09 ([91mSELL[0m) | AVAX: -0.07 ([91mSELL[0m) | LINK: -0.06 ([91mSELL[0m) | MATIC: -0.13 ([91mSELL[0m) | NEAR: +0.21 ([92mBUY[0m)
  [1mTRADES:       [0m open=1 closed=15 | PnL=$-4339.72 | WR=27%
  [1mLONG/SHORT:   [0m longs=7 shorts=9
  [1mBLOCKERS:     [0m [92mNONE[0m
[96m══════════════════════════════════════════════════════[0m

01:34:29 ZERO_STREAK_ALERT cycle=70 streak=19 basket_std=0.2000 basket_mean=0.0000 composites={}
01:34:29 Cycle  70/200 [HIGH] OK       | fresh=0.0min | open= 1 closed= 15 | PnL=$-4340 wr=27% | improve=1 sem_db=30 | 12.8s/c ETA 1664s | zero_streak=20
01:34:45 ZERO_STREAK_ALERT cycle=71 streak=20 basket_std=0.2000 basket_mean=0.0000 composites={}
01:34:57 ZERO_STREAK_ALERT cycle=72 streak=21 basket_std=0.2000 basket_mean=0.0000 composites={}
01:35:09 ZERO_STREAK_ALERT cycle=73 streak=22 basket_std=0.2000 basket_mean=0.0000 composites={}
01:35:21 ZERO_STREAK_ALERT cycle=74 streak=23 basket_std=0.2000 basket_mean=0.0000 composites={}
01:35:33 ZERO_STREAK_ALERT cycle=75 streak=24 basket_std=0.2000 basket_mean=0.0000 composites={}
01:35:33 Cycle  75/200 [NORM] OK       | fresh=0.0min | open= 2 closed= 15 | PnL=$-4340 wr=27% | improve=1 sem_db=30 | 12.8s/c ETA 1601s | zero_streak=25
01:35:45 ZERO_STREAK_ALERT cycle=76 streak=25 basket_std=0.2000 basket_mean=0.0000 composites={}

[96m══════════════════════════════════════════════════════[0m
[96m══ TRAINING DIAGNOSTICS (cycle 80) ══════════════════════[0m
[96m══════════════════════════════════════════════════════[0m
  [1mREGIME:       [0m [93mNORMAL[0m (conf: 0.37)
  [1mDATA FRESH:   [0m [92m✅ 0.0min ago[0m
  [1mSIGNALS:      [0m 12/20 active
  [1mSIT-OUT:      [0m [92mNO[0m
  [1mCONVICTION:   [0m BTC: +0.02 (HOLD) | ETH: +0.02 (HOLD) | SOL: -0.13 ([91mSELL[0m) | BNB: +0.11 ([92mBUY[0m) | XRP: +0.17 ([92mBUY[0m) | ADA: -0.13 ([91mSELL[0m) | DOT: -0.06 ([91mSELL[0m) | AVAX: -0.09 ([91mSELL[0m) | LINK: -0.10 ([91mSELL[0m) | MATIC: -0.02 (HOLD) | NEAR: +0.20 ([92mBUY[0m)
  [1mTRADES:       [0m open=1 closed=17 | PnL=$-2600.73 | WR=29%
  [1mLONG/SHORT:   [0m longs=9 shorts=9
  [1mBLOCKERS:     [0m [92mNONE[0m
[96m══════════════════════════════════════════════════════[0m

01:36:31 Cycle  80/200 [NORM] OK       | fresh=0.0min | open= 1 closed= 17 | PnL=$-2601 wr=29% | improve=1 sem_db=30 | 12.7s/c ETA 1527s | zero_streak=0
01:37:29 Cycle  85/200 [NORM] OK       | fresh=0.0min | open= 1 closed= 20 | PnL=$-3148 wr=30% | improve=1 sem_db=30 | 12.7s/c ETA 1456s | zero_streak=0

[96m══════════════════════════════════════════════════════[0m
[96m══ TRAINING DIAGNOSTICS (cycle 90) ══════════════════════[0m
[96m══════════════════════════════════════════════════════[0m
  [1mREGIME:       [0m [93mNORMAL[0m (conf: 0.37)
  [1mDATA FRESH:   [0m [92m✅ 0.0min ago[0m
  [1mSIGNALS:      [0m 12/20 active
  [1mSIT-OUT:      [0m [92mNO[0m
  [1mCONVICTION:   [0m BTC: +0.11 ([92mBUY[0m) | ETH: +0.07 ([92mBUY[0m) | SOL: +0.06 ([92mBUY[0m) | BNB: +0.09 ([92mBUY[0m) | XRP: -0.06 ([91mSELL[0m) | ADA: -0.06 ([91mSELL[0m) | DOT: +0.01 (HOLD) | AVAX: -0.06 ([91mSELL[0m) | LINK: -0.05 (HOLD) | MATIC: -0.06 ([91mSELL[0m) | NEAR: -0.06 ([91mSELL[0m)
  [1mTRADES:       [0m open=2 closed=21 | PnL=$-3114.68 | WR=33%
  [1mLONG/SHORT:   [0m longs=12 shorts=11
  [1mBLOCKERS:     [0m [92mNONE[0m
[96m══════════════════════════════════════════════════════[0m

01:38:28 Cycle  90/200 [NORM] OK       | fresh=0.0min | open= 2 closed= 21 | PnL=$-3115 wr=33% | improve=1 sem_db=30 | 12.6s/c ETA 1387s | zero_streak=0
01:39:26 Cycle  95/200 [NORM] OK       | fresh=0.0min | open= 1 closed= 24 | PnL=$-703 wr=42% | improve=1 sem_db=30 | 12.6s/c ETA 1319s | zero_streak=1

[96m══════════════════════════════════════════════════════[0m
[96m══ TRAINING DIAGNOSTICS (cycle 100) ═════════════════════[0m
[96m══════════════════════════════════════════════════════[0m
  [1mREGIME:       [0m [93mCRISIS[0m (conf: 0.37)
  [1mDATA FRESH:   [0m [92m✅ 0.0min ago[0m
  [1mSIGNALS:      [0m 13/20 active
  [1mSIT-OUT:      [0m [92mNO[0m
  [1mCONVICTION:   [0m BTC: -0.00 (HOLD) | ETH: +0.01 (HOLD) | SOL: -0.00 (HOLD) | BNB: +0.03 (HOLD) | XRP: -0.00 (HOLD) | ADA: -0.00 (HOLD) | DOT: -0.00 (HOLD) | AVAX: -0.00 (HOLD) | LINK: -0.00 (HOLD) | MATIC: -0.00 (HOLD) | NEAR: -0.00 (HOLD)
  [1mTRADES:       [0m open=1 closed=27 | PnL=$-4759.43 | WR=37%
  [1mLONG/SHORT:   [0m longs=16 shorts=12
  [1mBLOCKERS:     [0m [91mNo conviction above threshold (all HOLD)[0m
[96m══════════════════════════════════════════════════════[0m

01:40:27 Cycle 100/200 [CRIS] OK       | fresh=0.0min | open= 1 closed= 27 | PnL=$-4759 wr=37% | improve=1 sem_db=30 | 12.5s/c ETA 1254s | zero_streak=0
01:41:26 Cycle 105/200 [CRIS] OK       | fresh=0.0min | open= 1 closed= 27 | PnL=$-4759 wr=37% | improve=1 sem_db=30 | 12.5s/c ETA 1188s | zero_streak=5

[96m══════════════════════════════════════════════════════[0m
[96m══ TRAINING DIAGNOSTICS (cycle 110) ═════════════════════[0m
[96m══════════════════════════════════════════════════════[0m
  [1mREGIME:       [0m [93mCRISIS[0m (conf: 0.37)
  [1mDATA FRESH:   [0m [92m✅ 0.0min ago[0m
  [1mSIGNALS:      [0m 12/20 active
  [1mSIT-OUT:      [0m [92mNO[0m
  [1mCONVICTION:   [0m BTC: +0.00 (HOLD) | ETH: +0.00 (HOLD) | SOL: +0.00 (HOLD) | BNB: +0.00 (HOLD) | XRP: +0.00 (HOLD) | ADA: +0.00 (HOLD) | DOT: +0.00 (HOLD) | AVAX: +0.00 (HOLD) | LINK: +0.00 (HOLD) | MATIC: +0.00 (HOLD) | NEAR: +0.00 (HOLD)
  [1mTRADES:       [0m open=0 closed=28 | PnL=$-1806.86 | WR=39%
  [1mLONG/SHORT:   [0m longs=16 shorts=12
  [1mBLOCKERS:     [0m [91mNo conviction above threshold (all HOLD)[0m
[96m══════════════════════════════════════════════════════[0m

01:42:23 Cycle 110/200 [CRIS] OK       | fresh=0.0min | open= 0 closed= 28 | PnL=$-1807 wr=39% | improve=1 sem_db=30 | 12.5s/c ETA 1121s | zero_streak=1
01:43:21 Cycle 115/200 [CRIS] OK       | fresh=0.0min | open= 0 closed= 28 | PnL=$-1807 wr=39% | improve=1 sem_db=30 | 12.4s/c ETA 1056s | zero_streak=6

[96m══════════════════════════════════════════════════════[0m
[96m══ TRAINING DIAGNOSTICS (cycle 120) ═════════════════════[0m
[96m══════════════════════════════════════════════════════[0m
  [1mREGIME:       [0m [93mNORMAL[0m (conf: 0.37)
  [1mDATA FRESH:   [0m [92m✅ 0.0min ago[0m
  [1mSIGNALS:      [0m 13/20 active
  [1mSIT-OUT:      [0m [92mNO[0m
  [1mCONVICTION:   [0m BTC: +0.12 ([92mBUY[0m) | ETH: -0.04 (HOLD) | SOL: -0.04 (HOLD) | BNB: +0.22 ([92mBUY[0m) | XRP: -0.03 (HOLD) | ADA: -0.04 (HOLD) | DOT: -0.00 (HOLD) | AVAX: -0.04 (HOLD) | LINK: -0.04 (HOLD) | MATIC: -0.04 (HOLD) | NEAR: -0.04 (HOLD)
  [1mTRADES:       [0m open=3 closed=28 | PnL=$-1806.86 | WR=39%
  [1mLONG/SHORT:   [0m longs=16 shorts=15
  [1mBLOCKERS:     [0m [92mNONE[0m
[96m══════════════════════════════════════════════════════[0m

01:44:20 Cycle 120/200 [NORM] OK       | fresh=0.0min | open= 3 closed= 28 | PnL=$-1807 wr=39% | improve=1 sem_db=30 | 12.4s/c ETA 992s | zero_streak=11
01:45:20 Cycle 125/200 [NORM] OK       | fresh=0.0min | open= 1 closed= 33 | PnL=$-3239 wr=36% | improve=1 sem_db=30 | 12.4s/c ETA 929s | zero_streak=0

[96m══════════════════════════════════════════════════════[0m
[96m══ TRAINING DIAGNOSTICS (cycle 130) ═════════════════════[0m
[96m══════════════════════════════════════════════════════[0m
  [1mREGIME:       [0m [93mNORMAL[0m (conf: 0.37)
  [1mDATA FRESH:   [0m [92m✅ 0.0min ago[0m
  [1mSIGNALS:      [0m 12/20 active
  [1mSIT-OUT:      [0m [92mNO[0m
  [1mCONVICTION:   [0m BTC: +0.05 (HOLD) | ETH: -0.04 (HOLD) | SOL: -0.04 (HOLD) | BNB: -0.04 (HOLD) | XRP: -0.03 (HOLD) | ADA: +0.15 ([92mBUY[0m) | DOT: -0.04 (HOLD) | AVAX: -0.04 (HOLD) | LINK: +0.15 ([92mBUY[0m) | MATIC: -0.04 (HOLD) | NEAR: -0.04 (HOLD)
  [1mTRADES:       [0m open=1 closed=33 | PnL=$-3238.65 | WR=36%
  [1mLONG/SHORT:   [0m longs=18 shorts=16
  [1mBLOCKERS:     [0m [92mNONE[0m
[96m══════════════════════════════════════════════════════[0m

01:46:18 Cycle 130/200 [NORM] OK       | fresh=0.0min | open= 1 closed= 33 | PnL=$-3239 wr=36% | improve=1 sem_db=30 | 12.4s/c ETA 865s | zero_streak=5
01:47:17 Cycle 135/200 [NORM] OK       | fresh=0.0min | open= 2 closed= 34 | PnL=$-2674 wr=38% | improve=1 sem_db=30 | 12.3s/c ETA 801s | zero_streak=3

[96m══════════════════════════════════════════════════════[0m
[96m══ TRAINING DIAGNOSTICS (cycle 140) ═════════════════════[0m
[96m══════════════════════════════════════════════════════[0m
  [1mREGIME:       [0m [93mCRISIS[0m (conf: 0.37)
  [1mDATA FRESH:   [0m [92m✅ 0.0min ago[0m
  [1mSIGNALS:      [0m 11/20 active
  [1mSIT-OUT:      [0m [92mNO[0m
  [1mCONVICTION:   [0m BTC: +0.00 (HOLD) | ETH: +0.00 (HOLD) | SOL: +0.00 (HOLD) | BNB: +0.00 (HOLD) | XRP: +0.00 (HOLD) | ADA: +0.00 (HOLD) | DOT: +0.00 (HOLD) | AVAX: +0.00 (HOLD) | LINK: +0.00 (HOLD) | MATIC: +0.00 (HOLD) | NEAR: +0.00 (HOLD)
  [1mTRADES:       [0m open=1 closed=35 | PnL=$-3072.94 | WR=37%
  [1mLONG/SHORT:   [0m longs=18 shorts=18
  [1mBLOCKERS:     [0m [91mNo conviction above threshold (all HOLD)[0m
[96m══════════════════════════════════════════════════════[0m

01:48:16 Cycle 140/200 [CRIS] OK       | fresh=0.0min | open= 1 closed= 35 | PnL=$-3073 wr=37% | improve=1 sem_db=30 | 12.3s/c ETA 739s | zero_streak=3
01:49:14 Cycle 145/200 [CRIS] OK       | fresh=0.0min | open= 0 closed= 39 | PnL=$-1542 wr=36% | improve=1 sem_db=30 | 12.3s/c ETA 676s | zero_streak=0

[96m══════════════════════════════════════════════════════[0m
[96m══ TRAINING DIAGNOSTICS (cycle 150) ═════════════════════[0m
[96m══════════════════════════════════════════════════════[0m
  [1mREGIME:       [0m [93mCRISIS[0m (conf: 0.37)
  [1mDATA FRESH:   [0m [92m✅ 0.0min ago[0m
  [1mSIGNALS:      [0m 12/20 active
  [1mSIT-OUT:      [0m [92mNO[0m
  [1mCONVICTION:   [0m BTC: -0.25 ([91mSELL[0m) | ETH: -0.13 ([91mSELL[0m) | SOL: +0.11 ([92mBUY[0m) | BNB: -0.01 (HOLD) | XRP: +0.11 ([92mBUY[0m) | ADA: -0.10 ([91mSELL[0m) | DOT: +0.01 (HOLD) | AVAX: +0.11 ([92mBUY[0m) | LINK: -0.05 ([91mSELL[0m) | MATIC: +0.11 ([92mBUY[0m) | NEAR: +0.09 ([92mBUY[0m)
  [1mTRADES:       [0m open=3 closed=40 | PnL=$-1915.44 | WR=35%
  [1mLONG/SHORT:   [0m longs=19 shorts=24
  [1mBLOCKERS:     [0m [92mNONE[0m
[96m══════════════════════════════════════════════════════[0m

01:50:19 Cycle 150/200 [CRIS] OK       | fresh=0.0min | open= 3 closed= 40 | PnL=$-1915 wr=35% | improve=1 sem_db=30 | 12.3s/c ETA 615s | zero_streak=3
01:51:18 Cycle 155/200 [NORM] OK       | fresh=0.0min | open= 0 closed= 43 | PnL=$-20586 wr=33% | improve=1 sem_db=30 | 12.3s/c ETA 553s | zero_streak=2

[96m══════════════════════════════════════════════════════[0m
[96m══ TRAINING DIAGNOSTICS (cycle 160) ═════════════════════[0m
[96m══════════════════════════════════════════════════════[0m
  [1mREGIME:       [0m [93mNORMAL[0m (conf: 0.37)
  [1mDATA FRESH:   [0m [92m✅ 0.0min ago[0m
  [1mSIGNALS:      [0m 12/20 active
  [1mSIT-OUT:      [0m [92mNO[0m
  [1mCONVICTION:   [0m BTC: +0.09 ([92mBUY[0m) | ETH: +0.10 ([92mBUY[0m) | SOL: +0.07 ([92mBUY[0m) | BNB: -0.04 (HOLD) | XRP: -0.02 (HOLD) | ADA: -0.09 ([91mSELL[0m) | DOT: +0.04 (HOLD) | AVAX: +0.10 ([92mBUY[0m) | LINK: -0.07 ([91mSELL[0m) | MATIC: -0.11 ([91mSELL[0m) | NEAR: -0.05 ([91mSELL[0m)
  [1mTRADES:       [0m open=2 closed=44 | PnL=$-20793.68 | WR=32%
  [1mLONG/SHORT:   [0m longs=20 shorts=26
  [1mBLOCKERS:     [0m [92mNONE[0m
[96m══════════════════════════════════════════════════════[0m

01:52:17 Cycle 160/200 [NORM] OK       | fresh=0.0min | open= 2 closed= 44 | PnL=$-20794 wr=32% | improve=1 sem_db=30 | 12.3s/c ETA 491s | zero_streak=0
01:53:16 Cycle 165/200 [NORM] OK       | fresh=0.0min | open= 0 closed= 46 | PnL=$-19344 wr=33% | improve=1 sem_db=30 | 12.3s/c ETA 429s | zero_streak=0

[96m══════════════════════════════════════════════════════[0m
[96m══ TRAINING DIAGNOSTICS (cycle 170) ═════════════════════[0m
[96m══════════════════════════════════════════════════════[0m
  [1mREGIME:       [0m [93mNORMAL[0m (conf: 0.37)
  [1mDATA FRESH:   [0m [92m✅ 0.0min ago[0m
  [1mSIGNALS:      [0m 12/20 active
  [1mSIT-OUT:      [0m [92mNO[0m
  [1mCONVICTION:   [0m BTC: +0.14 ([92mBUY[0m) | ETH: +0.10 ([92mBUY[0m) | SOL: -0.17 ([91mSELL[0m) | BNB: +0.09 ([92mBUY[0m) | XRP: +0.19 ([92mBUY[0m) | ADA: -0.09 ([91mSELL[0m) | DOT: -0.11 ([91mSELL[0m) | AVAX: +0.19 ([92mBUY[0m) | LINK: -0.14 ([91mSELL[0m) | MATIC: +0.00 (HOLD) | NEAR: -0.21 ([91mSELL[0m)
  [1mTRADES:       [0m open=2 closed=47 | PnL=$-21004.64 | WR=32%
  [1mLONG/SHORT:   [0m longs=21 shorts=28
  [1mBLOCKERS:     [0m [92mNONE[0m
[96m══════════════════════════════════════════════════════[0m

01:54:13 Cycle 170/200 [NORM] OK       | fresh=0.0min | open= 2 closed= 47 | PnL=$-21005 wr=32% | improve=1 sem_db=30 | 12.2s/c ETA 367s | zero_streak=1
01:55:10 Cycle 175/200 [NORM] OK       | fresh=0.0min | open= 2 closed= 49 | PnL=$-21920 wr=31% | improve=1 sem_db=30 | 12.2s/c ETA 305s | zero_streak=1

[96m══════════════════════════════════════════════════════[0m
[96m══ TRAINING DIAGNOSTICS (cycle 180) ═════════════════════[0m
[96m══════════════════════════════════════════════════════[0m
  [1mREGIME:       [0m [93mNORMAL[0m (conf: 0.37)
  [1mDATA FRESH:   [0m [92m✅ 0.0min ago[0m
  [1mSIGNALS:      [0m 12/20 active
  [1mSIT-OUT:      [0m [92mNO[0m
  [1mCONVICTION:   [0m BTC: +0.06 ([92mBUY[0m) | ETH: +0.03 (HOLD) | SOL: -0.00 (HOLD) | BNB: +0.05 (HOLD) | XRP: +0.01 (HOLD) | ADA: -0.04 (HOLD) | DOT: -0.04 (HOLD) | AVAX: +0.06 ([92mBUY[0m) | LINK: -0.04 (HOLD) | MATIC: -0.04 (HOLD) | NEAR: -0.04 (HOLD)
  [1mTRADES:       [0m open=3 closed=52 | PnL=$-20235.22 | WR=33%
  [1mLONG/SHORT:   [0m longs=23 shorts=32
  [1mBLOCKERS:     [0m [92mNONE[0m
[96m══════════════════════════════════════════════════════[0m

01:56:10 Cycle 180/200 [NORM] OK       | fresh=0.0min | open= 3 closed= 52 | PnL=$-20235 wr=33% | improve=1 sem_db=30 | 12.2s/c ETA 244s | zero_streak=0
01:57:09 Cycle 185/200 [CRIS] OK       | fresh=0.0min | open= 2 closed= 55 | PnL=$-21934 wr=31% | improve=1 sem_db=30 | 12.2s/c ETA 183s | zero_streak=3

[96m══════════════════════════════════════════════════════[0m
[96m══ TRAINING DIAGNOSTICS (cycle 190) ═════════════════════[0m
[96m══════════════════════════════════════════════════════[0m
  [1mREGIME:       [0m [93mNORMAL[0m (conf: 0.37)
  [1mDATA FRESH:   [0m [92m✅ 0.0min ago[0m
  [1mSIGNALS:      [0m 12/20 active
  [1mSIT-OUT:      [0m [92mNO[0m
  [1mCONVICTION:   [0m BTC: +0.04 (HOLD) | ETH: -0.04 (HOLD) | SOL: -0.05 ([91mSELL[0m) | BNB: +0.09 ([92mBUY[0m) | XRP: +0.03 (HOLD) | ADA: -0.15 ([91mSELL[0m) | DOT: +0.03 (HOLD) | AVAX: -0.07 ([91mSELL[0m) | LINK: -0.09 ([91mSELL[0m) | MATIC: -0.02 (HOLD) | NEAR: +0.23 ([92mBUY[0m)
  [1mTRADES:       [0m open=1 closed=57 | PnL=$-23267.03 | WR=30%
  [1mLONG/SHORT:   [0m longs=25 shorts=33
  [1mBLOCKERS:     [0m [92mNONE[0m
[96m══════════════════════════════════════════════════════[0m

01:58:07 Cycle 190/200 [NORM] OK       | fresh=0.0min | open= 1 closed= 57 | PnL=$-23267 wr=30% | improve=1 sem_db=30 | 12.2s/c ETA 122s | zero_streak=2
01:59:05 Cycle 195/200 [CRIS] OK       | fresh=0.0min | open= 1 closed= 59 | PnL=$-23373 wr=31% | improve=1 sem_db=30 | 12.2s/c ETA 61s | zero_streak=0

[96m══════════════════════════════════════════════════════[0m
[96m══ TRAINING DIAGNOSTICS (cycle 200) ═════════════════════[0m
[96m══════════════════════════════════════════════════════[0m
  [1mREGIME:       [0m [93mCRISIS[0m (conf: 0.37)
  [1mDATA FRESH:   [0m [92m✅ 0.0min ago[0m
  [1mSIGNALS:      [0m 12/20 active
  [1mSIT-OUT:      [0m [92mNO[0m
  [1mCONVICTION:   [0m BTC: +0.01 (HOLD) | ETH: +0.04 (HOLD) | SOL: -0.08 ([91mSELL[0m) | BNB: -0.01 (HOLD) | XRP: +0.09 ([92mBUY[0m) | ADA: -0.10 ([91mSELL[0m) | DOT: +0.10 ([92mBUY[0m) | AVAX: -0.03 (HOLD) | LINK: +0.06 ([92mBUY[0m) | MATIC: -0.11 ([91mSELL[0m) | NEAR: +0.04 (HOLD)
  [1mTRADES:       [0m open=3 closed=60 | PnL=$-23906.53 | WR=30%
  [1mLONG/SHORT:   [0m longs=28 shorts=35
  [1mBLOCKERS:     [0m [92mNONE[0m
[96m══════════════════════════════════════════════════════[0m

02:00:05 Cycle 200/200 [CRIS] OK       | fresh=0.0min | open= 3 closed= 60 | PnL=$-23907 wr=30% | improve=1 sem_db=30 | 12.2s/c ETA 0s | zero_streak=2
02:00:05 V207A_CRISIS_R2: no baseline version found for gate comparison
02:00:05 Attribution — alpha: $-14530.39  beta: $+7812284.29  timing: $+10328650.11  selection: $-0.00
02:00:05 Attribution report  : /Users/benebsworth/projects/omega/data/v207a_crisis_r2_attribution.json
02:00:05 
02:00:05 ======================================================================
02:00:05 V207A_CRISIS_R2 COMPLETE — 200 cycles in 2432s (12.16s/cycle)
02:00:05 ======================================================================
02:00:05 improve_calls         : 1
02:00:05 semantic_patterns_db  : 30
02:00:05 Closed trades         : 60  (long=26  short=34)
02:00:05 Total PnL             : $-23906.53  (engine realised: $-23906.53)
02:00:05 Win rate              : 30.0%  (18/60)
02:00:05 Profit factor         : 0.47
02:00:05 --- Observability ---
02:00:05 Zero-trade cycles     : 152 / 200  (76%)
02:00:05 Circuit breaker trips : 0
02:00:05 Final vol threshold   : 0.000
02:00:05 Metrics JSONL         : /tmp/v207a_crisis_r2_metrics.jsonl
02:00:05 Results               : /Users/benebsworth/projects/omega/data/v207a_crisis_r2_results.json
02:00:05 ======================================================================
