14:43:19 INFO     RNG seed set to 42 (deterministic mode)
14:43:19 INFO     BACKTEST MODE: WS signals disabled (whale_prints, ws_microstructure)
14:43:19 INFO     ======================================================================
14:43:19 INFO     Training Run v206b_trend_r1 — 200 cycles  sleep=10s
14:43:19 INFO     CoinGecko key  : CG-YPzBAPag5...
14:43:19 INFO     Database URL   : postgresql://omega:omega@localhost:5432/...
14:43:19 INFO     Metrics JSONL  : /tmp/v206b_trend_r1_metrics.jsonl
14:43:19 INFO     Log file       : /tmp/v206b_trend_r1_training.log
14:43:19 INFO     Features ON    : ffg_gate1_enabled, ffg_gate4_enabled
14:43:19 INFO     ======================================================================
14:43:20 INFO     BACKTEST MODE: ingestion replaced by ReplayIngestionNode (snap_trending_2023q4, 153 steps)
14:43:20 INFO     ImprovementEngine: SyntheticEvaluator injected
14:43:20 INFO     Decision snapshots → /tmp/v206b_trend_r1_decisions.jsonl (+ Postgres if configured)
14:43:20 INFO     SignalDecayDetector: loaded from data/signal_ic_history.json
14:43:32 INFO     Cycle   1/200 [NORM] OK       | fresh=0.0min | open= 0 closed=  0 | PnL=$+0 wr=0% | improve=0 sem_db=30 | 12.9s/c ETA 2563s | zero_streak=1
14:44:21 INFO     Cycle   5/200 [NORM] OK       | fresh=0.0min | open= 3 closed=  1 | PnL=$-149 wr=0% | improve=0 sem_db=30 | 12.3s/c ETA 2393s | zero_streak=0
14:45:43 INFO     Cycle  10/200 [CRIS] OK       | fresh=0.0min | open= 3 closed=  3 | PnL=$+126 wr=33% | improve=0 sem_db=30 | 14.4s/c ETA 2732s | zero_streak=1
14:46:42 INFO     Cycle  15/200 [CRIS] OK       | fresh=0.0min | open= 1 closed=  6 | PnL=$+1602 wr=50% | improve=1 sem_db=30 | 13.5s/c ETA 2497s | zero_streak=1
14:47:55 INFO     Cycle  20/200 [CRIS] OK       | fresh=0.0min | open= 0 closed=  7 | PnL=$+524 wr=43% | improve=1 sem_db=30 | 13.8s/c ETA 2480s | zero_streak=4
14:48:55 INFO     Cycle  25/200 [HIGH] OK       | fresh=0.0min | open= 0 closed=  7 | PnL=$+524 wr=43% | improve=1 sem_db=30 | 13.4s/c ETA 2349s | zero_streak=9
14:50:13 INFO     Cycle  30/200 [HIGH] OK       | fresh=0.0min | open= 1 closed=  7 | PnL=$+524 wr=43% | improve=1 sem_db=30 | 13.8s/c ETA 2342s | zero_streak=14
14:50:49 WARNING  ZERO_STREAK_ALERT cycle=33 streak=16 basket_std=0.2000 basket_mean=0.0000 composites={}
14:51:01 WARNING  ZERO_STREAK_ALERT cycle=34 streak=17 basket_std=0.2000 basket_mean=0.0000 composites={}
14:51:13 INFO     Cycle  35/200 [NORM] OK       | fresh=0.0min | open= 0 closed=  8 | PnL=$-505 wr=38% | improve=1 sem_db=30 | 13.5s/c ETA 2234s | zero_streak=1
14:52:28 INFO     Cycle  40/200 [NORM] OK       | fresh=0.0min | open= 3 closed=  9 | PnL=$-565 wr=33% | improve=1 sem_db=30 | 13.7s/c ETA 2194s | zero_streak=2
14:53:28 INFO     Cycle  45/200 [NORM] OK       | fresh=0.0min | open= 1 closed= 11 | PnL=$-498 wr=36% | improve=1 sem_db=30 | 13.5s/c ETA 2097s | zero_streak=2
14:54:41 INFO     Cycle  50/200 [NORM] OK       | fresh=0.0min | open= 3 closed= 17 | PnL=$+356 wr=35% | improve=1 sem_db=30 | 13.6s/c ETA 2045s | zero_streak=0
14:55:53 INFO     Cycle  55/200 [NORM] OK       | fresh=0.0min | open= 3 closed= 20 | PnL=$-268 wr=35% | improve=1 sem_db=30 | 13.7s/c ETA 1986s | zero_streak=2
14:56:50 INFO     Cycle  60/200 [NORM] OK       | fresh=0.0min | open= 4 closed= 23 | PnL=$+5570 wr=39% | improve=1 sem_db=30 | 13.5s/c ETA 1891s | zero_streak=0
14:57:48 INFO     Cycle  65/200 [CRIS] OK       | fresh=0.0min | open= 3 closed= 26 | PnL=$+5248 wr=35% | improve=1 sem_db=30 | 13.4s/c ETA 1803s | zero_streak=1
14:58:54 INFO     Cycle  70/200 [CRIS] OK       | fresh=0.0min | open= 2 closed= 30 | PnL=$+7569 wr=37% | improve=1 sem_db=30 | 13.4s/c ETA 1736s | zero_streak=1
14:59:54 INFO     Cycle  75/200 [CRIS] OK       | fresh=0.0min | open= 1 closed= 32 | PnL=$+8058 wr=38% | improve=1 sem_db=30 | 13.3s/c ETA 1657s | zero_streak=0
15:00:52 INFO     Cycle  80/200 [CRIS] OK       | fresh=0.0min | open= 3 closed= 35 | PnL=$+10594 wr=40% | improve=1 sem_db=30 | 13.2s/c ETA 1579s | zero_streak=0
15:01:50 INFO     Cycle  85/200 [CRIS] OK       | fresh=0.0min | open= 1 closed= 39 | PnL=$+9003 wr=36% | improve=1 sem_db=30 | 13.1s/c ETA 1503s | zero_streak=0
15:02:50 INFO     Cycle  90/200 [NORM] OK       | fresh=0.0min | open= 1 closed= 41 | PnL=$+9505 wr=37% | improve=1 sem_db=30 | 13.0s/c ETA 1431s | zero_streak=0
15:03:51 INFO     Cycle  95/200 [NORM] OK       | fresh=0.0min | open= 3 closed= 42 | PnL=$+9991 wr=38% | improve=1 sem_db=30 | 13.0s/c ETA 1361s | zero_streak=2
15:04:50 INFO     Cycle 100/200 [HIGH] OK       | fresh=0.0min | open= 1 closed= 44 | PnL=$+10144 wr=39% | improve=1 sem_db=30 | 12.9s/c ETA 1291s | zero_streak=0
15:05:50 INFO     Cycle 105/200 [HIGH] OK       | fresh=0.0min | open= 0 closed= 48 | PnL=$+7946 wr=35% | improve=1 sem_db=30 | 12.9s/c ETA 1222s | zero_streak=0
15:06:48 INFO     Cycle 110/200 [HIGH] OK       | fresh=0.0min | open= 0 closed= 48 | PnL=$+7946 wr=35% | improve=1 sem_db=30 | 12.8s/c ETA 1152s | zero_streak=5
15:07:48 INFO     Cycle 115/200 [NORM] OK       | fresh=0.0min | open= 1 closed= 48 | PnL=$+7946 wr=35% | improve=1 sem_db=30 | 12.8s/c ETA 1085s | zero_streak=10
15:08:47 INFO     Cycle 120/200 [NORM] OK       | fresh=0.0min | open= 1 closed= 49 | PnL=$+9311 wr=37% | improve=1 sem_db=30 | 12.7s/c ETA 1018s | zero_streak=0
15:09:47 INFO     Cycle 125/200 [NORM] OK       | fresh=0.0min | open= 1 closed= 50 | PnL=$+9198 wr=36% | improve=1 sem_db=30 | 12.7s/c ETA 952s | zero_streak=2
15:10:48 INFO     Cycle 130/200 [CRIS] OK       | fresh=0.0min | open= 0 closed= 52 | PnL=$+8761 wr=35% | improve=1 sem_db=30 | 12.7s/c ETA 887s | zero_streak=1
15:11:50 INFO     Cycle 135/200 [CRIS] OK       | fresh=0.0min | open= 3 closed= 55 | PnL=$+8972 wr=35% | improve=1 sem_db=30 | 12.7s/c ETA 824s | zero_streak=2
15:12:48 INFO     Cycle 140/200 [CRIS] OK       | fresh=0.0min | open= 3 closed= 58 | PnL=$+10198 wr=38% | improve=1 sem_db=30 | 12.6s/c ETA 758s | zero_streak=1
15:13:55 INFO     Cycle 145/200 [CRIS] OK       | fresh=0.0min | open= 2 closed= 62 | PnL=$+7858 wr=37% | improve=1 sem_db=30 | 12.7s/c ETA 696s | zero_streak=1
15:14:53 INFO     Cycle 150/200 [CRIS] OK       | fresh=0.0min | open= 2 closed= 65 | PnL=$+9624 wr=37% | improve=1 sem_db=30 | 12.6s/c ETA 631s | zero_streak=1
15:15:52 INFO     Cycle 155/200 [HIGH] OK       | fresh=0.0min | open= 1 closed= 66 | PnL=$+10798 wr=38% | improve=1 sem_db=30 | 12.6s/c ETA 567s | zero_streak=3
15:16:51 INFO     Cycle 160/200 [HIGH] OK       | fresh=0.0min | open= 0 closed= 67 | PnL=$+13617 wr=39% | improve=1 sem_db=30 | 12.6s/c ETA 503s | zero_streak=1
15:17:50 INFO     Cycle 165/200 [NORM] OK       | fresh=0.0min | open= 0 closed= 67 | PnL=$+13617 wr=39% | improve=1 sem_db=30 | 12.5s/c ETA 439s | zero_streak=6
15:18:48 INFO     Cycle 170/200 [NORM] OK       | fresh=0.0min | open= 0 closed= 67 | PnL=$+13617 wr=39% | improve=1 sem_db=30 | 12.5s/c ETA 376s | zero_streak=11
15:19:49 INFO     Cycle 175/200 [NORM] OK       | fresh=0.0min | open= 3 closed= 68 | PnL=$+13856 wr=40% | improve=1 sem_db=30 | 12.5s/c ETA 313s | zero_streak=1
15:20:50 INFO     Cycle 180/200 [NORM] OK       | fresh=0.0min | open= 2 closed= 72 | PnL=$+13475 wr=39% | improve=1 sem_db=30 | 12.5s/c ETA 250s | zero_streak=0
15:21:52 INFO     Cycle 185/200 [HIGH] OK       | fresh=0.0min | open= 1 closed= 74 | PnL=$+13347 wr=39% | improve=1 sem_db=30 | 12.5s/c ETA 188s | zero_streak=2
15:22:52 INFO     Cycle 190/200 [NORM] OK       | fresh=0.0min | open= 2 closed= 75 | PnL=$+13552 wr=40% | improve=1 sem_db=30 | 12.5s/c ETA 125s | zero_streak=3
15:23:50 INFO     Cycle 195/200 [NORM] OK       | fresh=0.0min | open= 3 closed= 76 | PnL=$+13492 wr=39% | improve=1 sem_db=30 | 12.5s/c ETA 62s | zero_streak=3
15:24:56 INFO     Cycle 200/200 [NORM] OK       | fresh=0.0min | open= 3 closed= 78 | PnL=$+13993 wr=40% | improve=1 sem_db=30 | 12.5s/c ETA 0s | zero_streak=3
15:24:56 WARNING  V206B_TREND_R1: no baseline version found for gate comparison
15:24:56 INFO     Attribution — alpha: $+6555.29  beta: $+1938461.30  timing: $+6804543.59  selection: $-0.00
15:24:56 INFO     Attribution report  : /Users/benebsworth/projects/omega/data/v206b_trend_r1_attribution.json
15:24:56 INFO     
15:24:56 INFO     ======================================================================
15:24:56 INFO     V206B_TREND_R1 COMPLETE — 200 cycles in 2496s (12.48s/cycle)
15:24:56 INFO     ======================================================================
15:24:56 INFO     improve_calls         : 1
15:24:56 INFO     semantic_patterns_db  : 30
15:24:56 INFO     Closed trades         : 78  (long=48  short=30)
15:24:56 INFO     Total PnL             : $+13993.49  (engine realised: $+13993.49)
15:24:56 INFO     Win rate              : 39.7%  (31/78)
15:24:56 INFO     Profit factor         : 1.78
15:24:56 INFO     --- Observability ---
15:24:56 INFO     Zero-trade cycles     : 137 / 200  (68%)
15:24:56 INFO     Circuit breaker trips : 0
15:24:56 INFO     Final vol threshold   : 0.000
15:24:56 INFO     Metrics JSONL         : /tmp/v206b_trend_r1_metrics.jsonl
15:24:56 INFO     Results               : /Users/benebsworth/projects/omega/data/v206b_trend_r1_results.json
15:24:56 INFO     ======================================================================
