=== V207a audit starting at 2026-06-01T12:25:26Z ===
PYTHONHASHSEED env at driver: unset
Pre-run fingerprints:
189eb9d2bd2bc7bd0bcbc8cd244d56827111c8484cffcf750058bca64e686e9b  data/macro_cache.db
6cf72f7cb837dd23c00937e9aa610b9966ad0dd70c29df414da2f710d098de78  data/omega_victoria_state.db
18a36369a160f400b13906cb44861d1bcfc9edd2838a7a734dd82bbe1c688428  data/omega_victoria_memory.db
--- v207a_recent_r1 starting 2026-06-01T12:25:26Z (snap=data/snapshots/snap_20260414.json) ---
v207a_recent_r1 exit=0 at 2026-06-01T13:06:53Z
01e2955424656a0cfe35a38494d2b9b2771f497f719adea59d90804d8e5922c8  /Users/benebsworth/projects/omega/data/v207a_audit/recent_r1/results.json
9fae2268f55fd3f36ffe2d4160ef79714d48e015fe9a76c2ee9a67fe44268549  /Users/benebsworth/projects/omega/data/v207a_audit/recent_r1/trades.csv
01e30e58d4fffcd707939a46f3528f586e294edb71e28fc3714b4f93399e305b  /Users/benebsworth/projects/omega/data/v207a_audit/recent_r1/metrics.jsonl
--- v207a_recent_r2 starting 2026-06-01T13:06:53Z (snap=data/snapshots/snap_20260414.json) ---
v207a_recent_r2 exit=0 at 2026-06-01T13:47:24Z
5f7ade0eb5fd4e89f12662ba297a0d14bdf11825f71144de41466c052f13b1c5  /Users/benebsworth/projects/omega/data/v207a_audit/recent_r2/results.json
de05f254c3439409ed2000d1e45db403c7921b09c219ea7bec20cd8bc4da6972  /Users/benebsworth/projects/omega/data/v207a_audit/recent_r2/trades.csv
aec63dbbc86a515e60fe47593e492c92f2ff3d2ba5e049200df937d3663e4438  /Users/benebsworth/projects/omega/data/v207a_audit/recent_r2/metrics.jsonl
--- v207a_trend_r1 starting 2026-06-01T13:47:24Z (snap=data/snapshots/snap_trending_2023q4.json) ---
v207a_trend_r1 exit=0 at 2026-06-01T14:28:28Z
adff4e3fe3eb47d6767134dff4637c7fe0b769ad56dbbcb7a2ca37d34c4410ac  /Users/benebsworth/projects/omega/data/v207a_audit/trend_r1/results.json
6fea6774702c5287b127d30d5d82b046d78cff95fae69931a4588261b80acf0c  /Users/benebsworth/projects/omega/data/v207a_audit/trend_r1/trades.csv
4afe6e6c1bb3d9377a9929ab9a4f124671812a82d113bbf9a8a5e65427472b3a  /Users/benebsworth/projects/omega/data/v207a_audit/trend_r1/metrics.jsonl
--- v207a_trend_r2 starting 2026-06-01T14:28:28Z (snap=data/snapshots/snap_trending_2023q4.json) ---
v207a_trend_r2 exit=0 at 2026-06-01T15:08:54Z
933e757a33dbf47d4443d4f67157496bca3556128106a0f7989165b3db4b3fda  /Users/benebsworth/projects/omega/data/v207a_audit/trend_r2/results.json
07e0a4d137c427d33c9c4e3b42f5812683e11692dcdd181d9e7ab4f30db7802d  /Users/benebsworth/projects/omega/data/v207a_audit/trend_r2/trades.csv
a11c0cbe7c29017cac33b20444ad26287ce86604e35ea7dc96e30415e7f6b770  /Users/benebsworth/projects/omega/data/v207a_audit/trend_r2/metrics.jsonl
--- v207a_crisis_r1 starting 2026-06-01T15:08:54Z (snap=data/snapshots/snap_crisis_2022h1.json) ---
v207a_crisis_r1 exit=0 at 2026-06-01T15:49:30Z
93fb7536018167a9c2494880057c74622482986c2bd2d1d0e398b7d09c89de4c  /Users/benebsworth/projects/omega/data/v207a_audit/crisis_r1/results.json
ab644943a1f7a85c150759d0447782db48e21839e432c247991df8ae8b69f391  /Users/benebsworth/projects/omega/data/v207a_audit/crisis_r1/trades.csv
c4c5dde7b6b891b3a4f01416bb56bb33daf524c9f7b654db07bd37a88832e800  /Users/benebsworth/projects/omega/data/v207a_audit/crisis_r1/metrics.jsonl
--- v207a_crisis_r2 starting 2026-06-01T15:49:30Z (snap=data/snapshots/snap_crisis_2022h1.json) ---
v207a_crisis_r2 exit=0 at 2026-06-01T16:30:06Z
12b7395cb40cca6ed96a48d3a1d4f1ed9e6bf7cc7628c2dcbeeb87a72226e9a7  /Users/benebsworth/projects/omega/data/v207a_audit/crisis_r2/results.json
47d283087859ed2c710c7e1effc66b21e15f0ca83e1513eabd106cab7938b3d4  /Users/benebsworth/projects/omega/data/v207a_audit/crisis_r2/trades.csv
acd267197ccf1ecc17e2408938c0034f0497d5ef43d808468612503b00e778bd  /Users/benebsworth/projects/omega/data/v207a_audit/crisis_r2/metrics.jsonl
Post-run fingerprints:
189eb9d2bd2bc7bd0bcbc8cd244d56827111c8484cffcf750058bca64e686e9b  data/macro_cache.db
6cf72f7cb837dd23c00937e9aa610b9966ad0dd70c29df414da2f710d098de78  data/omega_victoria_state.db
18a36369a160f400b13906cb44861d1bcfc9edd2838a7a734dd82bbe1c688428  data/omega_victoria_memory.db
FROZEN-CACHE VERIFIED: pre/post fingerprints identical
=== V207a audit finished at 2026-06-01T16:30:06Z ===
