hmmlearn not available — using numpy GMM fallback
15:09:16 WARNING omega.nodes.victoria.data_cache: MacroDataCache: FRED_API_KEY not set — using DEMO_KEY (30 req/day limit). Set FRED_API_KEY env var for full access.
15:09:16 WARNING omega.core.training_preflight: PREFLIGHT WARN: No exchange API responded (tried Binance, Coinbase, CoinGecko). Trading signals will use stale/cached data.
15:09:16 WARNING omega.core.training_preflight: PREFLIGHT COMPLETE — 1 issue(s) found (training will continue with degraded capabilities): No exchange API responded (tried Binance, Coinbase, CoinGecko). Trading signals will use stale/cached data.
15:09:16 WARNING omega.nodes.victoria.data_cache: MacroDataCache: FRED_API_KEY not set — using DEMO_KEY (30 req/day limit). Set FRED_API_KEY env var for full access.
15:09:16 WARNING omega.core.heartbeat_client: heartbeat: http://localhost:8080/api/v1/nodes/victoria_v226_smoke_trend/lifecycle unreachable (OMEGA_FROZEN_CACHE: live HTTP blocked in backtest: http://localhost:8080/api/v1/nodes/victoria_v226_smoke_trend/lifecycle) — continuing
15:09:17 WARNING omega.nodes.victoria.signals.fear_greed: FearGreedSignal: fetch failed: <urlopen error OMEGA_FROZEN_CACHE: live HTTP blocked in backtest: https://api.alternative.me/fng/?limit=30>
15:09:17 WARNING omega.nodes.victoria.signals.fear_greed: FearGreedSignal: fetch returned no data — returning 0.0 (cold cache) (cache_age=1781761157s)
15:09:17 WARNING omega.nodes.victoria.data_cache: MacroDataCache: FRED_API_KEY not set — using DEMO_KEY (30 req/day limit). Set FRED_API_KEY env var for full access.
15:09:20 WARNING omega.core.heartbeat_client: heartbeat: http://localhost:8080/api/v1/diagnostics unreachable (OMEGA_FROZEN_CACHE: live HTTP blocked in backtest: http://localhost:8080/api/v1/diagnostics) — continuing
15:09:20 WARNING omega.core.heartbeat_client: heartbeat: http://localhost:8080/api/v1/nodes/victoria_v226_smoke_trend/decisions unreachable (OMEGA_FROZEN_CACHE: live HTTP blocked in backtest: http://localhost:8080/api/v1/nodes/victoria_v226_smoke_trend/decisions) — continuing
15:09:30 WARNING omega.nodes.victoria.signals.fear_greed: FearGreedSignal: fetch failed: <urlopen error OMEGA_FROZEN_CACHE: live HTTP blocked in backtest: https://api.alternative.me/fng/?limit=30>
15:09:30 WARNING omega.nodes.victoria.signals.fear_greed: FearGreedSignal: fetch returned no data — returning 0.0 (cold cache) (cache_age=1781761170s)
15:09:31 WARNING omega.core.heartbeat_client: heartbeat: http://localhost:8080/api/v1/diagnostics unreachable (OMEGA_FROZEN_CACHE: live HTTP blocked in backtest: http://localhost:8080/api/v1/diagnostics) — continuing
15:09:31 WARNING omega.core.heartbeat_client: heartbeat: http://localhost:8080/api/v1/nodes/victoria_v226_smoke_trend/decisions unreachable (OMEGA_FROZEN_CACHE: live HTTP blocked in backtest: http://localhost:8080/api/v1/nodes/victoria_v226_smoke_trend/decisions) — continuing
15:09:41 WARNING omega.nodes.victoria.signals.fear_greed: FearGreedSignal: fetch failed: <urlopen error OMEGA_FROZEN_CACHE: live HTTP blocked in backtest: https://api.alternative.me/fng/?limit=30>
15:09:41 WARNING omega.nodes.victoria.signals.fear_greed: FearGreedSignal: fetch returned no data — returning 0.0 (cold cache) (cache_age=1781761182s)
15:09:43 WARNING omega.core.heartbeat_client: heartbeat: http://localhost:8080/api/v1/diagnostics unreachable (OMEGA_FROZEN_CACHE: live HTTP blocked in backtest: http://localhost:8080/api/v1/diagnostics) — continuing
15:09:43 WARNING omega.core.heartbeat_client: heartbeat: http://localhost:8080/api/v1/nodes/victoria_v226_smoke_trend/decisions unreachable (OMEGA_FROZEN_CACHE: live HTTP blocked in backtest: http://localhost:8080/api/v1/nodes/victoria_v226_smoke_trend/decisions) — continuing
15:09:53 WARNING omega.nodes.victoria.signals.fear_greed: FearGreedSignal: fetch failed: <urlopen error OMEGA_FROZEN_CACHE: live HTTP blocked in backtest: https://api.alternative.me/fng/?limit=30>
15:09:53 WARNING omega.nodes.victoria.signals.fear_greed: FearGreedSignal: fetch returned no data — returning 0.0 (cold cache) (cache_age=1781761193s)
15:09:54 WARNING omega.core.heartbeat_client: heartbeat: http://localhost:8080/api/v1/diagnostics unreachable (OMEGA_FROZEN_CACHE: live HTTP blocked in backtest: http://localhost:8080/api/v1/diagnostics) — continuing
15:09:54 WARNING omega.core.heartbeat_client: heartbeat: http://localhost:8080/api/v1/nodes/victoria_v226_smoke_trend/decisions unreachable (OMEGA_FROZEN_CACHE: live HTTP blocked in backtest: http://localhost:8080/api/v1/nodes/victoria_v226_smoke_trend/decisions) — continuing
15:10:04 WARNING omega.nodes.victoria.signals.fear_greed: FearGreedSignal: fetch failed: <urlopen error OMEGA_FROZEN_CACHE: live HTTP blocked in backtest: https://api.alternative.me/fng/?limit=30>
15:10:04 WARNING omega.nodes.victoria.signals.fear_greed: FearGreedSignal: fetch returned no data — returning 0.0 (cold cache) (cache_age=1781761205s)
15:10:05 WARNING omega.core.heartbeat_client: heartbeat: http://localhost:8080/api/v1/diagnostics unreachable (OMEGA_FROZEN_CACHE: live HTTP blocked in backtest: http://localhost:8080/api/v1/diagnostics) — continuing
15:10:05 WARNING omega.core.heartbeat_client: heartbeat: http://localhost:8080/api/v1/nodes/victoria_v226_smoke_trend/decisions unreachable (OMEGA_FROZEN_CACHE: live HTTP blocked in backtest: http://localhost:8080/api/v1/nodes/victoria_v226_smoke_trend/decisions) — continuing
15:10:05 WARNING omega.core.heartbeat_client: heartbeat: http://localhost:8080/api/v1/nodes/victoria_v226_smoke_trend/lifecycle unreachable (OMEGA_FROZEN_CACHE: live HTTP blocked in backtest: http://localhost:8080/api/v1/nodes/victoria_v226_smoke_trend/lifecycle) — continuing
