hmmlearn not available — using numpy GMM fallback
13:42:48 WARNING omega.nodes.victoria.data_cache: MacroDataCache: FRED_API_KEY not set — using DEMO_KEY (30 req/day limit). Set FRED_API_KEY env var for full access.
13:42:48 WARNING omega.core.training_preflight: PREFLIGHT WARN: No exchange API responded (tried Binance, Coinbase, CoinGecko). Trading signals will use stale/cached data.
13:42:49 WARNING omega.core.training_preflight: PREFLIGHT COMPLETE — 1 issue(s) found (training will continue with degraded capabilities): No exchange API responded (tried Binance, Coinbase, CoinGecko). Trading signals will use stale/cached data.
13:42:49 WARNING omega.nodes.victoria.data_cache: MacroDataCache: FRED_API_KEY not set — using DEMO_KEY (30 req/day limit). Set FRED_API_KEY env var for full access.
13:42:49 WARNING omega.core.heartbeat_client: heartbeat: http://localhost:8080/api/v1/nodes/victoria_v229_smoke_crisis/lifecycle unreachable (OMEGA_FROZEN_CACHE: live HTTP blocked in backtest: http://localhost:8080/api/v1/nodes/victoria_v229_smoke_crisis/lifecycle) — continuing
13:42:49 WARNING omega.nodes.victoria.signals.fear_greed: FearGreedSignal: fetch failed: <urlopen error OMEGA_FROZEN_CACHE: live HTTP blocked in backtest: https://api.alternative.me/fng/?limit=30>
13:42:49 WARNING omega.nodes.victoria.signals.fear_greed: FearGreedSignal: fetch returned no data — returning 0.0 (cold cache) (cache_age=1782015170s)
13:42:49 WARNING omega.nodes.victoria.data_cache: MacroDataCache: FRED_API_KEY not set — using DEMO_KEY (30 req/day limit). Set FRED_API_KEY env var for full access.
13:42:50 WARNING omega.core.heartbeat_client: heartbeat: http://localhost:8080/api/v1/diagnostics unreachable (OMEGA_FROZEN_CACHE: live HTTP blocked in backtest: http://localhost:8080/api/v1/diagnostics) — continuing
13:42:50 WARNING omega.core.heartbeat_client: heartbeat: http://localhost:8080/api/v1/nodes/victoria_v229_smoke_crisis/decisions unreachable (OMEGA_FROZEN_CACHE: live HTTP blocked in backtest: http://localhost:8080/api/v1/nodes/victoria_v229_smoke_crisis/decisions) — continuing
13:42:50 WARNING omega.nodes.victoria.signals.fear_greed: FearGreedSignal: fetch failed: <urlopen error OMEGA_FROZEN_CACHE: live HTTP blocked in backtest: https://api.alternative.me/fng/?limit=30>
13:42:50 WARNING omega.nodes.victoria.signals.fear_greed: FearGreedSignal: fetch returned no data — returning 0.0 (cold cache) (cache_age=1782015171s)
13:42:52 WARNING omega.core.heartbeat_client: heartbeat: http://localhost:8080/api/v1/diagnostics unreachable (OMEGA_FROZEN_CACHE: live HTTP blocked in backtest: http://localhost:8080/api/v1/diagnostics) — continuing
13:42:52 WARNING omega.core.heartbeat_client: heartbeat: http://localhost:8080/api/v1/nodes/victoria_v229_smoke_crisis/decisions unreachable (OMEGA_FROZEN_CACHE: live HTTP blocked in backtest: http://localhost:8080/api/v1/nodes/victoria_v229_smoke_crisis/decisions) — continuing
13:42:52 WARNING omega.nodes.victoria.signals.fear_greed: FearGreedSignal: fetch failed: <urlopen error OMEGA_FROZEN_CACHE: live HTTP blocked in backtest: https://api.alternative.me/fng/?limit=30>
13:42:52 WARNING omega.nodes.victoria.signals.fear_greed: FearGreedSignal: fetch returned no data — returning 0.0 (cold cache) (cache_age=1782015172s)
13:42:53 WARNING omega.core.heartbeat_client: heartbeat: http://localhost:8080/api/v1/diagnostics unreachable (OMEGA_FROZEN_CACHE: live HTTP blocked in backtest: http://localhost:8080/api/v1/diagnostics) — continuing
13:42:53 WARNING omega.core.heartbeat_client: heartbeat: http://localhost:8080/api/v1/nodes/victoria_v229_smoke_crisis/decisions unreachable (OMEGA_FROZEN_CACHE: live HTTP blocked in backtest: http://localhost:8080/api/v1/nodes/victoria_v229_smoke_crisis/decisions) — continuing
13:42:53 WARNING omega.nodes.victoria.signals.fear_greed: FearGreedSignal: fetch failed: <urlopen error OMEGA_FROZEN_CACHE: live HTTP blocked in backtest: https://api.alternative.me/fng/?limit=30>
13:42:53 WARNING omega.nodes.victoria.signals.fear_greed: FearGreedSignal: fetch returned no data — returning 0.0 (cold cache) (cache_age=1782015174s)
13:42:55 WARNING omega.core.heartbeat_client: heartbeat: http://localhost:8080/api/v1/diagnostics unreachable (OMEGA_FROZEN_CACHE: live HTTP blocked in backtest: http://localhost:8080/api/v1/diagnostics) — continuing
13:42:55 WARNING omega.core.heartbeat_client: heartbeat: http://localhost:8080/api/v1/nodes/victoria_v229_smoke_crisis/decisions unreachable (OMEGA_FROZEN_CACHE: live HTTP blocked in backtest: http://localhost:8080/api/v1/nodes/victoria_v229_smoke_crisis/decisions) — continuing
13:42:55 WARNING omega.nodes.victoria.signals.fear_greed: FearGreedSignal: fetch failed: <urlopen error OMEGA_FROZEN_CACHE: live HTTP blocked in backtest: https://api.alternative.me/fng/?limit=30>
13:42:55 WARNING omega.nodes.victoria.signals.fear_greed: FearGreedSignal: fetch returned no data — returning 0.0 (cold cache) (cache_age=1782015176s)
13:42:57 WARNING omega.core.heartbeat_client: heartbeat: http://localhost:8080/api/v1/diagnostics unreachable (OMEGA_FROZEN_CACHE: live HTTP blocked in backtest: http://localhost:8080/api/v1/diagnostics) — continuing
13:42:57 WARNING omega.core.heartbeat_client: heartbeat: http://localhost:8080/api/v1/nodes/victoria_v229_smoke_crisis/decisions unreachable (OMEGA_FROZEN_CACHE: live HTTP blocked in backtest: http://localhost:8080/api/v1/nodes/victoria_v229_smoke_crisis/decisions) — continuing
13:42:57 WARNING omega.nodes.victoria.signals.fear_greed: FearGreedSignal: fetch failed: <urlopen error OMEGA_FROZEN_CACHE: live HTTP blocked in backtest: https://api.alternative.me/fng/?limit=30>
13:42:57 WARNING omega.nodes.victoria.signals.fear_greed: FearGreedSignal: fetch returned no data — returning 0.0 (cold cache) (cache_age=1782015178s)
13:42:59 WARNING omega.core.heartbeat_client: heartbeat: http://localhost:8080/api/v1/diagnostics unreachable (OMEGA_FROZEN_CACHE: live HTTP blocked in backtest: http://localhost:8080/api/v1/diagnostics) — continuing
13:42:59 WARNING omega.core.heartbeat_client: heartbeat: http://localhost:8080/api/v1/nodes/victoria_v229_smoke_crisis/decisions unreachable (OMEGA_FROZEN_CACHE: live HTTP blocked in backtest: http://localhost:8080/api/v1/nodes/victoria_v229_smoke_crisis/decisions) — continuing
13:42:59 WARNING omega.nodes.victoria.signals.fear_greed: FearGreedSignal: fetch failed: <urlopen error OMEGA_FROZEN_CACHE: live HTTP blocked in backtest: https://api.alternative.me/fng/?limit=30>
13:42:59 WARNING omega.nodes.victoria.signals.fear_greed: FearGreedSignal: fetch returned no data — returning 0.0 (cold cache) (cache_age=1782015179s)
13:43:00 WARNING omega.core.heartbeat_client: heartbeat: http://localhost:8080/api/v1/diagnostics unreachable (OMEGA_FROZEN_CACHE: live HTTP blocked in backtest: http://localhost:8080/api/v1/diagnostics) — continuing
13:43:00 WARNING omega.core.heartbeat_client: heartbeat: http://localhost:8080/api/v1/nodes/victoria_v229_smoke_crisis/decisions unreachable (OMEGA_FROZEN_CACHE: live HTTP blocked in backtest: http://localhost:8080/api/v1/nodes/victoria_v229_smoke_crisis/decisions) — continuing
13:43:00 WARNING omega.nodes.victoria.signals.fear_greed: FearGreedSignal: fetch failed: <urlopen error OMEGA_FROZEN_CACHE: live HTTP blocked in backtest: https://api.alternative.me/fng/?limit=30>
13:43:00 WARNING omega.nodes.victoria.signals.fear_greed: FearGreedSignal: fetch returned no data — returning 0.0 (cold cache) (cache_age=1782015181s)
13:43:02 WARNING omega.core.heartbeat_client: heartbeat: http://localhost:8080/api/v1/diagnostics unreachable (OMEGA_FROZEN_CACHE: live HTTP blocked in backtest: http://localhost:8080/api/v1/diagnostics) — continuing
13:43:02 WARNING omega.core.heartbeat_client: heartbeat: http://localhost:8080/api/v1/nodes/victoria_v229_smoke_crisis/decisions unreachable (OMEGA_FROZEN_CACHE: live HTTP blocked in backtest: http://localhost:8080/api/v1/nodes/victoria_v229_smoke_crisis/decisions) — continuing
13:43:02 WARNING omega.nodes.victoria.signals.fear_greed: FearGreedSignal: fetch failed: <urlopen error OMEGA_FROZEN_CACHE: live HTTP blocked in backtest: https://api.alternative.me/fng/?limit=30>
13:43:02 WARNING omega.nodes.victoria.signals.fear_greed: FearGreedSignal: fetch returned no data — returning 0.0 (cold cache) (cache_age=1782015182s)
13:43:04 WARNING omega.core.heartbeat_client: heartbeat: http://localhost:8080/api/v1/diagnostics unreachable (OMEGA_FROZEN_CACHE: live HTTP blocked in backtest: http://localhost:8080/api/v1/diagnostics) — continuing
13:43:04 WARNING omega.core.heartbeat_client: heartbeat: http://localhost:8080/api/v1/nodes/victoria_v229_smoke_crisis/decisions unreachable (OMEGA_FROZEN_CACHE: live HTTP blocked in backtest: http://localhost:8080/api/v1/nodes/victoria_v229_smoke_crisis/decisions) — continuing
13:43:04 WARNING omega.nodes.victoria.signals.fear_greed: FearGreedSignal: fetch failed: <urlopen error OMEGA_FROZEN_CACHE: live HTTP blocked in backtest: https://api.alternative.me/fng/?limit=30>
13:43:04 WARNING omega.nodes.victoria.signals.fear_greed: FearGreedSignal: fetch returned no data — returning 0.0 (cold cache) (cache_age=1782015184s)
13:43:05 WARNING omega.core.heartbeat_client: heartbeat: http://localhost:8080/api/v1/diagnostics unreachable (OMEGA_FROZEN_CACHE: live HTTP blocked in backtest: http://localhost:8080/api/v1/diagnostics) — continuing
13:43:21 WARNING omega.core.heartbeat_client: heartbeat: http://localhost:8080/api/v1/nodes/victoria_v229_smoke_crisis/decisions unreachable (OMEGA_FROZEN_CACHE: live HTTP blocked in backtest: http://localhost:8080/api/v1/nodes/victoria_v229_smoke_crisis/decisions) — continuing
13:43:21 WARNING omega.nodes.victoria.signals.fear_greed: FearGreedSignal: fetch failed: <urlopen error OMEGA_FROZEN_CACHE: live HTTP blocked in backtest: https://api.alternative.me/fng/?limit=30>
13:43:21 WARNING omega.nodes.victoria.signals.fear_greed: FearGreedSignal: fetch returned no data — returning 0.0 (cold cache) (cache_age=1782015202s)
13:43:23 WARNING omega.core.heartbeat_client: heartbeat: http://localhost:8080/api/v1/diagnostics unreachable (OMEGA_FROZEN_CACHE: live HTTP blocked in backtest: http://localhost:8080/api/v1/diagnostics) — continuing
13:43:23 WARNING omega.core.heartbeat_client: heartbeat: http://localhost:8080/api/v1/nodes/victoria_v229_smoke_crisis/decisions unreachable (OMEGA_FROZEN_CACHE: live HTTP blocked in backtest: http://localhost:8080/api/v1/nodes/victoria_v229_smoke_crisis/decisions) — continuing
13:43:23 WARNING omega.nodes.victoria.signals.fear_greed: FearGreedSignal: fetch failed: <urlopen error OMEGA_FROZEN_CACHE: live HTTP blocked in backtest: https://api.alternative.me/fng/?limit=30>
13:43:23 WARNING omega.nodes.victoria.signals.fear_greed: FearGreedSignal: fetch returned no data — returning 0.0 (cold cache) (cache_age=1782015203s)
13:43:24 WARNING omega.core.heartbeat_client: heartbeat: http://localhost:8080/api/v1/diagnostics unreachable (OMEGA_FROZEN_CACHE: live HTTP blocked in backtest: http://localhost:8080/api/v1/diagnostics) — continuing
13:43:24 WARNING omega.core.heartbeat_client: heartbeat: http://localhost:8080/api/v1/nodes/victoria_v229_smoke_crisis/decisions unreachable (OMEGA_FROZEN_CACHE: live HTTP blocked in backtest: http://localhost:8080/api/v1/nodes/victoria_v229_smoke_crisis/decisions) — continuing
13:43:24 WARNING omega.nodes.victoria.signals.fear_greed: FearGreedSignal: fetch failed: <urlopen error OMEGA_FROZEN_CACHE: live HTTP blocked in backtest: https://api.alternative.me/fng/?limit=30>
13:43:24 WARNING omega.nodes.victoria.signals.fear_greed: FearGreedSignal: fetch returned no data — returning 0.0 (cold cache) (cache_age=1782015205s)
13:43:25 WARNING omega.core.heartbeat_client: heartbeat: http://localhost:8080/api/v1/diagnostics unreachable (OMEGA_FROZEN_CACHE: live HTTP blocked in backtest: http://localhost:8080/api/v1/diagnostics) — continuing
13:43:25 WARNING omega.core.heartbeat_client: heartbeat: http://localhost:8080/api/v1/nodes/victoria_v229_smoke_crisis/decisions unreachable (OMEGA_FROZEN_CACHE: live HTTP blocked in backtest: http://localhost:8080/api/v1/nodes/victoria_v229_smoke_crisis/decisions) — continuing
13:43:25 WARNING omega.nodes.victoria.signals.fear_greed: FearGreedSignal: fetch failed: <urlopen error OMEGA_FROZEN_CACHE: live HTTP blocked in backtest: https://api.alternative.me/fng/?limit=30>
13:43:25 WARNING omega.nodes.victoria.signals.fear_greed: FearGreedSignal: fetch returned no data — returning 0.0 (cold cache) (cache_age=1782015206s)
13:43:27 WARNING omega.core.heartbeat_client: heartbeat: http://localhost:8080/api/v1/diagnostics unreachable (OMEGA_FROZEN_CACHE: live HTTP blocked in backtest: http://localhost:8080/api/v1/diagnostics) — continuing
13:43:27 WARNING omega.core.heartbeat_client: heartbeat: http://localhost:8080/api/v1/nodes/victoria_v229_smoke_crisis/decisions unreachable (OMEGA_FROZEN_CACHE: live HTTP blocked in backtest: http://localhost:8080/api/v1/nodes/victoria_v229_smoke_crisis/decisions) — continuing
13:43:27 WARNING omega.nodes.victoria.signals.fear_greed: FearGreedSignal: fetch failed: <urlopen error OMEGA_FROZEN_CACHE: live HTTP blocked in backtest: https://api.alternative.me/fng/?limit=30>
13:43:27 WARNING omega.nodes.victoria.signals.fear_greed: FearGreedSignal: fetch returned no data — returning 0.0 (cold cache) (cache_age=1782015207s)
13:43:28 WARNING omega.core.heartbeat_client: heartbeat: http://localhost:8080/api/v1/diagnostics unreachable (OMEGA_FROZEN_CACHE: live HTTP blocked in backtest: http://localhost:8080/api/v1/diagnostics) — continuing
13:43:28 WARNING omega.core.heartbeat_client: heartbeat: http://localhost:8080/api/v1/nodes/victoria_v229_smoke_crisis/decisions unreachable (OMEGA_FROZEN_CACHE: live HTTP blocked in backtest: http://localhost:8080/api/v1/nodes/victoria_v229_smoke_crisis/decisions) — continuing
13:43:28 WARNING omega.nodes.victoria.signals.fear_greed: FearGreedSignal: fetch failed: <urlopen error OMEGA_FROZEN_CACHE: live HTTP blocked in backtest: https://api.alternative.me/fng/?limit=30>
13:43:28 WARNING omega.nodes.victoria.signals.fear_greed: FearGreedSignal: fetch returned no data — returning 0.0 (cold cache) (cache_age=1782015208s)
13:43:29 WARNING omega.core.heartbeat_client: heartbeat: http://localhost:8080/api/v1/diagnostics unreachable (OMEGA_FROZEN_CACHE: live HTTP blocked in backtest: http://localhost:8080/api/v1/diagnostics) — continuing
13:43:29 WARNING omega.core.heartbeat_client: heartbeat: http://localhost:8080/api/v1/nodes/victoria_v229_smoke_crisis/decisions unreachable (OMEGA_FROZEN_CACHE: live HTTP blocked in backtest: http://localhost:8080/api/v1/nodes/victoria_v229_smoke_crisis/decisions) — continuing
13:43:29 WARNING omega.nodes.victoria.signals.fear_greed: FearGreedSignal: fetch failed: <urlopen error OMEGA_FROZEN_CACHE: live HTTP blocked in backtest: https://api.alternative.me/fng/?limit=30>
13:43:29 WARNING omega.nodes.victoria.signals.fear_greed: FearGreedSignal: fetch returned no data — returning 0.0 (cold cache) (cache_age=1782015210s)
13:43:30 WARNING omega.core.heartbeat_client: heartbeat: http://localhost:8080/api/v1/diagnostics unreachable (OMEGA_FROZEN_CACHE: live HTTP blocked in backtest: http://localhost:8080/api/v1/diagnostics) — continuing
13:43:30 WARNING omega.core.heartbeat_client: heartbeat: http://localhost:8080/api/v1/nodes/victoria_v229_smoke_crisis/decisions unreachable (OMEGA_FROZEN_CACHE: live HTTP blocked in backtest: http://localhost:8080/api/v1/nodes/victoria_v229_smoke_crisis/decisions) — continuing
13:43:30 WARNING omega.nodes.victoria.signals.fear_greed: FearGreedSignal: fetch failed: <urlopen error OMEGA_FROZEN_CACHE: live HTTP blocked in backtest: https://api.alternative.me/fng/?limit=30>
13:43:30 WARNING omega.nodes.victoria.signals.fear_greed: FearGreedSignal: fetch returned no data — returning 0.0 (cold cache) (cache_age=1782015211s)
13:43:32 WARNING omega.core.heartbeat_client: heartbeat: http://localhost:8080/api/v1/diagnostics unreachable (OMEGA_FROZEN_CACHE: live HTTP blocked in backtest: http://localhost:8080/api/v1/diagnostics) — continuing
13:43:32 WARNING omega.core.heartbeat_client: heartbeat: http://localhost:8080/api/v1/nodes/victoria_v229_smoke_crisis/decisions unreachable (OMEGA_FROZEN_CACHE: live HTTP blocked in backtest: http://localhost:8080/api/v1/nodes/victoria_v229_smoke_crisis/decisions) — continuing
13:43:32 WARNING omega.nodes.victoria.signals.fear_greed: FearGreedSignal: fetch failed: <urlopen error OMEGA_FROZEN_CACHE: live HTTP blocked in backtest: https://api.alternative.me/fng/?limit=30>
13:43:32 WARNING omega.nodes.victoria.signals.fear_greed: FearGreedSignal: fetch returned no data — returning 0.0 (cold cache) (cache_age=1782015212s)
13:43:33 WARNING omega.core.heartbeat_client: heartbeat: http://localhost:8080/api/v1/diagnostics unreachable (OMEGA_FROZEN_CACHE: live HTTP blocked in backtest: http://localhost:8080/api/v1/diagnostics) — continuing
13:43:33 WARNING omega.core.heartbeat_client: heartbeat: http://localhost:8080/api/v1/nodes/victoria_v229_smoke_crisis/decisions unreachable (OMEGA_FROZEN_CACHE: live HTTP blocked in backtest: http://localhost:8080/api/v1/nodes/victoria_v229_smoke_crisis/decisions) — continuing
13:43:33 WARNING omega.nodes.victoria.signals.fear_greed: FearGreedSignal: fetch failed: <urlopen error OMEGA_FROZEN_CACHE: live HTTP blocked in backtest: https://api.alternative.me/fng/?limit=30>
13:43:33 WARNING omega.nodes.victoria.signals.fear_greed: FearGreedSignal: fetch returned no data — returning 0.0 (cold cache) (cache_age=1782015214s)
13:43:35 WARNING omega.core.heartbeat_client: heartbeat: http://localhost:8080/api/v1/diagnostics unreachable (OMEGA_FROZEN_CACHE: live HTTP blocked in backtest: http://localhost:8080/api/v1/diagnostics) — continuing
13:43:55 WARNING omega.core.heartbeat_client: heartbeat: http://localhost:8080/api/v1/nodes/victoria_v229_smoke_crisis/decisions unreachable (OMEGA_FROZEN_CACHE: live HTTP blocked in backtest: http://localhost:8080/api/v1/nodes/victoria_v229_smoke_crisis/decisions) — continuing
13:43:55 WARNING omega.nodes.victoria.signals.fear_greed: FearGreedSignal: fetch failed: <urlopen error OMEGA_FROZEN_CACHE: live HTTP blocked in backtest: https://api.alternative.me/fng/?limit=30>
13:43:55 WARNING omega.nodes.victoria.signals.fear_greed: FearGreedSignal: fetch returned no data — returning 0.0 (cold cache) (cache_age=1782015236s)
13:43:57 WARNING omega.core.heartbeat_client: heartbeat: http://localhost:8080/api/v1/diagnostics unreachable (OMEGA_FROZEN_CACHE: live HTTP blocked in backtest: http://localhost:8080/api/v1/diagnostics) — continuing
13:43:57 WARNING omega.core.heartbeat_client: heartbeat: http://localhost:8080/api/v1/nodes/victoria_v229_smoke_crisis/decisions unreachable (OMEGA_FROZEN_CACHE: live HTTP blocked in backtest: http://localhost:8080/api/v1/nodes/victoria_v229_smoke_crisis/decisions) — continuing
13:43:57 WARNING omega.nodes.victoria.signals.fear_greed: FearGreedSignal: fetch failed: <urlopen error OMEGA_FROZEN_CACHE: live HTTP blocked in backtest: https://api.alternative.me/fng/?limit=30>
13:43:57 WARNING omega.nodes.victoria.signals.fear_greed: FearGreedSignal: fetch returned no data — returning 0.0 (cold cache) (cache_age=1782015237s)
13:43:57 WARNING omega.nodes.victoria.vrp_signal: VRP circuit breaker: zscore=-2.69 < -2.0sigma — extreme COMPLACENCY; flagging for manual review (iv=0.77 rv=0.67)
13:43:58 WARNING omega.core.heartbeat_client: heartbeat: http://localhost:8080/api/v1/diagnostics unreachable (OMEGA_FROZEN_CACHE: live HTTP blocked in backtest: http://localhost:8080/api/v1/diagnostics) — continuing
13:43:58 WARNING omega.core.heartbeat_client: heartbeat: http://localhost:8080/api/v1/nodes/victoria_v229_smoke_crisis/decisions unreachable (OMEGA_FROZEN_CACHE: live HTTP blocked in backtest: http://localhost:8080/api/v1/nodes/victoria_v229_smoke_crisis/decisions) — continuing
13:43:58 WARNING omega.nodes.victoria.signals.fear_greed: FearGreedSignal: fetch failed: <urlopen error OMEGA_FROZEN_CACHE: live HTTP blocked in backtest: https://api.alternative.me/fng/?limit=30>
13:43:58 WARNING omega.nodes.victoria.signals.fear_greed: FearGreedSignal: fetch returned no data — returning 0.0 (cold cache) (cache_age=1782015239s)
13:44:00 WARNING omega.core.heartbeat_client: heartbeat: http://localhost:8080/api/v1/diagnostics unreachable (OMEGA_FROZEN_CACHE: live HTTP blocked in backtest: http://localhost:8080/api/v1/diagnostics) — continuing
13:44:00 WARNING omega.core.heartbeat_client: heartbeat: http://localhost:8080/api/v1/nodes/victoria_v229_smoke_crisis/decisions unreachable (OMEGA_FROZEN_CACHE: live HTTP blocked in backtest: http://localhost:8080/api/v1/nodes/victoria_v229_smoke_crisis/decisions) — continuing
13:44:00 WARNING omega.nodes.victoria.signals.fear_greed: FearGreedSignal: fetch failed: <urlopen error OMEGA_FROZEN_CACHE: live HTTP blocked in backtest: https://api.alternative.me/fng/?limit=30>
13:44:00 WARNING omega.nodes.victoria.signals.fear_greed: FearGreedSignal: fetch returned no data — returning 0.0 (cold cache) (cache_age=1782015240s)
13:44:01 WARNING omega.core.heartbeat_client: heartbeat: http://localhost:8080/api/v1/diagnostics unreachable (OMEGA_FROZEN_CACHE: live HTTP blocked in backtest: http://localhost:8080/api/v1/diagnostics) — continuing
13:44:01 WARNING omega.core.heartbeat_client: heartbeat: http://localhost:8080/api/v1/nodes/victoria_v229_smoke_crisis/decisions unreachable (OMEGA_FROZEN_CACHE: live HTTP blocked in backtest: http://localhost:8080/api/v1/nodes/victoria_v229_smoke_crisis/decisions) — continuing
13:44:01 WARNING omega.nodes.victoria.signals.fear_greed: FearGreedSignal: fetch failed: <urlopen error OMEGA_FROZEN_CACHE: live HTTP blocked in backtest: https://api.alternative.me/fng/?limit=30>
13:44:01 WARNING omega.nodes.victoria.signals.fear_greed: FearGreedSignal: fetch returned no data — returning 0.0 (cold cache) (cache_age=1782015242s)
13:44:02 WARNING omega.core.heartbeat_client: heartbeat: http://localhost:8080/api/v1/diagnostics unreachable (OMEGA_FROZEN_CACHE: live HTTP blocked in backtest: http://localhost:8080/api/v1/diagnostics) — continuing
13:44:02 WARNING omega.core.heartbeat_client: heartbeat: http://localhost:8080/api/v1/nodes/victoria_v229_smoke_crisis/decisions unreachable (OMEGA_FROZEN_CACHE: live HTTP blocked in backtest: http://localhost:8080/api/v1/nodes/victoria_v229_smoke_crisis/decisions) — continuing
13:44:02 WARNING omega.nodes.victoria.signals.fear_greed: FearGreedSignal: fetch failed: <urlopen error OMEGA_FROZEN_CACHE: live HTTP blocked in backtest: https://api.alternative.me/fng/?limit=30>
13:44:02 WARNING omega.nodes.victoria.signals.fear_greed: FearGreedSignal: fetch returned no data — returning 0.0 (cold cache) (cache_age=1782015243s)
13:44:04 WARNING omega.core.heartbeat_client: heartbeat: http://localhost:8080/api/v1/diagnostics unreachable (OMEGA_FROZEN_CACHE: live HTTP blocked in backtest: http://localhost:8080/api/v1/diagnostics) — continuing
13:44:04 WARNING omega.core.heartbeat_client: heartbeat: http://localhost:8080/api/v1/nodes/victoria_v229_smoke_crisis/decisions unreachable (OMEGA_FROZEN_CACHE: live HTTP blocked in backtest: http://localhost:8080/api/v1/nodes/victoria_v229_smoke_crisis/decisions) — continuing
13:44:04 WARNING omega.nodes.victoria.signals.fear_greed: FearGreedSignal: fetch failed: <urlopen error OMEGA_FROZEN_CACHE: live HTTP blocked in backtest: https://api.alternative.me/fng/?limit=30>
13:44:04 WARNING omega.nodes.victoria.signals.fear_greed: FearGreedSignal: fetch returned no data — returning 0.0 (cold cache) (cache_age=1782015244s)
13:44:05 WARNING omega.core.heartbeat_client: heartbeat: http://localhost:8080/api/v1/diagnostics unreachable (OMEGA_FROZEN_CACHE: live HTTP blocked in backtest: http://localhost:8080/api/v1/diagnostics) — continuing
13:44:05 WARNING omega.core.heartbeat_client: heartbeat: http://localhost:8080/api/v1/nodes/victoria_v229_smoke_crisis/decisions unreachable (OMEGA_FROZEN_CACHE: live HTTP blocked in backtest: http://localhost:8080/api/v1/nodes/victoria_v229_smoke_crisis/decisions) — continuing
13:44:05 WARNING omega.nodes.victoria.signals.fear_greed: FearGreedSignal: fetch failed: <urlopen error OMEGA_FROZEN_CACHE: live HTTP blocked in backtest: https://api.alternative.me/fng/?limit=30>
13:44:05 WARNING omega.nodes.victoria.signals.fear_greed: FearGreedSignal: fetch returned no data — returning 0.0 (cold cache) (cache_age=1782015245s)
13:44:07 WARNING omega.core.heartbeat_client: heartbeat: http://localhost:8080/api/v1/diagnostics unreachable (OMEGA_FROZEN_CACHE: live HTTP blocked in backtest: http://localhost:8080/api/v1/diagnostics) — continuing
13:44:07 WARNING omega.core.heartbeat_client: heartbeat: http://localhost:8080/api/v1/nodes/victoria_v229_smoke_crisis/decisions unreachable (OMEGA_FROZEN_CACHE: live HTTP blocked in backtest: http://localhost:8080/api/v1/nodes/victoria_v229_smoke_crisis/decisions) — continuing
13:44:07 WARNING omega.nodes.victoria.signals.fear_greed: FearGreedSignal: fetch failed: <urlopen error OMEGA_FROZEN_CACHE: live HTTP blocked in backtest: https://api.alternative.me/fng/?limit=30>
13:44:07 WARNING omega.nodes.victoria.signals.fear_greed: FearGreedSignal: fetch returned no data — returning 0.0 (cold cache) (cache_age=1782015247s)
13:44:08 WARNING omega.core.heartbeat_client: heartbeat: http://localhost:8080/api/v1/diagnostics unreachable (OMEGA_FROZEN_CACHE: live HTTP blocked in backtest: http://localhost:8080/api/v1/diagnostics) — continuing
13:44:08 WARNING omega.core.heartbeat_client: heartbeat: http://localhost:8080/api/v1/nodes/victoria_v229_smoke_crisis/decisions unreachable (OMEGA_FROZEN_CACHE: live HTTP blocked in backtest: http://localhost:8080/api/v1/nodes/victoria_v229_smoke_crisis/decisions) — continuing
13:44:08 WARNING omega.nodes.victoria.signals.fear_greed: FearGreedSignal: fetch failed: <urlopen error OMEGA_FROZEN_CACHE: live HTTP blocked in backtest: https://api.alternative.me/fng/?limit=30>
13:44:08 WARNING omega.nodes.victoria.signals.fear_greed: FearGreedSignal: fetch returned no data — returning 0.0 (cold cache) (cache_age=1782015248s)
/opt/homebrew/lib/python3.14/site-packages/numpy/lib/_function_base_impl.py:3023: RuntimeWarning: invalid value encountered in divide
  c /= stddev[:, None]
/opt/homebrew/lib/python3.14/site-packages/numpy/lib/_function_base_impl.py:3024: RuntimeWarning: invalid value encountered in divide
  c /= stddev[None, :]
13:44:09 WARNING omega.core.heartbeat_client: heartbeat: http://localhost:8080/api/v1/diagnostics unreachable (OMEGA_FROZEN_CACHE: live HTTP blocked in backtest: http://localhost:8080/api/v1/diagnostics) — continuing
13:44:24 WARNING omega.core.heartbeat_client: heartbeat: http://localhost:8080/api/v1/nodes/victoria_v229_smoke_crisis/decisions unreachable (OMEGA_FROZEN_CACHE: live HTTP blocked in backtest: http://localhost:8080/api/v1/nodes/victoria_v229_smoke_crisis/decisions) — continuing
13:44:24 WARNING omega.nodes.victoria.signals.fear_greed: FearGreedSignal: fetch failed: <urlopen error OMEGA_FROZEN_CACHE: live HTTP blocked in backtest: https://api.alternative.me/fng/?limit=30>
13:44:24 WARNING omega.nodes.victoria.signals.fear_greed: FearGreedSignal: fetch returned no data — returning 0.0 (cold cache) (cache_age=1782015265s)
/opt/homebrew/lib/python3.14/site-packages/numpy/lib/_function_base_impl.py:3023: RuntimeWarning: invalid value encountered in divide
  c /= stddev[:, None]
/opt/homebrew/lib/python3.14/site-packages/numpy/lib/_function_base_impl.py:3024: RuntimeWarning: invalid value encountered in divide
  c /= stddev[None, :]
13:44:25 WARNING omega.core.heartbeat_client: heartbeat: http://localhost:8080/api/v1/diagnostics unreachable (OMEGA_FROZEN_CACHE: live HTTP blocked in backtest: http://localhost:8080/api/v1/diagnostics) — continuing
13:44:25 WARNING omega.core.heartbeat_client: heartbeat: http://localhost:8080/api/v1/nodes/victoria_v229_smoke_crisis/decisions unreachable (OMEGA_FROZEN_CACHE: live HTTP blocked in backtest: http://localhost:8080/api/v1/nodes/victoria_v229_smoke_crisis/decisions) — continuing
13:44:25 WARNING omega.nodes.victoria.signals.fear_greed: FearGreedSignal: fetch failed: <urlopen error OMEGA_FROZEN_CACHE: live HTTP blocked in backtest: https://api.alternative.me/fng/?limit=30>
13:44:25 WARNING omega.nodes.victoria.signals.fear_greed: FearGreedSignal: fetch returned no data — returning 0.0 (cold cache) (cache_age=1782015266s)
13:44:27 WARNING omega.core.heartbeat_client: heartbeat: http://localhost:8080/api/v1/diagnostics unreachable (OMEGA_FROZEN_CACHE: live HTTP blocked in backtest: http://localhost:8080/api/v1/diagnostics) — continuing
13:44:27 WARNING omega.core.heartbeat_client: heartbeat: http://localhost:8080/api/v1/nodes/victoria_v229_smoke_crisis/decisions unreachable (OMEGA_FROZEN_CACHE: live HTTP blocked in backtest: http://localhost:8080/api/v1/nodes/victoria_v229_smoke_crisis/decisions) — continuing
13:44:27 WARNING omega.nodes.victoria.signals.fear_greed: FearGreedSignal: fetch failed: <urlopen error OMEGA_FROZEN_CACHE: live HTTP blocked in backtest: https://api.alternative.me/fng/?limit=30>
13:44:27 WARNING omega.nodes.victoria.signals.fear_greed: FearGreedSignal: fetch returned no data — returning 0.0 (cold cache) (cache_age=1782015267s)
13:44:28 WARNING omega.core.heartbeat_client: heartbeat: http://localhost:8080/api/v1/diagnostics unreachable (OMEGA_FROZEN_CACHE: live HTTP blocked in backtest: http://localhost:8080/api/v1/diagnostics) — continuing
13:44:28 WARNING omega.core.heartbeat_client: heartbeat: http://localhost:8080/api/v1/nodes/victoria_v229_smoke_crisis/decisions unreachable (OMEGA_FROZEN_CACHE: live HTTP blocked in backtest: http://localhost:8080/api/v1/nodes/victoria_v229_smoke_crisis/decisions) — continuing
13:44:28 WARNING omega.nodes.victoria.signals.fear_greed: FearGreedSignal: fetch failed: <urlopen error OMEGA_FROZEN_CACHE: live HTTP blocked in backtest: https://api.alternative.me/fng/?limit=30>
13:44:28 WARNING omega.nodes.victoria.signals.fear_greed: FearGreedSignal: fetch returned no data — returning 0.0 (cold cache) (cache_age=1782015269s)
13:44:29 WARNING omega.core.heartbeat_client: heartbeat: http://localhost:8080/api/v1/diagnostics unreachable (OMEGA_FROZEN_CACHE: live HTTP blocked in backtest: http://localhost:8080/api/v1/diagnostics) — continuing
13:44:29 WARNING omega.core.heartbeat_client: heartbeat: http://localhost:8080/api/v1/nodes/victoria_v229_smoke_crisis/decisions unreachable (OMEGA_FROZEN_CACHE: live HTTP blocked in backtest: http://localhost:8080/api/v1/nodes/victoria_v229_smoke_crisis/decisions) — continuing
13:44:29 WARNING omega.nodes.victoria.signals.fear_greed: FearGreedSignal: fetch failed: <urlopen error OMEGA_FROZEN_CACHE: live HTTP blocked in backtest: https://api.alternative.me/fng/?limit=30>
13:44:29 WARNING omega.nodes.victoria.signals.fear_greed: FearGreedSignal: fetch returned no data — returning 0.0 (cold cache) (cache_age=1782015270s)
13:44:31 WARNING omega.core.heartbeat_client: heartbeat: http://localhost:8080/api/v1/diagnostics unreachable (OMEGA_FROZEN_CACHE: live HTTP blocked in backtest: http://localhost:8080/api/v1/diagnostics) — continuing
13:44:31 WARNING omega.core.heartbeat_client: heartbeat: http://localhost:8080/api/v1/nodes/victoria_v229_smoke_crisis/decisions unreachable (OMEGA_FROZEN_CACHE: live HTTP blocked in backtest: http://localhost:8080/api/v1/nodes/victoria_v229_smoke_crisis/decisions) — continuing
13:44:31 WARNING omega.nodes.victoria.signals.fear_greed: FearGreedSignal: fetch failed: <urlopen error OMEGA_FROZEN_CACHE: live HTTP blocked in backtest: https://api.alternative.me/fng/?limit=30>
13:44:31 WARNING omega.nodes.victoria.signals.fear_greed: FearGreedSignal: fetch returned no data — returning 0.0 (cold cache) (cache_age=1782015271s)
13:44:32 WARNING omega.core.heartbeat_client: heartbeat: http://localhost:8080/api/v1/diagnostics unreachable (OMEGA_FROZEN_CACHE: live HTTP blocked in backtest: http://localhost:8080/api/v1/diagnostics) — continuing
13:44:32 WARNING omega.core.heartbeat_client: heartbeat: http://localhost:8080/api/v1/nodes/victoria_v229_smoke_crisis/decisions unreachable (OMEGA_FROZEN_CACHE: live HTTP blocked in backtest: http://localhost:8080/api/v1/nodes/victoria_v229_smoke_crisis/decisions) — continuing
13:44:32 WARNING omega.nodes.victoria.signals.fear_greed: FearGreedSignal: fetch failed: <urlopen error OMEGA_FROZEN_CACHE: live HTTP blocked in backtest: https://api.alternative.me/fng/?limit=30>
13:44:32 WARNING omega.nodes.victoria.signals.fear_greed: FearGreedSignal: fetch returned no data — returning 0.0 (cold cache) (cache_age=1782015273s)
13:44:34 WARNING omega.core.heartbeat_client: heartbeat: http://localhost:8080/api/v1/diagnostics unreachable (OMEGA_FROZEN_CACHE: live HTTP blocked in backtest: http://localhost:8080/api/v1/diagnostics) — continuing
13:44:34 WARNING omega.core.heartbeat_client: heartbeat: http://localhost:8080/api/v1/nodes/victoria_v229_smoke_crisis/decisions unreachable (OMEGA_FROZEN_CACHE: live HTTP blocked in backtest: http://localhost:8080/api/v1/nodes/victoria_v229_smoke_crisis/decisions) — continuing
13:44:34 WARNING omega.nodes.victoria.signals.fear_greed: FearGreedSignal: fetch failed: <urlopen error OMEGA_FROZEN_CACHE: live HTTP blocked in backtest: https://api.alternative.me/fng/?limit=30>
13:44:34 WARNING omega.nodes.victoria.signals.fear_greed: FearGreedSignal: fetch returned no data — returning 0.0 (cold cache) (cache_age=1782015274s)
13:44:35 WARNING omega.core.heartbeat_client: heartbeat: http://localhost:8080/api/v1/diagnostics unreachable (OMEGA_FROZEN_CACHE: live HTTP blocked in backtest: http://localhost:8080/api/v1/diagnostics) — continuing
13:44:35 WARNING omega.core.heartbeat_client: heartbeat: http://localhost:8080/api/v1/nodes/victoria_v229_smoke_crisis/decisions unreachable (OMEGA_FROZEN_CACHE: live HTTP blocked in backtest: http://localhost:8080/api/v1/nodes/victoria_v229_smoke_crisis/decisions) — continuing
13:44:35 WARNING omega.nodes.victoria.signals.fear_greed: FearGreedSignal: fetch failed: <urlopen error OMEGA_FROZEN_CACHE: live HTTP blocked in backtest: https://api.alternative.me/fng/?limit=30>
13:44:35 WARNING omega.nodes.victoria.signals.fear_greed: FearGreedSignal: fetch returned no data — returning 0.0 (cold cache) (cache_age=1782015275s)
13:44:36 WARNING omega.core.heartbeat_client: heartbeat: http://localhost:8080/api/v1/diagnostics unreachable (OMEGA_FROZEN_CACHE: live HTTP blocked in backtest: http://localhost:8080/api/v1/diagnostics) — continuing
13:44:36 WARNING omega.core.heartbeat_client: heartbeat: http://localhost:8080/api/v1/nodes/victoria_v229_smoke_crisis/decisions unreachable (OMEGA_FROZEN_CACHE: live HTTP blocked in backtest: http://localhost:8080/api/v1/nodes/victoria_v229_smoke_crisis/decisions) — continuing
13:44:36 WARNING omega.nodes.victoria.signals.fear_greed: FearGreedSignal: fetch failed: <urlopen error OMEGA_FROZEN_CACHE: live HTTP blocked in backtest: https://api.alternative.me/fng/?limit=30>
13:44:36 WARNING omega.nodes.victoria.signals.fear_greed: FearGreedSignal: fetch returned no data — returning 0.0 (cold cache) (cache_age=1782015277s)
13:44:37 WARNING omega.core.heartbeat_client: heartbeat: http://localhost:8080/api/v1/diagnostics unreachable (OMEGA_FROZEN_CACHE: live HTTP blocked in backtest: http://localhost:8080/api/v1/diagnostics) — continuing
13:44:52 WARNING omega.core.heartbeat_client: heartbeat: http://localhost:8080/api/v1/nodes/victoria_v229_smoke_crisis/decisions unreachable (OMEGA_FROZEN_CACHE: live HTTP blocked in backtest: http://localhost:8080/api/v1/nodes/victoria_v229_smoke_crisis/decisions) — continuing
13:44:52 WARNING omega.core.heartbeat_client: heartbeat: http://localhost:8080/api/v1/nodes/victoria_v229_smoke_crisis/lifecycle unreachable (OMEGA_FROZEN_CACHE: live HTTP blocked in backtest: http://localhost:8080/api/v1/nodes/victoria_v229_smoke_crisis/lifecycle) — continuing
