20:27:02 RNG seed set to 42 (deterministic mode)
20:27:02 BACKTEST MODE: WS signals disabled (whale_prints, ws_microstructure)
20:27:02 ======================================================================
20:27:02 Training Run v211_crisis_p2_r2 — 200 cycles  sleep=10s
20:27:02 CoinGecko key  : CG-YPzBAPag5...
20:27:02 Database URL   : postgresql://omega:omega@localhost:5432/...
20:27:02 Metrics JSONL  : /tmp/v211_crisis_p2_r2_metrics.jsonl
20:27:02 Log file       : /tmp/v211_crisis_p2_r2_training.log
20:27:02 Features ON    : ffg_gate1_enabled, ffg_gate4_enabled
20:27:02 ======================================================================
20:27:02 V207a: OMEGA_FROZEN_CACHE=1 — skipping macro warm_up (no live FRED/funding fetches)
20:27:03 BACKTEST MODE: ingestion replaced by ReplayIngestionNode (snap_crisis_2022h1, 151 steps)
20:27:03 ImprovementEngine: SyntheticEvaluator injected
20:27:03 Decision snapshots → /tmp/v211_crisis_p2_r2_decisions.jsonl (+ Postgres if configured)
20:27:03 SignalDecayDetector: loaded from data/signal_ic_history.json

[96m══════════════════════════════════════════════════════[0m
[96m══ TRAINING DIAGNOSTICS (cycle 0) ═══════════════════════[0m
[96m══════════════════════════════════════════════════════[0m
  [1mREGIME:       [0m [91mUNKN ⚠️[0m
  [1mDATA FRESH:   [0m [92m✅ 0.0min ago[0m
  [1mSIGNALS:      [0m [93mnone yet[0m
  [1mSIT-OUT:      [0m [92mNO[0m
  [1mCONVICTION:   [0m [93mn/a[0m
  [1mTRADES:       [0m open=0 closed=0 | PnL=$+0.00 | WR=0%
  [1mLONG/SHORT:   [0m longs=0 shorts=0
  [1mBLOCKERS:     [0m [91mRegime detector not firing | No signal data yet (first cycle?)[0m
[96m══════════════════════════════════════════════════════[0m

20:27:14 Cycle   1/200 [NORM] OK       | fresh=0.0min | open= 0 closed=  0 | PnL=$+0 wr=0% | improve=0 sem_db=30 | 11.5s/c ETA 2298s | zero_streak=1
20:28:01 Cycle   5/200 [NORM] OK       | fresh=0.0min | open= 2 closed=  1 | PnL=$-642 wr=0% | improve=0 sem_db=30 | 11.6s/c ETA 2270s | zero_streak=2

[96m══════════════════════════════════════════════════════[0m
[96m══ TRAINING DIAGNOSTICS (cycle 10) ══════════════════════[0m
[96m══════════════════════════════════════════════════════[0m
  [1mREGIME:       [0m [93mCRISIS[0m (conf: 0.00)
  [1mDATA FRESH:   [0m [92m✅ 0.0min ago[0m
  [1mSIGNALS:      [0m 9/20 active
  [1mSIT-OUT:      [0m [92mNO[0m
  [1mCONVICTION:   [0m BTC: +0.05 ([92mBUY[0m) | ETH: +0.05 ([92mBUY[0m) | SOL: +0.05 ([92mBUY[0m) | BNB: -0.08 ([91mSELL[0m) | XRP: +0.05 ([92mBUY[0m) | ADA: -0.11 ([91mSELL[0m) | DOT: +0.05 ([92mBUY[0m) | AVAX: -0.08 ([91mSELL[0m) | LINK: -0.05 (HOLD) | MATIC: +0.01 (HOLD) | NEAR: +0.05 ([92mBUY[0m)
  [1mTRADES:       [0m open=1 closed=2 | PnL=$-3156.63 | WR=0%
  [1mLONG/SHORT:   [0m longs=1 shorts=2
  [1mBLOCKERS:     [0m [92mNONE[0m
[96m══════════════════════════════════════════════════════[0m

20:29:15 Cycle  10/200 [CRIS] OK       | fresh=0.0min | open= 1 closed=  2 | PnL=$-3157 wr=0% | improve=0 sem_db=30 | 13.3s/c ETA 2524s | zero_streak=4
20:30:14 Cycle  15/200 [NORM] OK       | fresh=0.0min | open= 0 closed=  3 | PnL=$-1051 wr=33% | improve=1 sem_db=30 | 12.8s/c ETA 2361s | zero_streak=2

[96m══════════════════════════════════════════════════════[0m
[96m══ TRAINING DIAGNOSTICS (cycle 20) ══════════════════════[0m
[96m══════════════════════════════════════════════════════[0m
  [1mREGIME:       [0m [93mCRISIS[0m (conf: 0.38)
  [1mDATA FRESH:   [0m [92m✅ 0.0min ago[0m
  [1mSIGNALS:      [0m 10/20 active
  [1mSIT-OUT:      [0m [92mNO[0m
  [1mCONVICTION:   [0m BTC: +0.09 ([92mBUY[0m) | ETH: +0.07 ([92mBUY[0m) | SOL: -0.18 ([91mSELL[0m) | BNB: +0.11 ([92mBUY[0m) | XRP: +0.31 ([92mBUY[0m) | ADA: -0.10 ([91mSELL[0m) | DOT: -0.13 ([91mSELL[0m) | AVAX: +0.17 ([92mBUY[0m) | LINK: -0.13 ([91mSELL[0m) | MATIC: -0.00 (HOLD) | NEAR: -0.19 ([91mSELL[0m)
  [1mTRADES:       [0m open=0 closed=3 | PnL=$-1051.31 | WR=33%
  [1mLONG/SHORT:   [0m longs=1 shorts=2
  [1mBLOCKERS:     [0m [92mNONE[0m
[96m══════════════════════════════════════════════════════[0m

20:31:25 Cycle  20/200 [CRIS] OK       | fresh=0.0min | open= 0 closed=  3 | PnL=$-1051 wr=33% | improve=1 sem_db=30 | 13.1s/c ETA 2364s | zero_streak=7
20:32:25 Cycle  25/200 [HIGH] OK       | fresh=0.0min | open= 3 closed=  3 | PnL=$-1051 wr=33% | improve=1 sem_db=30 | 12.9s/c ETA 2255s | zero_streak=12

[96m══════════════════════════════════════════════════════[0m
[96m══ TRAINING DIAGNOSTICS (cycle 30) ══════════════════════[0m
[96m══════════════════════════════════════════════════════[0m
  [1mREGIME:       [0m [93mCRISIS[0m (conf: 0.38)
  [1mDATA FRESH:   [0m [92m✅ 0.0min ago[0m
  [1mSIGNALS:      [0m 10/20 active
  [1mSIT-OUT:      [0m [92mNO[0m
  [1mCONVICTION:   [0m BTC: +0.08 ([92mBUY[0m) | ETH: +0.06 ([92mBUY[0m) | SOL: +0.08 ([92mBUY[0m) | BNB: +0.01 (HOLD) | XRP: +0.03 (HOLD) | ADA: -0.13 ([91mSELL[0m) | DOT: +0.05 ([92mBUY[0m) | AVAX: +0.08 ([92mBUY[0m) | LINK: -0.07 ([91mSELL[0m) | MATIC: -0.06 ([91mSELL[0m) | NEAR: -0.13 ([91mSELL[0m)
  [1mTRADES:       [0m open=0 closed=8 | PnL=$-5724.08 | WR=12%
  [1mLONG/SHORT:   [0m longs=1 shorts=7
  [1mBLOCKERS:     [0m [92mNONE[0m
[96m══════════════════════════════════════════════════════[0m

20:33:34 Cycle  30/200 [CRIS] OK       | fresh=0.0min | open= 0 closed=  8 | PnL=$-5724 wr=12% | improve=1 sem_db=30 | 13.1s/c ETA 2220s | zero_streak=0
20:34:33 Cycle  35/200 [CRIS] OK       | fresh=0.0min | open= 2 closed=  9 | PnL=$-6495 wr=11% | improve=1 sem_db=30 | 12.9s/c ETA 2122s | zero_streak=1

[96m══════════════════════════════════════════════════════[0m
[96m══ TRAINING DIAGNOSTICS (cycle 40) ══════════════════════[0m
[96m══════════════════════════════════════════════════════[0m
  [1mREGIME:       [0m [93mCRISIS[0m (conf: 0.38)
  [1mDATA FRESH:   [0m [92m✅ 0.0min ago[0m
  [1mSIGNALS:      [0m 10/20 active
  [1mSIT-OUT:      [0m [92mNO[0m
  [1mCONVICTION:   [0m BTC: +0.06 ([92mBUY[0m) | ETH: -0.04 (HOLD) | SOL: -0.11 ([91mSELL[0m) | BNB: +0.08 ([92mBUY[0m) | XRP: +0.05 (HOLD) | ADA: -0.15 ([91mSELL[0m) | DOT: +0.04 (HOLD) | AVAX: -0.07 ([91mSELL[0m) | LINK: -0.11 ([91mSELL[0m) | MATIC: -0.04 (HOLD) | NEAR: +0.28 ([92mBUY[0m)
  [1mTRADES:       [0m open=0 closed=11 | PnL=$-6557.57 | WR=18%
  [1mLONG/SHORT:   [0m longs=3 shorts=8
  [1mBLOCKERS:     [0m [92mNONE[0m
[96m══════════════════════════════════════════════════════[0m

20:35:43 Cycle  40/200 [CRIS] OK       | fresh=0.0min | open= 0 closed= 11 | PnL=$-6558 wr=18% | improve=1 sem_db=30 | 13.0s/c ETA 2081s | zero_streak=1
20:36:42 Cycle  45/200 [CRIS] OK       | fresh=0.0min | open= 2 closed= 12 | PnL=$-7389 wr=17% | improve=1 sem_db=30 | 12.9s/c ETA 1996s | zero_streak=2

[96m══════════════════════════════════════════════════════[0m
[96m══ TRAINING DIAGNOSTICS (cycle 50) ══════════════════════[0m
[96m══════════════════════════════════════════════════════[0m
  [1mREGIME:       [0m [93mNORMAL[0m (conf: 0.38)
  [1mDATA FRESH:   [0m [92m✅ 0.0min ago[0m
  [1mSIGNALS:      [0m 10/20 active
  [1mSIT-OUT:      [0m [92mNO[0m
  [1mCONVICTION:   [0m BTC: -0.04 (HOLD) | ETH: +0.06 ([92mBUY[0m) | SOL: -0.05 ([91mSELL[0m) | BNB: -0.06 ([91mSELL[0m) | XRP: +0.02 (HOLD) | ADA: -0.06 ([91mSELL[0m) | DOT: +0.07 ([92mBUY[0m) | AVAX: +0.13 ([92mBUY[0m) | LINK: +0.05 ([92mBUY[0m) | MATIC: -0.10 ([91mSELL[0m) | NEAR: -0.02 (HOLD)
  [1mTRADES:       [0m open=0 closed=16 | PnL=$-7869.27 | WR=19%
  [1mLONG/SHORT:   [0m longs=6 shorts=10
  [1mBLOCKERS:     [0m [92mNONE[0m
[96m══════════════════════════════════════════════════════[0m

20:37:57 Cycle  50/200 [NORM] OK       | fresh=0.0min | open= 0 closed= 16 | PnL=$-7869 wr=19% | improve=1 sem_db=30 | 13.1s/c ETA 1963s | zero_streak=0
20:39:07 Cycle  55/200 [NORM] OK       | fresh=0.0min | open= 2 closed= 17 | PnL=$-8804 wr=18% | improve=1 sem_db=30 | 13.2s/c ETA 1910s | zero_streak=2

[96m══════════════════════════════════════════════════════[0m
[96m══ TRAINING DIAGNOSTICS (cycle 60) ══════════════════════[0m
[96m══════════════════════════════════════════════════════[0m
  [1mREGIME:       [0m [93mHIGH_VOL[0m (conf: 0.38)
  [1mDATA FRESH:   [0m [92m✅ 0.0min ago[0m
  [1mSIGNALS:      [0m 11/20 active
  [1mSIT-OUT:      [0m [92mNO[0m
  [1mCONVICTION:   [0m BTC: +0.02 (HOLD) | ETH: +0.03 (HOLD) | SOL: +0.03 (HOLD) | BNB: -0.05 ([91mSELL[0m) | XRP: -0.16 ([91mSELL[0m) | ADA: +0.03 (HOLD) | DOT: +0.03 (HOLD) | AVAX: +0.03 (HOLD) | LINK: +0.03 (HOLD) | MATIC: +0.01 (HOLD) | NEAR: +0.03 (HOLD)
  [1mTRADES:       [0m open=2 closed=17 | PnL=$-8804.23 | WR=18%
  [1mLONG/SHORT:   [0m longs=8 shorts=11
  [1mBLOCKERS:     [0m [92mNONE[0m
[96m══════════════════════════════════════════════════════[0m

20:40:05 Cycle  60/200 [HIGH] OK       | fresh=0.0min | open= 2 closed= 17 | PnL=$-8804 wr=18% | improve=1 sem_db=30 | 13.0s/c ETA 1827s | zero_streak=7
20:41:04 Cycle  65/200 [HIGH] OK       | fresh=0.0min | open= 0 closed= 19 | PnL=$-5683 wr=26% | improve=1 sem_db=30 | 13.0s/c ETA 1749s | zero_streak=3

[96m══════════════════════════════════════════════════════[0m
[96m══ TRAINING DIAGNOSTICS (cycle 70) ══════════════════════[0m
[96m══════════════════════════════════════════════════════[0m
  [1mREGIME:       [0m [93mHIGH_VOL[0m (conf: 0.38)
  [1mDATA FRESH:   [0m [92m✅ 0.0min ago[0m
  [1mSIGNALS:      [0m 12/20 active
  [1mSIT-OUT:      [0m [92mNO[0m
  [1mCONVICTION:   [0m BTC: -0.04 (HOLD) | ETH: +0.05 (HOLD) | SOL: +0.15 ([92mBUY[0m) | BNB: +0.08 ([92mBUY[0m) | XRP: -0.14 ([91mSELL[0m) | ADA: -0.07 ([91mSELL[0m) | DOT: -0.10 ([91mSELL[0m) | AVAX: -0.09 ([91mSELL[0m) | LINK: -0.08 ([91mSELL[0m) | MATIC: -0.15 ([91mSELL[0m) | NEAR: +0.39 ([92mBUY[0m)
  [1mTRADES:       [0m open=1 closed=19 | PnL=$-5683.36 | WR=26%
  [1mLONG/SHORT:   [0m longs=8 shorts=12
  [1mBLOCKERS:     [0m [92mNONE[0m
[96m══════════════════════════════════════════════════════[0m

20:42:03 Cycle  70/200 [HIGH] OK       | fresh=0.0min | open= 1 closed= 19 | PnL=$-5683 wr=26% | improve=1 sem_db=30 | 12.9s/c ETA 1673s | zero_streak=8
20:43:07 Cycle  75/200 [NORM] OK       | fresh=0.0min | open= 2 closed= 19 | PnL=$-5683 wr=26% | improve=1 sem_db=30 | 12.9s/c ETA 1607s | zero_streak=13

[96m══════════════════════════════════════════════════════[0m
[96m══ TRAINING DIAGNOSTICS (cycle 80) ══════════════════════[0m
[96m══════════════════════════════════════════════════════[0m
  [1mREGIME:       [0m [93mNORMAL[0m (conf: 0.38)
  [1mDATA FRESH:   [0m [92m✅ 0.0min ago[0m
  [1mSIGNALS:      [0m 11/20 active
  [1mSIT-OUT:      [0m [92mNO[0m
  [1mCONVICTION:   [0m BTC: +0.02 (HOLD) | ETH: +0.02 (HOLD) | SOL: -0.13 ([91mSELL[0m) | BNB: +0.11 ([92mBUY[0m) | XRP: +0.17 ([92mBUY[0m) | ADA: -0.13 ([91mSELL[0m) | DOT: -0.06 ([91mSELL[0m) | AVAX: -0.09 ([91mSELL[0m) | LINK: -0.10 ([91mSELL[0m) | MATIC: -0.02 (HOLD) | NEAR: +0.20 ([92mBUY[0m)
  [1mTRADES:       [0m open=1 closed=21 | PnL=$-3949.35 | WR=29%
  [1mLONG/SHORT:   [0m longs=10 shorts=12
  [1mBLOCKERS:     [0m [92mNONE[0m
[96m══════════════════════════════════════════════════════[0m

20:44:05 Cycle  80/200 [NORM] OK       | fresh=0.0min | open= 1 closed= 21 | PnL=$-3949 wr=29% | improve=1 sem_db=30 | 12.8s/c ETA 1533s | zero_streak=0
20:45:03 Cycle  85/200 [NORM] OK       | fresh=0.0min | open= 1 closed= 24 | PnL=$-4495 wr=29% | improve=1 sem_db=30 | 12.7s/c ETA 1462s | zero_streak=0

[96m══════════════════════════════════════════════════════[0m
[96m══ TRAINING DIAGNOSTICS (cycle 90) ══════════════════════[0m
[96m══════════════════════════════════════════════════════[0m
  [1mREGIME:       [0m [93mNORMAL[0m (conf: 0.38)
  [1mDATA FRESH:   [0m [92m✅ 0.0min ago[0m
  [1mSIGNALS:      [0m 11/20 active
  [1mSIT-OUT:      [0m [92mNO[0m
  [1mCONVICTION:   [0m BTC: +0.11 ([92mBUY[0m) | ETH: +0.07 ([92mBUY[0m) | SOL: +0.06 ([92mBUY[0m) | BNB: +0.09 ([92mBUY[0m) | XRP: -0.06 ([91mSELL[0m) | ADA: -0.06 ([91mSELL[0m) | DOT: +0.01 (HOLD) | AVAX: -0.06 ([91mSELL[0m) | LINK: -0.05 (HOLD) | MATIC: -0.06 ([91mSELL[0m) | NEAR: -0.06 ([91mSELL[0m)
  [1mTRADES:       [0m open=2 closed=25 | PnL=$-4461.35 | WR=32%
  [1mLONG/SHORT:   [0m longs=13 shorts=14
  [1mBLOCKERS:     [0m [92mNONE[0m
[96m══════════════════════════════════════════════════════[0m

20:46:02 Cycle  90/200 [NORM] OK       | fresh=0.0min | open= 2 closed= 25 | PnL=$-4461 wr=32% | improve=1 sem_db=30 | 12.7s/c ETA 1392s | zero_streak=0
20:46:59 Cycle  95/200 [NORM] OK       | fresh=0.0min | open= 1 closed= 28 | PnL=$-2044 wr=39% | improve=1 sem_db=30 | 12.6s/c ETA 1323s | zero_streak=1

[96m══════════════════════════════════════════════════════[0m
[96m══ TRAINING DIAGNOSTICS (cycle 100) ═════════════════════[0m
[96m══════════════════════════════════════════════════════[0m
  [1mREGIME:       [0m [93mCRISIS[0m (conf: 0.38)
  [1mDATA FRESH:   [0m [92m✅ 0.0min ago[0m
  [1mSIGNALS:      [0m 12/20 active
  [1mSIT-OUT:      [0m [92mNO[0m
  [1mCONVICTION:   [0m BTC: -0.00 (HOLD) | ETH: +0.01 (HOLD) | SOL: -0.00 (HOLD) | BNB: +0.03 (HOLD) | XRP: -0.00 (HOLD) | ADA: -0.00 (HOLD) | DOT: -0.00 (HOLD) | AVAX: -0.00 (HOLD) | LINK: -0.00 (HOLD) | MATIC: -0.00 (HOLD) | NEAR: -0.00 (HOLD)
  [1mTRADES:       [0m open=1 closed=31 | PnL=$-6095.39 | WR=35%
  [1mLONG/SHORT:   [0m longs=17 shorts=15
  [1mBLOCKERS:     [0m [91mNo conviction above threshold (all HOLD)[0m
[96m══════════════════════════════════════════════════════[0m

20:48:00 Cycle 100/200 [CRIS] OK       | fresh=0.0min | open= 1 closed= 31 | PnL=$-6095 wr=35% | improve=1 sem_db=30 | 12.6s/c ETA 1258s | zero_streak=0
20:48:59 Cycle 105/200 [CRIS] OK       | fresh=0.0min | open= 1 closed= 31 | PnL=$-6095 wr=35% | improve=1 sem_db=30 | 12.5s/c ETA 1192s | zero_streak=5

[96m══════════════════════════════════════════════════════[0m
[96m══ TRAINING DIAGNOSTICS (cycle 110) ═════════════════════[0m
[96m══════════════════════════════════════════════════════[0m
  [1mREGIME:       [0m [93mCRISIS[0m (conf: 0.38)
  [1mDATA FRESH:   [0m [92m✅ 0.0min ago[0m
  [1mSIGNALS:      [0m 11/20 active
  [1mSIT-OUT:      [0m [92mNO[0m
  [1mCONVICTION:   [0m BTC: +0.00 (HOLD) | ETH: +0.00 (HOLD) | SOL: +0.00 (HOLD) | BNB: +0.00 (HOLD) | XRP: +0.00 (HOLD) | ADA: +0.00 (HOLD) | DOT: +0.00 (HOLD) | AVAX: +0.00 (HOLD) | LINK: +0.00 (HOLD) | MATIC: +0.00 (HOLD) | NEAR: +0.00 (HOLD)
  [1mTRADES:       [0m open=0 closed=32 | PnL=$-3131.77 | WR=38%
  [1mLONG/SHORT:   [0m longs=17 shorts=15
  [1mBLOCKERS:     [0m [91mNo conviction above threshold (all HOLD)[0m
[96m══════════════════════════════════════════════════════[0m

20:49:57 Cycle 110/200 [CRIS] OK       | fresh=0.0min | open= 0 closed= 32 | PnL=$-3132 wr=38% | improve=1 sem_db=30 | 12.5s/c ETA 1125s | zero_streak=1
20:50:55 Cycle 115/200 [CRIS] OK       | fresh=0.0min | open= 0 closed= 32 | PnL=$-3132 wr=38% | improve=1 sem_db=30 | 12.5s/c ETA 1059s | zero_streak=6

[96m══════════════════════════════════════════════════════[0m
[96m══ TRAINING DIAGNOSTICS (cycle 120) ═════════════════════[0m
[96m══════════════════════════════════════════════════════[0m
  [1mREGIME:       [0m [93mNORMAL[0m (conf: 0.38)
  [1mDATA FRESH:   [0m [92m✅ 0.0min ago[0m
  [1mSIGNALS:      [0m 12/20 active
  [1mSIT-OUT:      [0m [92mNO[0m
  [1mCONVICTION:   [0m BTC: +0.12 ([92mBUY[0m) | ETH: -0.04 (HOLD) | SOL: -0.04 (HOLD) | BNB: +0.22 ([92mBUY[0m) | XRP: -0.03 (HOLD) | ADA: -0.04 (HOLD) | DOT: -0.00 (HOLD) | AVAX: -0.04 (HOLD) | LINK: -0.04 (HOLD) | MATIC: -0.04 (HOLD) | NEAR: -0.04 (HOLD)
  [1mTRADES:       [0m open=3 closed=32 | PnL=$-3131.77 | WR=38%
  [1mLONG/SHORT:   [0m longs=17 shorts=18
  [1mBLOCKERS:     [0m [92mNONE[0m
[96m══════════════════════════════════════════════════════[0m

20:51:54 Cycle 120/200 [NORM] OK       | fresh=0.0min | open= 3 closed= 32 | PnL=$-3132 wr=38% | improve=1 sem_db=30 | 12.4s/c ETA 994s | zero_streak=11
20:52:53 Cycle 125/200 [NORM] OK       | fresh=0.0min | open= 1 closed= 37 | PnL=$-4567 wr=35% | improve=1 sem_db=30 | 12.4s/c ETA 930s | zero_streak=0

[96m══════════════════════════════════════════════════════[0m
[96m══ TRAINING DIAGNOSTICS (cycle 130) ═════════════════════[0m
[96m══════════════════════════════════════════════════════[0m
  [1mREGIME:       [0m [93mNORMAL[0m (conf: 0.38)
  [1mDATA FRESH:   [0m [92m✅ 0.0min ago[0m
  [1mSIGNALS:      [0m 11/20 active
  [1mSIT-OUT:      [0m [92mNO[0m
  [1mCONVICTION:   [0m BTC: +0.02 (HOLD) | ETH: -0.08 ([91mSELL[0m) | SOL: -0.08 ([91mSELL[0m) | BNB: -0.08 ([91mSELL[0m) | XRP: -0.06 ([91mSELL[0m) | ADA: +0.29 ([92mBUY[0m) | DOT: -0.08 ([91mSELL[0m) | AVAX: -0.08 ([91mSELL[0m) | LINK: +0.29 ([92mBUY[0m) | MATIC: -0.08 ([91mSELL[0m) | NEAR: -0.08 ([91mSELL[0m)
  [1mTRADES:       [0m open=1 closed=37 | PnL=$-4566.88 | WR=35%
  [1mLONG/SHORT:   [0m longs=19 shorts=19
  [1mBLOCKERS:     [0m [92mNONE[0m
[96m══════════════════════════════════════════════════════[0m

20:53:51 Cycle 130/200 [NORM] OK       | fresh=0.0min | open= 1 closed= 37 | PnL=$-4567 wr=35% | improve=1 sem_db=30 | 12.4s/c ETA 866s | zero_streak=5
20:54:50 Cycle 135/200 [NORM] OK       | fresh=0.0min | open= 2 closed= 38 | PnL=$-3987 wr=37% | improve=1 sem_db=30 | 12.4s/c ETA 803s | zero_streak=3

[96m══════════════════════════════════════════════════════[0m
[96m══ TRAINING DIAGNOSTICS (cycle 140) ═════════════════════[0m
[96m══════════════════════════════════════════════════════[0m
  [1mREGIME:       [0m [93mCRISIS[0m (conf: 0.38)
  [1mDATA FRESH:   [0m [92m✅ 0.0min ago[0m
  [1mSIGNALS:      [0m 10/20 active
  [1mSIT-OUT:      [0m [92mNO[0m
  [1mCONVICTION:   [0m BTC: +0.00 (HOLD) | ETH: +0.00 (HOLD) | SOL: +0.00 (HOLD) | BNB: +0.00 (HOLD) | XRP: +0.00 (HOLD) | ADA: +0.00 (HOLD) | DOT: +0.00 (HOLD) | AVAX: +0.00 (HOLD) | LINK: +0.00 (HOLD) | MATIC: +0.00 (HOLD) | NEAR: +0.00 (HOLD)
  [1mTRADES:       [0m open=1 closed=39 | PnL=$-4386.30 | WR=36%
  [1mLONG/SHORT:   [0m longs=19 shorts=21
  [1mBLOCKERS:     [0m [91mNo conviction above threshold (all HOLD)[0m
[96m══════════════════════════════════════════════════════[0m

20:55:49 Cycle 140/200 [CRIS] OK       | fresh=0.0min | open= 1 closed= 39 | PnL=$-4386 wr=36% | improve=1 sem_db=30 | 12.3s/c ETA 740s | zero_streak=3
20:56:49 Cycle 145/200 [CRIS] OK       | fresh=0.0min | open= 3 closed= 40 | PnL=$-1035 wr=38% | improve=1 sem_db=30 | 12.3s/c ETA 678s | zero_streak=1

[96m══════════════════════════════════════════════════════[0m
[96m══ TRAINING DIAGNOSTICS (cycle 150) ═════════════════════[0m
[96m══════════════════════════════════════════════════════[0m
  [1mREGIME:       [0m [93mCRISIS[0m (conf: 0.38)
  [1mDATA FRESH:   [0m [92m✅ 0.0min ago[0m
  [1mSIGNALS:      [0m 11/20 active
  [1mSIT-OUT:      [0m [92mNO[0m
  [1mCONVICTION:   [0m BTC: -0.30 ([91mSELL[0m) | ETH: -0.18 ([91mSELL[0m) | SOL: +0.26 ([92mBUY[0m) | BNB: -0.06 ([91mSELL[0m) | XRP: +0.08 ([92mBUY[0m) | ADA: -0.15 ([91mSELL[0m) | DOT: -0.04 (HOLD) | AVAX: +0.21 ([92mBUY[0m) | LINK: -0.10 ([91mSELL[0m) | MATIC: +0.26 ([92mBUY[0m) | NEAR: +0.04 (HOLD)
  [1mTRADES:       [0m open=2 closed=43 | PnL=$-2963.48 | WR=35%
  [1mLONG/SHORT:   [0m longs=19 shorts=26
  [1mBLOCKERS:     [0m [92mNONE[0m
[96m══════════════════════════════════════════════════════[0m

20:57:54 Cycle 150/200 [CRIS] OK       | fresh=0.0min | open= 2 closed= 43 | PnL=$-2963 wr=35% | improve=1 sem_db=30 | 12.3s/c ETA 617s | zero_streak=4
20:58:53 Cycle 155/200 [NORM] OK       | fresh=0.0min | open= 0 closed= 45 | PnL=$-25228 wr=33% | improve=1 sem_db=30 | 12.3s/c ETA 555s | zero_streak=2

[96m══════════════════════════════════════════════════════[0m
[96m══ TRAINING DIAGNOSTICS (cycle 160) ═════════════════════[0m
[96m══════════════════════════════════════════════════════[0m
  [1mREGIME:       [0m [93mNORMAL[0m (conf: 0.38)
  [1mDATA FRESH:   [0m [92m✅ 0.0min ago[0m
  [1mSIGNALS:      [0m 11/20 active
  [1mSIT-OUT:      [0m [92mNO[0m
  [1mCONVICTION:   [0m BTC: +0.08 ([92mBUY[0m) | ETH: +0.18 ([92mBUY[0m) | SOL: +0.06 ([92mBUY[0m) | BNB: -0.05 (HOLD) | XRP: -0.03 (HOLD) | ADA: -0.10 ([91mSELL[0m) | DOT: +0.03 (HOLD) | AVAX: +0.10 ([92mBUY[0m) | LINK: -0.08 ([91mSELL[0m) | MATIC: -0.12 ([91mSELL[0m) | NEAR: -0.06 ([91mSELL[0m)
  [1mTRADES:       [0m open=1 closed=46 | PnL=$-25436.20 | WR=33%
  [1mLONG/SHORT:   [0m longs=20 shorts=27
  [1mBLOCKERS:     [0m [92mNONE[0m
[96m══════════════════════════════════════════════════════[0m

20:59:51 Cycle 160/200 [NORM] OK       | fresh=0.0min | open= 1 closed= 46 | PnL=$-25436 wr=33% | improve=1 sem_db=30 | 12.3s/c ETA 492s | zero_streak=0
21:00:50 Cycle 165/200 [NORM] OK       | fresh=0.0min | open= 1 closed= 49 | PnL=$-24695 wr=33% | improve=1 sem_db=30 | 12.3s/c ETA 430s | zero_streak=0

[96m══════════════════════════════════════════════════════[0m
[96m══ TRAINING DIAGNOSTICS (cycle 170) ═════════════════════[0m
[96m══════════════════════════════════════════════════════[0m
  [1mREGIME:       [0m [93mNORMAL[0m (conf: 0.38)
  [1mDATA FRESH:   [0m [92m✅ 0.0min ago[0m
  [1mSIGNALS:      [0m 11/20 active
  [1mSIT-OUT:      [0m [92mNO[0m
  [1mCONVICTION:   [0m BTC: +0.12 ([92mBUY[0m) | ETH: +0.08 ([92mBUY[0m) | SOL: -0.20 ([91mSELL[0m) | BNB: +0.07 ([92mBUY[0m) | XRP: +0.31 ([92mBUY[0m) | ADA: -0.11 ([91mSELL[0m) | DOT: -0.13 ([91mSELL[0m) | AVAX: +0.26 ([92mBUY[0m) | LINK: -0.16 ([91mSELL[0m) | MATIC: -0.02 (HOLD) | NEAR: -0.23 ([91mSELL[0m)
  [1mTRADES:       [0m open=3 closed=50 | PnL=$-25108.63 | WR=32%
  [1mLONG/SHORT:   [0m longs=23 shorts=30
  [1mBLOCKERS:     [0m [92mNONE[0m
[96m══════════════════════════════════════════════════════[0m

21:01:49 Cycle 170/200 [NORM] OK       | fresh=0.0min | open= 3 closed= 50 | PnL=$-25109 wr=32% | improve=1 sem_db=30 | 12.3s/c ETA 368s | zero_streak=1
21:02:49 Cycle 175/200 [NORM] OK       | fresh=0.0min | open= 2 closed= 52 | PnL=$-23328 wr=33% | improve=1 sem_db=30 | 12.3s/c ETA 307s | zero_streak=3

[96m══════════════════════════════════════════════════════[0m
[96m══ TRAINING DIAGNOSTICS (cycle 180) ═════════════════════[0m
[96m══════════════════════════════════════════════════════[0m
  [1mREGIME:       [0m [93mNORMAL[0m (conf: 0.38)
  [1mDATA FRESH:   [0m [92m✅ 0.0min ago[0m
  [1mSIGNALS:      [0m 11/20 active
  [1mSIT-OUT:      [0m [92mNO[0m
  [1mCONVICTION:   [0m BTC: +0.06 ([92mBUY[0m) | ETH: +0.03 (HOLD) | SOL: -0.00 (HOLD) | BNB: +0.05 (HOLD) | XRP: +0.01 (HOLD) | ADA: -0.04 (HOLD) | DOT: -0.04 (HOLD) | AVAX: +0.06 ([92mBUY[0m) | LINK: -0.04 (HOLD) | MATIC: -0.04 (HOLD) | NEAR: -0.04 (HOLD)
  [1mTRADES:       [0m open=3 closed=54 | PnL=$-21764.34 | WR=33%
  [1mLONG/SHORT:   [0m longs=24 shorts=33
  [1mBLOCKERS:     [0m [92mNONE[0m
[96m══════════════════════════════════════════════════════[0m

21:03:48 Cycle 180/200 [NORM] OK       | fresh=0.0min | open= 3 closed= 54 | PnL=$-21764 wr=33% | improve=1 sem_db=30 | 12.3s/c ETA 245s | zero_streak=0
21:04:46 Cycle 185/200 [CRIS] OK       | fresh=0.0min | open= 2 closed= 57 | PnL=$-22746 wr=33% | improve=1 sem_db=30 | 12.2s/c ETA 184s | zero_streak=3

[96m══════════════════════════════════════════════════════[0m
[96m══ TRAINING DIAGNOSTICS (cycle 190) ═════════════════════[0m
[96m══════════════════════════════════════════════════════[0m
  [1mREGIME:       [0m [93mNORMAL[0m (conf: 0.38)
  [1mDATA FRESH:   [0m [92m✅ 0.0min ago[0m
  [1mSIGNALS:      [0m 11/20 active
  [1mSIT-OUT:      [0m [92mNO[0m
  [1mCONVICTION:   [0m BTC: +0.04 (HOLD) | ETH: -0.04 (HOLD) | SOL: -0.05 ([91mSELL[0m) | BNB: +0.09 ([92mBUY[0m) | XRP: +0.03 (HOLD) | ADA: -0.15 ([91mSELL[0m) | DOT: +0.03 (HOLD) | AVAX: -0.07 ([91mSELL[0m) | LINK: -0.09 ([91mSELL[0m) | MATIC: -0.02 (HOLD) | NEAR: +0.23 ([92mBUY[0m)
  [1mTRADES:       [0m open=1 closed=59 | PnL=$-24236.54 | WR=32%
  [1mLONG/SHORT:   [0m longs=26 shorts=34
  [1mBLOCKERS:     [0m [92mNONE[0m
[96m══════════════════════════════════════════════════════[0m

21:05:45 Cycle 190/200 [NORM] OK       | fresh=0.0min | open= 1 closed= 59 | PnL=$-24237 wr=32% | improve=1 sem_db=30 | 12.2s/c ETA 122s | zero_streak=2
21:06:46 Cycle 195/200 [CRIS] OK       | fresh=0.0min | open= 1 closed= 61 | PnL=$-24409 wr=33% | improve=1 sem_db=30 | 12.2s/c ETA 61s | zero_streak=0

[96m══════════════════════════════════════════════════════[0m
[96m══ TRAINING DIAGNOSTICS (cycle 200) ═════════════════════[0m
[96m══════════════════════════════════════════════════════[0m
  [1mREGIME:       [0m [93mCRISIS[0m (conf: 0.38)
  [1mDATA FRESH:   [0m [92m✅ 0.0min ago[0m
  [1mSIGNALS:      [0m 11/20 active
  [1mSIT-OUT:      [0m [92mNO[0m
  [1mCONVICTION:   [0m BTC: +0.01 (HOLD) | ETH: +0.04 (HOLD) | SOL: -0.08 ([91mSELL[0m) | BNB: -0.01 (HOLD) | XRP: +0.09 ([92mBUY[0m) | ADA: -0.10 ([91mSELL[0m) | DOT: +0.10 ([92mBUY[0m) | AVAX: -0.03 (HOLD) | LINK: +0.06 ([92mBUY[0m) | MATIC: -0.11 ([91mSELL[0m) | NEAR: +0.04 (HOLD)
  [1mTRADES:       [0m open=3 closed=62 | PnL=$-24846.00 | WR=32%
  [1mLONG/SHORT:   [0m longs=29 shorts=36
  [1mBLOCKERS:     [0m [92mNONE[0m
[96m══════════════════════════════════════════════════════[0m

21:07:46 Cycle 200/200 [CRIS] OK       | fresh=0.0min | open= 3 closed= 62 | PnL=$-24846 wr=32% | improve=1 sem_db=30 | 12.2s/c ETA 0s | zero_streak=2
21:07:46 V211_CRISIS_P2_R2: no baseline version found for gate comparison
21:07:46 Attribution — alpha: $-20308.96  beta: $+22539128.52  timing: $+15959721.70  selection: $-0.00
21:07:46 Attribution report  : /Users/benebsworth/projects/omega/data/v211_crisis_p2_r2_attribution.json
21:07:46 
21:07:46 ======================================================================
21:07:46 V211_CRISIS_P2_R2 COMPLETE — 200 cycles in 2443s (12.22s/cycle)
21:07:46 ======================================================================
21:07:46 improve_calls         : 1
21:07:46 semantic_patterns_db  : 30
21:07:46 Closed trades         : 62  (long=27  short=35)
21:07:46 Total PnL             : $-24846.00  (engine realised: $-24846.00)
21:07:46 Win rate              : 32.3%  (20/62)
21:07:46 Profit factor         : 0.51
21:07:46 --- Observability ---
21:07:46 Zero-trade cycles     : 151 / 200  (76%)
21:07:46 Circuit breaker trips : 0
21:07:46 Final vol threshold   : 0.000
21:07:46 Metrics JSONL         : /tmp/v211_crisis_p2_r2_metrics.jsonl
21:07:46 Results               : /Users/benebsworth/projects/omega/data/v211_crisis_p2_r2_results.json
21:07:46 ======================================================================
