16:47:36 RNG seed set to 42 (deterministic mode)
16:47:36 BACKTEST MODE: WS signals disabled (whale_prints, ws_microstructure)
16:47:36 ======================================================================
16:47:36 Training Run v206b_crisis_r2 — 200 cycles  sleep=10s
16:47:36 CoinGecko key  : CG-YPzBAPag5...
16:47:36 Database URL   : postgresql://omega:omega@localhost:5432/...
16:47:36 Metrics JSONL  : /tmp/v206b_crisis_r2_metrics.jsonl
16:47:36 Log file       : /tmp/v206b_crisis_r2_training.log
16:47:36 Features ON    : ffg_gate1_enabled, ffg_gate4_enabled
16:47:36 ======================================================================
16:47:37 BACKTEST MODE: ingestion replaced by ReplayIngestionNode (snap_crisis_2022h1, 151 steps)
16:47:37 ImprovementEngine: SyntheticEvaluator injected
16:47:37 Decision snapshots → /tmp/v206b_crisis_r2_decisions.jsonl (+ Postgres if configured)
16:47:37 SignalDecayDetector: loaded from data/signal_ic_history.json

[96m══════════════════════════════════════════════════════[0m
[96m══ TRAINING DIAGNOSTICS (cycle 0) ═══════════════════════[0m
[96m══════════════════════════════════════════════════════[0m
  [1mREGIME:       [0m [91mUNKN ⚠️[0m
  [1mDATA FRESH:   [0m [92m✅ 0.0min ago[0m
  [1mSIGNALS:      [0m [93mnone yet[0m
  [1mSIT-OUT:      [0m [92mNO[0m
  [1mCONVICTION:   [0m [93mn/a[0m
  [1mTRADES:       [0m open=0 closed=0 | PnL=$+0.00 | WR=0%
  [1mLONG/SHORT:   [0m longs=0 shorts=0
  [1mBLOCKERS:     [0m [91mRegime detector not firing | No signal data yet (first cycle?)[0m
[96m══════════════════════════════════════════════════════[0m

16:47:49 Cycle   1/200 [NORM] OK       | fresh=0.0min | open= 0 closed=  0 | PnL=$+0 wr=0% | improve=0 sem_db=30 | 11.4s/c ETA 2268s | zero_streak=1
16:48:36 Cycle   5/200 [NORM] OK       | fresh=0.0min | open= 2 closed=  1 | PnL=$-642 wr=0% | improve=0 sem_db=30 | 11.7s/c ETA 2275s | zero_streak=2

[96m══════════════════════════════════════════════════════[0m
[96m══ TRAINING DIAGNOSTICS (cycle 10) ══════════════════════[0m
[96m══════════════════════════════════════════════════════[0m
  [1mREGIME:       [0m [93mCRISIS[0m (conf: 0.00)
  [1mDATA FRESH:   [0m [92m✅ 0.0min ago[0m
  [1mSIGNALS:      [0m 9/20 active
  [1mSIT-OUT:      [0m [92mNO[0m
  [1mCONVICTION:   [0m BTC: +0.00 (HOLD) | ETH: +0.00 (HOLD) | SOL: +0.00 (HOLD) | BNB: +0.00 (HOLD) | XRP: +0.00 (HOLD) | ADA: +0.00 (HOLD) | DOT: +0.00 (HOLD) | AVAX: +0.00 (HOLD) | LINK: +0.00 (HOLD) | MATIC: +0.00 (HOLD) | NEAR: +0.00 (HOLD)
  [1mTRADES:       [0m open=1 closed=2 | PnL=$-3156.63 | WR=0%
  [1mLONG/SHORT:   [0m longs=1 shorts=2
  [1mBLOCKERS:     [0m [91mNo conviction above threshold (all HOLD)[0m
[96m══════════════════════════════════════════════════════[0m

16:49:47 Cycle  10/200 [CRIS] OK       | fresh=0.0min | open= 1 closed=  2 | PnL=$-3157 wr=0% | improve=0 sem_db=30 | 13.0s/c ETA 2462s | zero_streak=4
16:50:46 Cycle  15/200 [NORM] OK       | fresh=0.0min | open= 0 closed=  3 | PnL=$-1051 wr=33% | improve=1 sem_db=30 | 12.6s/c ETA 2324s | zero_streak=2

[96m══════════════════════════════════════════════════════[0m
[96m══ TRAINING DIAGNOSTICS (cycle 20) ══════════════════════[0m
[96m══════════════════════════════════════════════════════[0m
  [1mREGIME:       [0m [93mCRISIS[0m (conf: 0.37)
  [1mDATA FRESH:   [0m [92m✅ 0.0min ago[0m
  [1mSIGNALS:      [0m 10/20 active
  [1mSIT-OUT:      [0m [92mNO[0m
  [1mCONVICTION:   [0m BTC: +0.10 ([92mBUY[0m) | ETH: +0.09 ([92mBUY[0m) | SOL: -0.16 ([91mSELL[0m) | BNB: +0.12 ([92mBUY[0m) | XRP: +0.17 ([92mBUY[0m) | ADA: -0.09 ([91mSELL[0m) | DOT: -0.11 ([91mSELL[0m) | AVAX: +0.17 ([92mBUY[0m) | LINK: -0.11 ([91mSELL[0m) | MATIC: +0.01 (HOLD) | NEAR: -0.18 ([91mSELL[0m)
  [1mTRADES:       [0m open=0 closed=3 | PnL=$-1051.31 | WR=33%
  [1mLONG/SHORT:   [0m longs=1 shorts=2
  [1mBLOCKERS:     [0m [92mNONE[0m
[96m══════════════════════════════════════════════════════[0m

16:51:53 Cycle  20/200 [CRIS] OK       | fresh=0.0min | open= 0 closed=  3 | PnL=$-1051 wr=33% | improve=1 sem_db=30 | 12.8s/c ETA 2301s | zero_streak=7
16:52:53 Cycle  25/200 [HIGH] OK       | fresh=0.0min | open= 3 closed=  3 | PnL=$-1051 wr=33% | improve=1 sem_db=30 | 12.6s/c ETA 2211s | zero_streak=12

[96m══════════════════════════════════════════════════════[0m
[96m══ TRAINING DIAGNOSTICS (cycle 30) ══════════════════════[0m
[96m══════════════════════════════════════════════════════[0m
  [1mREGIME:       [0m [93mCRISIS[0m (conf: 0.37)
  [1mDATA FRESH:   [0m [92m✅ 0.0min ago[0m
  [1mSIGNALS:      [0m 10/20 active
  [1mSIT-OUT:      [0m [92mNO[0m
  [1mCONVICTION:   [0m BTC: +0.08 ([92mBUY[0m) | ETH: +0.06 ([92mBUY[0m) | SOL: +0.08 ([92mBUY[0m) | BNB: +0.01 (HOLD) | XRP: +0.03 (HOLD) | ADA: -0.13 ([91mSELL[0m) | DOT: +0.05 ([92mBUY[0m) | AVAX: +0.08 ([92mBUY[0m) | LINK: -0.07 ([91mSELL[0m) | MATIC: -0.06 ([91mSELL[0m) | NEAR: -0.13 ([91mSELL[0m)
  [1mTRADES:       [0m open=1 closed=6 | PnL=$-2338.20 | WR=17%
  [1mLONG/SHORT:   [0m longs=2 shorts=5
  [1mBLOCKERS:     [0m [92mNONE[0m
[96m══════════════════════════════════════════════════════[0m

16:54:03 Cycle  30/200 [CRIS] OK       | fresh=0.0min | open= 1 closed=  6 | PnL=$-2338 wr=17% | improve=1 sem_db=30 | 12.8s/c ETA 2184s | zero_streak=3
16:55:01 Cycle  35/200 [CRIS] OK       | fresh=0.0min | open= 2 closed=  8 | PnL=$-3084 wr=25% | improve=1 sem_db=30 | 12.7s/c ETA 2093s | zero_streak=1

[96m══════════════════════════════════════════════════════[0m
[96m══ TRAINING DIAGNOSTICS (cycle 40) ══════════════════════[0m
[96m══════════════════════════════════════════════════════[0m
  [1mREGIME:       [0m [93mCRISIS[0m (conf: 0.37)
  [1mDATA FRESH:   [0m [92m✅ 0.0min ago[0m
  [1mSIGNALS:      [0m 11/20 active
  [1mSIT-OUT:      [0m [92mNO[0m
  [1mCONVICTION:   [0m BTC: +0.06 ([92mBUY[0m) | ETH: -0.03 (HOLD) | SOL: -0.11 ([91mSELL[0m) | BNB: +0.09 ([92mBUY[0m) | XRP: +0.05 ([92mBUY[0m) | ADA: -0.15 ([91mSELL[0m) | DOT: +0.04 (HOLD) | AVAX: -0.06 ([91mSELL[0m) | LINK: -0.10 ([91mSELL[0m) | MATIC: -0.03 (HOLD) | NEAR: +0.23 ([92mBUY[0m)
  [1mTRADES:       [0m open=0 closed=10 | PnL=$-3011.09 | WR=30%
  [1mLONG/SHORT:   [0m longs=4 shorts=6
  [1mBLOCKERS:     [0m [92mNONE[0m
[96m══════════════════════════════════════════════════════[0m

16:56:21 Cycle  40/200 [CRIS] OK       | fresh=0.0min | open= 0 closed= 10 | PnL=$-3011 wr=30% | improve=1 sem_db=30 | 13.1s/c ETA 2094s | zero_streak=1
16:57:19 Cycle  45/200 [CRIS] OK       | fresh=0.0min | open= 1 closed= 11 | PnL=$-3771 wr=27% | improve=1 sem_db=30 | 12.9s/c ETA 2002s | zero_streak=2

[96m══════════════════════════════════════════════════════[0m
[96m══ TRAINING DIAGNOSTICS (cycle 50) ══════════════════════[0m
[96m══════════════════════════════════════════════════════[0m
  [1mREGIME:       [0m [93mNORMAL[0m (conf: 0.37)
  [1mDATA FRESH:   [0m [92m✅ 0.0min ago[0m
  [1mSIGNALS:      [0m 11/20 active
  [1mSIT-OUT:      [0m [92mNO[0m
  [1mCONVICTION:   [0m BTC: -0.01 (HOLD) | ETH: +0.03 (HOLD) | SOL: -0.02 (HOLD) | BNB: -0.03 (HOLD) | XRP: +0.03 (HOLD) | ADA: -0.03 (HOLD) | DOT: +0.03 (HOLD) | AVAX: +0.03 (HOLD) | LINK: +0.03 (HOLD) | MATIC: -0.08 ([91mSELL[0m) | NEAR: +0.01 (HOLD)
  [1mTRADES:       [0m open=0 closed=14 | PnL=$-5409.03 | WR=21%
  [1mLONG/SHORT:   [0m longs=6 shorts=8
  [1mBLOCKERS:     [0m [92mNONE[0m
[96m══════════════════════════════════════════════════════[0m

16:58:30 Cycle  50/200 [NORM] OK       | fresh=0.0min | open= 0 closed= 14 | PnL=$-5409 wr=21% | improve=1 sem_db=30 | 13.1s/c ETA 1958s | zero_streak=0
16:59:42 Cycle  55/200 [NORM] OK       | fresh=0.0min | open= 0 closed= 14 | PnL=$-5409 wr=21% | improve=1 sem_db=30 | 13.2s/c ETA 1909s | zero_streak=5

[96m══════════════════════════════════════════════════════[0m
[96m══ TRAINING DIAGNOSTICS (cycle 60) ══════════════════════[0m
[96m══════════════════════════════════════════════════════[0m
  [1mREGIME:       [0m [93mHIGH_VOL[0m (conf: 0.37)
  [1mDATA FRESH:   [0m [92m✅ 0.0min ago[0m
  [1mSIGNALS:      [0m 11/20 active
  [1mSIT-OUT:      [0m [92mNO[0m
  [1mCONVICTION:   [0m BTC: +0.01 (HOLD) | ETH: +0.01 (HOLD) | SOL: +0.01 (HOLD) | BNB: +0.01 (HOLD) | XRP: -0.09 ([91mSELL[0m) | ADA: +0.01 (HOLD) | DOT: +0.01 (HOLD) | AVAX: +0.01 (HOLD) | LINK: +0.01 (HOLD) | MATIC: +0.01 (HOLD) | NEAR: +0.01 (HOLD)
  [1mTRADES:       [0m open=0 closed=14 | PnL=$-5409.03 | WR=21%
  [1mLONG/SHORT:   [0m longs=6 shorts=8
  [1mBLOCKERS:     [0m [92mNONE[0m
[96m══════════════════════════════════════════════════════[0m

17:00:40 Cycle  60/200 [HIGH] OK       | fresh=0.0min | open= 0 closed= 14 | PnL=$-5409 wr=21% | improve=1 sem_db=30 | 13.0s/c ETA 1826s | zero_streak=10
17:01:39 Cycle  65/200 [HIGH] OK       | fresh=0.0min | open= 0 closed= 14 | PnL=$-5409 wr=21% | improve=1 sem_db=30 | 12.9s/c ETA 1747s | zero_streak=15
17:02:02 ZERO_STREAK_ALERT cycle=67 streak=16 basket_std=0.2000 basket_mean=0.0000 composites={}
17:02:13 ZERO_STREAK_ALERT cycle=68 streak=17 basket_std=0.2000 basket_mean=0.0000 composites={}
17:02:25 ZERO_STREAK_ALERT cycle=69 streak=18 basket_std=0.2000 basket_mean=0.0000 composites={}

[96m══════════════════════════════════════════════════════[0m
[96m══ TRAINING DIAGNOSTICS (cycle 70) ══════════════════════[0m
[96m══════════════════════════════════════════════════════[0m
  [1mREGIME:       [0m [93mHIGH_VOL[0m (conf: 0.37)
  [1mDATA FRESH:   [0m [92m✅ 0.0min ago[0m
  [1mSIGNALS:      [0m 12/20 active
  [1mSIT-OUT:      [0m [92mNO[0m
  [1mCONVICTION:   [0m BTC: -0.02 (HOLD) | ETH: +0.07 ([92mBUY[0m) | SOL: +0.17 ([92mBUY[0m) | BNB: +0.09 ([92mBUY[0m) | XRP: -0.12 ([91mSELL[0m) | ADA: -0.05 (HOLD) | DOT: -0.09 ([91mSELL[0m) | AVAX: -0.07 ([91mSELL[0m) | LINK: -0.06 ([91mSELL[0m) | MATIC: -0.13 ([91mSELL[0m) | NEAR: +0.21 ([92mBUY[0m)
  [1mTRADES:       [0m open=1 closed=14 | PnL=$-5409.03 | WR=21%
  [1mLONG/SHORT:   [0m longs=6 shorts=9
  [1mBLOCKERS:     [0m [92mNONE[0m
[96m══════════════════════════════════════════════════════[0m

17:02:37 ZERO_STREAK_ALERT cycle=70 streak=19 basket_std=0.2000 basket_mean=0.0000 composites={}
17:02:37 Cycle  70/200 [HIGH] OK       | fresh=0.0min | open= 1 closed= 14 | PnL=$-5409 wr=21% | improve=1 sem_db=30 | 12.9s/c ETA 1671s | zero_streak=20
17:02:52 ZERO_STREAK_ALERT cycle=71 streak=20 basket_std=0.2000 basket_mean=0.0000 composites={}
17:03:05 ZERO_STREAK_ALERT cycle=72 streak=21 basket_std=0.2000 basket_mean=0.0000 composites={}
17:03:17 ZERO_STREAK_ALERT cycle=73 streak=22 basket_std=0.2000 basket_mean=0.0000 composites={}
17:03:28 ZERO_STREAK_ALERT cycle=74 streak=23 basket_std=0.2000 basket_mean=0.0000 composites={}
17:03:40 ZERO_STREAK_ALERT cycle=75 streak=24 basket_std=0.2000 basket_mean=0.0000 composites={}
17:03:40 Cycle  75/200 [NORM] OK       | fresh=0.0min | open= 2 closed= 14 | PnL=$-5409 wr=21% | improve=1 sem_db=30 | 12.8s/c ETA 1604s | zero_streak=25
17:03:52 ZERO_STREAK_ALERT cycle=76 streak=25 basket_std=0.2000 basket_mean=0.0000 composites={}

[96m══════════════════════════════════════════════════════[0m
[96m══ TRAINING DIAGNOSTICS (cycle 80) ══════════════════════[0m
[96m══════════════════════════════════════════════════════[0m
  [1mREGIME:       [0m [93mNORMAL[0m (conf: 0.37)
  [1mDATA FRESH:   [0m [92m✅ 0.0min ago[0m
  [1mSIGNALS:      [0m 11/20 active
  [1mSIT-OUT:      [0m [92mNO[0m
  [1mCONVICTION:   [0m BTC: +0.02 (HOLD) | ETH: +0.02 (HOLD) | SOL: -0.13 ([91mSELL[0m) | BNB: +0.11 ([92mBUY[0m) | XRP: +0.17 ([92mBUY[0m) | ADA: -0.13 ([91mSELL[0m) | DOT: -0.06 ([91mSELL[0m) | AVAX: -0.09 ([91mSELL[0m) | LINK: -0.10 ([91mSELL[0m) | MATIC: -0.02 (HOLD) | NEAR: +0.20 ([92mBUY[0m)
  [1mTRADES:       [0m open=1 closed=16 | PnL=$-3670.15 | WR=25%
  [1mLONG/SHORT:   [0m longs=8 shorts=9
  [1mBLOCKERS:     [0m [92mNONE[0m
[96m══════════════════════════════════════════════════════[0m

17:04:38 Cycle  80/200 [NORM] OK       | fresh=0.0min | open= 1 closed= 16 | PnL=$-3670 wr=25% | improve=1 sem_db=30 | 12.8s/c ETA 1532s | zero_streak=0
17:05:36 Cycle  85/200 [NORM] OK       | fresh=0.0min | open= 1 closed= 19 | PnL=$-4218 wr=26% | improve=1 sem_db=30 | 12.7s/c ETA 1459s | zero_streak=0

[96m══════════════════════════════════════════════════════[0m
[96m══ TRAINING DIAGNOSTICS (cycle 90) ══════════════════════[0m
[96m══════════════════════════════════════════════════════[0m
  [1mREGIME:       [0m [93mNORMAL[0m (conf: 0.37)
  [1mDATA FRESH:   [0m [92m✅ 0.0min ago[0m
  [1mSIGNALS:      [0m 11/20 active
  [1mSIT-OUT:      [0m [92mNO[0m
  [1mCONVICTION:   [0m BTC: +0.09 ([92mBUY[0m) | ETH: +0.05 ([92mBUY[0m) | SOL: +0.04 (HOLD) | BNB: +0.07 ([92mBUY[0m) | XRP: -0.04 (HOLD) | ADA: -0.04 (HOLD) | DOT: +0.00 (HOLD) | AVAX: -0.04 (HOLD) | LINK: -0.04 (HOLD) | MATIC: -0.04 (HOLD) | NEAR: -0.04 (HOLD)
  [1mTRADES:       [0m open=2 closed=20 | PnL=$-4185.08 | WR=30%
  [1mLONG/SHORT:   [0m longs=11 shorts=11
  [1mBLOCKERS:     [0m [92mNONE[0m
[96m══════════════════════════════════════════════════════[0m

17:06:34 Cycle  90/200 [NORM] OK       | fresh=0.0min | open= 2 closed= 20 | PnL=$-4185 wr=30% | improve=1 sem_db=30 | 12.6s/c ETA 1389s | zero_streak=0
17:07:32 Cycle  95/200 [NORM] OK       | fresh=0.0min | open= 1 closed= 23 | PnL=$-1776 wr=39% | improve=1 sem_db=30 | 12.6s/c ETA 1320s | zero_streak=1

[96m══════════════════════════════════════════════════════[0m
[96m══ TRAINING DIAGNOSTICS (cycle 100) ═════════════════════[0m
[96m══════════════════════════════════════════════════════[0m
  [1mREGIME:       [0m [93mCRISIS[0m (conf: 0.37)
  [1mDATA FRESH:   [0m [92m✅ 0.0min ago[0m
  [1mSIGNALS:      [0m 12/20 active
  [1mSIT-OUT:      [0m [92mNO[0m
  [1mCONVICTION:   [0m BTC: -0.00 (HOLD) | ETH: +0.01 (HOLD) | SOL: -0.00 (HOLD) | BNB: +0.03 (HOLD) | XRP: -0.00 (HOLD) | ADA: -0.00 (HOLD) | DOT: -0.00 (HOLD) | AVAX: -0.00 (HOLD) | LINK: -0.00 (HOLD) | MATIC: -0.00 (HOLD) | NEAR: -0.00 (HOLD)
  [1mTRADES:       [0m open=1 closed=26 | PnL=$-5834.93 | WR=35%
  [1mLONG/SHORT:   [0m longs=15 shorts=12
  [1mBLOCKERS:     [0m [91mNo conviction above threshold (all HOLD)[0m
[96m══════════════════════════════════════════════════════[0m

17:08:33 Cycle 100/200 [CRIS] OK       | fresh=0.0min | open= 1 closed= 26 | PnL=$-5835 wr=35% | improve=1 sem_db=30 | 12.6s/c ETA 1255s | zero_streak=0
17:09:31 Cycle 105/200 [CRIS] OK       | fresh=0.0min | open= 1 closed= 26 | PnL=$-5835 wr=35% | improve=1 sem_db=30 | 12.5s/c ETA 1189s | zero_streak=5

[96m══════════════════════════════════════════════════════[0m
[96m══ TRAINING DIAGNOSTICS (cycle 110) ═════════════════════[0m
[96m══════════════════════════════════════════════════════[0m
  [1mREGIME:       [0m [93mCRISIS[0m (conf: 0.37)
  [1mDATA FRESH:   [0m [92m✅ 0.0min ago[0m
  [1mSIGNALS:      [0m 11/20 active
  [1mSIT-OUT:      [0m [92mNO[0m
  [1mCONVICTION:   [0m BTC: +0.00 (HOLD) | ETH: +0.00 (HOLD) | SOL: +0.00 (HOLD) | BNB: +0.00 (HOLD) | XRP: +0.00 (HOLD) | ADA: +0.00 (HOLD) | DOT: +0.00 (HOLD) | AVAX: +0.00 (HOLD) | LINK: +0.00 (HOLD) | MATIC: +0.00 (HOLD) | NEAR: +0.00 (HOLD)
  [1mTRADES:       [0m open=0 closed=27 | PnL=$-2887.54 | WR=37%
  [1mLONG/SHORT:   [0m longs=15 shorts=12
  [1mBLOCKERS:     [0m [91mNo conviction above threshold (all HOLD)[0m
[96m══════════════════════════════════════════════════════[0m

17:10:31 Cycle 110/200 [CRIS] OK       | fresh=0.0min | open= 0 closed= 27 | PnL=$-2888 wr=37% | improve=1 sem_db=30 | 12.5s/c ETA 1124s | zero_streak=1
17:11:29 Cycle 115/200 [CRIS] OK       | fresh=0.0min | open= 0 closed= 27 | PnL=$-2888 wr=37% | improve=1 sem_db=30 | 12.5s/c ETA 1058s | zero_streak=6

[96m══════════════════════════════════════════════════════[0m
[96m══ TRAINING DIAGNOSTICS (cycle 120) ═════════════════════[0m
[96m══════════════════════════════════════════════════════[0m
  [1mREGIME:       [0m [93mNORMAL[0m (conf: 0.37)
  [1mDATA FRESH:   [0m [92m✅ 0.0min ago[0m
  [1mSIGNALS:      [0m 12/20 active
  [1mSIT-OUT:      [0m [92mNO[0m
  [1mCONVICTION:   [0m BTC: +0.12 ([92mBUY[0m) | ETH: -0.04 (HOLD) | SOL: -0.04 (HOLD) | BNB: +0.22 ([92mBUY[0m) | XRP: -0.03 (HOLD) | ADA: -0.04 (HOLD) | DOT: -0.00 (HOLD) | AVAX: -0.04 (HOLD) | LINK: -0.04 (HOLD) | MATIC: -0.04 (HOLD) | NEAR: -0.04 (HOLD)
  [1mTRADES:       [0m open=3 closed=27 | PnL=$-2887.54 | WR=37%
  [1mLONG/SHORT:   [0m longs=15 shorts=15
  [1mBLOCKERS:     [0m [92mNONE[0m
[96m══════════════════════════════════════════════════════[0m

17:12:27 Cycle 120/200 [NORM] OK       | fresh=0.0min | open= 3 closed= 27 | PnL=$-2888 wr=37% | improve=1 sem_db=30 | 12.4s/c ETA 993s | zero_streak=11
17:13:26 Cycle 125/200 [NORM] OK       | fresh=0.0min | open= 1 closed= 32 | PnL=$-4318 wr=34% | improve=1 sem_db=30 | 12.4s/c ETA 929s | zero_streak=0

[96m══════════════════════════════════════════════════════[0m
[96m══ TRAINING DIAGNOSTICS (cycle 130) ═════════════════════[0m
[96m══════════════════════════════════════════════════════[0m
  [1mREGIME:       [0m [93mNORMAL[0m (conf: 0.37)
  [1mDATA FRESH:   [0m [92m✅ 0.0min ago[0m
  [1mSIGNALS:      [0m 11/20 active
  [1mSIT-OUT:      [0m [92mNO[0m
  [1mCONVICTION:   [0m BTC: +0.05 (HOLD) | ETH: -0.04 (HOLD) | SOL: -0.04 (HOLD) | BNB: -0.04 (HOLD) | XRP: -0.03 (HOLD) | ADA: +0.15 ([92mBUY[0m) | DOT: -0.04 (HOLD) | AVAX: -0.04 (HOLD) | LINK: +0.15 ([92mBUY[0m) | MATIC: -0.04 (HOLD) | NEAR: -0.04 (HOLD)
  [1mTRADES:       [0m open=1 closed=32 | PnL=$-4318.35 | WR=34%
  [1mLONG/SHORT:   [0m longs=17 shorts=16
  [1mBLOCKERS:     [0m [92mNONE[0m
[96m══════════════════════════════════════════════════════[0m

17:14:24 Cycle 130/200 [NORM] OK       | fresh=0.0min | open= 1 closed= 32 | PnL=$-4318 wr=34% | improve=1 sem_db=30 | 12.4s/c ETA 865s | zero_streak=5
17:15:22 Cycle 135/200 [NORM] OK       | fresh=0.0min | open= 2 closed= 33 | PnL=$-3753 wr=36% | improve=1 sem_db=30 | 12.3s/c ETA 801s | zero_streak=3

[96m══════════════════════════════════════════════════════[0m
[96m══ TRAINING DIAGNOSTICS (cycle 140) ═════════════════════[0m
[96m══════════════════════════════════════════════════════[0m
  [1mREGIME:       [0m [93mCRISIS[0m (conf: 0.37)
  [1mDATA FRESH:   [0m [92m✅ 0.0min ago[0m
  [1mSIGNALS:      [0m 10/20 active
  [1mSIT-OUT:      [0m [92mNO[0m
  [1mCONVICTION:   [0m BTC: +0.00 (HOLD) | ETH: +0.00 (HOLD) | SOL: +0.00 (HOLD) | BNB: +0.00 (HOLD) | XRP: +0.00 (HOLD) | ADA: +0.00 (HOLD) | DOT: +0.00 (HOLD) | AVAX: +0.00 (HOLD) | LINK: +0.00 (HOLD) | MATIC: +0.00 (HOLD) | NEAR: +0.00 (HOLD)
  [1mTRADES:       [0m open=1 closed=34 | PnL=$-4152.47 | WR=35%
  [1mLONG/SHORT:   [0m longs=17 shorts=18
  [1mBLOCKERS:     [0m [91mNo conviction above threshold (all HOLD)[0m
[96m══════════════════════════════════════════════════════[0m

17:16:20 Cycle 140/200 [CRIS] OK       | fresh=0.0min | open= 1 closed= 34 | PnL=$-4152 wr=35% | improve=1 sem_db=30 | 12.3s/c ETA 738s | zero_streak=3
17:17:19 Cycle 145/200 [CRIS] OK       | fresh=0.0min | open= 0 closed= 38 | PnL=$-2621 wr=34% | improve=1 sem_db=30 | 12.3s/c ETA 676s | zero_streak=0

[96m══════════════════════════════════════════════════════[0m
[96m══ TRAINING DIAGNOSTICS (cycle 150) ═════════════════════[0m
[96m══════════════════════════════════════════════════════[0m
  [1mREGIME:       [0m [93mCRISIS[0m (conf: 0.37)
  [1mDATA FRESH:   [0m [92m✅ 0.0min ago[0m
  [1mSIGNALS:      [0m 11/20 active
  [1mSIT-OUT:      [0m [92mNO[0m
  [1mCONVICTION:   [0m BTC: -0.25 ([91mSELL[0m) | ETH: -0.13 ([91mSELL[0m) | SOL: +0.11 ([92mBUY[0m) | BNB: -0.01 (HOLD) | XRP: +0.11 ([92mBUY[0m) | ADA: -0.10 ([91mSELL[0m) | DOT: +0.01 (HOLD) | AVAX: +0.11 ([92mBUY[0m) | LINK: -0.05 ([91mSELL[0m) | MATIC: +0.11 ([92mBUY[0m) | NEAR: +0.09 ([92mBUY[0m)
  [1mTRADES:       [0m open=3 closed=39 | PnL=$-2994.98 | WR=33%
  [1mLONG/SHORT:   [0m longs=18 shorts=24
  [1mBLOCKERS:     [0m [92mNONE[0m
[96m══════════════════════════════════════════════════════[0m

17:18:23 Cycle 150/200 [CRIS] OK       | fresh=0.0min | open= 3 closed= 39 | PnL=$-2995 wr=33% | improve=1 sem_db=30 | 12.3s/c ETA 615s | zero_streak=3
17:19:22 Cycle 155/200 [NORM] OK       | fresh=0.0min | open= 0 closed= 42 | PnL=$-21666 wr=31% | improve=1 sem_db=30 | 12.3s/c ETA 553s | zero_streak=2

[96m══════════════════════════════════════════════════════[0m
[96m══ TRAINING DIAGNOSTICS (cycle 160) ═════════════════════[0m
[96m══════════════════════════════════════════════════════[0m
  [1mREGIME:       [0m [93mNORMAL[0m (conf: 0.37)
  [1mDATA FRESH:   [0m [92m✅ 0.0min ago[0m
  [1mSIGNALS:      [0m 11/20 active
  [1mSIT-OUT:      [0m [92mNO[0m
  [1mCONVICTION:   [0m BTC: +0.09 ([92mBUY[0m) | ETH: +0.10 ([92mBUY[0m) | SOL: +0.07 ([92mBUY[0m) | BNB: -0.04 (HOLD) | XRP: -0.02 (HOLD) | ADA: -0.09 ([91mSELL[0m) | DOT: +0.04 (HOLD) | AVAX: +0.10 ([92mBUY[0m) | LINK: -0.07 ([91mSELL[0m) | MATIC: -0.11 ([91mSELL[0m) | NEAR: -0.05 ([91mSELL[0m)
  [1mTRADES:       [0m open=2 closed=43 | PnL=$-21873.23 | WR=30%
  [1mLONG/SHORT:   [0m longs=19 shorts=26
  [1mBLOCKERS:     [0m [92mNONE[0m
[96m══════════════════════════════════════════════════════[0m

17:20:21 Cycle 160/200 [NORM] OK       | fresh=0.0min | open= 2 closed= 43 | PnL=$-21873 wr=30% | improve=1 sem_db=30 | 12.3s/c ETA 491s | zero_streak=0
17:21:19 Cycle 165/200 [NORM] OK       | fresh=0.0min | open= 0 closed= 45 | PnL=$-20422 wr=31% | improve=1 sem_db=30 | 12.3s/c ETA 429s | zero_streak=0

[96m══════════════════════════════════════════════════════[0m
[96m══ TRAINING DIAGNOSTICS (cycle 170) ═════════════════════[0m
[96m══════════════════════════════════════════════════════[0m
  [1mREGIME:       [0m [93mNORMAL[0m (conf: 0.37)
  [1mDATA FRESH:   [0m [92m✅ 0.0min ago[0m
  [1mSIGNALS:      [0m 11/20 active
  [1mSIT-OUT:      [0m [92mNO[0m
  [1mCONVICTION:   [0m BTC: +0.14 ([92mBUY[0m) | ETH: +0.10 ([92mBUY[0m) | SOL: -0.17 ([91mSELL[0m) | BNB: +0.09 ([92mBUY[0m) | XRP: +0.19 ([92mBUY[0m) | ADA: -0.09 ([91mSELL[0m) | DOT: -0.11 ([91mSELL[0m) | AVAX: +0.19 ([92mBUY[0m) | LINK: -0.14 ([91mSELL[0m) | MATIC: +0.00 (HOLD) | NEAR: -0.21 ([91mSELL[0m)
  [1mTRADES:       [0m open=2 closed=46 | PnL=$-22082.66 | WR=30%
  [1mLONG/SHORT:   [0m longs=20 shorts=28
  [1mBLOCKERS:     [0m [92mNONE[0m
[96m══════════════════════════════════════════════════════[0m

17:22:20 Cycle 170/200 [NORM] OK       | fresh=0.0min | open= 2 closed= 46 | PnL=$-22083 wr=30% | improve=1 sem_db=30 | 12.2s/c ETA 367s | zero_streak=1
17:23:18 Cycle 175/200 [NORM] OK       | fresh=0.0min | open= 2 closed= 48 | PnL=$-22999 wr=29% | improve=1 sem_db=30 | 12.2s/c ETA 306s | zero_streak=1

[96m══════════════════════════════════════════════════════[0m
[96m══ TRAINING DIAGNOSTICS (cycle 180) ═════════════════════[0m
[96m══════════════════════════════════════════════════════[0m
  [1mREGIME:       [0m [93mNORMAL[0m (conf: 0.37)
  [1mDATA FRESH:   [0m [92m✅ 0.0min ago[0m
  [1mSIGNALS:      [0m 11/20 active
  [1mSIT-OUT:      [0m [92mNO[0m
  [1mCONVICTION:   [0m BTC: +0.06 ([92mBUY[0m) | ETH: +0.03 (HOLD) | SOL: -0.00 (HOLD) | BNB: +0.05 (HOLD) | XRP: +0.01 (HOLD) | ADA: -0.04 (HOLD) | DOT: -0.04 (HOLD) | AVAX: +0.06 ([92mBUY[0m) | LINK: -0.04 (HOLD) | MATIC: -0.04 (HOLD) | NEAR: -0.04 (HOLD)
  [1mTRADES:       [0m open=3 closed=51 | PnL=$-21263.55 | WR=31%
  [1mLONG/SHORT:   [0m longs=22 shorts=32
  [1mBLOCKERS:     [0m [92mNONE[0m
[96m══════════════════════════════════════════════════════[0m

17:24:18 Cycle 180/200 [NORM] OK       | fresh=0.0min | open= 3 closed= 51 | PnL=$-21264 wr=31% | improve=1 sem_db=30 | 12.2s/c ETA 245s | zero_streak=0
17:25:16 Cycle 185/200 [CRIS] OK       | fresh=0.0min | open= 2 closed= 54 | PnL=$-22962 wr=30% | improve=1 sem_db=30 | 12.2s/c ETA 183s | zero_streak=3

[96m══════════════════════════════════════════════════════[0m
[96m══ TRAINING DIAGNOSTICS (cycle 190) ═════════════════════[0m
[96m══════════════════════════════════════════════════════[0m
  [1mREGIME:       [0m [93mNORMAL[0m (conf: 0.37)
  [1mDATA FRESH:   [0m [92m✅ 0.0min ago[0m
  [1mSIGNALS:      [0m 11/20 active
  [1mSIT-OUT:      [0m [92mNO[0m
  [1mCONVICTION:   [0m BTC: +0.04 (HOLD) | ETH: -0.04 (HOLD) | SOL: -0.05 ([91mSELL[0m) | BNB: +0.09 ([92mBUY[0m) | XRP: +0.03 (HOLD) | ADA: -0.15 ([91mSELL[0m) | DOT: +0.03 (HOLD) | AVAX: -0.07 ([91mSELL[0m) | LINK: -0.09 ([91mSELL[0m) | MATIC: -0.02 (HOLD) | NEAR: +0.23 ([92mBUY[0m)
  [1mTRADES:       [0m open=1 closed=56 | PnL=$-24296.54 | WR=29%
  [1mLONG/SHORT:   [0m longs=24 shorts=33
  [1mBLOCKERS:     [0m [92mNONE[0m
[96m══════════════════════════════════════════════════════[0m

17:26:16 Cycle 190/200 [NORM] OK       | fresh=0.0min | open= 1 closed= 56 | PnL=$-24297 wr=29% | improve=1 sem_db=30 | 12.2s/c ETA 122s | zero_streak=2
17:27:14 Cycle 195/200 [CRIS] OK       | fresh=0.0min | open= 1 closed= 58 | PnL=$-24404 wr=29% | improve=1 sem_db=30 | 12.2s/c ETA 61s | zero_streak=0

[96m══════════════════════════════════════════════════════[0m
[96m══ TRAINING DIAGNOSTICS (cycle 200) ═════════════════════[0m
[96m══════════════════════════════════════════════════════[0m
  [1mREGIME:       [0m [93mCRISIS[0m (conf: 0.37)
  [1mDATA FRESH:   [0m [92m✅ 0.0min ago[0m
  [1mSIGNALS:      [0m 11/20 active
  [1mSIT-OUT:      [0m [92mNO[0m
  [1mCONVICTION:   [0m BTC: +0.01 (HOLD) | ETH: +0.04 (HOLD) | SOL: -0.08 ([91mSELL[0m) | BNB: -0.01 (HOLD) | XRP: +0.09 ([92mBUY[0m) | ADA: -0.10 ([91mSELL[0m) | DOT: +0.10 ([92mBUY[0m) | AVAX: -0.03 (HOLD) | LINK: +0.06 ([92mBUY[0m) | MATIC: -0.11 ([91mSELL[0m) | NEAR: +0.04 (HOLD)
  [1mTRADES:       [0m open=3 closed=59 | PnL=$-24936.78 | WR=29%
  [1mLONG/SHORT:   [0m longs=27 shorts=35
  [1mBLOCKERS:     [0m [92mNONE[0m
[96m══════════════════════════════════════════════════════[0m

17:28:17 Cycle 200/200 [CRIS] OK       | fresh=0.0min | open= 3 closed= 59 | PnL=$-24937 wr=29% | improve=1 sem_db=30 | 12.2s/c ETA 0s | zero_streak=2
17:28:17 V206B_CRISIS_R2: no baseline version found for gate comparison
17:28:17 Attribution — alpha: $-15740.45  beta: $+7572453.82  timing: $+10568028.43  selection: $+0.00
17:28:17 Attribution report  : /Users/benebsworth/projects/omega/data/v206b_crisis_r2_attribution.json
17:28:17 
17:28:17 ======================================================================
17:28:17 V206B_CRISIS_R2 COMPLETE — 200 cycles in 2440s (12.20s/cycle)
17:28:17 ======================================================================
17:28:17 improve_calls         : 1
17:28:17 semantic_patterns_db  : 30
17:28:17 Closed trades         : 59  (long=25  short=34)
17:28:17 Total PnL             : $-24936.78  (engine realised: $-24936.78)
17:28:17 Win rate              : 28.8%  (17/59)
17:28:17 Profit factor         : 0.45
17:28:17 --- Observability ---
17:28:17 Zero-trade cycles     : 152 / 200  (76%)
17:28:17 Circuit breaker trips : 0
17:28:17 Final vol threshold   : 0.000
17:28:17 Metrics JSONL         : /tmp/v206b_crisis_r2_metrics.jsonl
17:28:17 Results               : /Users/benebsworth/projects/omega/data/v206b_crisis_r2_results.json
17:28:17 ======================================================================
