16:06:39 RNG seed set to 42 (deterministic mode)
16:06:39 BACKTEST MODE: WS signals disabled (whale_prints, ws_microstructure)
16:06:39 ======================================================================
16:06:39 Training Run v206b_crisis_r1 — 200 cycles  sleep=10s
16:06:39 CoinGecko key  : CG-YPzBAPag5...
16:06:39 Database URL   : postgresql://omega:omega@localhost:5432/...
16:06:39 Metrics JSONL  : /tmp/v206b_crisis_r1_metrics.jsonl
16:06:39 Log file       : /tmp/v206b_crisis_r1_training.log
16:06:39 Features ON    : ffg_gate1_enabled, ffg_gate4_enabled
16:06:39 ======================================================================
16:06:41 BACKTEST MODE: ingestion replaced by ReplayIngestionNode (snap_crisis_2022h1, 151 steps)
16:06:41 ImprovementEngine: SyntheticEvaluator injected
16:06:41 Decision snapshots → /tmp/v206b_crisis_r1_decisions.jsonl (+ Postgres if configured)
16:06:41 SignalDecayDetector: loaded from data/signal_ic_history.json

[96m══════════════════════════════════════════════════════[0m
[96m══ TRAINING DIAGNOSTICS (cycle 0) ═══════════════════════[0m
[96m══════════════════════════════════════════════════════[0m
  [1mREGIME:       [0m [91mUNKN ⚠️[0m
  [1mDATA FRESH:   [0m [92m✅ 0.0min ago[0m
  [1mSIGNALS:      [0m [93mnone yet[0m
  [1mSIT-OUT:      [0m [92mNO[0m
  [1mCONVICTION:   [0m [93mn/a[0m
  [1mTRADES:       [0m open=0 closed=0 | PnL=$+0.00 | WR=0%
  [1mLONG/SHORT:   [0m longs=0 shorts=0
  [1mBLOCKERS:     [0m [91mRegime detector not firing | No signal data yet (first cycle?)[0m
[96m══════════════════════════════════════════════════════[0m

16:06:52 Cycle   1/200 [NORM] OK       | fresh=0.0min | open= 0 closed=  0 | PnL=$+0 wr=0% | improve=0 sem_db=30 | 11.4s/c ETA 2264s | zero_streak=1
16:07:42 Cycle   5/200 [NORM] OK       | fresh=0.0min | open= 2 closed=  1 | PnL=$-642 wr=0% | improve=0 sem_db=30 | 12.2s/c ETA 2372s | zero_streak=2

[96m══════════════════════════════════════════════════════[0m
[96m══ TRAINING DIAGNOSTICS (cycle 10) ══════════════════════[0m
[96m══════════════════════════════════════════════════════[0m
  [1mREGIME:       [0m [93mCRISIS[0m (conf: 0.00)
  [1mDATA FRESH:   [0m [92m✅ 0.0min ago[0m
  [1mSIGNALS:      [0m 10/20 active
  [1mSIT-OUT:      [0m [92mNO[0m
  [1mCONVICTION:   [0m BTC: -0.08 ([91mSELL[0m) | ETH: +0.01 (HOLD) | SOL: +0.01 (HOLD) | BNB: +0.01 (HOLD) | XRP: +0.01 (HOLD) | ADA: +0.01 (HOLD) | DOT: +0.01 (HOLD) | AVAX: +0.01 (HOLD) | LINK: +0.01 (HOLD) | MATIC: +0.01 (HOLD) | NEAR: +0.01 (HOLD)
  [1mTRADES:       [0m open=1 closed=2 | PnL=$-3156.63 | WR=0%
  [1mLONG/SHORT:   [0m longs=1 shorts=2
  [1mBLOCKERS:     [0m [92mNONE[0m
[96m══════════════════════════════════════════════════════[0m

16:08:53 Cycle  10/200 [CRIS] OK       | fresh=0.0min | open= 1 closed=  2 | PnL=$-3157 wr=0% | improve=0 sem_db=30 | 13.2s/c ETA 2506s | zero_streak=4
16:09:52 Cycle  15/200 [NORM] OK       | fresh=0.0min | open= 0 closed=  3 | PnL=$-1051 wr=33% | improve=1 sem_db=30 | 12.7s/c ETA 2350s | zero_streak=2

[96m══════════════════════════════════════════════════════[0m
[96m══ TRAINING DIAGNOSTICS (cycle 20) ══════════════════════[0m
[96m══════════════════════════════════════════════════════[0m
  [1mREGIME:       [0m [93mCRISIS[0m (conf: 0.37)
  [1mDATA FRESH:   [0m [92m✅ 0.0min ago[0m
  [1mSIGNALS:      [0m 10/20 active
  [1mSIT-OUT:      [0m [92mNO[0m
  [1mCONVICTION:   [0m BTC: +0.01 (HOLD) | ETH: +0.10 ([92mBUY[0m) | SOL: -0.15 ([91mSELL[0m) | BNB: +0.13 ([92mBUY[0m) | XRP: +0.18 ([92mBUY[0m) | ADA: -0.08 ([91mSELL[0m) | DOT: -0.10 ([91mSELL[0m) | AVAX: +0.18 ([92mBUY[0m) | LINK: -0.10 ([91mSELL[0m) | MATIC: +0.02 (HOLD) | NEAR: -0.17 ([91mSELL[0m)
  [1mTRADES:       [0m open=0 closed=3 | PnL=$-1051.31 | WR=33%
  [1mLONG/SHORT:   [0m longs=1 shorts=2
  [1mBLOCKERS:     [0m [92mNONE[0m
[96m══════════════════════════════════════════════════════[0m

16:11:04 Cycle  20/200 [CRIS] OK       | fresh=0.0min | open= 0 closed=  3 | PnL=$-1051 wr=33% | improve=1 sem_db=30 | 13.2s/c ETA 2370s | zero_streak=7
16:12:04 Cycle  25/200 [HIGH] OK       | fresh=0.0min | open= 3 closed=  3 | PnL=$-1051 wr=33% | improve=1 sem_db=30 | 12.9s/c ETA 2263s | zero_streak=12

[96m══════════════════════════════════════════════════════[0m
[96m══ TRAINING DIAGNOSTICS (cycle 30) ══════════════════════[0m
[96m══════════════════════════════════════════════════════[0m
  [1mREGIME:       [0m [93mCRISIS[0m (conf: 0.37)
  [1mDATA FRESH:   [0m [92m✅ 0.0min ago[0m
  [1mSIGNALS:      [0m 10/20 active
  [1mSIT-OUT:      [0m [92mNO[0m
  [1mCONVICTION:   [0m BTC: +0.07 ([92mBUY[0m) | ETH: +0.05 ([92mBUY[0m) | SOL: -0.05 (HOLD) | BNB: +0.01 (HOLD) | XRP: +0.03 (HOLD) | ADA: -0.13 ([91mSELL[0m) | DOT: +0.05 ([92mBUY[0m) | AVAX: +0.08 ([92mBUY[0m) | LINK: +0.08 ([92mBUY[0m) | MATIC: -0.07 ([91mSELL[0m) | NEAR: -0.13 ([91mSELL[0m)
  [1mTRADES:       [0m open=1 closed=8 | PnL=$-4028.54 | WR=12%
  [1mLONG/SHORT:   [0m longs=2 shorts=7
  [1mBLOCKERS:     [0m [92mNONE[0m
[96m══════════════════════════════════════════════════════[0m

16:13:18 Cycle  30/200 [CRIS] OK       | fresh=0.0min | open= 1 closed=  8 | PnL=$-4029 wr=12% | improve=1 sem_db=30 | 13.2s/c ETA 2251s | zero_streak=0
16:14:16 Cycle  35/200 [CRIS] OK       | fresh=0.0min | open= 2 closed= 10 | PnL=$-4442 wr=20% | improve=1 sem_db=30 | 13.0s/c ETA 2144s | zero_streak=1

[96m══════════════════════════════════════════════════════[0m
[96m══ TRAINING DIAGNOSTICS (cycle 40) ══════════════════════[0m
[96m══════════════════════════════════════════════════════[0m
  [1mREGIME:       [0m [93mCRISIS[0m (conf: 0.37)
  [1mDATA FRESH:   [0m [92m✅ 0.0min ago[0m
  [1mSIGNALS:      [0m 11/20 active
  [1mSIT-OUT:      [0m [92mNO[0m
  [1mCONVICTION:   [0m BTC: +0.05 (HOLD) | ETH: -0.04 (HOLD) | SOL: -0.16 ([91mSELL[0m) | BNB: +0.08 ([92mBUY[0m) | XRP: +0.04 (HOLD) | ADA: -0.16 ([91mSELL[0m) | DOT: +0.03 (HOLD) | AVAX: -0.07 ([91mSELL[0m) | LINK: +0.06 ([92mBUY[0m) | MATIC: -0.04 (HOLD) | NEAR: +0.22 ([92mBUY[0m)
  [1mTRADES:       [0m open=0 closed=12 | PnL=$-4338.76 | WR=25%
  [1mLONG/SHORT:   [0m longs=4 shorts=8
  [1mBLOCKERS:     [0m [92mNONE[0m
[96m══════════════════════════════════════════════════════[0m

16:15:27 Cycle  40/200 [CRIS] OK       | fresh=0.0min | open= 0 closed= 12 | PnL=$-4339 wr=25% | improve=1 sem_db=30 | 13.1s/c ETA 2103s | zero_streak=1
16:16:25 Cycle  45/200 [CRIS] OK       | fresh=0.0min | open= 2 closed= 13 | PnL=$-5083 wr=23% | improve=1 sem_db=30 | 13.0s/c ETA 2012s | zero_streak=2

[96m══════════════════════════════════════════════════════[0m
[96m══ TRAINING DIAGNOSTICS (cycle 50) ══════════════════════[0m
[96m══════════════════════════════════════════════════════[0m
  [1mREGIME:       [0m [93mNORMAL[0m (conf: 0.37)
  [1mDATA FRESH:   [0m [92m✅ 0.0min ago[0m
  [1mSIGNALS:      [0m 11/20 active
  [1mSIT-OUT:      [0m [92mNO[0m
  [1mCONVICTION:   [0m BTC: -0.01 (HOLD) | ETH: +0.03 (HOLD) | SOL: -0.14 ([91mSELL[0m) | BNB: -0.03 (HOLD) | XRP: +0.03 (HOLD) | ADA: -0.03 (HOLD) | DOT: +0.03 (HOLD) | AVAX: +0.03 (HOLD) | LINK: +0.15 ([92mBUY[0m) | MATIC: -0.08 ([91mSELL[0m) | NEAR: +0.01 (HOLD)
  [1mTRADES:       [0m open=0 closed=17 | PnL=$-5582.89 | WR=24%
  [1mLONG/SHORT:   [0m longs=7 shorts=10
  [1mBLOCKERS:     [0m [92mNONE[0m
[96m══════════════════════════════════════════════════════[0m

16:17:41 Cycle  50/200 [NORM] OK       | fresh=0.0min | open= 0 closed= 17 | PnL=$-5583 wr=24% | improve=1 sem_db=30 | 13.2s/c ETA 1979s | zero_streak=0
16:18:53 Cycle  55/200 [NORM] OK       | fresh=0.0min | open= 1 closed= 19 | PnL=$-5855 wr=21% | improve=1 sem_db=30 | 13.3s/c ETA 1931s | zero_streak=0

[96m══════════════════════════════════════════════════════[0m
[96m══ TRAINING DIAGNOSTICS (cycle 60) ══════════════════════[0m
[96m══════════════════════════════════════════════════════[0m
  [1mREGIME:       [0m [93mHIGH_VOL[0m (conf: 0.37)
  [1mDATA FRESH:   [0m [92m✅ 0.0min ago[0m
  [1mSIGNALS:      [0m 11/20 active
  [1mSIT-OUT:      [0m [92mNO[0m
  [1mCONVICTION:   [0m BTC: +0.02 (HOLD) | ETH: +0.02 (HOLD) | SOL: -0.19 ([91mSELL[0m) | BNB: +0.02 (HOLD) | XRP: -0.07 ([91mSELL[0m) | ADA: +0.02 (HOLD) | DOT: +0.02 (HOLD) | AVAX: +0.02 (HOLD) | LINK: +0.06 ([92mBUY[0m) | MATIC: +0.02 (HOLD) | NEAR: +0.02 (HOLD)
  [1mTRADES:       [0m open=1 closed=19 | PnL=$-5854.57 | WR=21%
  [1mLONG/SHORT:   [0m longs=10 shorts=10
  [1mBLOCKERS:     [0m [92mNONE[0m
[96m══════════════════════════════════════════════════════[0m

16:19:52 Cycle  60/200 [HIGH] OK       | fresh=0.0min | open= 1 closed= 19 | PnL=$-5855 wr=21% | improve=1 sem_db=30 | 13.2s/c ETA 1845s | zero_streak=5
16:20:51 Cycle  65/200 [HIGH] OK       | fresh=0.0min | open= 0 closed= 20 | PnL=$-4735 wr=25% | improve=1 sem_db=30 | 13.1s/c ETA 1765s | zero_streak=2

[96m══════════════════════════════════════════════════════[0m
[96m══ TRAINING DIAGNOSTICS (cycle 70) ══════════════════════[0m
[96m══════════════════════════════════════════════════════[0m
  [1mREGIME:       [0m [93mHIGH_VOL[0m (conf: 0.37)
  [1mDATA FRESH:   [0m [92m✅ 0.0min ago[0m
  [1mSIGNALS:      [0m 12/20 active
  [1mSIT-OUT:      [0m [92mNO[0m
  [1mCONVICTION:   [0m BTC: -0.03 (HOLD) | ETH: +0.06 ([92mBUY[0m) | SOL: +0.07 ([92mBUY[0m) | BNB: +0.08 ([92mBUY[0m) | XRP: -0.13 ([91mSELL[0m) | ADA: -0.06 ([91mSELL[0m) | DOT: -0.10 ([91mSELL[0m) | AVAX: -0.08 ([91mSELL[0m) | LINK: +0.12 ([92mBUY[0m) | MATIC: -0.14 ([91mSELL[0m) | NEAR: +0.20 ([92mBUY[0m)
  [1mTRADES:       [0m open=1 closed=20 | PnL=$-4735.31 | WR=25%
  [1mLONG/SHORT:   [0m longs=10 shorts=11
  [1mBLOCKERS:     [0m [92mNONE[0m
[96m══════════════════════════════════════════════════════[0m

16:21:53 Cycle  70/200 [HIGH] OK       | fresh=0.0min | open= 1 closed= 20 | PnL=$-4735 wr=25% | improve=1 sem_db=30 | 13.0s/c ETA 1694s | zero_streak=7
16:22:53 Cycle  75/200 [NORM] OK       | fresh=0.0min | open= 2 closed= 20 | PnL=$-4735 wr=25% | improve=1 sem_db=30 | 13.0s/c ETA 1620s | zero_streak=12

[96m══════════════════════════════════════════════════════[0m
[96m══ TRAINING DIAGNOSTICS (cycle 80) ══════════════════════[0m
[96m══════════════════════════════════════════════════════[0m
  [1mREGIME:       [0m [93mNORMAL[0m (conf: 0.37)
  [1mDATA FRESH:   [0m [92m✅ 0.0min ago[0m
  [1mSIGNALS:      [0m 11/20 active
  [1mSIT-OUT:      [0m [92mNO[0m
  [1mCONVICTION:   [0m BTC: +0.00 (HOLD) | ETH: +0.01 (HOLD) | SOL: -0.17 ([91mSELL[0m) | BNB: +0.09 ([92mBUY[0m) | XRP: +0.16 ([92mBUY[0m) | ADA: -0.14 ([91mSELL[0m) | DOT: -0.07 ([91mSELL[0m) | AVAX: -0.10 ([91mSELL[0m) | LINK: +0.08 ([92mBUY[0m) | MATIC: -0.04 (HOLD) | NEAR: +0.18 ([92mBUY[0m)
  [1mTRADES:       [0m open=1 closed=22 | PnL=$-2995.06 | WR=27%
  [1mLONG/SHORT:   [0m longs=12 shorts=11
  [1mBLOCKERS:     [0m [92mNONE[0m
[96m══════════════════════════════════════════════════════[0m

16:23:52 Cycle  80/200 [NORM] OK       | fresh=0.0min | open= 1 closed= 22 | PnL=$-2995 wr=27% | improve=1 sem_db=30 | 12.9s/c ETA 1546s | zero_streak=0
16:24:52 Cycle  85/200 [NORM] OK       | fresh=0.0min | open= 1 closed= 25 | PnL=$-3627 wr=28% | improve=1 sem_db=30 | 12.8s/c ETA 1476s | zero_streak=0

[96m══════════════════════════════════════════════════════[0m
[96m══ TRAINING DIAGNOSTICS (cycle 90) ══════════════════════[0m
[96m══════════════════════════════════════════════════════[0m
  [1mREGIME:       [0m [93mNORMAL[0m (conf: 0.37)
  [1mDATA FRESH:   [0m [92m✅ 0.0min ago[0m
  [1mSIGNALS:      [0m 11/20 active
  [1mSIT-OUT:      [0m [92mNO[0m
  [1mCONVICTION:   [0m BTC: +0.20 ([92mBUY[0m) | ETH: +0.08 ([92mBUY[0m) | SOL: -0.06 ([91mSELL[0m) | BNB: +0.10 ([92mBUY[0m) | XRP: -0.02 (HOLD) | ADA: -0.02 (HOLD) | DOT: +0.03 (HOLD) | AVAX: -0.14 ([91mSELL[0m) | LINK: -0.12 ([91mSELL[0m) | MATIC: -0.02 (HOLD) | NEAR: -0.02 (HOLD)
  [1mTRADES:       [0m open=2 closed=26 | PnL=$-3582.49 | WR=31%
  [1mLONG/SHORT:   [0m longs=15 shorts=13
  [1mBLOCKERS:     [0m [92mNONE[0m
[96m══════════════════════════════════════════════════════[0m

16:25:50 Cycle  90/200 [NORM] OK       | fresh=0.0min | open= 2 closed= 26 | PnL=$-3582 wr=31% | improve=1 sem_db=30 | 12.8s/c ETA 1404s | zero_streak=0
16:26:49 Cycle  95/200 [NORM] OK       | fresh=0.0min | open= 1 closed= 29 | PnL=$-684 wr=38% | improve=1 sem_db=30 | 12.7s/c ETA 1335s | zero_streak=1

[96m══════════════════════════════════════════════════════[0m
[96m══ TRAINING DIAGNOSTICS (cycle 100) ═════════════════════[0m
[96m══════════════════════════════════════════════════════[0m
  [1mREGIME:       [0m [93mCRISIS[0m (conf: 0.37)
  [1mDATA FRESH:   [0m [92m✅ 0.0min ago[0m
  [1mSIGNALS:      [0m 12/20 active
  [1mSIT-OUT:      [0m [92mNO[0m
  [1mCONVICTION:   [0m BTC: +0.19 ([92mBUY[0m) | ETH: -0.02 (HOLD) | SOL: -0.02 (HOLD) | BNB: +0.01 (HOLD) | XRP: -0.03 (HOLD) | ADA: -0.03 (HOLD) | DOT: -0.03 (HOLD) | AVAX: -0.02 (HOLD) | LINK: -0.02 (HOLD) | MATIC: -0.03 (HOLD) | NEAR: -0.03 (HOLD)
  [1mTRADES:       [0m open=1 closed=32 | PnL=$-4836.13 | WR=34%
  [1mLONG/SHORT:   [0m longs=19 shorts=14
  [1mBLOCKERS:     [0m [92mNONE[0m
[96m══════════════════════════════════════════════════════[0m

16:27:50 Cycle 100/200 [CRIS] OK       | fresh=0.0min | open= 1 closed= 32 | PnL=$-4836 wr=34% | improve=1 sem_db=30 | 12.7s/c ETA 1269s | zero_streak=0
16:28:48 Cycle 105/200 [CRIS] OK       | fresh=0.0min | open= 1 closed= 32 | PnL=$-4836 wr=34% | improve=1 sem_db=30 | 12.6s/c ETA 1200s | zero_streak=5

[96m══════════════════════════════════════════════════════[0m
[96m══ TRAINING DIAGNOSTICS (cycle 110) ═════════════════════[0m
[96m══════════════════════════════════════════════════════[0m
  [1mREGIME:       [0m [93mCRISIS[0m (conf: 0.37)
  [1mDATA FRESH:   [0m [92m✅ 0.0min ago[0m
  [1mSIGNALS:      [0m 12/20 active
  [1mSIT-OUT:      [0m [92mNO[0m
  [1mCONVICTION:   [0m BTC: +0.04 (HOLD) | ETH: +0.02 (HOLD) | SOL: -0.05 ([91mSELL[0m) | BNB: +0.02 (HOLD) | XRP: +0.02 (HOLD) | ADA: +0.02 (HOLD) | DOT: +0.02 (HOLD) | AVAX: -0.05 ([91mSELL[0m) | LINK: -0.05 ([91mSELL[0m) | MATIC: +0.02 (HOLD) | NEAR: +0.02 (HOLD)
  [1mTRADES:       [0m open=0 closed=33 | PnL=$-909.86 | WR=36%
  [1mLONG/SHORT:   [0m longs=19 shorts=14
  [1mBLOCKERS:     [0m [92mNONE[0m
[96m══════════════════════════════════════════════════════[0m

16:29:47 Cycle 110/200 [CRIS] OK       | fresh=0.0min | open= 0 closed= 33 | PnL=$-910 wr=36% | improve=1 sem_db=30 | 12.6s/c ETA 1134s | zero_streak=1
16:30:45 Cycle 115/200 [CRIS] OK       | fresh=0.0min | open= 0 closed= 33 | PnL=$-910 wr=36% | improve=1 sem_db=30 | 12.6s/c ETA 1067s | zero_streak=6

[96m══════════════════════════════════════════════════════[0m
[96m══ TRAINING DIAGNOSTICS (cycle 120) ═════════════════════[0m
[96m══════════════════════════════════════════════════════[0m
  [1mREGIME:       [0m [93mNORMAL[0m (conf: 0.37)
  [1mDATA FRESH:   [0m [92m✅ 0.0min ago[0m
  [1mSIGNALS:      [0m 12/20 active
  [1mSIT-OUT:      [0m [92mNO[0m
  [1mCONVICTION:   [0m BTC: +0.12 ([92mBUY[0m) | ETH: -0.04 (HOLD) | SOL: -0.04 (HOLD) | BNB: +0.22 ([92mBUY[0m) | XRP: -0.03 (HOLD) | ADA: -0.04 (HOLD) | DOT: -0.00 (HOLD) | AVAX: -0.04 (HOLD) | LINK: -0.04 (HOLD) | MATIC: -0.04 (HOLD) | NEAR: -0.04 (HOLD)
  [1mTRADES:       [0m open=3 closed=33 | PnL=$-909.86 | WR=36%
  [1mLONG/SHORT:   [0m longs=19 shorts=17
  [1mBLOCKERS:     [0m [92mNONE[0m
[96m══════════════════════════════════════════════════════[0m

16:31:43 Cycle 120/200 [NORM] OK       | fresh=0.0min | open= 3 closed= 33 | PnL=$-910 wr=36% | improve=1 sem_db=30 | 12.5s/c ETA 1001s | zero_streak=11
16:32:43 Cycle 125/200 [NORM] OK       | fresh=0.0min | open= 1 closed= 38 | PnL=$-2341 wr=34% | improve=1 sem_db=30 | 12.5s/c ETA 937s | zero_streak=0

[96m══════════════════════════════════════════════════════[0m
[96m══ TRAINING DIAGNOSTICS (cycle 130) ═════════════════════[0m
[96m══════════════════════════════════════════════════════[0m
  [1mREGIME:       [0m [93mNORMAL[0m (conf: 0.37)
  [1mDATA FRESH:   [0m [92m✅ 0.0min ago[0m
  [1mSIGNALS:      [0m 11/20 active
  [1mSIT-OUT:      [0m [92mNO[0m
  [1mCONVICTION:   [0m BTC: +0.05 (HOLD) | ETH: -0.04 (HOLD) | SOL: -0.04 (HOLD) | BNB: -0.04 (HOLD) | XRP: -0.03 (HOLD) | ADA: +0.15 ([92mBUY[0m) | DOT: -0.04 (HOLD) | AVAX: -0.04 (HOLD) | LINK: +0.15 ([92mBUY[0m) | MATIC: -0.04 (HOLD) | NEAR: -0.04 (HOLD)
  [1mTRADES:       [0m open=1 closed=38 | PnL=$-2340.56 | WR=34%
  [1mLONG/SHORT:   [0m longs=21 shorts=18
  [1mBLOCKERS:     [0m [92mNONE[0m
[96m══════════════════════════════════════════════════════[0m

16:33:42 Cycle 130/200 [NORM] OK       | fresh=0.0min | open= 1 closed= 38 | PnL=$-2341 wr=34% | improve=1 sem_db=30 | 12.5s/c ETA 873s | zero_streak=5
16:34:41 Cycle 135/200 [NORM] OK       | fresh=0.0min | open= 2 closed= 39 | PnL=$-1775 wr=36% | improve=1 sem_db=30 | 12.4s/c ETA 809s | zero_streak=3

[96m══════════════════════════════════════════════════════[0m
[96m══ TRAINING DIAGNOSTICS (cycle 140) ═════════════════════[0m
[96m══════════════════════════════════════════════════════[0m
  [1mREGIME:       [0m [93mCRISIS[0m (conf: 0.37)
  [1mDATA FRESH:   [0m [92m✅ 0.0min ago[0m
  [1mSIGNALS:      [0m 10/20 active
  [1mSIT-OUT:      [0m [92mNO[0m
  [1mCONVICTION:   [0m BTC: +0.00 (HOLD) | ETH: +0.00 (HOLD) | SOL: +0.00 (HOLD) | BNB: +0.00 (HOLD) | XRP: +0.00 (HOLD) | ADA: +0.00 (HOLD) | DOT: +0.00 (HOLD) | AVAX: +0.00 (HOLD) | LINK: +0.00 (HOLD) | MATIC: +0.00 (HOLD) | NEAR: +0.00 (HOLD)
  [1mTRADES:       [0m open=1 closed=40 | PnL=$-2174.68 | WR=35%
  [1mLONG/SHORT:   [0m longs=21 shorts=20
  [1mBLOCKERS:     [0m [91mNo conviction above threshold (all HOLD)[0m
[96m══════════════════════════════════════════════════════[0m

16:35:39 Cycle 140/200 [CRIS] OK       | fresh=0.0min | open= 1 closed= 40 | PnL=$-2175 wr=35% | improve=1 sem_db=30 | 12.4s/c ETA 745s | zero_streak=3
16:36:40 Cycle 145/200 [CRIS] OK       | fresh=0.0min | open= 0 closed= 44 | PnL=$-644 wr=34% | improve=1 sem_db=30 | 12.4s/c ETA 682s | zero_streak=0

[96m══════════════════════════════════════════════════════[0m
[96m══ TRAINING DIAGNOSTICS (cycle 150) ═════════════════════[0m
[96m══════════════════════════════════════════════════════[0m
  [1mREGIME:       [0m [93mCRISIS[0m (conf: 0.37)
  [1mDATA FRESH:   [0m [92m✅ 0.0min ago[0m
  [1mSIGNALS:      [0m 11/20 active
  [1mSIT-OUT:      [0m [92mNO[0m
  [1mCONVICTION:   [0m BTC: -0.25 ([91mSELL[0m) | ETH: -0.13 ([91mSELL[0m) | SOL: +0.11 ([92mBUY[0m) | BNB: -0.01 (HOLD) | XRP: +0.11 ([92mBUY[0m) | ADA: -0.10 ([91mSELL[0m) | DOT: +0.01 (HOLD) | AVAX: +0.11 ([92mBUY[0m) | LINK: -0.05 ([91mSELL[0m) | MATIC: +0.11 ([92mBUY[0m) | NEAR: +0.09 ([92mBUY[0m)
  [1mTRADES:       [0m open=3 closed=45 | PnL=$-1017.18 | WR=33%
  [1mLONG/SHORT:   [0m longs=22 shorts=26
  [1mBLOCKERS:     [0m [92mNONE[0m
[96m══════════════════════════════════════════════════════[0m

16:37:46 Cycle 150/200 [CRIS] OK       | fresh=0.0min | open= 3 closed= 45 | PnL=$-1017 wr=33% | improve=1 sem_db=30 | 12.4s/c ETA 622s | zero_streak=3
16:38:44 Cycle 155/200 [NORM] OK       | fresh=0.0min | open= 0 closed= 48 | PnL=$-19689 wr=31% | improve=1 sem_db=30 | 12.4s/c ETA 558s | zero_streak=2

[96m══════════════════════════════════════════════════════[0m
[96m══ TRAINING DIAGNOSTICS (cycle 160) ═════════════════════[0m
[96m══════════════════════════════════════════════════════[0m
  [1mREGIME:       [0m [93mNORMAL[0m (conf: 0.37)
  [1mDATA FRESH:   [0m [92m✅ 0.0min ago[0m
  [1mSIGNALS:      [0m 11/20 active
  [1mSIT-OUT:      [0m [92mNO[0m
  [1mCONVICTION:   [0m BTC: +0.09 ([92mBUY[0m) | ETH: +0.10 ([92mBUY[0m) | SOL: +0.07 ([92mBUY[0m) | BNB: -0.04 (HOLD) | XRP: -0.02 (HOLD) | ADA: -0.09 ([91mSELL[0m) | DOT: +0.04 (HOLD) | AVAX: +0.10 ([92mBUY[0m) | LINK: -0.07 ([91mSELL[0m) | MATIC: -0.11 ([91mSELL[0m) | NEAR: -0.05 ([91mSELL[0m)
  [1mTRADES:       [0m open=2 closed=49 | PnL=$-19895.43 | WR=31%
  [1mLONG/SHORT:   [0m longs=23 shorts=28
  [1mBLOCKERS:     [0m [92mNONE[0m
[96m══════════════════════════════════════════════════════[0m

16:39:41 Cycle 160/200 [NORM] OK       | fresh=0.0min | open= 2 closed= 49 | PnL=$-19895 wr=31% | improve=1 sem_db=30 | 12.4s/c ETA 495s | zero_streak=0
16:40:39 Cycle 165/200 [NORM] OK       | fresh=0.0min | open= 0 closed= 51 | PnL=$-18444 wr=31% | improve=1 sem_db=30 | 12.4s/c ETA 432s | zero_streak=0

[96m══════════════════════════════════════════════════════[0m
[96m══ TRAINING DIAGNOSTICS (cycle 170) ═════════════════════[0m
[96m══════════════════════════════════════════════════════[0m
  [1mREGIME:       [0m [93mNORMAL[0m (conf: 0.37)
  [1mDATA FRESH:   [0m [92m✅ 0.0min ago[0m
  [1mSIGNALS:      [0m 11/20 active
  [1mSIT-OUT:      [0m [92mNO[0m
  [1mCONVICTION:   [0m BTC: +0.14 ([92mBUY[0m) | ETH: +0.10 ([92mBUY[0m) | SOL: -0.17 ([91mSELL[0m) | BNB: +0.09 ([92mBUY[0m) | XRP: +0.19 ([92mBUY[0m) | ADA: -0.09 ([91mSELL[0m) | DOT: -0.11 ([91mSELL[0m) | AVAX: +0.19 ([92mBUY[0m) | LINK: -0.14 ([91mSELL[0m) | MATIC: +0.00 (HOLD) | NEAR: -0.21 ([91mSELL[0m)
  [1mTRADES:       [0m open=2 closed=52 | PnL=$-20104.86 | WR=31%
  [1mLONG/SHORT:   [0m longs=24 shorts=30
  [1mBLOCKERS:     [0m [92mNONE[0m
[96m══════════════════════════════════════════════════════[0m

16:41:38 Cycle 170/200 [NORM] OK       | fresh=0.0min | open= 2 closed= 52 | PnL=$-20105 wr=31% | improve=1 sem_db=30 | 12.3s/c ETA 370s | zero_streak=1
16:42:39 Cycle 175/200 [NORM] OK       | fresh=0.0min | open= 2 closed= 54 | PnL=$-21022 wr=30% | improve=1 sem_db=30 | 12.3s/c ETA 308s | zero_streak=1

[96m══════════════════════════════════════════════════════[0m
[96m══ TRAINING DIAGNOSTICS (cycle 180) ═════════════════════[0m
[96m══════════════════════════════════════════════════════[0m
  [1mREGIME:       [0m [93mNORMAL[0m (conf: 0.37)
  [1mDATA FRESH:   [0m [92m✅ 0.0min ago[0m
  [1mSIGNALS:      [0m 11/20 active
  [1mSIT-OUT:      [0m [92mNO[0m
  [1mCONVICTION:   [0m BTC: +0.06 ([92mBUY[0m) | ETH: +0.03 (HOLD) | SOL: -0.00 (HOLD) | BNB: +0.05 (HOLD) | XRP: +0.01 (HOLD) | ADA: -0.04 (HOLD) | DOT: -0.04 (HOLD) | AVAX: +0.06 ([92mBUY[0m) | LINK: -0.04 (HOLD) | MATIC: -0.04 (HOLD) | NEAR: -0.04 (HOLD)
  [1mTRADES:       [0m open=3 closed=57 | PnL=$-19285.75 | WR=32%
  [1mLONG/SHORT:   [0m longs=26 shorts=34
  [1mBLOCKERS:     [0m [92mNONE[0m
[96m══════════════════════════════════════════════════════[0m

16:43:38 Cycle 180/200 [NORM] OK       | fresh=0.0min | open= 3 closed= 57 | PnL=$-19286 wr=32% | improve=1 sem_db=30 | 12.3s/c ETA 246s | zero_streak=0
16:44:35 Cycle 185/200 [CRIS] OK       | fresh=0.0min | open= 2 closed= 60 | PnL=$-20985 wr=30% | improve=1 sem_db=30 | 12.3s/c ETA 184s | zero_streak=3

[96m══════════════════════════════════════════════════════[0m
[96m══ TRAINING DIAGNOSTICS (cycle 190) ═════════════════════[0m
[96m══════════════════════════════════════════════════════[0m
  [1mREGIME:       [0m [93mNORMAL[0m (conf: 0.37)
  [1mDATA FRESH:   [0m [92m✅ 0.0min ago[0m
  [1mSIGNALS:      [0m 11/20 active
  [1mSIT-OUT:      [0m [92mNO[0m
  [1mCONVICTION:   [0m BTC: +0.04 (HOLD) | ETH: -0.04 (HOLD) | SOL: -0.05 ([91mSELL[0m) | BNB: +0.09 ([92mBUY[0m) | XRP: +0.03 (HOLD) | ADA: -0.15 ([91mSELL[0m) | DOT: +0.03 (HOLD) | AVAX: -0.07 ([91mSELL[0m) | LINK: -0.09 ([91mSELL[0m) | MATIC: -0.02 (HOLD) | NEAR: +0.23 ([92mBUY[0m)
  [1mTRADES:       [0m open=1 closed=62 | PnL=$-22318.74 | WR=29%
  [1mLONG/SHORT:   [0m longs=28 shorts=35
  [1mBLOCKERS:     [0m [92mNONE[0m
[96m══════════════════════════════════════════════════════[0m

16:45:34 Cycle 190/200 [NORM] OK       | fresh=0.0min | open= 1 closed= 62 | PnL=$-22319 wr=29% | improve=1 sem_db=30 | 12.3s/c ETA 123s | zero_streak=2
16:46:33 Cycle 195/200 [CRIS] OK       | fresh=0.0min | open= 1 closed= 64 | PnL=$-22426 wr=30% | improve=1 sem_db=30 | 12.3s/c ETA 61s | zero_streak=0

[96m══════════════════════════════════════════════════════[0m
[96m══ TRAINING DIAGNOSTICS (cycle 200) ═════════════════════[0m
[96m══════════════════════════════════════════════════════[0m
  [1mREGIME:       [0m [93mCRISIS[0m (conf: 0.37)
  [1mDATA FRESH:   [0m [92m✅ 0.0min ago[0m
  [1mSIGNALS:      [0m 11/20 active
  [1mSIT-OUT:      [0m [92mNO[0m
  [1mCONVICTION:   [0m BTC: +0.01 (HOLD) | ETH: +0.04 (HOLD) | SOL: -0.08 ([91mSELL[0m) | BNB: -0.01 (HOLD) | XRP: +0.09 ([92mBUY[0m) | ADA: -0.10 ([91mSELL[0m) | DOT: +0.10 ([92mBUY[0m) | AVAX: -0.03 (HOLD) | LINK: +0.06 ([92mBUY[0m) | MATIC: -0.11 ([91mSELL[0m) | NEAR: +0.04 (HOLD)
  [1mTRADES:       [0m open=3 closed=65 | PnL=$-22958.99 | WR=29%
  [1mLONG/SHORT:   [0m longs=31 shorts=37
  [1mBLOCKERS:     [0m [92mNONE[0m
[96m══════════════════════════════════════════════════════[0m

16:47:33 Cycle 200/200 [CRIS] OK       | fresh=0.0min | open= 3 closed= 65 | PnL=$-22959 wr=29% | improve=1 sem_db=30 | 12.3s/c ETA 0s | zero_streak=2
16:47:33 V206B_CRISIS_R1: no baseline version found for gate comparison
16:47:33 Attribution — alpha: $-12700.92  beta: $+10939602.53  timing: $+7192284.69  selection: $+0.00
16:47:33 Attribution report  : /Users/benebsworth/projects/omega/data/v206b_crisis_r1_attribution.json
16:47:33 
16:47:33 ======================================================================
16:47:33 V206B_CRISIS_R1 COMPLETE — 200 cycles in 2452s (12.26s/cycle)
16:47:33 ======================================================================
16:47:33 improve_calls         : 1
16:47:33 semantic_patterns_db  : 30
16:47:33 Closed trades         : 65  (long=29  short=36)
16:47:33 Total PnL             : $-22958.99  (engine realised: $-22958.99)
16:47:33 Win rate              : 29.2%  (19/65)
16:47:33 Profit factor         : 0.51
16:47:33 --- Observability ---
16:47:33 Zero-trade cycles     : 149 / 200  (74%)
16:47:33 Circuit breaker trips : 0
16:47:33 Final vol threshold   : 0.000
16:47:33 Metrics JSONL         : /tmp/v206b_crisis_r1_metrics.jsonl
16:47:33 Results               : /Users/benebsworth/projects/omega/data/v206b_crisis_r1_results.json
16:47:33 ======================================================================
