15:25:00 RNG seed set to 42 (deterministic mode)
15:25:00 BACKTEST MODE: WS signals disabled (whale_prints, ws_microstructure)
15:25:00 ======================================================================
15:25:00 Training Run v206b_trend_r2 — 200 cycles  sleep=10s
15:25:00 CoinGecko key  : CG-YPzBAPag5...
15:25:00 Database URL   : postgresql://omega:omega@localhost:5432/...
15:25:00 Metrics JSONL  : /tmp/v206b_trend_r2_metrics.jsonl
15:25:00 Log file       : /tmp/v206b_trend_r2_training.log
15:25:00 Features ON    : ffg_gate1_enabled, ffg_gate4_enabled
15:25:00 ======================================================================
15:25:01 BACKTEST MODE: ingestion replaced by ReplayIngestionNode (snap_trending_2023q4, 153 steps)
15:25:01 ImprovementEngine: SyntheticEvaluator injected
15:25:01 Decision snapshots → /tmp/v206b_trend_r2_decisions.jsonl (+ Postgres if configured)
15:25:01 SignalDecayDetector: loaded from data/signal_ic_history.json

[96m══════════════════════════════════════════════════════[0m
[96m══ TRAINING DIAGNOSTICS (cycle 0) ═══════════════════════[0m
[96m══════════════════════════════════════════════════════[0m
  [1mREGIME:       [0m [91mUNKN ⚠️[0m
  [1mDATA FRESH:   [0m [92m✅ 0.0min ago[0m
  [1mSIGNALS:      [0m [93mnone yet[0m
  [1mSIT-OUT:      [0m [92mNO[0m
  [1mCONVICTION:   [0m [93mn/a[0m
  [1mTRADES:       [0m open=0 closed=0 | PnL=$+0.00 | WR=0%
  [1mLONG/SHORT:   [0m longs=0 shorts=0
  [1mBLOCKERS:     [0m [91mRegime detector not firing | No signal data yet (first cycle?)[0m
[96m══════════════════════════════════════════════════════[0m

15:25:14 Cycle   1/200 [NORM] OK       | fresh=0.0min | open= 0 closed=  0 | PnL=$+0 wr=0% | improve=0 sem_db=30 | 12.2s/c ETA 2424s | zero_streak=1
15:26:02 Cycle   5/200 [NORM] OK       | fresh=0.0min | open= 3 closed=  1 | PnL=$-149 wr=0% | improve=0 sem_db=30 | 12.1s/c ETA 2357s | zero_streak=0

[96m══════════════════════════════════════════════════════[0m
[96m══ TRAINING DIAGNOSTICS (cycle 10) ══════════════════════[0m
[96m══════════════════════════════════════════════════════[0m
  [1mREGIME:       [0m [93mCRISIS[0m (conf: 0.00)
  [1mDATA FRESH:   [0m [92m✅ 0.0min ago[0m
  [1mSIGNALS:      [0m 10/20 active
  [1mSIT-OUT:      [0m [92mNO[0m
  [1mCONVICTION:   [0m BTC: -0.07 ([91mSELL[0m) | ETH: +0.01 (HOLD) | SOL: +0.01 (HOLD) | BNB: +0.01 (HOLD) | XRP: +0.01 (HOLD) | ADA: +0.01 (HOLD) | DOT: +0.01 (HOLD) | AVAX: +0.01 (HOLD) | LINK: +0.01 (HOLD) | MATIC: +0.01 (HOLD) | NEAR: +0.01 (HOLD) | SUI: +0.01 (HOLD) | ARB: +0.01 (HOLD)
  [1mTRADES:       [0m open=3 closed=3 | PnL=$+125.68 | WR=33%
  [1mLONG/SHORT:   [0m longs=3 shorts=3
  [1mBLOCKERS:     [0m [92mNONE[0m
[96m══════════════════════════════════════════════════════[0m

15:27:12 Cycle  10/200 [CRIS] OK       | fresh=0.0min | open= 3 closed=  3 | PnL=$+126 wr=33% | improve=0 sem_db=30 | 13.0s/c ETA 2479s | zero_streak=1
15:28:09 Cycle  15/200 [CRIS] OK       | fresh=0.0min | open= 1 closed=  6 | PnL=$+1602 wr=50% | improve=1 sem_db=30 | 12.5s/c ETA 2321s | zero_streak=1

[96m══════════════════════════════════════════════════════[0m
[96m══ TRAINING DIAGNOSTICS (cycle 20) ══════════════════════[0m
[96m══════════════════════════════════════════════════════[0m
  [1mREGIME:       [0m [93mCRISIS[0m (conf: 0.37)
  [1mDATA FRESH:   [0m [92m✅ 0.0min ago[0m
  [1mSIGNALS:      [0m 10/20 active
  [1mSIT-OUT:      [0m [92mNO[0m
  [1mCONVICTION:   [0m BTC: -0.10 ([91mSELL[0m) | ETH: -0.00 (HOLD) | SOL: +0.05 ([92mBUY[0m) | BNB: -0.03 (HOLD) | XRP: -0.17 ([91mSELL[0m) | ADA: +0.05 ([92mBUY[0m) | DOT: +0.05 ([92mBUY[0m) | AVAX: +0.05 ([92mBUY[0m) | LINK: +0.05 ([92mBUY[0m) | MATIC: +0.05 ([92mBUY[0m) | NEAR: +0.05 ([92mBUY[0m) | SUI: +0.05 ([92mBUY[0m) | ARB: -0.11 ([91mSELL[0m)
  [1mTRADES:       [0m open=0 closed=7 | PnL=$+523.52 | WR=43%
  [1mLONG/SHORT:   [0m longs=4 shorts=3
  [1mBLOCKERS:     [0m [92mNONE[0m
[96m══════════════════════════════════════════════════════[0m

15:29:21 Cycle  20/200 [CRIS] OK       | fresh=0.0min | open= 0 closed=  7 | PnL=$+524 wr=43% | improve=1 sem_db=30 | 13.0s/c ETA 2339s | zero_streak=4
15:30:20 Cycle  25/200 [HIGH] OK       | fresh=0.0min | open= 0 closed=  7 | PnL=$+524 wr=43% | improve=1 sem_db=30 | 12.8s/c ETA 2233s | zero_streak=9

[96m══════════════════════════════════════════════════════[0m
[96m══ TRAINING DIAGNOSTICS (cycle 30) ══════════════════════[0m
[96m══════════════════════════════════════════════════════[0m
  [1mREGIME:       [0m [93mHIGH_VOL[0m (conf: 0.37)
  [1mDATA FRESH:   [0m [92m✅ 0.0min ago[0m
  [1mSIGNALS:      [0m 10/20 active
  [1mSIT-OUT:      [0m [92mNO[0m
  [1mCONVICTION:   [0m BTC: +0.04 (HOLD) | ETH: +0.04 (HOLD) | SOL: -0.13 ([91mSELL[0m) | BNB: -0.14 ([91mSELL[0m) | XRP: -0.08 ([91mSELL[0m) | ADA: +0.07 ([92mBUY[0m) | DOT: -0.02 (HOLD) | AVAX: +0.17 ([92mBUY[0m) | LINK: +0.09 ([92mBUY[0m) | MATIC: -0.25 ([91mSELL[0m) | NEAR: +0.15 ([92mBUY[0m) | SUI: +0.17 ([92mBUY[0m) | ARB: -0.11 ([91mSELL[0m)
  [1mTRADES:       [0m open=1 closed=7 | PnL=$+523.52 | WR=43%
  [1mLONG/SHORT:   [0m longs=4 shorts=4
  [1mBLOCKERS:     [0m [92mNONE[0m
[96m══════════════════════════════════════════════════════[0m

15:31:30 Cycle  30/200 [HIGH] OK       | fresh=0.0min | open= 1 closed=  7 | PnL=$+524 wr=43% | improve=1 sem_db=30 | 13.0s/c ETA 2202s | zero_streak=14
15:32:06 ZERO_STREAK_ALERT cycle=33 streak=16 basket_std=0.2000 basket_mean=0.0000 composites={}
15:32:17 ZERO_STREAK_ALERT cycle=34 streak=17 basket_std=0.2000 basket_mean=0.0000 composites={}
15:32:29 Cycle  35/200 [NORM] OK       | fresh=0.0min | open= 0 closed=  8 | PnL=$-505 wr=38% | improve=1 sem_db=30 | 12.8s/c ETA 2111s | zero_streak=1

[96m══════════════════════════════════════════════════════[0m
[96m══ TRAINING DIAGNOSTICS (cycle 40) ══════════════════════[0m
[96m══════════════════════════════════════════════════════[0m
  [1mREGIME:       [0m [93mNORMAL[0m (conf: 0.37)
  [1mDATA FRESH:   [0m [92m✅ 0.0min ago[0m
  [1mSIGNALS:      [0m 9/20 active
  [1mSIT-OUT:      [0m [92mNO[0m
  [1mCONVICTION:   [0m BTC: +0.01 (HOLD) | ETH: +0.01 (HOLD) | SOL: -0.09 ([91mSELL[0m) | BNB: -0.12 ([91mSELL[0m) | XRP: -0.02 (HOLD) | ADA: +0.01 (HOLD) | DOT: +0.01 (HOLD) | AVAX: +0.01 (HOLD) | LINK: +0.15 ([92mBUY[0m) | MATIC: +0.01 (HOLD) | NEAR: +0.01 (HOLD) | SUI: +0.01 (HOLD) | ARB: +0.01 (HOLD)
  [1mTRADES:       [0m open=3 closed=9 | PnL=$-564.90 | WR=33%
  [1mLONG/SHORT:   [0m longs=8 shorts=4
  [1mBLOCKERS:     [0m [92mNONE[0m
[96m══════════════════════════════════════════════════════[0m

15:33:40 Cycle  40/200 [NORM] OK       | fresh=0.0min | open= 3 closed=  9 | PnL=$-565 wr=33% | improve=1 sem_db=30 | 13.0s/c ETA 2074s | zero_streak=2
15:34:42 Cycle  45/200 [NORM] OK       | fresh=0.0min | open= 1 closed= 11 | PnL=$-498 wr=36% | improve=1 sem_db=30 | 12.9s/c ETA 1999s | zero_streak=2

[96m══════════════════════════════════════════════════════[0m
[96m══ TRAINING DIAGNOSTICS (cycle 50) ══════════════════════[0m
[96m══════════════════════════════════════════════════════[0m
  [1mREGIME:       [0m [93mNORMAL[0m (conf: 0.38)
  [1mDATA FRESH:   [0m [92m✅ 0.0min ago[0m
  [1mSIGNALS:      [0m 10/20 active
  [1mSIT-OUT:      [0m [92mNO[0m
  [1mCONVICTION:   [0m BTC: -0.01 (HOLD) | ETH: -0.04 (HOLD) | SOL: -0.03 (HOLD) | BNB: +0.04 (HOLD) | XRP: -0.10 ([91mSELL[0m) | ADA: +0.09 ([92mBUY[0m) | DOT: +0.09 ([92mBUY[0m) | AVAX: +0.09 ([92mBUY[0m) | LINK: -0.02 (HOLD) | MATIC: -0.05 (HOLD) | NEAR: +0.08 ([92mBUY[0m) | SUI: -0.12 ([91mSELL[0m) | ARB: -0.02 (HOLD)
  [1mTRADES:       [0m open=3 closed=17 | PnL=$+356.15 | WR=35%
  [1mLONG/SHORT:   [0m longs=14 shorts=6
  [1mBLOCKERS:     [0m [92mNONE[0m
[96m══════════════════════════════════════════════════════[0m

15:36:02 Cycle  50/200 [NORM] OK       | fresh=0.0min | open= 3 closed= 17 | PnL=$+356 wr=35% | improve=1 sem_db=30 | 13.2s/c ETA 1983s | zero_streak=0
15:37:16 Cycle  55/200 [NORM] OK       | fresh=0.0min | open= 3 closed= 20 | PnL=$-268 wr=35% | improve=1 sem_db=30 | 13.4s/c ETA 1937s | zero_streak=2

[96m══════════════════════════════════════════════════════[0m
[96m══ TRAINING DIAGNOSTICS (cycle 60) ══════════════════════[0m
[96m══════════════════════════════════════════════════════[0m
  [1mREGIME:       [0m [93mNORMAL[0m (conf: 0.37)
  [1mDATA FRESH:   [0m [92m✅ 0.0min ago[0m
  [1mSIGNALS:      [0m 10/20 active
  [1mSIT-OUT:      [0m [92mNO[0m
  [1mCONVICTION:   [0m BTC: -0.15 ([91mSELL[0m) | ETH: -0.11 ([91mSELL[0m) | SOL: -0.12 ([91mSELL[0m) | BNB: +0.09 ([92mBUY[0m) | XRP: -0.14 ([91mSELL[0m) | ADA: -0.11 ([91mSELL[0m) | DOT: +0.09 ([92mBUY[0m) | AVAX: +0.07 ([92mBUY[0m) | LINK: +0.03 (HOLD) | MATIC: +0.09 ([92mBUY[0m) | NEAR: +0.09 ([92mBUY[0m) | SUI: +0.09 ([92mBUY[0m) | ARB: +0.09 ([92mBUY[0m)
  [1mTRADES:       [0m open=4 closed=23 | PnL=$+5570.37 | WR=39%
  [1mLONG/SHORT:   [0m longs=17 shorts=10
  [1mBLOCKERS:     [0m [92mNONE[0m
[96m══════════════════════════════════════════════════════[0m

15:38:15 Cycle  60/200 [NORM] OK       | fresh=0.0min | open= 4 closed= 23 | PnL=$+5570 wr=39% | improve=1 sem_db=30 | 13.2s/c ETA 1852s | zero_streak=0
15:39:14 Cycle  65/200 [CRIS] OK       | fresh=0.0min | open= 3 closed= 26 | PnL=$+5248 wr=35% | improve=1 sem_db=30 | 13.1s/c ETA 1770s | zero_streak=1

[96m══════════════════════════════════════════════════════[0m
[96m══ TRAINING DIAGNOSTICS (cycle 70) ══════════════════════[0m
[96m══════════════════════════════════════════════════════[0m
  [1mREGIME:       [0m [93mCRISIS[0m (conf: 0.37)
  [1mDATA FRESH:   [0m [92m✅ 0.0min ago[0m
  [1mSIGNALS:      [0m 12/20 active
  [1mSIT-OUT:      [0m [92mNO[0m
  [1mCONVICTION:   [0m BTC: +0.13 ([92mBUY[0m) | ETH: +0.04 (HOLD) | SOL: -0.10 ([91mSELL[0m) | BNB: +0.23 ([92mBUY[0m) | XRP: -0.11 ([91mSELL[0m) | ADA: -0.21 ([91mSELL[0m) | DOT: -0.17 ([91mSELL[0m) | AVAX: -0.23 ([91mSELL[0m) | LINK: +0.04 (HOLD) | MATIC: -0.12 ([91mSELL[0m) | NEAR: +0.04 (HOLD) | SUI: +0.23 ([92mBUY[0m) | ARB: +0.23 ([92mBUY[0m)
  [1mTRADES:       [0m open=2 closed=30 | PnL=$+7568.97 | WR=37%
  [1mLONG/SHORT:   [0m longs=21 shorts=11
  [1mBLOCKERS:     [0m [92mNONE[0m
[96m══════════════════════════════════════════════════════[0m

15:40:19 Cycle  70/200 [CRIS] OK       | fresh=0.0min | open= 2 closed= 30 | PnL=$+7569 wr=37% | improve=1 sem_db=30 | 13.1s/c ETA 1703s | zero_streak=1
15:41:19 Cycle  75/200 [CRIS] OK       | fresh=0.0min | open= 1 closed= 32 | PnL=$+8057 wr=38% | improve=1 sem_db=30 | 13.0s/c ETA 1629s | zero_streak=0

[96m══════════════════════════════════════════════════════[0m
[96m══ TRAINING DIAGNOSTICS (cycle 80) ══════════════════════[0m
[96m══════════════════════════════════════════════════════[0m
  [1mREGIME:       [0m [93mCRISIS[0m (conf: 0.37)
  [1mDATA FRESH:   [0m [92m✅ 0.0min ago[0m
  [1mSIGNALS:      [0m 12/20 active
  [1mSIT-OUT:      [0m [92mNO[0m
  [1mCONVICTION:   [0m BTC: -0.06 ([91mSELL[0m) | ETH: +0.17 ([92mBUY[0m) | SOL: -0.10 ([91mSELL[0m) | BNB: +0.02 (HOLD) | XRP: -0.05 (HOLD) | ADA: -0.11 ([91mSELL[0m) | DOT: -0.08 ([91mSELL[0m) | AVAX: -0.09 ([91mSELL[0m) | LINK: +0.26 ([92mBUY[0m) | MATIC: -0.11 ([91mSELL[0m) | NEAR: -0.17 ([91mSELL[0m) | SUI: +0.17 ([92mBUY[0m) | ARB: +0.17 ([92mBUY[0m)
  [1mTRADES:       [0m open=3 closed=35 | PnL=$+10594.31 | WR=40%
  [1mLONG/SHORT:   [0m longs=26 shorts=12
  [1mBLOCKERS:     [0m [92mNONE[0m
[96m══════════════════════════════════════════════════════[0m

15:42:18 Cycle  80/200 [CRIS] OK       | fresh=0.0min | open= 3 closed= 35 | PnL=$+10594 wr=40% | improve=1 sem_db=30 | 13.0s/c ETA 1555s | zero_streak=0
15:43:17 Cycle  85/200 [CRIS] OK       | fresh=0.0min | open= 1 closed= 39 | PnL=$+9003 wr=36% | improve=1 sem_db=30 | 12.9s/c ETA 1483s | zero_streak=0

[96m══════════════════════════════════════════════════════[0m
[96m══ TRAINING DIAGNOSTICS (cycle 90) ══════════════════════[0m
[96m══════════════════════════════════════════════════════[0m
  [1mREGIME:       [0m [93mNORMAL[0m (conf: 0.37)
  [1mDATA FRESH:   [0m [92m✅ 0.0min ago[0m
  [1mSIGNALS:      [0m 11/20 active
  [1mSIT-OUT:      [0m [92mNO[0m
  [1mCONVICTION:   [0m BTC: +0.04 (HOLD) | ETH: -0.07 ([91mSELL[0m) | SOL: -0.02 (HOLD) | BNB: +0.10 ([92mBUY[0m) | XRP: -0.02 (HOLD) | ADA: -0.06 ([91mSELL[0m) | DOT: -0.10 ([91mSELL[0m) | AVAX: -0.07 ([91mSELL[0m) | LINK: +0.23 ([92mBUY[0m) | MATIC: -0.07 ([91mSELL[0m) | NEAR: -0.14 ([91mSELL[0m) | SUI: +0.31 ([92mBUY[0m) | ARB: -0.13 ([91mSELL[0m)
  [1mTRADES:       [0m open=1 closed=41 | PnL=$+9505.43 | WR=37%
  [1mLONG/SHORT:   [0m longs=29 shorts=13
  [1mBLOCKERS:     [0m [92mNONE[0m
[96m══════════════════════════════════════════════════════[0m

15:44:17 Cycle  90/200 [NORM] OK       | fresh=0.0min | open= 1 closed= 41 | PnL=$+9505 wr=37% | improve=1 sem_db=30 | 12.8s/c ETA 1412s | zero_streak=0
15:45:15 Cycle  95/200 [NORM] OK       | fresh=0.0min | open= 3 closed= 42 | PnL=$+9991 wr=38% | improve=1 sem_db=30 | 12.8s/c ETA 1341s | zero_streak=2

[96m══════════════════════════════════════════════════════[0m
[96m══ TRAINING DIAGNOSTICS (cycle 100) ═════════════════════[0m
[96m══════════════════════════════════════════════════════[0m
  [1mREGIME:       [0m [93mHIGH_VOL[0m (conf: 0.37)
  [1mDATA FRESH:   [0m [92m✅ 0.0min ago[0m
  [1mSIGNALS:      [0m 11/20 active
  [1mSIT-OUT:      [0m [92mNO[0m
  [1mCONVICTION:   [0m BTC: +0.04 (HOLD) | ETH: -0.05 ([91mSELL[0m) | SOL: -0.10 ([91mSELL[0m) | BNB: -0.07 ([91mSELL[0m) | XRP: -0.13 ([91mSELL[0m) | ADA: -0.00 (HOLD) | DOT: -0.01 (HOLD) | AVAX: +0.14 ([92mBUY[0m) | LINK: +0.19 ([92mBUY[0m) | MATIC: +0.01 (HOLD) | NEAR: -0.11 ([91mSELL[0m) | SUI: +0.14 ([92mBUY[0m) | ARB: -0.07 ([91mSELL[0m)
  [1mTRADES:       [0m open=1 closed=44 | PnL=$+10143.78 | WR=39%
  [1mLONG/SHORT:   [0m longs=29 shorts=16
  [1mBLOCKERS:     [0m [92mNONE[0m
[96m══════════════════════════════════════════════════════[0m

15:46:16 Cycle 100/200 [HIGH] OK       | fresh=0.0min | open= 1 closed= 44 | PnL=$+10144 wr=39% | improve=1 sem_db=30 | 12.8s/c ETA 1275s | zero_streak=0
15:47:21 Cycle 105/200 [HIGH] OK       | fresh=0.0min | open= 0 closed= 48 | PnL=$+7946 wr=35% | improve=1 sem_db=30 | 12.8s/c ETA 1212s | zero_streak=0

[96m══════════════════════════════════════════════════════[0m
[96m══ TRAINING DIAGNOSTICS (cycle 110) ═════════════════════[0m
[96m══════════════════════════════════════════════════════[0m
  [1mREGIME:       [0m [93mHIGH_VOL[0m (conf: 0.37)
  [1mDATA FRESH:   [0m [92m✅ 0.0min ago[0m
  [1mSIGNALS:      [0m 11/20 active
  [1mSIT-OUT:      [0m [92mNO[0m
  [1mCONVICTION:   [0m BTC: -0.00 (HOLD) | ETH: -0.00 (HOLD) | SOL: -0.10 ([91mSELL[0m) | BNB: -0.00 (HOLD) | XRP: -0.00 (HOLD) | ADA: -0.00 (HOLD) | DOT: -0.00 (HOLD) | AVAX: -0.00 (HOLD) | LINK: +0.15 ([92mBUY[0m) | MATIC: -0.00 (HOLD) | NEAR: -0.00 (HOLD) | SUI: -0.00 (HOLD) | ARB: -0.00 (HOLD)
  [1mTRADES:       [0m open=0 closed=48 | PnL=$+7946.21 | WR=35%
  [1mLONG/SHORT:   [0m longs=29 shorts=19
  [1mBLOCKERS:     [0m [92mNONE[0m
[96m══════════════════════════════════════════════════════[0m

15:48:20 Cycle 110/200 [HIGH] OK       | fresh=0.0min | open= 0 closed= 48 | PnL=$+7946 wr=35% | improve=1 sem_db=30 | 12.7s/c ETA 1144s | zero_streak=5
15:49:23 Cycle 115/200 [NORM] OK       | fresh=0.0min | open= 1 closed= 48 | PnL=$+7946 wr=35% | improve=1 sem_db=30 | 12.7s/c ETA 1080s | zero_streak=10

[96m══════════════════════════════════════════════════════[0m
[96m══ TRAINING DIAGNOSTICS (cycle 120) ═════════════════════[0m
[96m══════════════════════════════════════════════════════[0m
  [1mREGIME:       [0m [93mNORMAL[0m (conf: 0.37)
  [1mDATA FRESH:   [0m [92m✅ 0.0min ago[0m
  [1mSIGNALS:      [0m 11/20 active
  [1mSIT-OUT:      [0m [92mNO[0m
  [1mCONVICTION:   [0m BTC: +0.08 ([92mBUY[0m) | ETH: +0.11 ([92mBUY[0m) | SOL: -0.16 ([91mSELL[0m) | BNB: +0.11 ([92mBUY[0m) | XRP: -0.02 (HOLD) | ADA: +0.06 ([92mBUY[0m) | DOT: +0.08 ([92mBUY[0m) | AVAX: -0.16 ([91mSELL[0m) | LINK: +0.06 ([92mBUY[0m) | MATIC: +0.11 ([92mBUY[0m) | NEAR: +0.11 ([92mBUY[0m) | SUI: -0.16 ([91mSELL[0m) | ARB: -0.20 ([91mSELL[0m)
  [1mTRADES:       [0m open=1 closed=49 | PnL=$+9310.45 | WR=37%
  [1mLONG/SHORT:   [0m longs=29 shorts=21
  [1mBLOCKERS:     [0m [92mNONE[0m
[96m══════════════════════════════════════════════════════[0m

15:50:24 Cycle 120/200 [NORM] OK       | fresh=0.0min | open= 1 closed= 49 | PnL=$+9310 wr=37% | improve=1 sem_db=30 | 12.7s/c ETA 1015s | zero_streak=0
15:51:29 Cycle 125/200 [NORM] OK       | fresh=0.0min | open= 1 closed= 50 | PnL=$+9198 wr=36% | improve=1 sem_db=30 | 12.7s/c ETA 952s | zero_streak=2

[96m══════════════════════════════════════════════════════[0m
[96m══ TRAINING DIAGNOSTICS (cycle 130) ═════════════════════[0m
[96m══════════════════════════════════════════════════════[0m
  [1mREGIME:       [0m [93mCRISIS[0m (conf: 0.37)
  [1mDATA FRESH:   [0m [92m✅ 0.0min ago[0m
  [1mSIGNALS:      [0m 11/20 active
  [1mSIT-OUT:      [0m [92mNO[0m
  [1mCONVICTION:   [0m BTC: +0.03 (HOLD) | ETH: +0.03 (HOLD) | SOL: -0.05 ([91mSELL[0m) | BNB: +0.03 (HOLD) | XRP: +0.03 (HOLD) | ADA: +0.03 (HOLD) | DOT: +0.03 (HOLD) | AVAX: +0.03 (HOLD) | LINK: +0.14 ([92mBUY[0m) | MATIC: +0.03 (HOLD) | NEAR: +0.03 (HOLD) | SUI: -0.38 ([91mSELL[0m) | ARB: +0.03 (HOLD)
  [1mTRADES:       [0m open=0 closed=52 | PnL=$+8760.88 | WR=35%
  [1mLONG/SHORT:   [0m longs=29 shorts=23
  [1mBLOCKERS:     [0m [92mNONE[0m
[96m══════════════════════════════════════════════════════[0m

15:52:31 Cycle 130/200 [CRIS] OK       | fresh=0.0min | open= 0 closed= 52 | PnL=$+8761 wr=35% | improve=1 sem_db=30 | 12.7s/c ETA 888s | zero_streak=1
15:53:32 Cycle 135/200 [CRIS] OK       | fresh=0.0min | open= 3 closed= 55 | PnL=$+8972 wr=35% | improve=1 sem_db=30 | 12.7s/c ETA 824s | zero_streak=2

[96m══════════════════════════════════════════════════════[0m
[96m══ TRAINING DIAGNOSTICS (cycle 140) ═════════════════════[0m
[96m══════════════════════════════════════════════════════[0m
  [1mREGIME:       [0m [93mCRISIS[0m (conf: 0.37)
  [1mDATA FRESH:   [0m [92m✅ 0.0min ago[0m
  [1mSIGNALS:      [0m 12/20 active
  [1mSIT-OUT:      [0m [92mNO[0m
  [1mCONVICTION:   [0m BTC: +0.07 ([92mBUY[0m) | ETH: -0.01 (HOLD) | SOL: -0.09 ([91mSELL[0m) | BNB: +0.11 ([92mBUY[0m) | XRP: -0.01 (HOLD) | ADA: -0.08 ([91mSELL[0m) | DOT: +0.11 ([92mBUY[0m) | AVAX: +0.11 ([92mBUY[0m) | LINK: -0.04 (HOLD) | MATIC: +0.02 (HOLD) | NEAR: +0.11 ([92mBUY[0m) | SUI: -0.05 ([91mSELL[0m) | ARB: -0.23 ([91mSELL[0m)
  [1mTRADES:       [0m open=3 closed=58 | PnL=$+10197.44 | WR=38%
  [1mLONG/SHORT:   [0m longs=37 shorts=24
  [1mBLOCKERS:     [0m [92mNONE[0m
[96m══════════════════════════════════════════════════════[0m

15:54:32 Cycle 140/200 [CRIS] OK       | fresh=0.0min | open= 3 closed= 58 | PnL=$+10197 wr=38% | improve=1 sem_db=30 | 12.6s/c ETA 759s | zero_streak=1
15:55:39 Cycle 145/200 [CRIS] OK       | fresh=0.0min | open= 2 closed= 62 | PnL=$+7858 wr=37% | improve=1 sem_db=30 | 12.7s/c ETA 697s | zero_streak=1

[96m══════════════════════════════════════════════════════[0m
[96m══ TRAINING DIAGNOSTICS (cycle 150) ═════════════════════[0m
[96m══════════════════════════════════════════════════════[0m
  [1mREGIME:       [0m [93mCRISIS[0m (conf: 0.37)
  [1mDATA FRESH:   [0m [92m✅ 0.0min ago[0m
  [1mSIGNALS:      [0m 11/20 active
  [1mSIT-OUT:      [0m [92mNO[0m
  [1mCONVICTION:   [0m BTC: +0.03 (HOLD) | ETH: -0.11 ([91mSELL[0m) | SOL: +0.06 ([92mBUY[0m) | BNB: +0.12 ([92mBUY[0m) | XRP: -0.01 (HOLD) | ADA: -0.13 ([91mSELL[0m) | DOT: -0.15 ([91mSELL[0m) | AVAX: +0.17 ([92mBUY[0m) | LINK: +0.15 ([92mBUY[0m) | MATIC: -0.17 ([91mSELL[0m) | NEAR: +0.11 ([92mBUY[0m) | SUI: +0.17 ([92mBUY[0m) | ARB: -0.25 ([91mSELL[0m)
  [1mTRADES:       [0m open=2 closed=65 | PnL=$+9623.68 | WR=37%
  [1mLONG/SHORT:   [0m longs=40 shorts=27
  [1mBLOCKERS:     [0m [92mNONE[0m
[96m══════════════════════════════════════════════════════[0m

15:56:39 Cycle 150/200 [CRIS] OK       | fresh=0.0min | open= 2 closed= 65 | PnL=$+9624 wr=37% | improve=1 sem_db=30 | 12.7s/c ETA 633s | zero_streak=1
15:57:38 Cycle 155/200 [HIGH] OK       | fresh=0.0min | open= 1 closed= 66 | PnL=$+10798 wr=38% | improve=1 sem_db=30 | 12.6s/c ETA 568s | zero_streak=3

[96m══════════════════════════════════════════════════════[0m
[96m══ TRAINING DIAGNOSTICS (cycle 160) ═════════════════════[0m
[96m══════════════════════════════════════════════════════[0m
  [1mREGIME:       [0m [93mHIGH_VOL[0m (conf: 0.37)
  [1mDATA FRESH:   [0m [92m✅ 0.0min ago[0m
  [1mSIGNALS:      [0m 12/20 active
  [1mSIT-OUT:      [0m [92mNO[0m
  [1mCONVICTION:   [0m BTC: +0.00 (HOLD) | ETH: +0.00 (HOLD) | SOL: -0.12 ([91mSELL[0m) | BNB: -0.01 (HOLD) | XRP: +0.00 (HOLD) | ADA: +0.00 (HOLD) | DOT: +0.00 (HOLD) | AVAX: +0.00 (HOLD) | LINK: +0.12 ([92mBUY[0m) | MATIC: +0.00 (HOLD) | NEAR: +0.00 (HOLD) | SUI: +0.00 (HOLD) | ARB: +0.00 (HOLD)
  [1mTRADES:       [0m open=0 closed=67 | PnL=$+13616.96 | WR=39%
  [1mLONG/SHORT:   [0m longs=40 shorts=27
  [1mBLOCKERS:     [0m [92mNONE[0m
[96m══════════════════════════════════════════════════════[0m

15:58:37 Cycle 160/200 [HIGH] OK       | fresh=0.0min | open= 0 closed= 67 | PnL=$+13617 wr=39% | improve=1 sem_db=30 | 12.6s/c ETA 504s | zero_streak=1
15:59:36 Cycle 165/200 [NORM] OK       | fresh=0.0min | open= 0 closed= 67 | PnL=$+13617 wr=39% | improve=1 sem_db=30 | 12.6s/c ETA 440s | zero_streak=6

[96m══════════════════════════════════════════════════════[0m
[96m══ TRAINING DIAGNOSTICS (cycle 170) ═════════════════════[0m
[96m══════════════════════════════════════════════════════[0m
  [1mREGIME:       [0m [93mNORMAL[0m (conf: 0.37)
  [1mDATA FRESH:   [0m [92m✅ 0.0min ago[0m
  [1mSIGNALS:      [0m 11/20 active
  [1mSIT-OUT:      [0m [92mNO[0m
  [1mCONVICTION:   [0m BTC: +0.00 (HOLD) | ETH: +0.01 (HOLD) | SOL: -0.17 ([91mSELL[0m) | BNB: -0.00 (HOLD) | XRP: +0.01 (HOLD) | ADA: +0.01 (HOLD) | DOT: +0.01 (HOLD) | AVAX: +0.01 (HOLD) | LINK: +0.08 ([92mBUY[0m) | MATIC: +0.01 (HOLD) | NEAR: +0.01 (HOLD) | SUI: +0.01 (HOLD) | ARB: +0.01 (HOLD)
  [1mTRADES:       [0m open=0 closed=67 | PnL=$+13616.96 | WR=39%
  [1mLONG/SHORT:   [0m longs=40 shorts=27
  [1mBLOCKERS:     [0m [92mNONE[0m
[96m══════════════════════════════════════════════════════[0m

16:00:33 Cycle 170/200 [NORM] OK       | fresh=0.0min | open= 0 closed= 67 | PnL=$+13617 wr=39% | improve=1 sem_db=30 | 12.5s/c ETA 376s | zero_streak=11
16:01:32 Cycle 175/200 [NORM] OK       | fresh=0.0min | open= 3 closed= 68 | PnL=$+13856 wr=40% | improve=1 sem_db=30 | 12.5s/c ETA 313s | zero_streak=1

[96m══════════════════════════════════════════════════════[0m
[96m══ TRAINING DIAGNOSTICS (cycle 180) ═════════════════════[0m
[96m══════════════════════════════════════════════════════[0m
  [1mREGIME:       [0m [93mNORMAL[0m (conf: 0.38)
  [1mDATA FRESH:   [0m [92m✅ 0.0min ago[0m
  [1mSIGNALS:      [0m 11/20 active
  [1mSIT-OUT:      [0m [92mNO[0m
  [1mCONVICTION:   [0m BTC: +0.07 ([92mBUY[0m) | ETH: +0.07 ([92mBUY[0m) | SOL: +0.03 (HOLD) | BNB: -0.10 ([91mSELL[0m) | XRP: -0.16 ([91mSELL[0m) | ADA: +0.08 ([92mBUY[0m) | DOT: -0.04 (HOLD) | AVAX: +0.15 ([92mBUY[0m) | LINK: +0.13 ([92mBUY[0m) | MATIC: -0.17 ([91mSELL[0m) | NEAR: +0.15 ([92mBUY[0m) | SUI: +0.00 (HOLD) | ARB: -0.20 ([91mSELL[0m)
  [1mTRADES:       [0m open=2 closed=72 | PnL=$+13475.29 | WR=39%
  [1mLONG/SHORT:   [0m longs=44 shorts=30
  [1mBLOCKERS:     [0m [92mNONE[0m
[96m══════════════════════════════════════════════════════[0m

16:02:30 Cycle 180/200 [NORM] OK       | fresh=0.0min | open= 2 closed= 72 | PnL=$+13475 wr=39% | improve=1 sem_db=30 | 12.5s/c ETA 250s | zero_streak=0
16:03:28 Cycle 185/200 [HIGH] OK       | fresh=0.0min | open= 1 closed= 74 | PnL=$+13348 wr=39% | improve=1 sem_db=30 | 12.5s/c ETA 187s | zero_streak=2

[96m══════════════════════════════════════════════════════[0m
[96m══ TRAINING DIAGNOSTICS (cycle 190) ═════════════════════[0m
[96m══════════════════════════════════════════════════════[0m
  [1mREGIME:       [0m [93mNORMAL[0m (conf: 0.38)
  [1mDATA FRESH:   [0m [92m✅ 0.0min ago[0m
  [1mSIGNALS:      [0m 11/20 active
  [1mSIT-OUT:      [0m [92mNO[0m
  [1mCONVICTION:   [0m BTC: +0.04 (HOLD) | ETH: +0.04 (HOLD) | SOL: -0.05 ([91mSELL[0m) | BNB: -0.18 ([91mSELL[0m) | XRP: -0.08 ([91mSELL[0m) | ADA: -0.01 (HOLD) | DOT: +0.04 (HOLD) | AVAX: +0.02 (HOLD) | LINK: +0.19 ([92mBUY[0m) | MATIC: -0.07 ([91mSELL[0m) | NEAR: +0.04 (HOLD) | SUI: +0.04 (HOLD) | ARB: -0.02 (HOLD)
  [1mTRADES:       [0m open=2 closed=75 | PnL=$+13552.41 | WR=40%
  [1mLONG/SHORT:   [0m longs=47 shorts=30
  [1mBLOCKERS:     [0m [92mNONE[0m
[96m══════════════════════════════════════════════════════[0m

16:04:30 Cycle 190/200 [NORM] OK       | fresh=0.0min | open= 2 closed= 75 | PnL=$+13552 wr=40% | improve=1 sem_db=30 | 12.5s/c ETA 125s | zero_streak=3
16:05:33 Cycle 195/200 [NORM] OK       | fresh=0.0min | open= 3 closed= 76 | PnL=$+13493 wr=39% | improve=1 sem_db=30 | 12.5s/c ETA 62s | zero_streak=3

[96m══════════════════════════════════════════════════════[0m
[96m══ TRAINING DIAGNOSTICS (cycle 200) ═════════════════════[0m
[96m══════════════════════════════════════════════════════[0m
  [1mREGIME:       [0m [93mNORMAL[0m (conf: 0.38)
  [1mDATA FRESH:   [0m [92m✅ 0.0min ago[0m
  [1mSIGNALS:      [0m 11/20 active
  [1mSIT-OUT:      [0m [92mNO[0m
  [1mCONVICTION:   [0m BTC: +0.02 (HOLD) | ETH: +0.00 (HOLD) | SOL: -0.09 ([91mSELL[0m) | BNB: +0.02 (HOLD) | XRP: -0.09 ([91mSELL[0m) | ADA: +0.02 (HOLD) | DOT: +0.02 (HOLD) | AVAX: +0.02 (HOLD) | LINK: +0.01 (HOLD) | MATIC: +0.02 (HOLD) | NEAR: +0.02 (HOLD) | SUI: -0.02 (HOLD) | ARB: +0.02 (HOLD)
  [1mTRADES:       [0m open=3 closed=78 | PnL=$+13993.98 | WR=40%
  [1mLONG/SHORT:   [0m longs=51 shorts=30
  [1mBLOCKERS:     [0m [92mNONE[0m
[96m══════════════════════════════════════════════════════[0m

16:06:36 Cycle 200/200 [NORM] OK       | fresh=0.0min | open= 3 closed= 78 | PnL=$+13994 wr=40% | improve=1 sem_db=30 | 12.5s/c ETA 0s | zero_streak=3
16:06:36 V206B_TREND_R2: no baseline version found for gate comparison
16:06:36 Attribution — alpha: $+6555.76  beta: $+1938370.77  timing: $+6804633.07  selection: $+0.00
16:06:36 Attribution report  : /Users/benebsworth/projects/omega/data/v206b_trend_r2_attribution.json
16:06:36 
16:06:36 ======================================================================
16:06:36 V206B_TREND_R2 COMPLETE — 200 cycles in 2495s (12.47s/cycle)
16:06:36 ======================================================================
16:06:36 improve_calls         : 1
16:06:36 semantic_patterns_db  : 30
16:06:36 Closed trades         : 78  (long=48  short=30)
16:06:36 Total PnL             : $+13993.98  (engine realised: $+13993.98)
16:06:36 Win rate              : 39.7%  (31/78)
16:06:36 Profit factor         : 1.78
16:06:36 --- Observability ---
16:06:36 Zero-trade cycles     : 137 / 200  (68%)
16:06:36 Circuit breaker trips : 0
16:06:36 Final vol threshold   : 0.000
16:06:36 Metrics JSONL         : /tmp/v206b_trend_r2_metrics.jsonl
16:06:36 Results               : /Users/benebsworth/projects/omega/data/v206b_trend_r2_results.json
16:06:36 ======================================================================
