13:21:42 RNG seed set to 42 (deterministic mode)
13:21:42 BACKTEST MODE: WS signals disabled (whale_prints, ws_microstructure)
13:21:42 ======================================================================
13:21:42 Training Run v206b_recent_r1 — 200 cycles  sleep=10s
13:21:42 CoinGecko key  : CG-YPzBAPag5...
13:21:42 Database URL   : postgresql://omega:omega@localhost:5432/...
13:21:42 Metrics JSONL  : /tmp/v206b_recent_r1_metrics.jsonl
13:21:42 Log file       : /tmp/v206b_recent_r1_training.log
13:21:42 Features ON    : ffg_gate1_enabled, ffg_gate4_enabled
13:21:42 ======================================================================
13:21:45 BACKTEST MODE: ingestion replaced by ReplayIngestionNode (snap_20260414, 60 steps)
13:21:45 ImprovementEngine: SyntheticEvaluator injected
13:21:45 Decision snapshots → /tmp/v206b_recent_r1_decisions.jsonl (+ Postgres if configured)
13:21:45 SignalDecayDetector: loaded from data/signal_ic_history.json

[96m══════════════════════════════════════════════════════[0m
[96m══ TRAINING DIAGNOSTICS (cycle 0) ═══════════════════════[0m
[96m══════════════════════════════════════════════════════[0m
  [1mREGIME:       [0m [91mUNKN ⚠️[0m
  [1mDATA FRESH:   [0m [92m✅ 0.0min ago[0m
  [1mSIGNALS:      [0m [93mnone yet[0m
  [1mSIT-OUT:      [0m [92mNO[0m
  [1mCONVICTION:   [0m [93mn/a[0m
  [1mTRADES:       [0m open=0 closed=0 | PnL=$+0.00 | WR=0%
  [1mLONG/SHORT:   [0m longs=0 shorts=0
  [1mBLOCKERS:     [0m [91mRegime detector not firing | No signal data yet (first cycle?)[0m
[96m══════════════════════════════════════════════════════[0m

13:21:58 Cycle   1/200 [NORM] OK       | fresh=0.0min | open= 0 closed=  0 | PnL=$+0 wr=0% | improve=0 sem_db=30 | 13.0s/c ETA 2596s | zero_streak=1
13:22:45 Cycle   5/200 [CRIS] OK       | fresh=0.0min | open= 1 closed=  1 | PnL=$-895 wr=0% | improve=0 sem_db=30 | 11.9s/c ETA 2329s | zero_streak=2

[96m══════════════════════════════════════════════════════[0m
[96m══ TRAINING DIAGNOSTICS (cycle 10) ══════════════════════[0m
[96m══════════════════════════════════════════════════════[0m
  [1mREGIME:       [0m [93mNORMAL[0m (conf: 0.00)
  [1mDATA FRESH:   [0m [92m✅ 0.0min ago[0m
  [1mSIGNALS:      [0m 10/20 active
  [1mSIT-OUT:      [0m [92mNO[0m
  [1mCONVICTION:   [0m BTC: -0.04 (HOLD) | ETH: -0.03 (HOLD) | SOL: -0.01 (HOLD) | BNB: -0.03 (HOLD) | XRP: +0.02 (HOLD) | ADA: +0.08 ([92mBUY[0m) | DOT: +0.01 (HOLD) | AVAX: +0.01 (HOLD) | LINK: +0.05 (HOLD) | MATIC: +0.16 ([92mBUY[0m) | NEAR: +0.02 (HOLD) | SUI: -0.05 (HOLD) | ARB: -0.19 ([91mSELL[0m)
  [1mTRADES:       [0m open=2 closed=2 | PnL=$-1814.78 | WR=0%
  [1mLONG/SHORT:   [0m longs=3 shorts=1
  [1mBLOCKERS:     [0m [92mNONE[0m
[96m══════════════════════════════════════════════════════[0m

13:23:56 Cycle  10/200 [NORM] OK       | fresh=0.0min | open= 2 closed=  2 | PnL=$-1815 wr=0% | improve=0 sem_db=30 | 13.1s/c ETA 2485s | zero_streak=4
13:24:55 Cycle  15/200 [CRIS] OK       | fresh=0.0min | open= 0 closed=  5 | PnL=$-3685 wr=0% | improve=1 sem_db=30 | 12.7s/c ETA 2342s | zero_streak=0

[96m══════════════════════════════════════════════════════[0m
[96m══ TRAINING DIAGNOSTICS (cycle 20) ══════════════════════[0m
[96m══════════════════════════════════════════════════════[0m
  [1mREGIME:       [0m [93mCRISIS[0m (conf: 0.37)
  [1mDATA FRESH:   [0m [92m✅ 0.0min ago[0m
  [1mSIGNALS:      [0m 10/20 active
  [1mSIT-OUT:      [0m [92mNO[0m
  [1mCONVICTION:   [0m BTC: -0.04 (HOLD) | ETH: +0.03 (HOLD) | SOL: +0.06 ([92mBUY[0m) | BNB: +0.06 ([92mBUY[0m) | XRP: -0.08 ([91mSELL[0m) | ADA: -0.06 ([91mSELL[0m) | DOT: +0.12 ([92mBUY[0m) | AVAX: +0.03 (HOLD) | LINK: +0.03 (HOLD) | MATIC: -0.11 ([91mSELL[0m) | NEAR: +0.12 ([92mBUY[0m) | SUI: -0.09 ([91mSELL[0m) | ARB: -0.07 ([91mSELL[0m)
  [1mTRADES:       [0m open=1 closed=6 | PnL=$-3875.81 | WR=0%
  [1mLONG/SHORT:   [0m longs=6 shorts=1
  [1mBLOCKERS:     [0m [92mNONE[0m
[96m══════════════════════════════════════════════════════[0m

13:26:06 Cycle  20/200 [CRIS] OK       | fresh=0.0min | open= 1 closed=  6 | PnL=$-3876 wr=0% | improve=1 sem_db=30 | 13.0s/c ETA 2347s | zero_streak=3
13:27:05 Cycle  25/200 [HIGH] OK       | fresh=0.0min | open= 0 closed=  7 | PnL=$-3373 wr=14% | improve=1 sem_db=30 | 12.8s/c ETA 2238s | zero_streak=3

[96m══════════════════════════════════════════════════════[0m
[96m══ TRAINING DIAGNOSTICS (cycle 30) ══════════════════════[0m
[96m══════════════════════════════════════════════════════[0m
  [1mREGIME:       [0m [93mHIGH_VOL[0m (conf: 0.37)
  [1mDATA FRESH:   [0m [92m✅ 0.0min ago[0m
  [1mSIGNALS:      [0m 10/20 active
  [1mSIT-OUT:      [0m [92mNO[0m
  [1mCONVICTION:   [0m BTC: +0.06 ([92mBUY[0m) | ETH: +0.06 ([92mBUY[0m) | SOL: -0.14 ([91mSELL[0m) | BNB: +0.06 ([92mBUY[0m) | XRP: -0.02 (HOLD) | ADA: -0.11 ([91mSELL[0m) | DOT: -0.09 ([91mSELL[0m) | AVAX: +0.11 ([92mBUY[0m) | LINK: +0.10 ([92mBUY[0m) | MATIC: -0.33 ([91mSELL[0m) | NEAR: +0.19 ([92mBUY[0m) | SUI: +0.14 ([92mBUY[0m) | ARB: -0.01 (HOLD)
  [1mTRADES:       [0m open=1 closed=7 | PnL=$-3373.00 | WR=14%
  [1mLONG/SHORT:   [0m longs=6 shorts=2
  [1mBLOCKERS:     [0m [92mNONE[0m
[96m══════════════════════════════════════════════════════[0m

13:28:20 Cycle  30/200 [HIGH] OK       | fresh=0.0min | open= 1 closed=  7 | PnL=$-3373 wr=14% | improve=1 sem_db=30 | 13.2s/c ETA 2240s | zero_streak=8
13:29:20 Cycle  35/200 [NORM] OK       | fresh=0.0min | open= 1 closed=  8 | PnL=$-4146 wr=12% | improve=1 sem_db=30 | 13.0s/c ETA 2144s | zero_streak=4

[96m══════════════════════════════════════════════════════[0m
[96m══ TRAINING DIAGNOSTICS (cycle 40) ══════════════════════[0m
[96m══════════════════════════════════════════════════════[0m
  [1mREGIME:       [0m [93mNORMAL[0m (conf: 0.37)
  [1mDATA FRESH:   [0m [92m✅ 0.0min ago[0m
  [1mSIGNALS:      [0m 11/20 active
  [1mSIT-OUT:      [0m [92mNO[0m
  [1mCONVICTION:   [0m BTC: +0.01 (HOLD) | ETH: +0.05 ([92mBUY[0m) | SOL: -0.01 (HOLD) | BNB: -0.02 (HOLD) | XRP: +0.04 (HOLD) | ADA: -0.03 (HOLD) | DOT: -0.08 ([91mSELL[0m) | AVAX: -0.01 (HOLD) | LINK: +0.16 ([92mBUY[0m) | MATIC: +0.02 (HOLD) | NEAR: -0.01 (HOLD) | SUI: -0.04 (HOLD) | ARB: -0.08 ([91mSELL[0m)
  [1mTRADES:       [0m open=3 closed=10 | PnL=$-4171.21 | WR=20%
  [1mLONG/SHORT:   [0m longs=8 shorts=5
  [1mBLOCKERS:     [0m [92mNONE[0m
[96m══════════════════════════════════════════════════════[0m

13:30:34 Cycle  40/200 [NORM] OK       | fresh=0.0min | open= 3 closed= 10 | PnL=$-4171 wr=20% | improve=1 sem_db=30 | 13.2s/c ETA 2114s | zero_streak=0
13:31:33 Cycle  45/200 [NORM] OK       | fresh=0.0min | open= 3 closed= 12 | PnL=$-2585 wr=25% | improve=1 sem_db=30 | 13.1s/c ETA 2025s | zero_streak=3

[96m══════════════════════════════════════════════════════[0m
[96m══ TRAINING DIAGNOSTICS (cycle 50) ══════════════════════[0m
[96m══════════════════════════════════════════════════════[0m
  [1mREGIME:       [0m [93mHIGH_VOL[0m (conf: 0.37)
  [1mDATA FRESH:   [0m [92m✅ 0.0min ago[0m
  [1mSIGNALS:      [0m 12/20 active
  [1mSIT-OUT:      [0m [92mNO[0m
  [1mCONVICTION:   [0m BTC: +0.04 (HOLD) | ETH: +0.07 ([92mBUY[0m) | SOL: -0.09 ([91mSELL[0m) | BNB: -0.01 (HOLD) | XRP: -0.02 (HOLD) | ADA: -0.05 ([91mSELL[0m) | DOT: -0.09 ([91mSELL[0m) | AVAX: -0.01 (HOLD) | LINK: +0.23 ([92mBUY[0m) | MATIC: +0.09 ([92mBUY[0m) | NEAR: -0.09 ([91mSELL[0m) | SUI: -0.07 ([91mSELL[0m) | ARB: -0.01 (HOLD)
  [1mTRADES:       [0m open=1 closed=17 | PnL=$-2421.57 | WR=29%
  [1mLONG/SHORT:   [0m longs=10 shorts=8
  [1mBLOCKERS:     [0m [92mNONE[0m
[96m══════════════════════════════════════════════════════[0m

13:32:45 Cycle  50/200 [HIGH] OK       | fresh=0.0min | open= 1 closed= 17 | PnL=$-2422 wr=29% | improve=1 sem_db=30 | 13.2s/c ETA 1980s | zero_streak=0
13:33:58 Cycle  55/200 [HIGH] OK       | fresh=0.0min | open= 1 closed= 17 | PnL=$-2422 wr=29% | improve=1 sem_db=30 | 13.3s/c ETA 1933s | zero_streak=5

[96m══════════════════════════════════════════════════════[0m
[96m══ TRAINING DIAGNOSTICS (cycle 60) ══════════════════════[0m
[96m══════════════════════════════════════════════════════[0m
  [1mREGIME:       [0m [93mNORMAL[0m (conf: 0.37)
  [1mDATA FRESH:   [0m [92m✅ 0.0min ago[0m
  [1mSIGNALS:      [0m 11/20 active
  [1mSIT-OUT:      [0m [92mNO[0m
  [1mCONVICTION:   [0m BTC: +0.09 ([92mBUY[0m) | ETH: +0.13 ([92mBUY[0m) | SOL: -0.18 ([91mSELL[0m) | BNB: -0.08 ([91mSELL[0m) | XRP: -0.05 (HOLD) | ADA: -0.07 ([91mSELL[0m) | DOT: -0.07 ([91mSELL[0m) | AVAX: +0.04 (HOLD) | LINK: +0.08 ([92mBUY[0m) | MATIC: -0.32 ([91mSELL[0m) | NEAR: +0.18 ([92mBUY[0m) | SUI: +0.06 ([92mBUY[0m) | ARB: +0.18 ([92mBUY[0m)
  [1mTRADES:       [0m open=0 closed=18 | PnL=$-1326.87 | WR=33%
  [1mLONG/SHORT:   [0m longs=10 shorts=8
  [1mBLOCKERS:     [0m [92mNONE[0m
[96m══════════════════════════════════════════════════════[0m

13:34:56 Cycle  60/200 [NORM] OK       | fresh=0.0min | open= 0 closed= 18 | PnL=$-1327 wr=33% | improve=1 sem_db=30 | 13.2s/c ETA 1846s | zero_streak=1
13:35:55 Cycle  65/200 [CRIS] OK       | fresh=0.0min | open= 1 closed= 22 | PnL=$-4586 wr=32% | improve=1 sem_db=30 | 13.1s/c ETA 1765s | zero_streak=1

[96m══════════════════════════════════════════════════════[0m
[96m══ TRAINING DIAGNOSTICS (cycle 70) ══════════════════════[0m
[96m══════════════════════════════════════════════════════[0m
  [1mREGIME:       [0m [93mCRISIS[0m (conf: 0.37)
  [1mDATA FRESH:   [0m [92m✅ 0.0min ago[0m
  [1mSIGNALS:      [0m 11/20 active
  [1mSIT-OUT:      [0m [92mNO[0m
  [1mCONVICTION:   [0m BTC: -0.03 (HOLD) | ETH: -0.05 ([91mSELL[0m) | SOL: -0.06 ([91mSELL[0m) | BNB: -0.07 ([91mSELL[0m) | XRP: +0.04 (HOLD) | ADA: +0.09 ([92mBUY[0m) | DOT: -0.00 (HOLD) | AVAX: +0.01 (HOLD) | LINK: +0.21 ([92mBUY[0m) | MATIC: +0.15 ([92mBUY[0m) | NEAR: +0.01 (HOLD) | SUI: -0.06 ([91mSELL[0m) | ARB: -0.24 ([91mSELL[0m)
  [1mTRADES:       [0m open=2 closed=23 | PnL=$-5344.00 | WR=30%
  [1mLONG/SHORT:   [0m longs=15 shorts=10
  [1mBLOCKERS:     [0m [92mNONE[0m
[96m══════════════════════════════════════════════════════[0m

13:36:59 Cycle  70/200 [CRIS] OK       | fresh=0.0min | open= 2 closed= 23 | PnL=$-5344 wr=30% | improve=1 sem_db=30 | 13.1s/c ETA 1697s | zero_streak=3
13:37:58 Cycle  75/200 [CRIS] OK       | fresh=0.0min | open= 3 closed= 26 | PnL=$-6176 wr=27% | improve=1 sem_db=30 | 13.0s/c ETA 1621s | zero_streak=1

[96m══════════════════════════════════════════════════════[0m
[96m══ TRAINING DIAGNOSTICS (cycle 80) ══════════════════════[0m
[96m══════════════════════════════════════════════════════[0m
  [1mREGIME:       [0m [93mNORMAL[0m (conf: 0.37)
  [1mDATA FRESH:   [0m [92m✅ 0.0min ago[0m
  [1mSIGNALS:      [0m 11/20 active
  [1mSIT-OUT:      [0m [92mNO[0m
  [1mCONVICTION:   [0m BTC: -0.01 (HOLD) | ETH: -0.01 (HOLD) | SOL: -0.03 (HOLD) | BNB: +0.03 (HOLD) | XRP: -0.10 ([91mSELL[0m) | ADA: -0.03 (HOLD) | DOT: +0.13 ([92mBUY[0m) | AVAX: +0.01 (HOLD) | LINK: +0.18 ([92mBUY[0m) | MATIC: -0.08 ([91mSELL[0m) | NEAR: +0.13 ([92mBUY[0m) | SUI: -0.11 ([91mSELL[0m) | ARB: -0.10 ([91mSELL[0m)
  [1mTRADES:       [0m open=1 closed=28 | PnL=$-5985.04 | WR=29%
  [1mLONG/SHORT:   [0m longs=18 shorts=11
  [1mBLOCKERS:     [0m [92mNONE[0m
[96m══════════════════════════════════════════════════════[0m

13:38:56 Cycle  80/200 [NORM] OK       | fresh=0.0min | open= 1 closed= 28 | PnL=$-5985 wr=29% | improve=1 sem_db=30 | 12.9s/c ETA 1546s | zero_streak=1
13:39:54 Cycle  85/200 [NORM] OK       | fresh=0.0min | open= 3 closed= 30 | PnL=$-4740 wr=30% | improve=1 sem_db=30 | 12.8s/c ETA 1474s | zero_streak=2

[96m══════════════════════════════════════════════════════[0m
[96m══ TRAINING DIAGNOSTICS (cycle 90) ══════════════════════[0m
[96m══════════════════════════════════════════════════════[0m
  [1mREGIME:       [0m [93mHIGH_VOL[0m (conf: 0.37)
  [1mDATA FRESH:   [0m [92m✅ 0.0min ago[0m
  [1mSIGNALS:      [0m 11/20 active
  [1mSIT-OUT:      [0m [92mNO[0m
  [1mCONVICTION:   [0m BTC: +0.05 (HOLD) | ETH: +0.05 (HOLD) | SOL: -0.06 ([91mSELL[0m) | BNB: +0.06 ([92mBUY[0m) | XRP: -0.03 (HOLD) | ADA: -0.12 ([91mSELL[0m) | DOT: -0.04 (HOLD) | AVAX: +0.09 ([92mBUY[0m) | LINK: +0.16 ([92mBUY[0m) | MATIC: -0.32 ([91mSELL[0m) | NEAR: +0.09 ([92mBUY[0m) | SUI: +0.09 ([92mBUY[0m) | ARB: -0.02 (HOLD)
  [1mTRADES:       [0m open=3 closed=31 | PnL=$-4573.11 | WR=32%
  [1mLONG/SHORT:   [0m longs=21 shorts=13
  [1mBLOCKERS:     [0m [92mNONE[0m
[96m══════════════════════════════════════════════════════[0m

13:40:53 Cycle  90/200 [HIGH] OK       | fresh=0.0min | open= 3 closed= 31 | PnL=$-4573 wr=32% | improve=1 sem_db=30 | 12.8s/c ETA 1403s | zero_streak=3
13:41:51 Cycle  95/200 [NORM] OK       | fresh=0.0min | open= 1 closed= 34 | PnL=$-2509 wr=35% | improve=1 sem_db=30 | 12.7s/c ETA 1333s | zero_streak=1

[96m══════════════════════════════════════════════════════[0m
[96m══ TRAINING DIAGNOSTICS (cycle 100) ═════════════════════[0m
[96m══════════════════════════════════════════════════════[0m
  [1mREGIME:       [0m [93mNORMAL[0m (conf: 0.37)
  [1mDATA FRESH:   [0m [92m✅ 0.0min ago[0m
  [1mSIGNALS:      [0m 11/20 active
  [1mSIT-OUT:      [0m [92mNO[0m
  [1mCONVICTION:   [0m BTC: +0.01 (HOLD) | ETH: +0.07 ([92mBUY[0m) | SOL: -0.09 ([91mSELL[0m) | BNB: -0.00 (HOLD) | XRP: +0.07 ([92mBUY[0m) | ADA: -0.01 (HOLD) | DOT: -0.03 (HOLD) | AVAX: -0.00 (HOLD) | LINK: +0.11 ([92mBUY[0m) | MATIC: -0.07 ([91mSELL[0m) | NEAR: +0.02 (HOLD) | SUI: -0.02 (HOLD) | ARB: -0.06 ([91mSELL[0m)
  [1mTRADES:       [0m open=4 closed=35 | PnL=$-2597.29 | WR=34%
  [1mLONG/SHORT:   [0m longs=23 shorts=16
  [1mBLOCKERS:     [0m [92mNONE[0m
[96m══════════════════════════════════════════════════════[0m

13:42:52 Cycle 100/200 [NORM] OK       | fresh=0.0min | open= 4 closed= 35 | PnL=$-2597 wr=34% | improve=1 sem_db=30 | 12.7s/c ETA 1267s | zero_streak=0
13:43:51 Cycle 105/200 [NORM] OK       | fresh=0.0min | open= 2 closed= 38 | PnL=$-949 wr=37% | improve=1 sem_db=30 | 12.6s/c ETA 1200s | zero_streak=2

[96m══════════════════════════════════════════════════════[0m
[96m══ TRAINING DIAGNOSTICS (cycle 110) ═════════════════════[0m
[96m══════════════════════════════════════════════════════[0m
  [1mREGIME:       [0m [93mNORMAL[0m (conf: 0.37)
  [1mDATA FRESH:   [0m [92m✅ 0.0min ago[0m
  [1mSIGNALS:      [0m 11/20 active
  [1mSIT-OUT:      [0m [92mNO[0m
  [1mCONVICTION:   [0m BTC: +0.03 (HOLD) | ETH: +0.06 ([92mBUY[0m) | SOL: -0.09 ([91mSELL[0m) | BNB: -0.00 (HOLD) | XRP: -0.02 (HOLD) | ADA: -0.07 ([91mSELL[0m) | DOT: -0.10 ([91mSELL[0m) | AVAX: -0.04 (HOLD) | LINK: +0.21 ([92mBUY[0m) | MATIC: +0.25 ([92mBUY[0m) | NEAR: -0.10 ([91mSELL[0m) | SUI: -0.10 ([91mSELL[0m) | ARB: -0.04 (HOLD)
  [1mTRADES:       [0m open=2 closed=42 | PnL=$-641.49 | WR=38%
  [1mLONG/SHORT:   [0m longs=25 shorts=19
  [1mBLOCKERS:     [0m [92mNONE[0m
[96m══════════════════════════════════════════════════════[0m

13:44:50 Cycle 110/200 [NORM] OK       | fresh=0.0min | open= 2 closed= 42 | PnL=$-641 wr=38% | improve=1 sem_db=30 | 12.6s/c ETA 1133s | zero_streak=0
13:45:48 Cycle 115/200 [HIGH] OK       | fresh=0.0min | open= 1 closed= 43 | PnL=$-782 wr=37% | improve=1 sem_db=30 | 12.6s/c ETA 1067s | zero_streak=4

[96m══════════════════════════════════════════════════════[0m
[96m══ TRAINING DIAGNOSTICS (cycle 120) ═════════════════════[0m
[96m══════════════════════════════════════════════════════[0m
  [1mREGIME:       [0m [93mNORMAL[0m (conf: 0.37)
  [1mDATA FRESH:   [0m [92m✅ 0.0min ago[0m
  [1mSIGNALS:      [0m 12/20 active
  [1mSIT-OUT:      [0m [92mNO[0m
  [1mCONVICTION:   [0m BTC: +0.09 ([92mBUY[0m) | ETH: +0.09 ([92mBUY[0m) | SOL: -0.10 ([91mSELL[0m) | BNB: -0.08 ([91mSELL[0m) | XRP: -0.04 (HOLD) | ADA: -0.05 ([91mSELL[0m) | DOT: -0.04 (HOLD) | AVAX: +0.02 (HOLD) | LINK: +0.15 ([92mBUY[0m) | MATIC: -0.27 ([91mSELL[0m) | NEAR: +0.09 ([92mBUY[0m) | SUI: +0.06 ([92mBUY[0m) | ARB: +0.09 ([92mBUY[0m)
  [1mTRADES:       [0m open=0 closed=44 | PnL=$+313.08 | WR=39%
  [1mLONG/SHORT:   [0m longs=25 shorts=19
  [1mBLOCKERS:     [0m [92mNONE[0m
[96m══════════════════════════════════════════════════════[0m

13:46:48 Cycle 120/200 [NORM] OK       | fresh=0.0min | open= 0 closed= 44 | PnL=$+313 wr=39% | improve=1 sem_db=30 | 12.5s/c ETA 1002s | zero_streak=0
13:47:47 Cycle 125/200 [CRIS] OK       | fresh=0.0min | open= 0 closed= 48 | PnL=$-2946 wr=38% | improve=1 sem_db=30 | 12.5s/c ETA 937s | zero_streak=0

[96m══════════════════════════════════════════════════════[0m
[96m══ TRAINING DIAGNOSTICS (cycle 130) ═════════════════════[0m
[96m══════════════════════════════════════════════════════[0m
  [1mREGIME:       [0m [93mCRISIS[0m (conf: 0.37)
  [1mDATA FRESH:   [0m [92m✅ 0.0min ago[0m
  [1mSIGNALS:      [0m 11/20 active
  [1mSIT-OUT:      [0m [92mNO[0m
  [1mCONVICTION:   [0m BTC: -0.03 (HOLD) | ETH: -0.05 (HOLD) | SOL: -0.16 ([91mSELL[0m) | BNB: -0.08 ([91mSELL[0m) | XRP: +0.06 ([92mBUY[0m) | ADA: +0.12 ([92mBUY[0m) | DOT: +0.01 (HOLD) | AVAX: +0.03 (HOLD) | LINK: +0.15 ([92mBUY[0m) | MATIC: +0.17 ([92mBUY[0m) | NEAR: +0.01 (HOLD) | SUI: -0.03 (HOLD) | ARB: -0.20 ([91mSELL[0m)
  [1mTRADES:       [0m open=2 closed=49 | PnL=$-3704.08 | WR=37%
  [1mLONG/SHORT:   [0m longs=30 shorts=21
  [1mBLOCKERS:     [0m [92mNONE[0m
[96m══════════════════════════════════════════════════════[0m

13:48:45 Cycle 130/200 [CRIS] OK       | fresh=0.0min | open= 2 closed= 49 | PnL=$-3704 wr=37% | improve=1 sem_db=30 | 12.5s/c ETA 872s | zero_streak=2
13:49:44 Cycle 135/200 [CRIS] OK       | fresh=0.0min | open= 2 closed= 52 | PnL=$-4496 wr=35% | improve=1 sem_db=30 | 12.4s/c ETA 808s | zero_streak=0

[96m══════════════════════════════════════════════════════[0m
[96m══ TRAINING DIAGNOSTICS (cycle 140) ═════════════════════[0m
[96m══════════════════════════════════════════════════════[0m
  [1mREGIME:       [0m [93mNORMAL[0m (conf: 0.37)
  [1mDATA FRESH:   [0m [92m✅ 0.0min ago[0m
  [1mSIGNALS:      [0m 11/20 active
  [1mSIT-OUT:      [0m [92mNO[0m
  [1mCONVICTION:   [0m BTC: -0.03 (HOLD) | ETH: -0.00 (HOLD) | SOL: -0.13 ([91mSELL[0m) | BNB: +0.02 (HOLD) | XRP: -0.09 ([91mSELL[0m) | ADA: +0.02 (HOLD) | DOT: +0.21 ([92mBUY[0m) | AVAX: +0.02 (HOLD) | LINK: +0.12 ([92mBUY[0m) | MATIC: -0.10 ([91mSELL[0m) | NEAR: +0.21 ([92mBUY[0m) | SUI: -0.10 ([91mSELL[0m) | ARB: -0.13 ([91mSELL[0m)
  [1mTRADES:       [0m open=1 closed=54 | PnL=$-4238.45 | WR=35%
  [1mLONG/SHORT:   [0m longs=33 shorts=22
  [1mBLOCKERS:     [0m [92mNONE[0m
[96m══════════════════════════════════════════════════════[0m

13:50:43 Cycle 140/200 [NORM] OK       | fresh=0.0min | open= 1 closed= 54 | PnL=$-4238 wr=35% | improve=1 sem_db=30 | 12.4s/c ETA 745s | zero_streak=0
13:51:41 Cycle 145/200 [NORM] OK       | fresh=0.0min | open= 2 closed= 56 | PnL=$-2984 wr=36% | improve=1 sem_db=30 | 12.4s/c ETA 681s | zero_streak=1

[96m══════════════════════════════════════════════════════[0m
[96m══ TRAINING DIAGNOSTICS (cycle 150) ═════════════════════[0m
[96m══════════════════════════════════════════════════════[0m
  [1mREGIME:       [0m [93mNORMAL[0m (conf: 0.37)
  [1mDATA FRESH:   [0m [92m✅ 0.0min ago[0m
  [1mSIGNALS:      [0m 11/20 active
  [1mSIT-OUT:      [0m [92mNO[0m
  [1mCONVICTION:   [0m BTC: +0.04 (HOLD) | ETH: +0.03 (HOLD) | SOL: -0.06 ([91mSELL[0m) | BNB: +0.05 (HOLD) | XRP: -0.03 (HOLD) | ADA: -0.14 ([91mSELL[0m) | DOT: +0.00 (HOLD) | AVAX: +0.07 ([92mBUY[0m) | LINK: +0.16 ([92mBUY[0m) | MATIC: -0.28 ([91mSELL[0m) | NEAR: +0.12 ([92mBUY[0m) | SUI: +0.08 ([92mBUY[0m) | ARB: -0.04 (HOLD)
  [1mTRADES:       [0m open=2 closed=57 | PnL=$-2822.59 | WR=37%
  [1mLONG/SHORT:   [0m longs=35 shorts=24
  [1mBLOCKERS:     [0m [92mNONE[0m
[96m══════════════════════════════════════════════════════[0m

13:52:47 Cycle 150/200 [NORM] OK       | fresh=0.0min | open= 2 closed= 57 | PnL=$-2823 wr=37% | improve=1 sem_db=30 | 12.4s/c ETA 621s | zero_streak=2
13:53:45 Cycle 155/200 [HIGH] OK       | fresh=0.0min | open= 1 closed= 59 | PnL=$-1381 wr=37% | improve=1 sem_db=30 | 12.4s/c ETA 557s | zero_streak=0

[96m══════════════════════════════════════════════════════[0m
[96m══ TRAINING DIAGNOSTICS (cycle 160) ═════════════════════[0m
[96m══════════════════════════════════════════════════════[0m
  [1mREGIME:       [0m [93mNORMAL[0m (conf: 0.37)
  [1mDATA FRESH:   [0m [92m✅ 0.0min ago[0m
  [1mSIGNALS:      [0m 11/20 active
  [1mSIT-OUT:      [0m [92mNO[0m
  [1mCONVICTION:   [0m BTC: -0.01 (HOLD) | ETH: +0.07 ([92mBUY[0m) | SOL: -0.03 (HOLD) | BNB: -0.02 (HOLD) | XRP: +0.06 ([92mBUY[0m) | ADA: -0.01 (HOLD) | DOT: +0.00 (HOLD) | AVAX: -0.02 (HOLD) | LINK: +0.15 ([92mBUY[0m) | MATIC: -0.14 ([91mSELL[0m) | NEAR: +0.02 (HOLD) | SUI: -0.02 (HOLD) | ARB: -0.07 ([91mSELL[0m)
  [1mTRADES:       [0m open=4 closed=59 | PnL=$-1380.51 | WR=37%
  [1mLONG/SHORT:   [0m longs=37 shorts=26
  [1mBLOCKERS:     [0m [92mNONE[0m
[96m══════════════════════════════════════════════════════[0m

13:54:44 Cycle 160/200 [NORM] OK       | fresh=0.0min | open= 4 closed= 59 | PnL=$-1381 wr=37% | improve=1 sem_db=30 | 12.4s/c ETA 495s | zero_streak=5
13:55:43 Cycle 165/200 [NORM] OK       | fresh=0.0min | open= 2 closed= 63 | PnL=$+180 wr=38% | improve=1 sem_db=30 | 12.3s/c ETA 432s | zero_streak=1

[96m══════════════════════════════════════════════════════[0m
[96m══ TRAINING DIAGNOSTICS (cycle 170) ═════════════════════[0m
[96m══════════════════════════════════════════════════════[0m
  [1mREGIME:       [0m [93mNORMAL[0m (conf: 0.37)
  [1mDATA FRESH:   [0m [92m✅ 0.0min ago[0m
  [1mSIGNALS:      [0m 11/20 active
  [1mSIT-OUT:      [0m [92mNO[0m
  [1mCONVICTION:   [0m BTC: +0.03 (HOLD) | ETH: +0.05 (HOLD) | SOL: -0.15 ([91mSELL[0m) | BNB: +0.02 (HOLD) | XRP: -0.01 (HOLD) | ADA: -0.06 ([91mSELL[0m) | DOT: -0.11 ([91mSELL[0m) | AVAX: -0.04 (HOLD) | LINK: +0.15 ([92mBUY[0m) | MATIC: +0.39 ([92mBUY[0m) | NEAR: -0.11 ([91mSELL[0m) | SUI: -0.11 ([91mSELL[0m) | ARB: -0.05 ([91mSELL[0m)
  [1mTRADES:       [0m open=2 closed=66 | PnL=$-55.62 | WR=38%
  [1mLONG/SHORT:   [0m longs=38 shorts=30
  [1mBLOCKERS:     [0m [92mNONE[0m
[96m══════════════════════════════════════════════════════[0m

13:56:41 Cycle 170/200 [NORM] OK       | fresh=0.0min | open= 2 closed= 66 | PnL=$-56 wr=38% | improve=1 sem_db=30 | 12.3s/c ETA 370s | zero_streak=0
13:57:41 Cycle 175/200 [HIGH] OK       | fresh=0.0min | open= 1 closed= 68 | PnL=$+347 wr=38% | improve=1 sem_db=30 | 12.3s/c ETA 308s | zero_streak=3

[96m══════════════════════════════════════════════════════[0m
[96m══ TRAINING DIAGNOSTICS (cycle 180) ═════════════════════[0m
[96m══════════════════════════════════════════════════════[0m
  [1mREGIME:       [0m [93mNORMAL[0m (conf: 0.37)
  [1mDATA FRESH:   [0m [92m✅ 0.0min ago[0m
  [1mSIGNALS:      [0m 12/20 active
  [1mSIT-OUT:      [0m [92mNO[0m
  [1mCONVICTION:   [0m BTC: +0.08 ([92mBUY[0m) | ETH: +0.08 ([92mBUY[0m) | SOL: -0.10 ([91mSELL[0m) | BNB: -0.08 ([91mSELL[0m) | XRP: -0.04 (HOLD) | ADA: -0.01 (HOLD) | DOT: -0.04 (HOLD) | AVAX: +0.02 (HOLD) | LINK: +0.16 ([92mBUY[0m) | MATIC: -0.30 ([91mSELL[0m) | NEAR: +0.08 ([92mBUY[0m) | SUI: +0.08 ([92mBUY[0m) | ARB: +0.08 ([92mBUY[0m)
  [1mTRADES:       [0m open=1 closed=68 | PnL=$+347.09 | WR=38%
  [1mLONG/SHORT:   [0m longs=39 shorts=30
  [1mBLOCKERS:     [0m [92mNONE[0m
[96m══════════════════════════════════════════════════════[0m

13:58:40 Cycle 180/200 [NORM] OK       | fresh=0.0min | open= 1 closed= 68 | PnL=$+347 wr=38% | improve=1 sem_db=30 | 12.3s/c ETA 246s | zero_streak=8
13:59:38 Cycle 185/200 [CRIS] OK       | fresh=0.0min | open= 1 closed= 72 | PnL=$-1887 wr=38% | improve=1 sem_db=30 | 12.3s/c ETA 184s | zero_streak=1

[96m══════════════════════════════════════════════════════[0m
[96m══ TRAINING DIAGNOSTICS (cycle 190) ═════════════════════[0m
[96m══════════════════════════════════════════════════════[0m
  [1mREGIME:       [0m [93mCRISIS[0m (conf: 0.37)
  [1mDATA FRESH:   [0m [92m✅ 0.0min ago[0m
  [1mSIGNALS:      [0m 11/20 active
  [1mSIT-OUT:      [0m [92mNO[0m
  [1mCONVICTION:   [0m BTC: -0.04 (HOLD) | ETH: -0.09 ([91mSELL[0m) | SOL: -0.08 ([91mSELL[0m) | BNB: -0.13 ([91mSELL[0m) | XRP: +0.06 ([92mBUY[0m) | ADA: +0.11 ([92mBUY[0m) | DOT: -0.01 (HOLD) | AVAX: +0.02 (HOLD) | LINK: +0.20 ([92mBUY[0m) | MATIC: +0.17 ([92mBUY[0m) | NEAR: -0.01 (HOLD) | SUI: -0.05 ([91mSELL[0m) | ARB: -0.16 ([91mSELL[0m)
  [1mTRADES:       [0m open=1 closed=74 | PnL=$-2516.38 | WR=38%
  [1mLONG/SHORT:   [0m longs=44 shorts=31
  [1mBLOCKERS:     [0m [92mNONE[0m
[96m══════════════════════════════════════════════════════[0m

14:00:37 Cycle 190/200 [CRIS] OK       | fresh=0.0min | open= 1 closed= 74 | PnL=$-2516 wr=38% | improve=1 sem_db=30 | 12.3s/c ETA 123s | zero_streak=1
14:01:33 Cycle 195/200 [CRIS] OK       | fresh=0.0min | open= 3 closed= 76 | PnL=$-3002 wr=37% | improve=1 sem_db=30 | 12.2s/c ETA 61s | zero_streak=1

[96m══════════════════════════════════════════════════════[0m
[96m══ TRAINING DIAGNOSTICS (cycle 200) ═════════════════════[0m
[96m══════════════════════════════════════════════════════[0m
  [1mREGIME:       [0m [93mCRISIS[0m (conf: 0.37)
  [1mDATA FRESH:   [0m [92m✅ 0.0min ago[0m
  [1mSIGNALS:      [0m 11/20 active
  [1mSIT-OUT:      [0m [92mNO[0m
  [1mCONVICTION:   [0m BTC: -0.05 (HOLD) | ETH: -0.00 (HOLD) | SOL: -0.05 ([91mSELL[0m) | BNB: +0.01 (HOLD) | XRP: -0.08 ([91mSELL[0m) | ADA: +0.07 ([92mBUY[0m) | DOT: +0.11 ([92mBUY[0m) | AVAX: +0.05 (HOLD) | LINK: +0.18 ([92mBUY[0m) | MATIC: -0.10 ([91mSELL[0m) | NEAR: +0.11 ([92mBUY[0m) | SUI: -0.08 ([91mSELL[0m) | ARB: -0.16 ([91mSELL[0m)
  [1mTRADES:       [0m open=2 closed=78 | PnL=$-2894.09 | WR=37%
  [1mLONG/SHORT:   [0m longs=47 shorts=33
  [1mBLOCKERS:     [0m [92mNONE[0m
[96m══════════════════════════════════════════════════════[0m

14:02:33 Cycle 200/200 [CRIS] OK       | fresh=0.0min | open= 2 closed= 78 | PnL=$-2894 wr=37% | improve=1 sem_db=30 | 12.2s/c ETA 0s | zero_streak=2
14:02:33 V206B_RECENT_R1: no baseline version found for gate comparison
14:02:33 Attribution — alpha: $-265.90  beta: $+9777030.32  timing: $-9779745.07  selection: $+0.00
14:02:33 Attribution report  : /Users/benebsworth/projects/omega/data/v206b_recent_r1_attribution.json
14:02:33 
14:02:33 ======================================================================
14:02:33 V206B_RECENT_R1 COMPLETE — 200 cycles in 2448s (12.24s/cycle)
14:02:33 ======================================================================
14:02:33 improve_calls         : 1
14:02:33 semantic_patterns_db  : 30
14:02:33 Closed trades         : 78  (long=46  short=32)
14:02:33 Total PnL             : $-2894.09  (engine realised: $-2894.09)
14:02:33 Win rate              : 37.2%  (29/78)
14:02:33 Profit factor         : 0.88
14:02:33 --- Observability ---
14:02:33 Zero-trade cycles     : 134 / 200  (67%)
14:02:33 Circuit breaker trips : 0
14:02:33 Final vol threshold   : 0.000
14:02:33 Metrics JSONL         : /tmp/v206b_recent_r1_metrics.jsonl
14:02:33 Results               : /Users/benebsworth/projects/omega/data/v206b_recent_r1_results.json
14:02:33 ======================================================================
