hmmlearn not available — using numpy GMM fallback
14:02:37 WARNING omega.nodes.victoria.data_cache: MacroDataCache: FRED_API_KEY not set — using DEMO_KEY (30 req/day limit). Set FRED_API_KEY env var for full access.
14:02:37 WARNING omega.core.heartbeat_client: heartbeat: http://localhost:8080/api/v1/nodes/victoria_v206b_recent_r2/lifecycle unreachable ([Errno 61] Connection refused) — continuing
14:02:37 WARNING omega.nodes.victoria.data_cache: MacroDataCache: FRED_API_KEY not set — using DEMO_KEY (30 req/day limit). Set FRED_API_KEY env var for full access.
14:02:48 WARNING omega.core.heartbeat_client: heartbeat: http://localhost:8080/api/v1/diagnostics unreachable ([Errno 61] Connection refused) — continuing
14:02:48 WARNING omega.core.heartbeat_client: heartbeat: http://localhost:8080/api/v1/nodes/victoria_v206b_recent_r2/decisions unreachable ([Errno 61] Connection refused) — continuing
14:02:59 WARNING omega.core.heartbeat_client: heartbeat: http://localhost:8080/api/v1/diagnostics unreachable ([Errno 61] Connection refused) — continuing
14:02:59 WARNING omega.core.heartbeat_client: heartbeat: http://localhost:8080/api/v1/nodes/victoria_v206b_recent_r2/decisions unreachable ([Errno 61] Connection refused) — continuing
14:03:11 WARNING omega.core.heartbeat_client: heartbeat: http://localhost:8080/api/v1/diagnostics unreachable ([Errno 61] Connection refused) — continuing
14:03:11 WARNING omega.core.heartbeat_client: heartbeat: http://localhost:8080/api/v1/nodes/victoria_v206b_recent_r2/decisions unreachable ([Errno 61] Connection refused) — continuing
14:03:22 WARNING omega.core.heartbeat_client: heartbeat: http://localhost:8080/api/v1/diagnostics unreachable ([Errno 61] Connection refused) — continuing
14:03:22 WARNING omega.core.heartbeat_client: heartbeat: http://localhost:8080/api/v1/nodes/victoria_v206b_recent_r2/decisions unreachable ([Errno 61] Connection refused) — continuing
14:03:34 WARNING omega.core.heartbeat_client: heartbeat: http://localhost:8080/api/v1/diagnostics unreachable ([Errno 61] Connection refused) — continuing
14:03:34 WARNING omega.core.heartbeat_client: heartbeat: http://localhost:8080/api/v1/nodes/victoria_v206b_recent_r2/decisions unreachable ([Errno 61] Connection refused) — continuing
14:03:45 WARNING omega.core.heartbeat_client: heartbeat: http://localhost:8080/api/v1/diagnostics unreachable ([Errno 61] Connection refused) — continuing
14:03:45 WARNING omega.core.heartbeat_client: heartbeat: http://localhost:8080/api/v1/nodes/victoria_v206b_recent_r2/decisions unreachable ([Errno 61] Connection refused) — continuing
14:03:57 WARNING omega.core.heartbeat_client: heartbeat: http://localhost:8080/api/v1/diagnostics unreachable ([Errno 61] Connection refused) — continuing
14:03:57 WARNING omega.core.heartbeat_client: heartbeat: http://localhost:8080/api/v1/nodes/victoria_v206b_recent_r2/decisions unreachable ([Errno 61] Connection refused) — continuing
14:04:08 WARNING omega.core.heartbeat_client: heartbeat: http://localhost:8080/api/v1/diagnostics unreachable ([Errno 61] Connection refused) — continuing
14:04:08 WARNING omega.core.heartbeat_client: heartbeat: http://localhost:8080/api/v1/nodes/victoria_v206b_recent_r2/decisions unreachable ([Errno 61] Connection refused) — continuing
14:04:20 WARNING omega.core.heartbeat_client: heartbeat: http://localhost:8080/api/v1/diagnostics unreachable ([Errno 61] Connection refused) — continuing
14:04:20 WARNING omega.core.heartbeat_client: heartbeat: http://localhost:8080/api/v1/nodes/victoria_v206b_recent_r2/decisions unreachable ([Errno 61] Connection refused) — continuing
14:04:32 WARNING omega.core.heartbeat_client: heartbeat: http://localhost:8080/api/v1/diagnostics unreachable ([Errno 61] Connection refused) — continuing
14:04:44 WARNING omega.core.heartbeat_client: heartbeat: http://localhost:8080/api/v1/nodes/victoria_v206b_recent_r2/decisions unreachable ([Errno 61] Connection refused) — continuing
14:04:56 WARNING omega.core.heartbeat_client: heartbeat: http://localhost:8080/api/v1/diagnostics unreachable ([Errno 61] Connection refused) — continuing
14:04:56 WARNING omega.core.heartbeat_client: heartbeat: http://localhost:8080/api/v1/nodes/victoria_v206b_recent_r2/decisions unreachable ([Errno 61] Connection refused) — continuing
14:05:08 WARNING omega.core.heartbeat_client: heartbeat: http://localhost:8080/api/v1/diagnostics unreachable ([Errno 61] Connection refused) — continuing
14:05:08 WARNING omega.core.heartbeat_client: heartbeat: http://localhost:8080/api/v1/nodes/victoria_v206b_recent_r2/decisions unreachable ([Errno 61] Connection refused) — continuing
14:05:18 WARNING omega.nodes.victoria.vrp_signal: VRP circuit breaker: zscore=-2.75 < -2.0sigma — extreme COMPLACENCY; flagging for manual review (iv=0.36 rv=0.77)
14:05:19 WARNING omega.core.heartbeat_client: heartbeat: http://localhost:8080/api/v1/diagnostics unreachable ([Errno 61] Connection refused) — continuing
14:05:19 WARNING omega.core.heartbeat_client: heartbeat: http://localhost:8080/api/v1/nodes/victoria_v206b_recent_r2/decisions unreachable ([Errno 61] Connection refused) — continuing
14:05:31 WARNING omega.core.heartbeat_client: heartbeat: http://localhost:8080/api/v1/diagnostics unreachable ([Errno 61] Connection refused) — continuing
14:05:31 WARNING omega.core.heartbeat_client: heartbeat: http://localhost:8080/api/v1/nodes/victoria_v206b_recent_r2/decisions unreachable ([Errno 61] Connection refused) — continuing
14:05:43 WARNING omega.core.heartbeat_client: heartbeat: http://localhost:8080/api/v1/diagnostics unreachable ([Errno 61] Connection refused) — continuing
14:05:43 WARNING omega.core.heartbeat_client: heartbeat: http://localhost:8080/api/v1/nodes/victoria_v206b_recent_r2/decisions unreachable ([Errno 61] Connection refused) — continuing
14:05:54 WARNING omega.core.heartbeat_client: heartbeat: http://localhost:8080/api/v1/diagnostics unreachable ([Errno 61] Connection refused) — continuing
14:05:54 WARNING omega.core.heartbeat_client: heartbeat: http://localhost:8080/api/v1/nodes/victoria_v206b_recent_r2/decisions unreachable ([Errno 61] Connection refused) — continuing
14:06:06 WARNING omega.core.heartbeat_client: heartbeat: http://localhost:8080/api/v1/diagnostics unreachable ([Errno 61] Connection refused) — continuing
14:06:06 WARNING omega.core.heartbeat_client: heartbeat: http://localhost:8080/api/v1/nodes/victoria_v206b_recent_r2/decisions unreachable ([Errno 61] Connection refused) — continuing
14:06:16 WARNING omega.core.heartbeat_client: heartbeat: http://localhost:8080/api/v1/diagnostics unreachable ([Errno 61] Connection refused) — continuing
14:06:16 WARNING omega.core.heartbeat_client: heartbeat: http://localhost:8080/api/v1/nodes/victoria_v206b_recent_r2/decisions unreachable ([Errno 61] Connection refused) — continuing
14:06:28 WARNING omega.core.heartbeat_client: heartbeat: http://localhost:8080/api/v1/diagnostics unreachable ([Errno 61] Connection refused) — continuing
14:06:28 WARNING omega.core.heartbeat_client: heartbeat: http://localhost:8080/api/v1/nodes/victoria_v206b_recent_r2/decisions unreachable ([Errno 61] Connection refused) — continuing
14:06:40 WARNING omega.core.heartbeat_client: heartbeat: http://localhost:8080/api/v1/diagnostics unreachable ([Errno 61] Connection refused) — continuing
14:06:56 WARNING omega.core.heartbeat_client: heartbeat: http://localhost:8080/api/v1/nodes/victoria_v206b_recent_r2/decisions unreachable ([Errno 61] Connection refused) — continuing
14:07:08 WARNING omega.core.heartbeat_client: heartbeat: http://localhost:8080/api/v1/diagnostics unreachable ([Errno 61] Connection refused) — continuing
14:07:08 WARNING omega.core.heartbeat_client: heartbeat: http://localhost:8080/api/v1/nodes/victoria_v206b_recent_r2/decisions unreachable ([Errno 61] Connection refused) — continuing
14:07:19 WARNING omega.core.heartbeat_client: heartbeat: http://localhost:8080/api/v1/diagnostics unreachable ([Errno 61] Connection refused) — continuing
14:07:19 WARNING omega.core.heartbeat_client: heartbeat: http://localhost:8080/api/v1/nodes/victoria_v206b_recent_r2/decisions unreachable ([Errno 61] Connection refused) — continuing
14:07:31 WARNING omega.core.heartbeat_client: heartbeat: http://localhost:8080/api/v1/diagnostics unreachable ([Errno 61] Connection refused) — continuing
14:07:31 WARNING omega.core.heartbeat_client: heartbeat: http://localhost:8080/api/v1/nodes/victoria_v206b_recent_r2/decisions unreachable ([Errno 61] Connection refused) — continuing
14:07:42 WARNING omega.core.heartbeat_client: heartbeat: http://localhost:8080/api/v1/diagnostics unreachable ([Errno 61] Connection refused) — continuing
14:07:42 WARNING omega.core.heartbeat_client: heartbeat: http://localhost:8080/api/v1/nodes/victoria_v206b_recent_r2/decisions unreachable ([Errno 61] Connection refused) — continuing
14:07:55 WARNING omega.core.heartbeat_client: heartbeat: http://localhost:8080/api/v1/diagnostics unreachable ([Errno 61] Connection refused) — continuing
14:07:55 WARNING omega.core.heartbeat_client: heartbeat: http://localhost:8080/api/v1/nodes/victoria_v206b_recent_r2/decisions unreachable ([Errno 61] Connection refused) — continuing
14:08:06 WARNING omega.core.heartbeat_client: heartbeat: http://localhost:8080/api/v1/diagnostics unreachable ([Errno 61] Connection refused) — continuing
14:08:06 WARNING omega.core.heartbeat_client: heartbeat: http://localhost:8080/api/v1/nodes/victoria_v206b_recent_r2/decisions unreachable ([Errno 61] Connection refused) — continuing
14:08:18 WARNING omega.core.heartbeat_client: heartbeat: http://localhost:8080/api/v1/diagnostics unreachable ([Errno 61] Connection refused) — continuing
14:08:18 WARNING omega.core.heartbeat_client: heartbeat: http://localhost:8080/api/v1/nodes/victoria_v206b_recent_r2/decisions unreachable ([Errno 61] Connection refused) — continuing
14:08:29 WARNING omega.core.heartbeat_client: heartbeat: http://localhost:8080/api/v1/diagnostics unreachable ([Errno 61] Connection refused) — continuing
14:08:29 WARNING omega.core.heartbeat_client: heartbeat: http://localhost:8080/api/v1/nodes/victoria_v206b_recent_r2/decisions unreachable ([Errno 61] Connection refused) — continuing
14:08:41 WARNING omega.core.heartbeat_client: heartbeat: http://localhost:8080/api/v1/diagnostics unreachable ([Errno 61] Connection refused) — continuing
14:08:41 WARNING omega.core.heartbeat_client: heartbeat: http://localhost:8080/api/v1/nodes/victoria_v206b_recent_r2/decisions unreachable ([Errno 61] Connection refused) — continuing
/opt/homebrew/lib/python3.14/site-packages/numpy/lib/_function_base_impl.py:3023: RuntimeWarning: invalid value encountered in divide
  c /= stddev[:, None]
/opt/homebrew/lib/python3.14/site-packages/numpy/lib/_function_base_impl.py:3024: RuntimeWarning: invalid value encountered in divide
  c /= stddev[None, :]
14:08:53 WARNING omega.core.heartbeat_client: heartbeat: http://localhost:8080/api/v1/diagnostics unreachable ([Errno 61] Connection refused) — continuing
14:09:02 WARNING omega.core.heartbeat_client: heartbeat: http://localhost:8080/api/v1/nodes/victoria_v206b_recent_r2/decisions unreachable ([Errno 61] Connection refused) — continuing
/opt/homebrew/lib/python3.14/site-packages/numpy/lib/_function_base_impl.py:3023: RuntimeWarning: invalid value encountered in divide
  c /= stddev[:, None]
/opt/homebrew/lib/python3.14/site-packages/numpy/lib/_function_base_impl.py:3024: RuntimeWarning: invalid value encountered in divide
  c /= stddev[None, :]
14:09:13 WARNING omega.core.heartbeat_client: heartbeat: http://localhost:8080/api/v1/diagnostics unreachable ([Errno 61] Connection refused) — continuing
14:09:13 WARNING omega.core.heartbeat_client: heartbeat: http://localhost:8080/api/v1/nodes/victoria_v206b_recent_r2/decisions unreachable ([Errno 61] Connection refused) — continuing
14:09:25 WARNING omega.core.heartbeat_client: heartbeat: http://localhost:8080/api/v1/diagnostics unreachable ([Errno 61] Connection refused) — continuing
14:09:25 WARNING omega.core.heartbeat_client: heartbeat: http://localhost:8080/api/v1/nodes/victoria_v206b_recent_r2/decisions unreachable ([Errno 61] Connection refused) — continuing
14:09:37 WARNING omega.core.heartbeat_client: heartbeat: http://localhost:8080/api/v1/diagnostics unreachable ([Errno 61] Connection refused) — continuing
14:09:37 WARNING omega.core.heartbeat_client: heartbeat: http://localhost:8080/api/v1/nodes/victoria_v206b_recent_r2/decisions unreachable ([Errno 61] Connection refused) — continuing
14:09:48 WARNING omega.core.heartbeat_client: heartbeat: http://localhost:8080/api/v1/diagnostics unreachable ([Errno 61] Connection refused) — continuing
14:09:48 WARNING omega.core.heartbeat_client: heartbeat: http://localhost:8080/api/v1/nodes/victoria_v206b_recent_r2/decisions unreachable ([Errno 61] Connection refused) — continuing
14:10:00 WARNING omega.core.heartbeat_client: heartbeat: http://localhost:8080/api/v1/diagnostics unreachable ([Errno 61] Connection refused) — continuing
14:10:00 WARNING omega.core.heartbeat_client: heartbeat: http://localhost:8080/api/v1/nodes/victoria_v206b_recent_r2/decisions unreachable ([Errno 61] Connection refused) — continuing
14:10:12 WARNING omega.core.heartbeat_client: heartbeat: http://localhost:8080/api/v1/diagnostics unreachable ([Errno 61] Connection refused) — continuing
14:10:12 WARNING omega.core.heartbeat_client: heartbeat: http://localhost:8080/api/v1/nodes/victoria_v206b_recent_r2/decisions unreachable ([Errno 61] Connection refused) — continuing
14:10:23 WARNING omega.core.heartbeat_client: heartbeat: http://localhost:8080/api/v1/diagnostics unreachable ([Errno 61] Connection refused) — continuing
14:10:23 WARNING omega.core.heartbeat_client: heartbeat: http://localhost:8080/api/v1/nodes/victoria_v206b_recent_r2/decisions unreachable ([Errno 61] Connection refused) — continuing
14:10:35 WARNING omega.core.heartbeat_client: heartbeat: http://localhost:8080/api/v1/diagnostics unreachable ([Errno 61] Connection refused) — continuing
14:10:35 WARNING omega.core.heartbeat_client: heartbeat: http://localhost:8080/api/v1/nodes/victoria_v206b_recent_r2/decisions unreachable ([Errno 61] Connection refused) — continuing
14:10:47 WARNING omega.core.heartbeat_client: heartbeat: http://localhost:8080/api/v1/diagnostics unreachable ([Errno 61] Connection refused) — continuing
14:10:47 WARNING omega.core.heartbeat_client: heartbeat: http://localhost:8080/api/v1/nodes/victoria_v206b_recent_r2/decisions unreachable ([Errno 61] Connection refused) — continuing
14:10:59 WARNING omega.core.heartbeat_client: heartbeat: http://localhost:8080/api/v1/diagnostics unreachable ([Errno 61] Connection refused) — continuing
14:11:11 WARNING omega.core.heartbeat_client: heartbeat: http://localhost:8080/api/v1/nodes/victoria_v206b_recent_r2/decisions unreachable ([Errno 61] Connection refused) — continuing
/opt/homebrew/lib/python3.14/site-packages/numpy/lib/_function_base_impl.py:3023: RuntimeWarning: invalid value encountered in divide
  c /= stddev[:, None]
/opt/homebrew/lib/python3.14/site-packages/numpy/lib/_function_base_impl.py:3024: RuntimeWarning: invalid value encountered in divide
  c /= stddev[None, :]
14:11:22 WARNING omega.core.heartbeat_client: heartbeat: http://localhost:8080/api/v1/diagnostics unreachable ([Errno 61] Connection refused) — continuing
14:11:22 WARNING omega.core.heartbeat_client: heartbeat: http://localhost:8080/api/v1/nodes/victoria_v206b_recent_r2/decisions unreachable ([Errno 61] Connection refused) — continuing
/opt/homebrew/lib/python3.14/site-packages/numpy/lib/_function_base_impl.py:3023: RuntimeWarning: invalid value encountered in divide
  c /= stddev[:, None]
/opt/homebrew/lib/python3.14/site-packages/numpy/lib/_function_base_impl.py:3024: RuntimeWarning: invalid value encountered in divide
  c /= stddev[None, :]
14:11:34 WARNING omega.core.heartbeat_client: heartbeat: http://localhost:8080/api/v1/diagnostics unreachable ([Errno 61] Connection refused) — continuing
14:11:34 WARNING omega.core.heartbeat_client: heartbeat: http://localhost:8080/api/v1/nodes/victoria_v206b_recent_r2/decisions unreachable ([Errno 61] Connection refused) — continuing
14:11:46 WARNING omega.core.heartbeat_client: heartbeat: http://localhost:8080/api/v1/diagnostics unreachable ([Errno 61] Connection refused) — continuing
14:11:46 WARNING omega.core.heartbeat_client: heartbeat: http://localhost:8080/api/v1/nodes/victoria_v206b_recent_r2/decisions unreachable ([Errno 61] Connection refused) — continuing
14:11:57 WARNING omega.core.heartbeat_client: heartbeat: http://localhost:8080/api/v1/diagnostics unreachable ([Errno 61] Connection refused) — continuing
14:11:57 WARNING omega.core.heartbeat_client: heartbeat: http://localhost:8080/api/v1/nodes/victoria_v206b_recent_r2/decisions unreachable ([Errno 61] Connection refused) — continuing
14:12:09 WARNING omega.core.heartbeat_client: heartbeat: http://localhost:8080/api/v1/diagnostics unreachable ([Errno 61] Connection refused) — continuing
14:12:09 WARNING omega.core.heartbeat_client: heartbeat: http://localhost:8080/api/v1/nodes/victoria_v206b_recent_r2/decisions unreachable ([Errno 61] Connection refused) — continuing
14:12:20 WARNING omega.core.heartbeat_client: heartbeat: http://localhost:8080/api/v1/diagnostics unreachable ([Errno 61] Connection refused) — continuing
14:12:20 WARNING omega.core.heartbeat_client: heartbeat: http://localhost:8080/api/v1/nodes/victoria_v206b_recent_r2/decisions unreachable ([Errno 61] Connection refused) — continuing
14:12:32 WARNING omega.core.heartbeat_client: heartbeat: http://localhost:8080/api/v1/diagnostics unreachable ([Errno 61] Connection refused) — continuing
14:12:32 WARNING omega.core.heartbeat_client: heartbeat: http://localhost:8080/api/v1/nodes/victoria_v206b_recent_r2/decisions unreachable ([Errno 61] Connection refused) — continuing
14:12:44 WARNING omega.core.heartbeat_client: heartbeat: http://localhost:8080/api/v1/diagnostics unreachable ([Errno 61] Connection refused) — continuing
14:12:44 WARNING omega.core.heartbeat_client: heartbeat: http://localhost:8080/api/v1/nodes/victoria_v206b_recent_r2/decisions unreachable ([Errno 61] Connection refused) — continuing
14:12:58 WARNING omega.core.heartbeat_client: heartbeat: http://localhost:8080/api/v1/diagnostics unreachable ([Errno 61] Connection refused) — continuing
14:12:58 WARNING omega.core.heartbeat_client: heartbeat: http://localhost:8080/api/v1/nodes/victoria_v206b_recent_r2/decisions unreachable ([Errno 61] Connection refused) — continuing
14:13:09 WARNING omega.core.heartbeat_client: heartbeat: http://localhost:8080/api/v1/diagnostics unreachable ([Errno 61] Connection refused) — continuing
14:13:22 WARNING omega.core.heartbeat_client: heartbeat: http://localhost:8080/api/v1/nodes/victoria_v206b_recent_r2/decisions unreachable ([Errno 61] Connection refused) — continuing
/opt/homebrew/lib/python3.14/site-packages/numpy/lib/_function_base_impl.py:3023: RuntimeWarning: invalid value encountered in divide
  c /= stddev[:, None]
/opt/homebrew/lib/python3.14/site-packages/numpy/lib/_function_base_impl.py:3024: RuntimeWarning: invalid value encountered in divide
  c /= stddev[None, :]
14:13:46 WARNING omega.core.heartbeat_client: heartbeat: http://localhost:8080/api/v1/diagnostics unreachable ([Errno 61] Connection refused) — continuing
14:13:46 WARNING omega.core.heartbeat_client: heartbeat: http://localhost:8080/api/v1/nodes/victoria_v206b_recent_r2/decisions unreachable ([Errno 61] Connection refused) — continuing
/opt/homebrew/lib/python3.14/site-packages/numpy/lib/_function_base_impl.py:3023: RuntimeWarning: invalid value encountered in divide
  c /= stddev[:, None]
/opt/homebrew/lib/python3.14/site-packages/numpy/lib/_function_base_impl.py:3024: RuntimeWarning: invalid value encountered in divide
  c /= stddev[None, :]
14:13:58 WARNING omega.core.heartbeat_client: heartbeat: http://localhost:8080/api/v1/diagnostics unreachable ([Errno 61] Connection refused) — continuing
14:13:58 WARNING omega.core.heartbeat_client: heartbeat: http://localhost:8080/api/v1/nodes/victoria_v206b_recent_r2/decisions unreachable ([Errno 61] Connection refused) — continuing
14:14:10 WARNING omega.core.heartbeat_client: heartbeat: http://localhost:8080/api/v1/diagnostics unreachable ([Errno 61] Connection refused) — continuing
14:14:10 WARNING omega.core.heartbeat_client: heartbeat: http://localhost:8080/api/v1/nodes/victoria_v206b_recent_r2/decisions unreachable ([Errno 61] Connection refused) — continuing
14:14:21 WARNING omega.core.heartbeat_client: heartbeat: http://localhost:8080/api/v1/diagnostics unreachable ([Errno 61] Connection refused) — continuing
14:14:21 WARNING omega.core.heartbeat_client: heartbeat: http://localhost:8080/api/v1/nodes/victoria_v206b_recent_r2/decisions unreachable ([Errno 61] Connection refused) — continuing
14:14:33 WARNING omega.core.heartbeat_client: heartbeat: http://localhost:8080/api/v1/diagnostics unreachable ([Errno 61] Connection refused) — continuing
14:14:33 WARNING omega.core.heartbeat_client: heartbeat: http://localhost:8080/api/v1/nodes/victoria_v206b_recent_r2/decisions unreachable ([Errno 61] Connection refused) — continuing
14:14:44 WARNING omega.core.heartbeat_client: heartbeat: http://localhost:8080/api/v1/diagnostics unreachable ([Errno 61] Connection refused) — continuing
14:14:44 WARNING omega.core.heartbeat_client: heartbeat: http://localhost:8080/api/v1/nodes/victoria_v206b_recent_r2/decisions unreachable ([Errno 61] Connection refused) — continuing
14:14:56 WARNING omega.core.heartbeat_client: heartbeat: http://localhost:8080/api/v1/diagnostics unreachable ([Errno 61] Connection refused) — continuing
14:14:56 WARNING omega.core.heartbeat_client: heartbeat: http://localhost:8080/api/v1/nodes/victoria_v206b_recent_r2/decisions unreachable ([Errno 61] Connection refused) — continuing
14:15:08 WARNING omega.core.heartbeat_client: heartbeat: http://localhost:8080/api/v1/diagnostics unreachable ([Errno 61] Connection refused) — continuing
14:15:08 WARNING omega.core.heartbeat_client: heartbeat: http://localhost:8080/api/v1/nodes/victoria_v206b_recent_r2/decisions unreachable ([Errno 61] Connection refused) — continuing
14:15:20 WARNING omega.core.heartbeat_client: heartbeat: http://localhost:8080/api/v1/diagnostics unreachable ([Errno 61] Connection refused) — continuing
14:15:20 WARNING omega.core.heartbeat_client: heartbeat: http://localhost:8080/api/v1/nodes/victoria_v206b_recent_r2/decisions unreachable ([Errno 61] Connection refused) — continuing
14:15:32 WARNING omega.core.heartbeat_client: heartbeat: http://localhost:8080/api/v1/diagnostics unreachable ([Errno 61] Connection refused) — continuing
14:15:32 WARNING omega.core.heartbeat_client: heartbeat: http://localhost:8080/api/v1/nodes/victoria_v206b_recent_r2/decisions unreachable ([Errno 61] Connection refused) — continuing
14:15:44 WARNING omega.core.heartbeat_client: heartbeat: http://localhost:8080/api/v1/diagnostics unreachable ([Errno 61] Connection refused) — continuing
14:15:44 WARNING omega.core.heartbeat_client: heartbeat: http://localhost:8080/api/v1/nodes/victoria_v206b_recent_r2/decisions unreachable ([Errno 61] Connection refused) — continuing
14:15:54 WARNING omega.nodes.victoria.vrp_signal: VRP circuit breaker: zscore=-3.42 < -2.0sigma — extreme COMPLACENCY; flagging for manual review (iv=0.36 rv=0.73)
14:15:55 WARNING omega.core.heartbeat_client: heartbeat: http://localhost:8080/api/v1/diagnostics unreachable ([Errno 61] Connection refused) — continuing
14:15:55 WARNING omega.core.heartbeat_client: heartbeat: http://localhost:8080/api/v1/nodes/victoria_v206b_recent_r2/decisions unreachable ([Errno 61] Connection refused) — continuing
14:16:07 WARNING omega.core.heartbeat_client: heartbeat: http://localhost:8080/api/v1/diagnostics unreachable ([Errno 61] Connection refused) — continuing
14:16:07 WARNING omega.core.heartbeat_client: heartbeat: http://localhost:8080/api/v1/nodes/victoria_v206b_recent_r2/decisions unreachable ([Errno 61] Connection refused) — continuing
14:16:18 WARNING omega.core.heartbeat_client: heartbeat: http://localhost:8080/api/v1/diagnostics unreachable ([Errno 61] Connection refused) — continuing
14:16:18 WARNING omega.core.heartbeat_client: heartbeat: http://localhost:8080/api/v1/nodes/victoria_v206b_recent_r2/decisions unreachable ([Errno 61] Connection refused) — continuing
14:16:30 WARNING omega.core.heartbeat_client: heartbeat: http://localhost:8080/api/v1/diagnostics unreachable ([Errno 61] Connection refused) — continuing
14:16:30 WARNING omega.core.heartbeat_client: heartbeat: http://localhost:8080/api/v1/nodes/victoria_v206b_recent_r2/decisions unreachable ([Errno 61] Connection refused) — continuing
14:16:42 WARNING omega.core.heartbeat_client: heartbeat: http://localhost:8080/api/v1/diagnostics unreachable ([Errno 61] Connection refused) — continuing
14:16:42 WARNING omega.core.heartbeat_client: heartbeat: http://localhost:8080/api/v1/nodes/victoria_v206b_recent_r2/decisions unreachable ([Errno 61] Connection refused) — continuing
14:16:53 WARNING omega.core.heartbeat_client: heartbeat: http://localhost:8080/api/v1/diagnostics unreachable ([Errno 61] Connection refused) — continuing
14:16:53 WARNING omega.core.heartbeat_client: heartbeat: http://localhost:8080/api/v1/nodes/victoria_v206b_recent_r2/decisions unreachable ([Errno 61] Connection refused) — continuing
14:17:05 WARNING omega.core.heartbeat_client: heartbeat: http://localhost:8080/api/v1/diagnostics unreachable ([Errno 61] Connection refused) — continuing
14:17:05 WARNING omega.core.heartbeat_client: heartbeat: http://localhost:8080/api/v1/nodes/victoria_v206b_recent_r2/decisions unreachable ([Errno 61] Connection refused) — continuing
14:17:16 WARNING omega.core.heartbeat_client: heartbeat: http://localhost:8080/api/v1/diagnostics unreachable ([Errno 61] Connection refused) — continuing
14:17:16 WARNING omega.core.heartbeat_client: heartbeat: http://localhost:8080/api/v1/nodes/victoria_v206b_recent_r2/decisions unreachable ([Errno 61] Connection refused) — continuing
14:17:29 WARNING omega.core.heartbeat_client: heartbeat: http://localhost:8080/api/v1/diagnostics unreachable ([Errno 61] Connection refused) — continuing
14:17:29 WARNING omega.core.heartbeat_client: heartbeat: http://localhost:8080/api/v1/nodes/victoria_v206b_recent_r2/decisions unreachable ([Errno 61] Connection refused) — continuing
14:17:40 WARNING omega.core.heartbeat_client: heartbeat: http://localhost:8080/api/v1/diagnostics unreachable ([Errno 61] Connection refused) — continuing
14:17:40 WARNING omega.core.heartbeat_client: heartbeat: http://localhost:8080/api/v1/nodes/victoria_v206b_recent_r2/decisions unreachable ([Errno 61] Connection refused) — continuing
14:17:57 WARNING omega.core.heartbeat_client: heartbeat: http://localhost:8080/api/v1/diagnostics unreachable ([Errno 61] Connection refused) — continuing
14:17:57 WARNING omega.core.heartbeat_client: heartbeat: http://localhost:8080/api/v1/nodes/victoria_v206b_recent_r2/decisions unreachable ([Errno 61] Connection refused) — continuing
14:18:08 WARNING omega.core.heartbeat_client: heartbeat: http://localhost:8080/api/v1/diagnostics unreachable ([Errno 61] Connection refused) — continuing
14:18:08 WARNING omega.core.heartbeat_client: heartbeat: http://localhost:8080/api/v1/nodes/victoria_v206b_recent_r2/decisions unreachable ([Errno 61] Connection refused) — continuing
14:18:20 WARNING omega.core.heartbeat_client: heartbeat: http://localhost:8080/api/v1/diagnostics unreachable ([Errno 61] Connection refused) — continuing
14:18:20 WARNING omega.core.heartbeat_client: heartbeat: http://localhost:8080/api/v1/nodes/victoria_v206b_recent_r2/decisions unreachable ([Errno 61] Connection refused) — continuing
14:18:32 WARNING omega.core.heartbeat_client: heartbeat: http://localhost:8080/api/v1/diagnostics unreachable ([Errno 61] Connection refused) — continuing
14:18:32 WARNING omega.core.heartbeat_client: heartbeat: http://localhost:8080/api/v1/nodes/victoria_v206b_recent_r2/decisions unreachable ([Errno 61] Connection refused) — continuing
14:18:43 WARNING omega.core.heartbeat_client: heartbeat: http://localhost:8080/api/v1/diagnostics unreachable ([Errno 61] Connection refused) — continuing
14:18:43 WARNING omega.core.heartbeat_client: heartbeat: http://localhost:8080/api/v1/nodes/victoria_v206b_recent_r2/decisions unreachable ([Errno 61] Connection refused) — continuing
14:18:54 WARNING omega.core.heartbeat_client: heartbeat: http://localhost:8080/api/v1/diagnostics unreachable ([Errno 61] Connection refused) — continuing
14:18:54 WARNING omega.core.heartbeat_client: heartbeat: http://localhost:8080/api/v1/nodes/victoria_v206b_recent_r2/decisions unreachable ([Errno 61] Connection refused) — continuing
14:19:06 WARNING omega.core.heartbeat_client: heartbeat: http://localhost:8080/api/v1/diagnostics unreachable ([Errno 61] Connection refused) — continuing
14:19:06 WARNING omega.core.heartbeat_client: heartbeat: http://localhost:8080/api/v1/nodes/victoria_v206b_recent_r2/decisions unreachable ([Errno 61] Connection refused) — continuing
14:19:17 WARNING omega.core.heartbeat_client: heartbeat: http://localhost:8080/api/v1/diagnostics unreachable ([Errno 61] Connection refused) — continuing
14:19:17 WARNING omega.core.heartbeat_client: heartbeat: http://localhost:8080/api/v1/nodes/victoria_v206b_recent_r2/decisions unreachable ([Errno 61] Connection refused) — continuing
14:19:29 WARNING omega.core.heartbeat_client: heartbeat: http://localhost:8080/api/v1/diagnostics unreachable ([Errno 61] Connection refused) — continuing
14:19:29 WARNING omega.core.heartbeat_client: heartbeat: http://localhost:8080/api/v1/nodes/victoria_v206b_recent_r2/decisions unreachable ([Errno 61] Connection refused) — continuing
14:19:41 WARNING omega.core.heartbeat_client: heartbeat: http://localhost:8080/api/v1/diagnostics unreachable ([Errno 61] Connection refused) — continuing
14:19:41 WARNING omega.core.heartbeat_client: heartbeat: http://localhost:8080/api/v1/nodes/victoria_v206b_recent_r2/decisions unreachable ([Errno 61] Connection refused) — continuing
14:19:53 WARNING omega.core.heartbeat_client: heartbeat: http://localhost:8080/api/v1/diagnostics unreachable ([Errno 61] Connection refused) — continuing
14:19:53 WARNING omega.core.heartbeat_client: heartbeat: http://localhost:8080/api/v1/nodes/victoria_v206b_recent_r2/decisions unreachable ([Errno 61] Connection refused) — continuing
14:20:05 WARNING omega.core.heartbeat_client: heartbeat: http://localhost:8080/api/v1/diagnostics unreachable ([Errno 61] Connection refused) — continuing
14:20:05 WARNING omega.core.heartbeat_client: heartbeat: http://localhost:8080/api/v1/nodes/victoria_v206b_recent_r2/decisions unreachable ([Errno 61] Connection refused) — continuing
14:20:16 WARNING omega.core.heartbeat_client: heartbeat: http://localhost:8080/api/v1/diagnostics unreachable ([Errno 61] Connection refused) — continuing
14:20:16 WARNING omega.core.heartbeat_client: heartbeat: http://localhost:8080/api/v1/nodes/victoria_v206b_recent_r2/decisions unreachable ([Errno 61] Connection refused) — continuing
14:20:28 WARNING omega.core.heartbeat_client: heartbeat: http://localhost:8080/api/v1/diagnostics unreachable ([Errno 61] Connection refused) — continuing
14:20:28 WARNING omega.core.heartbeat_client: heartbeat: http://localhost:8080/api/v1/nodes/victoria_v206b_recent_r2/decisions unreachable ([Errno 61] Connection refused) — continuing
14:20:40 WARNING omega.core.heartbeat_client: heartbeat: http://localhost:8080/api/v1/diagnostics unreachable ([Errno 61] Connection refused) — continuing
14:20:40 WARNING omega.core.heartbeat_client: heartbeat: http://localhost:8080/api/v1/nodes/victoria_v206b_recent_r2/decisions unreachable ([Errno 61] Connection refused) — continuing
14:20:52 WARNING omega.core.heartbeat_client: heartbeat: http://localhost:8080/api/v1/diagnostics unreachable ([Errno 61] Connection refused) — continuing
14:20:52 WARNING omega.core.heartbeat_client: heartbeat: http://localhost:8080/api/v1/nodes/victoria_v206b_recent_r2/decisions unreachable ([Errno 61] Connection refused) — continuing
14:21:04 WARNING omega.core.heartbeat_client: heartbeat: http://localhost:8080/api/v1/diagnostics unreachable ([Errno 61] Connection refused) — continuing
14:21:04 WARNING omega.core.heartbeat_client: heartbeat: http://localhost:8080/api/v1/nodes/victoria_v206b_recent_r2/decisions unreachable ([Errno 61] Connection refused) — continuing
14:21:16 WARNING omega.core.heartbeat_client: heartbeat: http://localhost:8080/api/v1/diagnostics unreachable ([Errno 61] Connection refused) — continuing
14:21:16 WARNING omega.core.heartbeat_client: heartbeat: http://localhost:8080/api/v1/nodes/victoria_v206b_recent_r2/decisions unreachable ([Errno 61] Connection refused) — continuing
14:21:28 WARNING omega.core.heartbeat_client: heartbeat: http://localhost:8080/api/v1/diagnostics unreachable ([Errno 61] Connection refused) — continuing
14:21:28 WARNING omega.core.heartbeat_client: heartbeat: http://localhost:8080/api/v1/nodes/victoria_v206b_recent_r2/decisions unreachable ([Errno 61] Connection refused) — continuing
14:21:39 WARNING omega.core.heartbeat_client: heartbeat: http://localhost:8080/api/v1/diagnostics unreachable ([Errno 61] Connection refused) — continuing
14:21:40 WARNING omega.core.heartbeat_client: heartbeat: http://localhost:8080/api/v1/nodes/victoria_v206b_recent_r2/decisions unreachable ([Errno 61] Connection refused) — continuing
14:21:51 WARNING omega.core.heartbeat_client: heartbeat: http://localhost:8080/api/v1/diagnostics unreachable ([Errno 61] Connection refused) — continuing
14:21:51 WARNING omega.core.heartbeat_client: heartbeat: http://localhost:8080/api/v1/nodes/victoria_v206b_recent_r2/decisions unreachable ([Errno 61] Connection refused) — continuing
14:22:02 WARNING omega.core.heartbeat_client: heartbeat: http://localhost:8080/api/v1/diagnostics unreachable ([Errno 61] Connection refused) — continuing
14:22:02 WARNING omega.core.heartbeat_client: heartbeat: http://localhost:8080/api/v1/nodes/victoria_v206b_recent_r2/decisions unreachable ([Errno 61] Connection refused) — continuing
14:22:14 WARNING omega.core.heartbeat_client: heartbeat: http://localhost:8080/api/v1/diagnostics unreachable ([Errno 61] Connection refused) — continuing
14:22:14 WARNING omega.core.heartbeat_client: heartbeat: http://localhost:8080/api/v1/nodes/victoria_v206b_recent_r2/decisions unreachable ([Errno 61] Connection refused) — continuing
14:22:26 WARNING omega.core.heartbeat_client: heartbeat: http://localhost:8080/api/v1/diagnostics unreachable ([Errno 61] Connection refused) — continuing
14:22:26 WARNING omega.core.heartbeat_client: heartbeat: http://localhost:8080/api/v1/nodes/victoria_v206b_recent_r2/decisions unreachable ([Errno 61] Connection refused) — continuing
14:22:37 WARNING omega.core.heartbeat_client: heartbeat: http://localhost:8080/api/v1/diagnostics unreachable ([Errno 61] Connection refused) — continuing
14:22:37 WARNING omega.core.heartbeat_client: heartbeat: http://localhost:8080/api/v1/nodes/victoria_v206b_recent_r2/decisions unreachable ([Errno 61] Connection refused) — continuing
14:22:49 WARNING omega.core.heartbeat_client: heartbeat: http://localhost:8080/api/v1/diagnostics unreachable ([Errno 61] Connection refused) — continuing
14:22:49 WARNING omega.core.heartbeat_client: heartbeat: http://localhost:8080/api/v1/nodes/victoria_v206b_recent_r2/decisions unreachable ([Errno 61] Connection refused) — continuing
14:23:03 WARNING omega.core.heartbeat_client: heartbeat: http://localhost:8080/api/v1/diagnostics unreachable ([Errno 61] Connection refused) — continuing
14:23:03 WARNING omega.core.heartbeat_client: heartbeat: http://localhost:8080/api/v1/nodes/victoria_v206b_recent_r2/decisions unreachable ([Errno 61] Connection refused) — continuing
14:23:15 WARNING omega.core.heartbeat_client: heartbeat: http://localhost:8080/api/v1/diagnostics unreachable ([Errno 61] Connection refused) — continuing
14:23:15 WARNING omega.core.heartbeat_client: heartbeat: http://localhost:8080/api/v1/nodes/victoria_v206b_recent_r2/decisions unreachable ([Errno 61] Connection refused) — continuing
14:23:27 WARNING omega.core.heartbeat_client: heartbeat: http://localhost:8080/api/v1/diagnostics unreachable ([Errno 61] Connection refused) — continuing
14:23:27 WARNING omega.core.heartbeat_client: heartbeat: http://localhost:8080/api/v1/nodes/victoria_v206b_recent_r2/decisions unreachable ([Errno 61] Connection refused) — continuing
14:23:39 WARNING omega.core.heartbeat_client: heartbeat: http://localhost:8080/api/v1/diagnostics unreachable ([Errno 61] Connection refused) — continuing
14:23:39 WARNING omega.core.heartbeat_client: heartbeat: http://localhost:8080/api/v1/nodes/victoria_v206b_recent_r2/decisions unreachable ([Errno 61] Connection refused) — continuing
14:23:51 WARNING omega.core.heartbeat_client: heartbeat: http://localhost:8080/api/v1/diagnostics unreachable ([Errno 61] Connection refused) — continuing
14:23:51 WARNING omega.core.heartbeat_client: heartbeat: http://localhost:8080/api/v1/nodes/victoria_v206b_recent_r2/decisions unreachable ([Errno 61] Connection refused) — continuing
14:24:02 WARNING omega.core.heartbeat_client: heartbeat: http://localhost:8080/api/v1/diagnostics unreachable ([Errno 61] Connection refused) — continuing
14:24:02 WARNING omega.core.heartbeat_client: heartbeat: http://localhost:8080/api/v1/nodes/victoria_v206b_recent_r2/decisions unreachable ([Errno 61] Connection refused) — continuing
14:24:14 WARNING omega.core.heartbeat_client: heartbeat: http://localhost:8080/api/v1/diagnostics unreachable ([Errno 61] Connection refused) — continuing
14:24:14 WARNING omega.core.heartbeat_client: heartbeat: http://localhost:8080/api/v1/nodes/victoria_v206b_recent_r2/decisions unreachable ([Errno 61] Connection refused) — continuing
14:24:25 WARNING omega.core.heartbeat_client: heartbeat: http://localhost:8080/api/v1/diagnostics unreachable ([Errno 61] Connection refused) — continuing
14:24:25 WARNING omega.core.heartbeat_client: heartbeat: http://localhost:8080/api/v1/nodes/victoria_v206b_recent_r2/decisions unreachable ([Errno 61] Connection refused) — continuing
14:24:37 WARNING omega.core.heartbeat_client: heartbeat: http://localhost:8080/api/v1/diagnostics unreachable ([Errno 61] Connection refused) — continuing
14:24:37 WARNING omega.core.heartbeat_client: heartbeat: http://localhost:8080/api/v1/nodes/victoria_v206b_recent_r2/decisions unreachable ([Errno 61] Connection refused) — continuing
14:24:48 WARNING omega.core.heartbeat_client: heartbeat: http://localhost:8080/api/v1/diagnostics unreachable ([Errno 61] Connection refused) — continuing
14:24:48 WARNING omega.core.heartbeat_client: heartbeat: http://localhost:8080/api/v1/nodes/victoria_v206b_recent_r2/decisions unreachable ([Errno 61] Connection refused) — continuing
14:25:00 WARNING omega.core.heartbeat_client: heartbeat: http://localhost:8080/api/v1/diagnostics unreachable ([Errno 61] Connection refused) — continuing
14:25:00 WARNING omega.core.heartbeat_client: heartbeat: http://localhost:8080/api/v1/nodes/victoria_v206b_recent_r2/decisions unreachable ([Errno 61] Connection refused) — continuing
14:25:11 WARNING omega.core.heartbeat_client: heartbeat: http://localhost:8080/api/v1/diagnostics unreachable ([Errno 61] Connection refused) — continuing
14:25:11 WARNING omega.core.heartbeat_client: heartbeat: http://localhost:8080/api/v1/nodes/victoria_v206b_recent_r2/decisions unreachable ([Errno 61] Connection refused) — continuing
14:25:23 WARNING omega.core.heartbeat_client: heartbeat: http://localhost:8080/api/v1/diagnostics unreachable ([Errno 61] Connection refused) — continuing
14:25:23 WARNING omega.core.heartbeat_client: heartbeat: http://localhost:8080/api/v1/nodes/victoria_v206b_recent_r2/decisions unreachable ([Errno 61] Connection refused) — continuing
14:25:35 WARNING omega.core.heartbeat_client: heartbeat: http://localhost:8080/api/v1/diagnostics unreachable ([Errno 61] Connection refused) — continuing
14:25:35 WARNING omega.core.heartbeat_client: heartbeat: http://localhost:8080/api/v1/nodes/victoria_v206b_recent_r2/decisions unreachable ([Errno 61] Connection refused) — continuing
14:25:47 WARNING omega.core.heartbeat_client: heartbeat: http://localhost:8080/api/v1/diagnostics unreachable ([Errno 61] Connection refused) — continuing
14:25:47 WARNING omega.core.heartbeat_client: heartbeat: http://localhost:8080/api/v1/nodes/victoria_v206b_recent_r2/decisions unreachable ([Errno 61] Connection refused) — continuing
14:25:58 WARNING omega.core.heartbeat_client: heartbeat: http://localhost:8080/api/v1/diagnostics unreachable ([Errno 61] Connection refused) — continuing
14:25:58 WARNING omega.core.heartbeat_client: heartbeat: http://localhost:8080/api/v1/nodes/victoria_v206b_recent_r2/decisions unreachable ([Errno 61] Connection refused) — continuing
14:26:10 WARNING omega.core.heartbeat_client: heartbeat: http://localhost:8080/api/v1/diagnostics unreachable ([Errno 61] Connection refused) — continuing
14:26:10 WARNING omega.core.heartbeat_client: heartbeat: http://localhost:8080/api/v1/nodes/victoria_v206b_recent_r2/decisions unreachable ([Errno 61] Connection refused) — continuing
14:26:22 WARNING omega.core.heartbeat_client: heartbeat: http://localhost:8080/api/v1/diagnostics unreachable ([Errno 61] Connection refused) — continuing
14:26:22 WARNING omega.core.heartbeat_client: heartbeat: http://localhost:8080/api/v1/nodes/victoria_v206b_recent_r2/decisions unreachable ([Errno 61] Connection refused) — continuing
14:26:33 WARNING omega.core.heartbeat_client: heartbeat: http://localhost:8080/api/v1/diagnostics unreachable ([Errno 61] Connection refused) — continuing
14:26:33 WARNING omega.core.heartbeat_client: heartbeat: http://localhost:8080/api/v1/nodes/victoria_v206b_recent_r2/decisions unreachable ([Errno 61] Connection refused) — continuing
14:26:45 WARNING omega.core.heartbeat_client: heartbeat: http://localhost:8080/api/v1/diagnostics unreachable ([Errno 61] Connection refused) — continuing
14:26:45 WARNING omega.core.heartbeat_client: heartbeat: http://localhost:8080/api/v1/nodes/victoria_v206b_recent_r2/decisions unreachable ([Errno 61] Connection refused) — continuing
14:26:56 WARNING omega.core.heartbeat_client: heartbeat: http://localhost:8080/api/v1/diagnostics unreachable ([Errno 61] Connection refused) — continuing
14:26:56 WARNING omega.core.heartbeat_client: heartbeat: http://localhost:8080/api/v1/nodes/victoria_v206b_recent_r2/decisions unreachable ([Errno 61] Connection refused) — continuing
14:27:08 WARNING omega.core.heartbeat_client: heartbeat: http://localhost:8080/api/v1/diagnostics unreachable ([Errno 61] Connection refused) — continuing
14:27:08 WARNING omega.core.heartbeat_client: heartbeat: http://localhost:8080/api/v1/nodes/victoria_v206b_recent_r2/decisions unreachable ([Errno 61] Connection refused) — continuing
14:27:20 WARNING omega.core.heartbeat_client: heartbeat: http://localhost:8080/api/v1/diagnostics unreachable ([Errno 61] Connection refused) — continuing
14:27:20 WARNING omega.core.heartbeat_client: heartbeat: http://localhost:8080/api/v1/nodes/victoria_v206b_recent_r2/decisions unreachable ([Errno 61] Connection refused) — continuing
14:27:31 WARNING omega.core.heartbeat_client: heartbeat: http://localhost:8080/api/v1/diagnostics unreachable ([Errno 61] Connection refused) — continuing
14:27:31 WARNING omega.core.heartbeat_client: heartbeat: http://localhost:8080/api/v1/nodes/victoria_v206b_recent_r2/decisions unreachable ([Errno 61] Connection refused) — continuing
14:27:43 WARNING omega.core.heartbeat_client: heartbeat: http://localhost:8080/api/v1/diagnostics unreachable ([Errno 61] Connection refused) — continuing
14:27:43 WARNING omega.core.heartbeat_client: heartbeat: http://localhost:8080/api/v1/nodes/victoria_v206b_recent_r2/decisions unreachable ([Errno 61] Connection refused) — continuing
14:27:53 WARNING omega.nodes.victoria.vrp_signal: VRP circuit breaker: zscore=-3.41 < -2.0sigma — extreme COMPLACENCY; flagging for manual review (iv=0.36 rv=0.73)
14:27:54 WARNING omega.core.heartbeat_client: heartbeat: http://localhost:8080/api/v1/diagnostics unreachable ([Errno 61] Connection refused) — continuing
14:27:54 WARNING omega.core.heartbeat_client: heartbeat: http://localhost:8080/api/v1/nodes/victoria_v206b_recent_r2/decisions unreachable ([Errno 61] Connection refused) — continuing
14:28:07 WARNING omega.core.heartbeat_client: heartbeat: http://localhost:8080/api/v1/diagnostics unreachable ([Errno 61] Connection refused) — continuing
14:28:07 WARNING omega.core.heartbeat_client: heartbeat: http://localhost:8080/api/v1/nodes/victoria_v206b_recent_r2/decisions unreachable ([Errno 61] Connection refused) — continuing
14:28:18 WARNING omega.core.heartbeat_client: heartbeat: http://localhost:8080/api/v1/diagnostics unreachable ([Errno 61] Connection refused) — continuing
14:28:18 WARNING omega.core.heartbeat_client: heartbeat: http://localhost:8080/api/v1/nodes/victoria_v206b_recent_r2/decisions unreachable ([Errno 61] Connection refused) — continuing
14:28:30 WARNING omega.core.heartbeat_client: heartbeat: http://localhost:8080/api/v1/diagnostics unreachable ([Errno 61] Connection refused) — continuing
14:28:30 WARNING omega.core.heartbeat_client: heartbeat: http://localhost:8080/api/v1/nodes/victoria_v206b_recent_r2/decisions unreachable ([Errno 61] Connection refused) — continuing
14:28:42 WARNING omega.core.heartbeat_client: heartbeat: http://localhost:8080/api/v1/diagnostics unreachable ([Errno 61] Connection refused) — continuing
14:28:42 WARNING omega.core.heartbeat_client: heartbeat: http://localhost:8080/api/v1/nodes/victoria_v206b_recent_r2/decisions unreachable ([Errno 61] Connection refused) — continuing
14:28:54 WARNING omega.core.heartbeat_client: heartbeat: http://localhost:8080/api/v1/diagnostics unreachable ([Errno 61] Connection refused) — continuing
14:28:54 WARNING omega.core.heartbeat_client: heartbeat: http://localhost:8080/api/v1/nodes/victoria_v206b_recent_r2/decisions unreachable ([Errno 61] Connection refused) — continuing
14:29:06 WARNING omega.core.heartbeat_client: heartbeat: http://localhost:8080/api/v1/diagnostics unreachable ([Errno 61] Connection refused) — continuing
14:29:06 WARNING omega.core.heartbeat_client: heartbeat: http://localhost:8080/api/v1/nodes/victoria_v206b_recent_r2/decisions unreachable ([Errno 61] Connection refused) — continuing
14:29:17 WARNING omega.core.heartbeat_client: heartbeat: http://localhost:8080/api/v1/diagnostics unreachable ([Errno 61] Connection refused) — continuing
14:29:17 WARNING omega.core.heartbeat_client: heartbeat: http://localhost:8080/api/v1/nodes/victoria_v206b_recent_r2/decisions unreachable ([Errno 61] Connection refused) — continuing
14:29:29 WARNING omega.core.heartbeat_client: heartbeat: http://localhost:8080/api/v1/diagnostics unreachable ([Errno 61] Connection refused) — continuing
14:29:29 WARNING omega.core.heartbeat_client: heartbeat: http://localhost:8080/api/v1/nodes/victoria_v206b_recent_r2/decisions unreachable ([Errno 61] Connection refused) — continuing
14:29:40 WARNING omega.core.heartbeat_client: heartbeat: http://localhost:8080/api/v1/diagnostics unreachable ([Errno 61] Connection refused) — continuing
14:29:40 WARNING omega.core.heartbeat_client: heartbeat: http://localhost:8080/api/v1/nodes/victoria_v206b_recent_r2/decisions unreachable ([Errno 61] Connection refused) — continuing
14:29:52 WARNING omega.core.heartbeat_client: heartbeat: http://localhost:8080/api/v1/diagnostics unreachable ([Errno 61] Connection refused) — continuing
14:29:52 WARNING omega.core.heartbeat_client: heartbeat: http://localhost:8080/api/v1/nodes/victoria_v206b_recent_r2/decisions unreachable ([Errno 61] Connection refused) — continuing
14:30:03 WARNING omega.core.heartbeat_client: heartbeat: http://localhost:8080/api/v1/diagnostics unreachable ([Errno 61] Connection refused) — continuing
14:30:03 WARNING omega.core.heartbeat_client: heartbeat: http://localhost:8080/api/v1/nodes/victoria_v206b_recent_r2/decisions unreachable ([Errno 61] Connection refused) — continuing
14:30:15 WARNING omega.core.heartbeat_client: heartbeat: http://localhost:8080/api/v1/diagnostics unreachable ([Errno 61] Connection refused) — continuing
14:30:15 WARNING omega.core.heartbeat_client: heartbeat: http://localhost:8080/api/v1/nodes/victoria_v206b_recent_r2/decisions unreachable ([Errno 61] Connection refused) — continuing
14:30:27 WARNING omega.core.heartbeat_client: heartbeat: http://localhost:8080/api/v1/diagnostics unreachable ([Errno 61] Connection refused) — continuing
14:30:27 WARNING omega.core.heartbeat_client: heartbeat: http://localhost:8080/api/v1/nodes/victoria_v206b_recent_r2/decisions unreachable ([Errno 61] Connection refused) — continuing
14:30:39 WARNING omega.core.heartbeat_client: heartbeat: http://localhost:8080/api/v1/diagnostics unreachable ([Errno 61] Connection refused) — continuing
14:30:39 WARNING omega.core.heartbeat_client: heartbeat: http://localhost:8080/api/v1/nodes/victoria_v206b_recent_r2/decisions unreachable ([Errno 61] Connection refused) — continuing
14:30:52 WARNING omega.core.heartbeat_client: heartbeat: http://localhost:8080/api/v1/diagnostics unreachable ([Errno 61] Connection refused) — continuing
14:30:52 WARNING omega.core.heartbeat_client: heartbeat: http://localhost:8080/api/v1/nodes/victoria_v206b_recent_r2/decisions unreachable ([Errno 61] Connection refused) — continuing
14:31:04 WARNING omega.core.heartbeat_client: heartbeat: http://localhost:8080/api/v1/diagnostics unreachable ([Errno 61] Connection refused) — continuing
14:31:04 WARNING omega.core.heartbeat_client: heartbeat: http://localhost:8080/api/v1/nodes/victoria_v206b_recent_r2/decisions unreachable ([Errno 61] Connection refused) — continuing
14:31:16 WARNING omega.core.heartbeat_client: heartbeat: http://localhost:8080/api/v1/diagnostics unreachable ([Errno 61] Connection refused) — continuing
14:31:16 WARNING omega.core.heartbeat_client: heartbeat: http://localhost:8080/api/v1/nodes/victoria_v206b_recent_r2/decisions unreachable ([Errno 61] Connection refused) — continuing
14:31:28 WARNING omega.core.heartbeat_client: heartbeat: http://localhost:8080/api/v1/diagnostics unreachable ([Errno 61] Connection refused) — continuing
14:31:28 WARNING omega.core.heartbeat_client: heartbeat: http://localhost:8080/api/v1/nodes/victoria_v206b_recent_r2/decisions unreachable ([Errno 61] Connection refused) — continuing
14:31:39 WARNING omega.core.heartbeat_client: heartbeat: http://localhost:8080/api/v1/diagnostics unreachable ([Errno 61] Connection refused) — continuing
14:31:39 WARNING omega.core.heartbeat_client: heartbeat: http://localhost:8080/api/v1/nodes/victoria_v206b_recent_r2/decisions unreachable ([Errno 61] Connection refused) — continuing
14:31:51 WARNING omega.core.heartbeat_client: heartbeat: http://localhost:8080/api/v1/diagnostics unreachable ([Errno 61] Connection refused) — continuing
14:31:51 WARNING omega.core.heartbeat_client: heartbeat: http://localhost:8080/api/v1/nodes/victoria_v206b_recent_r2/decisions unreachable ([Errno 61] Connection refused) — continuing
14:32:03 WARNING omega.core.heartbeat_client: heartbeat: http://localhost:8080/api/v1/diagnostics unreachable ([Errno 61] Connection refused) — continuing
14:32:03 WARNING omega.core.heartbeat_client: heartbeat: http://localhost:8080/api/v1/nodes/victoria_v206b_recent_r2/decisions unreachable ([Errno 61] Connection refused) — continuing
14:32:14 WARNING omega.core.heartbeat_client: heartbeat: http://localhost:8080/api/v1/diagnostics unreachable ([Errno 61] Connection refused) — continuing
14:32:14 WARNING omega.core.heartbeat_client: heartbeat: http://localhost:8080/api/v1/nodes/victoria_v206b_recent_r2/decisions unreachable ([Errno 61] Connection refused) — continuing
14:32:26 WARNING omega.core.heartbeat_client: heartbeat: http://localhost:8080/api/v1/diagnostics unreachable ([Errno 61] Connection refused) — continuing
14:32:26 WARNING omega.core.heartbeat_client: heartbeat: http://localhost:8080/api/v1/nodes/victoria_v206b_recent_r2/decisions unreachable ([Errno 61] Connection refused) — continuing
14:32:38 WARNING omega.core.heartbeat_client: heartbeat: http://localhost:8080/api/v1/diagnostics unreachable ([Errno 61] Connection refused) — continuing
14:32:39 WARNING omega.core.heartbeat_client: heartbeat: http://localhost:8080/api/v1/nodes/victoria_v206b_recent_r2/decisions unreachable ([Errno 61] Connection refused) — continuing
14:32:50 WARNING omega.core.heartbeat_client: heartbeat: http://localhost:8080/api/v1/diagnostics unreachable ([Errno 61] Connection refused) — continuing
14:32:50 WARNING omega.core.heartbeat_client: heartbeat: http://localhost:8080/api/v1/nodes/victoria_v206b_recent_r2/decisions unreachable ([Errno 61] Connection refused) — continuing
14:33:09 WARNING omega.core.heartbeat_client: heartbeat: http://localhost:8080/api/v1/diagnostics unreachable ([Errno 61] Connection refused) — continuing
14:33:09 WARNING omega.core.heartbeat_client: heartbeat: http://localhost:8080/api/v1/nodes/victoria_v206b_recent_r2/decisions unreachable ([Errno 61] Connection refused) — continuing
14:33:20 WARNING omega.core.heartbeat_client: heartbeat: http://localhost:8080/api/v1/diagnostics unreachable ([Errno 61] Connection refused) — continuing
14:33:20 WARNING omega.core.heartbeat_client: heartbeat: http://localhost:8080/api/v1/nodes/victoria_v206b_recent_r2/decisions unreachable ([Errno 61] Connection refused) — continuing
14:33:32 WARNING omega.core.heartbeat_client: heartbeat: http://localhost:8080/api/v1/diagnostics unreachable ([Errno 61] Connection refused) — continuing
14:33:32 WARNING omega.core.heartbeat_client: heartbeat: http://localhost:8080/api/v1/nodes/victoria_v206b_recent_r2/decisions unreachable ([Errno 61] Connection refused) — continuing
14:33:44 WARNING omega.core.heartbeat_client: heartbeat: http://localhost:8080/api/v1/diagnostics unreachable ([Errno 61] Connection refused) — continuing
14:33:44 WARNING omega.core.heartbeat_client: heartbeat: http://localhost:8080/api/v1/nodes/victoria_v206b_recent_r2/decisions unreachable ([Errno 61] Connection refused) — continuing
14:33:55 WARNING omega.core.heartbeat_client: heartbeat: http://localhost:8080/api/v1/diagnostics unreachable ([Errno 61] Connection refused) — continuing
14:33:55 WARNING omega.core.heartbeat_client: heartbeat: http://localhost:8080/api/v1/nodes/victoria_v206b_recent_r2/decisions unreachable ([Errno 61] Connection refused) — continuing
14:34:07 WARNING omega.core.heartbeat_client: heartbeat: http://localhost:8080/api/v1/diagnostics unreachable ([Errno 61] Connection refused) — continuing
14:34:07 WARNING omega.core.heartbeat_client: heartbeat: http://localhost:8080/api/v1/nodes/victoria_v206b_recent_r2/decisions unreachable ([Errno 61] Connection refused) — continuing
14:34:19 WARNING omega.core.heartbeat_client: heartbeat: http://localhost:8080/api/v1/diagnostics unreachable ([Errno 61] Connection refused) — continuing
14:34:19 WARNING omega.core.heartbeat_client: heartbeat: http://localhost:8080/api/v1/nodes/victoria_v206b_recent_r2/decisions unreachable ([Errno 61] Connection refused) — continuing
14:34:31 WARNING omega.core.heartbeat_client: heartbeat: http://localhost:8080/api/v1/diagnostics unreachable ([Errno 61] Connection refused) — continuing
14:34:31 WARNING omega.core.heartbeat_client: heartbeat: http://localhost:8080/api/v1/nodes/victoria_v206b_recent_r2/decisions unreachable ([Errno 61] Connection refused) — continuing
14:34:43 WARNING omega.core.heartbeat_client: heartbeat: http://localhost:8080/api/v1/diagnostics unreachable ([Errno 61] Connection refused) — continuing
14:34:43 WARNING omega.core.heartbeat_client: heartbeat: http://localhost:8080/api/v1/nodes/victoria_v206b_recent_r2/decisions unreachable ([Errno 61] Connection refused) — continuing
14:34:54 WARNING omega.core.heartbeat_client: heartbeat: http://localhost:8080/api/v1/diagnostics unreachable ([Errno 61] Connection refused) — continuing
14:34:54 WARNING omega.core.heartbeat_client: heartbeat: http://localhost:8080/api/v1/nodes/victoria_v206b_recent_r2/decisions unreachable ([Errno 61] Connection refused) — continuing
14:35:06 WARNING omega.core.heartbeat_client: heartbeat: http://localhost:8080/api/v1/diagnostics unreachable ([Errno 61] Connection refused) — continuing
14:35:06 WARNING omega.core.heartbeat_client: heartbeat: http://localhost:8080/api/v1/nodes/victoria_v206b_recent_r2/decisions unreachable ([Errno 61] Connection refused) — continuing
14:35:18 WARNING omega.core.heartbeat_client: heartbeat: http://localhost:8080/api/v1/diagnostics unreachable ([Errno 61] Connection refused) — continuing
14:35:18 WARNING omega.core.heartbeat_client: heartbeat: http://localhost:8080/api/v1/nodes/victoria_v206b_recent_r2/decisions unreachable ([Errno 61] Connection refused) — continuing
14:35:30 WARNING omega.core.heartbeat_client: heartbeat: http://localhost:8080/api/v1/diagnostics unreachable ([Errno 61] Connection refused) — continuing
14:35:30 WARNING omega.core.heartbeat_client: heartbeat: http://localhost:8080/api/v1/nodes/victoria_v206b_recent_r2/decisions unreachable ([Errno 61] Connection refused) — continuing
14:35:42 WARNING omega.core.heartbeat_client: heartbeat: http://localhost:8080/api/v1/diagnostics unreachable ([Errno 61] Connection refused) — continuing
14:35:42 WARNING omega.core.heartbeat_client: heartbeat: http://localhost:8080/api/v1/nodes/victoria_v206b_recent_r2/decisions unreachable ([Errno 61] Connection refused) — continuing
14:35:54 WARNING omega.core.heartbeat_client: heartbeat: http://localhost:8080/api/v1/diagnostics unreachable ([Errno 61] Connection refused) — continuing
14:35:54 WARNING omega.core.heartbeat_client: heartbeat: http://localhost:8080/api/v1/nodes/victoria_v206b_recent_r2/decisions unreachable ([Errno 61] Connection refused) — continuing
14:36:05 WARNING omega.core.heartbeat_client: heartbeat: http://localhost:8080/api/v1/diagnostics unreachable ([Errno 61] Connection refused) — continuing
14:36:05 WARNING omega.core.heartbeat_client: heartbeat: http://localhost:8080/api/v1/nodes/victoria_v206b_recent_r2/decisions unreachable ([Errno 61] Connection refused) — continuing
14:36:17 WARNING omega.core.heartbeat_client: heartbeat: http://localhost:8080/api/v1/diagnostics unreachable ([Errno 61] Connection refused) — continuing
14:36:18 WARNING omega.core.heartbeat_client: heartbeat: http://localhost:8080/api/v1/nodes/victoria_v206b_recent_r2/decisions unreachable ([Errno 61] Connection refused) — continuing
14:36:29 WARNING omega.core.heartbeat_client: heartbeat: http://localhost:8080/api/v1/diagnostics unreachable ([Errno 61] Connection refused) — continuing
14:36:29 WARNING omega.core.heartbeat_client: heartbeat: http://localhost:8080/api/v1/nodes/victoria_v206b_recent_r2/decisions unreachable ([Errno 61] Connection refused) — continuing
14:36:41 WARNING omega.core.heartbeat_client: heartbeat: http://localhost:8080/api/v1/diagnostics unreachable ([Errno 61] Connection refused) — continuing
14:36:41 WARNING omega.core.heartbeat_client: heartbeat: http://localhost:8080/api/v1/nodes/victoria_v206b_recent_r2/decisions unreachable ([Errno 61] Connection refused) — continuing
14:36:53 WARNING omega.core.heartbeat_client: heartbeat: http://localhost:8080/api/v1/diagnostics unreachable ([Errno 61] Connection refused) — continuing
14:36:53 WARNING omega.core.heartbeat_client: heartbeat: http://localhost:8080/api/v1/nodes/victoria_v206b_recent_r2/decisions unreachable ([Errno 61] Connection refused) — continuing
14:37:06 WARNING omega.core.heartbeat_client: heartbeat: http://localhost:8080/api/v1/diagnostics unreachable ([Errno 61] Connection refused) — continuing
14:37:06 WARNING omega.core.heartbeat_client: heartbeat: http://localhost:8080/api/v1/nodes/victoria_v206b_recent_r2/decisions unreachable ([Errno 61] Connection refused) — continuing
14:37:18 WARNING omega.core.heartbeat_client: heartbeat: http://localhost:8080/api/v1/diagnostics unreachable ([Errno 61] Connection refused) — continuing
14:37:18 WARNING omega.core.heartbeat_client: heartbeat: http://localhost:8080/api/v1/nodes/victoria_v206b_recent_r2/decisions unreachable ([Errno 61] Connection refused) — continuing
14:37:29 WARNING omega.core.heartbeat_client: heartbeat: http://localhost:8080/api/v1/diagnostics unreachable ([Errno 61] Connection refused) — continuing
14:37:29 WARNING omega.core.heartbeat_client: heartbeat: http://localhost:8080/api/v1/nodes/victoria_v206b_recent_r2/decisions unreachable ([Errno 61] Connection refused) — continuing
14:37:41 WARNING omega.core.heartbeat_client: heartbeat: http://localhost:8080/api/v1/diagnostics unreachable ([Errno 61] Connection refused) — continuing
14:37:41 WARNING omega.core.heartbeat_client: heartbeat: http://localhost:8080/api/v1/nodes/victoria_v206b_recent_r2/decisions unreachable ([Errno 61] Connection refused) — continuing
14:37:53 WARNING omega.core.heartbeat_client: heartbeat: http://localhost:8080/api/v1/diagnostics unreachable ([Errno 61] Connection refused) — continuing
14:37:53 WARNING omega.core.heartbeat_client: heartbeat: http://localhost:8080/api/v1/nodes/victoria_v206b_recent_r2/decisions unreachable ([Errno 61] Connection refused) — continuing
14:38:05 WARNING omega.core.heartbeat_client: heartbeat: http://localhost:8080/api/v1/diagnostics unreachable ([Errno 61] Connection refused) — continuing
14:38:05 WARNING omega.core.heartbeat_client: heartbeat: http://localhost:8080/api/v1/nodes/victoria_v206b_recent_r2/decisions unreachable ([Errno 61] Connection refused) — continuing
14:38:17 WARNING omega.core.heartbeat_client: heartbeat: http://localhost:8080/api/v1/diagnostics unreachable ([Errno 61] Connection refused) — continuing
14:38:17 WARNING omega.core.heartbeat_client: heartbeat: http://localhost:8080/api/v1/nodes/victoria_v206b_recent_r2/decisions unreachable ([Errno 61] Connection refused) — continuing
14:38:29 WARNING omega.core.heartbeat_client: heartbeat: http://localhost:8080/api/v1/diagnostics unreachable ([Errno 61] Connection refused) — continuing
14:38:29 WARNING omega.core.heartbeat_client: heartbeat: http://localhost:8080/api/v1/nodes/victoria_v206b_recent_r2/decisions unreachable ([Errno 61] Connection refused) — continuing
14:38:41 WARNING omega.core.heartbeat_client: heartbeat: http://localhost:8080/api/v1/diagnostics unreachable ([Errno 61] Connection refused) — continuing
14:38:41 WARNING omega.core.heartbeat_client: heartbeat: http://localhost:8080/api/v1/nodes/victoria_v206b_recent_r2/decisions unreachable ([Errno 61] Connection refused) — continuing
14:38:53 WARNING omega.core.heartbeat_client: heartbeat: http://localhost:8080/api/v1/diagnostics unreachable ([Errno 61] Connection refused) — continuing
14:38:53 WARNING omega.core.heartbeat_client: heartbeat: http://localhost:8080/api/v1/nodes/victoria_v206b_recent_r2/decisions unreachable ([Errno 61] Connection refused) — continuing
14:39:05 WARNING omega.core.heartbeat_client: heartbeat: http://localhost:8080/api/v1/diagnostics unreachable ([Errno 61] Connection refused) — continuing
14:39:05 WARNING omega.core.heartbeat_client: heartbeat: http://localhost:8080/api/v1/nodes/victoria_v206b_recent_r2/decisions unreachable ([Errno 61] Connection refused) — continuing
14:39:18 WARNING omega.core.heartbeat_client: heartbeat: http://localhost:8080/api/v1/diagnostics unreachable ([Errno 61] Connection refused) — continuing
14:39:18 WARNING omega.core.heartbeat_client: heartbeat: http://localhost:8080/api/v1/nodes/victoria_v206b_recent_r2/decisions unreachable ([Errno 61] Connection refused) — continuing
14:39:30 WARNING omega.core.heartbeat_client: heartbeat: http://localhost:8080/api/v1/diagnostics unreachable ([Errno 61] Connection refused) — continuing
14:39:30 WARNING omega.core.heartbeat_client: heartbeat: http://localhost:8080/api/v1/nodes/victoria_v206b_recent_r2/decisions unreachable ([Errno 61] Connection refused) — continuing
14:39:42 WARNING omega.core.heartbeat_client: heartbeat: http://localhost:8080/api/v1/diagnostics unreachable ([Errno 61] Connection refused) — continuing
14:39:42 WARNING omega.core.heartbeat_client: heartbeat: http://localhost:8080/api/v1/nodes/victoria_v206b_recent_r2/decisions unreachable ([Errno 61] Connection refused) — continuing
14:39:54 WARNING omega.core.heartbeat_client: heartbeat: http://localhost:8080/api/v1/diagnostics unreachable ([Errno 61] Connection refused) — continuing
14:39:54 WARNING omega.core.heartbeat_client: heartbeat: http://localhost:8080/api/v1/nodes/victoria_v206b_recent_r2/decisions unreachable ([Errno 61] Connection refused) — continuing
14:40:04 WARNING omega.nodes.victoria.vrp_signal: VRP circuit breaker: zscore=-3.42 < -2.0sigma — extreme COMPLACENCY; flagging for manual review (iv=0.36 rv=0.73)
14:40:05 WARNING omega.core.heartbeat_client: heartbeat: http://localhost:8080/api/v1/diagnostics unreachable ([Errno 61] Connection refused) — continuing
14:40:05 WARNING omega.core.heartbeat_client: heartbeat: http://localhost:8080/api/v1/nodes/victoria_v206b_recent_r2/decisions unreachable ([Errno 61] Connection refused) — continuing
14:40:16 WARNING omega.core.heartbeat_client: heartbeat: http://localhost:8080/api/v1/diagnostics unreachable ([Errno 61] Connection refused) — continuing
14:40:16 WARNING omega.core.heartbeat_client: heartbeat: http://localhost:8080/api/v1/nodes/victoria_v206b_recent_r2/decisions unreachable ([Errno 61] Connection refused) — continuing
14:40:28 WARNING omega.core.heartbeat_client: heartbeat: http://localhost:8080/api/v1/diagnostics unreachable ([Errno 61] Connection refused) — continuing
14:40:28 WARNING omega.core.heartbeat_client: heartbeat: http://localhost:8080/api/v1/nodes/victoria_v206b_recent_r2/decisions unreachable ([Errno 61] Connection refused) — continuing
14:40:40 WARNING omega.core.heartbeat_client: heartbeat: http://localhost:8080/api/v1/diagnostics unreachable ([Errno 61] Connection refused) — continuing
14:40:40 WARNING omega.core.heartbeat_client: heartbeat: http://localhost:8080/api/v1/nodes/victoria_v206b_recent_r2/decisions unreachable ([Errno 61] Connection refused) — continuing
14:40:52 WARNING omega.core.heartbeat_client: heartbeat: http://localhost:8080/api/v1/diagnostics unreachable ([Errno 61] Connection refused) — continuing
14:40:52 WARNING omega.core.heartbeat_client: heartbeat: http://localhost:8080/api/v1/nodes/victoria_v206b_recent_r2/decisions unreachable ([Errno 61] Connection refused) — continuing
14:41:03 WARNING omega.core.heartbeat_client: heartbeat: http://localhost:8080/api/v1/diagnostics unreachable ([Errno 61] Connection refused) — continuing
14:41:04 WARNING omega.core.heartbeat_client: heartbeat: http://localhost:8080/api/v1/nodes/victoria_v206b_recent_r2/decisions unreachable ([Errno 61] Connection refused) — continuing
14:41:15 WARNING omega.core.heartbeat_client: heartbeat: http://localhost:8080/api/v1/diagnostics unreachable ([Errno 61] Connection refused) — continuing
14:41:15 WARNING omega.core.heartbeat_client: heartbeat: http://localhost:8080/api/v1/nodes/victoria_v206b_recent_r2/decisions unreachable ([Errno 61] Connection refused) — continuing
14:41:27 WARNING omega.core.heartbeat_client: heartbeat: http://localhost:8080/api/v1/diagnostics unreachable ([Errno 61] Connection refused) — continuing
14:41:27 WARNING omega.core.heartbeat_client: heartbeat: http://localhost:8080/api/v1/nodes/victoria_v206b_recent_r2/decisions unreachable ([Errno 61] Connection refused) — continuing
14:41:39 WARNING omega.core.heartbeat_client: heartbeat: http://localhost:8080/api/v1/diagnostics unreachable ([Errno 61] Connection refused) — continuing
14:41:39 WARNING omega.core.heartbeat_client: heartbeat: http://localhost:8080/api/v1/nodes/victoria_v206b_recent_r2/decisions unreachable ([Errno 61] Connection refused) — continuing
14:41:51 WARNING omega.core.heartbeat_client: heartbeat: http://localhost:8080/api/v1/diagnostics unreachable ([Errno 61] Connection refused) — continuing
14:41:51 WARNING omega.core.heartbeat_client: heartbeat: http://localhost:8080/api/v1/nodes/victoria_v206b_recent_r2/decisions unreachable ([Errno 61] Connection refused) — continuing
14:42:03 WARNING omega.core.heartbeat_client: heartbeat: http://localhost:8080/api/v1/diagnostics unreachable ([Errno 61] Connection refused) — continuing
14:42:03 WARNING omega.core.heartbeat_client: heartbeat: http://localhost:8080/api/v1/nodes/victoria_v206b_recent_r2/decisions unreachable ([Errno 61] Connection refused) — continuing
14:42:15 WARNING omega.core.heartbeat_client: heartbeat: http://localhost:8080/api/v1/diagnostics unreachable ([Errno 61] Connection refused) — continuing
14:42:15 WARNING omega.core.heartbeat_client: heartbeat: http://localhost:8080/api/v1/nodes/victoria_v206b_recent_r2/decisions unreachable ([Errno 61] Connection refused) — continuing
14:42:27 WARNING omega.core.heartbeat_client: heartbeat: http://localhost:8080/api/v1/diagnostics unreachable ([Errno 61] Connection refused) — continuing
14:42:27 WARNING omega.core.heartbeat_client: heartbeat: http://localhost:8080/api/v1/nodes/victoria_v206b_recent_r2/decisions unreachable ([Errno 61] Connection refused) — continuing
14:42:39 WARNING omega.core.heartbeat_client: heartbeat: http://localhost:8080/api/v1/diagnostics unreachable ([Errno 61] Connection refused) — continuing
14:42:39 WARNING omega.core.heartbeat_client: heartbeat: http://localhost:8080/api/v1/nodes/victoria_v206b_recent_r2/decisions unreachable ([Errno 61] Connection refused) — continuing
14:42:51 WARNING omega.core.heartbeat_client: heartbeat: http://localhost:8080/api/v1/diagnostics unreachable ([Errno 61] Connection refused) — continuing
14:42:51 WARNING omega.core.heartbeat_client: heartbeat: http://localhost:8080/api/v1/nodes/victoria_v206b_recent_r2/decisions unreachable ([Errno 61] Connection refused) — continuing
14:43:03 WARNING omega.core.heartbeat_client: heartbeat: http://localhost:8080/api/v1/diagnostics unreachable ([Errno 61] Connection refused) — continuing
14:43:03 WARNING omega.core.heartbeat_client: heartbeat: http://localhost:8080/api/v1/nodes/victoria_v206b_recent_r2/decisions unreachable ([Errno 61] Connection refused) — continuing
14:43:16 WARNING omega.core.heartbeat_client: heartbeat: http://localhost:8080/api/v1/diagnostics unreachable ([Errno 61] Connection refused) — continuing
14:43:16 WARNING omega.core.heartbeat_client: heartbeat: http://localhost:8080/api/v1/nodes/victoria_v206b_recent_r2/decisions unreachable ([Errno 61] Connection refused) — continuing
14:43:16 WARNING omega.core.heartbeat_client: heartbeat: http://localhost:8080/api/v1/nodes/victoria_v206b_recent_r2/lifecycle unreachable ([Errno 61] Connection refused) — continuing
