19:05:22 RNG seed set to 42 (deterministic mode)
19:05:22 BACKTEST MODE: WS signals disabled (whale_prints, ws_microstructure)
19:05:22 ======================================================================
19:05:22 Training Run v211_crisis_p1_r2 — 200 cycles  sleep=10s
19:05:22 CoinGecko key  : CG-YPzBAPag5...
19:05:22 Database URL   : postgresql://omega:omega@localhost:5432/...
19:05:22 Metrics JSONL  : /tmp/v211_crisis_p1_r2_metrics.jsonl
19:05:22 Log file       : /tmp/v211_crisis_p1_r2_training.log
19:05:22 Features ON    : ffg_gate1_enabled, ffg_gate4_enabled
19:05:22 ======================================================================
19:05:22 V207a: OMEGA_FROZEN_CACHE=1 — skipping macro warm_up (no live FRED/funding fetches)
19:05:22 BACKTEST MODE: ingestion replaced by ReplayIngestionNode (snap_crisis_2022h1, 151 steps)
19:05:22 ImprovementEngine: SyntheticEvaluator injected
19:05:22 Decision snapshots → /tmp/v211_crisis_p1_r2_decisions.jsonl (+ Postgres if configured)
19:05:22 SignalDecayDetector: loaded from data/signal_ic_history.json

[96m══════════════════════════════════════════════════════[0m
[96m══ TRAINING DIAGNOSTICS (cycle 0) ═══════════════════════[0m
[96m══════════════════════════════════════════════════════[0m
  [1mREGIME:       [0m [91mUNKN ⚠️[0m
  [1mDATA FRESH:   [0m [92m✅ 0.0min ago[0m
  [1mSIGNALS:      [0m [93mnone yet[0m
  [1mSIT-OUT:      [0m [92mNO[0m
  [1mCONVICTION:   [0m [93mn/a[0m
  [1mTRADES:       [0m open=0 closed=0 | PnL=$+0.00 | WR=0%
  [1mLONG/SHORT:   [0m longs=0 shorts=0
  [1mBLOCKERS:     [0m [91mRegime detector not firing | No signal data yet (first cycle?)[0m
[96m══════════════════════════════════════════════════════[0m

19:05:35 Cycle   1/200 [NORM] OK       | fresh=0.0min | open= 0 closed=  0 | PnL=$+0 wr=0% | improve=0 sem_db=30 | 12.4s/c ETA 2470s | zero_streak=1
19:06:22 Cycle   5/200 [NORM] OK       | fresh=0.0min | open= 2 closed=  1 | PnL=$-642 wr=0% | improve=0 sem_db=30 | 11.8s/c ETA 2306s | zero_streak=2

[96m══════════════════════════════════════════════════════[0m
[96m══ TRAINING DIAGNOSTICS (cycle 10) ══════════════════════[0m
[96m══════════════════════════════════════════════════════[0m
  [1mREGIME:       [0m [93mCRISIS[0m (conf: 0.00)
  [1mDATA FRESH:   [0m [92m✅ 0.0min ago[0m
  [1mSIGNALS:      [0m 9/20 active
  [1mSIT-OUT:      [0m [92mNO[0m
  [1mCONVICTION:   [0m BTC: +0.05 ([92mBUY[0m) | ETH: +0.05 ([92mBUY[0m) | SOL: +0.05 ([92mBUY[0m) | BNB: -0.08 ([91mSELL[0m) | XRP: +0.05 ([92mBUY[0m) | ADA: -0.11 ([91mSELL[0m) | DOT: +0.05 ([92mBUY[0m) | AVAX: -0.08 ([91mSELL[0m) | LINK: -0.05 (HOLD) | MATIC: +0.01 (HOLD) | NEAR: +0.05 ([92mBUY[0m)
  [1mTRADES:       [0m open=1 closed=2 | PnL=$-3156.63 | WR=0%
  [1mLONG/SHORT:   [0m longs=1 shorts=2
  [1mBLOCKERS:     [0m [92mNONE[0m
[96m══════════════════════════════════════════════════════[0m

19:07:34 Cycle  10/200 [CRIS] OK       | fresh=0.0min | open= 1 closed=  2 | PnL=$-3157 wr=0% | improve=0 sem_db=30 | 13.1s/c ETA 2495s | zero_streak=4
19:08:32 Cycle  15/200 [NORM] OK       | fresh=0.0min | open= 0 closed=  3 | PnL=$-1051 wr=33% | improve=1 sem_db=30 | 12.6s/c ETA 2337s | zero_streak=2

[96m══════════════════════════════════════════════════════[0m
[96m══ TRAINING DIAGNOSTICS (cycle 20) ══════════════════════[0m
[96m══════════════════════════════════════════════════════[0m
  [1mREGIME:       [0m [93mCRISIS[0m (conf: 0.38)
  [1mDATA FRESH:   [0m [92m✅ 0.0min ago[0m
  [1mSIGNALS:      [0m 10/20 active
  [1mSIT-OUT:      [0m [92mNO[0m
  [1mCONVICTION:   [0m BTC: +0.09 ([92mBUY[0m) | ETH: +0.07 ([92mBUY[0m) | SOL: -0.18 ([91mSELL[0m) | BNB: +0.11 ([92mBUY[0m) | XRP: +0.31 ([92mBUY[0m) | ADA: -0.10 ([91mSELL[0m) | DOT: -0.13 ([91mSELL[0m) | AVAX: +0.17 ([92mBUY[0m) | LINK: -0.13 ([91mSELL[0m) | MATIC: -0.00 (HOLD) | NEAR: -0.19 ([91mSELL[0m)
  [1mTRADES:       [0m open=0 closed=3 | PnL=$-1051.31 | WR=33%
  [1mLONG/SHORT:   [0m longs=1 shorts=2
  [1mBLOCKERS:     [0m [92mNONE[0m
[96m══════════════════════════════════════════════════════[0m

19:09:48 Cycle  20/200 [CRIS] OK       | fresh=0.0min | open= 0 closed=  3 | PnL=$-1051 wr=33% | improve=1 sem_db=30 | 13.3s/c ETA 2392s | zero_streak=7
19:10:47 Cycle  25/200 [HIGH] OK       | fresh=0.0min | open= 3 closed=  3 | PnL=$-1051 wr=33% | improve=1 sem_db=30 | 13.0s/c ETA 2272s | zero_streak=12

[96m══════════════════════════════════════════════════════[0m
[96m══ TRAINING DIAGNOSTICS (cycle 30) ══════════════════════[0m
[96m══════════════════════════════════════════════════════[0m
  [1mREGIME:       [0m [93mCRISIS[0m (conf: 0.38)
  [1mDATA FRESH:   [0m [92m✅ 0.0min ago[0m
  [1mSIGNALS:      [0m 10/20 active
  [1mSIT-OUT:      [0m [92mNO[0m
  [1mCONVICTION:   [0m BTC: +0.08 ([92mBUY[0m) | ETH: +0.06 ([92mBUY[0m) | SOL: +0.08 ([92mBUY[0m) | BNB: +0.01 (HOLD) | XRP: +0.03 (HOLD) | ADA: -0.13 ([91mSELL[0m) | DOT: +0.05 ([92mBUY[0m) | AVAX: +0.08 ([92mBUY[0m) | LINK: -0.07 ([91mSELL[0m) | MATIC: -0.06 ([91mSELL[0m) | NEAR: -0.13 ([91mSELL[0m)
  [1mTRADES:       [0m open=0 closed=8 | PnL=$-5724.08 | WR=12%
  [1mLONG/SHORT:   [0m longs=1 shorts=7
  [1mBLOCKERS:     [0m [92mNONE[0m
[96m══════════════════════════════════════════════════════[0m

19:12:00 Cycle  30/200 [CRIS] OK       | fresh=0.0min | open= 0 closed=  8 | PnL=$-5724 wr=12% | improve=1 sem_db=30 | 13.3s/c ETA 2254s | zero_streak=0
19:12:58 Cycle  35/200 [CRIS] OK       | fresh=0.0min | open= 2 closed=  9 | PnL=$-6494 wr=11% | improve=1 sem_db=30 | 13.0s/c ETA 2148s | zero_streak=1

[96m══════════════════════════════════════════════════════[0m
[96m══ TRAINING DIAGNOSTICS (cycle 40) ══════════════════════[0m
[96m══════════════════════════════════════════════════════[0m
  [1mREGIME:       [0m [93mCRISIS[0m (conf: 0.38)
  [1mDATA FRESH:   [0m [92m✅ 0.0min ago[0m
  [1mSIGNALS:      [0m 10/20 active
  [1mSIT-OUT:      [0m [92mNO[0m
  [1mCONVICTION:   [0m BTC: +0.06 ([92mBUY[0m) | ETH: -0.04 (HOLD) | SOL: -0.11 ([91mSELL[0m) | BNB: +0.08 ([92mBUY[0m) | XRP: +0.05 (HOLD) | ADA: -0.15 ([91mSELL[0m) | DOT: +0.04 (HOLD) | AVAX: -0.07 ([91mSELL[0m) | LINK: -0.11 ([91mSELL[0m) | MATIC: -0.04 (HOLD) | NEAR: +0.28 ([92mBUY[0m)
  [1mTRADES:       [0m open=0 closed=11 | PnL=$-6555.37 | WR=18%
  [1mLONG/SHORT:   [0m longs=3 shorts=8
  [1mBLOCKERS:     [0m [92mNONE[0m
[96m══════════════════════════════════════════════════════[0m

19:14:10 Cycle  40/200 [CRIS] OK       | fresh=0.0min | open= 0 closed= 11 | PnL=$-6555 wr=18% | improve=1 sem_db=30 | 13.2s/c ETA 2110s | zero_streak=1
19:15:09 Cycle  45/200 [CRIS] OK       | fresh=0.0min | open= 2 closed= 12 | PnL=$-7386 wr=17% | improve=1 sem_db=30 | 13.0s/c ETA 2020s | zero_streak=2

[96m══════════════════════════════════════════════════════[0m
[96m══ TRAINING DIAGNOSTICS (cycle 50) ══════════════════════[0m
[96m══════════════════════════════════════════════════════[0m
  [1mREGIME:       [0m [93mNORMAL[0m (conf: 0.38)
  [1mDATA FRESH:   [0m [92m✅ 0.0min ago[0m
  [1mSIGNALS:      [0m 11/20 active
  [1mSIT-OUT:      [0m [92mNO[0m
  [1mCONVICTION:   [0m BTC: -0.04 (HOLD) | ETH: +0.06 ([92mBUY[0m) | SOL: -0.05 ([91mSELL[0m) | BNB: -0.06 ([91mSELL[0m) | XRP: +0.02 (HOLD) | ADA: -0.06 ([91mSELL[0m) | DOT: +0.07 ([92mBUY[0m) | AVAX: +0.13 ([92mBUY[0m) | LINK: +0.05 ([92mBUY[0m) | MATIC: -0.10 ([91mSELL[0m) | NEAR: -0.02 (HOLD)
  [1mTRADES:       [0m open=0 closed=16 | PnL=$-7868.90 | WR=19%
  [1mLONG/SHORT:   [0m longs=6 shorts=10
  [1mBLOCKERS:     [0m [92mNONE[0m
[96m══════════════════════════════════════════════════════[0m

19:16:23 Cycle  50/200 [NORM] OK       | fresh=0.0min | open= 0 closed= 16 | PnL=$-7869 wr=19% | improve=1 sem_db=30 | 13.2s/c ETA 1982s | zero_streak=0
19:17:33 Cycle  55/200 [NORM] OK       | fresh=0.0min | open= 2 closed= 17 | PnL=$-8806 wr=18% | improve=1 sem_db=30 | 13.3s/c ETA 1926s | zero_streak=2

[96m══════════════════════════════════════════════════════[0m
[96m══ TRAINING DIAGNOSTICS (cycle 60) ══════════════════════[0m
[96m══════════════════════════════════════════════════════[0m
  [1mREGIME:       [0m [93mHIGH_VOL[0m (conf: 0.38)
  [1mDATA FRESH:   [0m [92m✅ 0.0min ago[0m
  [1mSIGNALS:      [0m 11/20 active
  [1mSIT-OUT:      [0m [92mNO[0m
  [1mCONVICTION:   [0m BTC: +0.02 (HOLD) | ETH: +0.03 (HOLD) | SOL: +0.03 (HOLD) | BNB: -0.05 ([91mSELL[0m) | XRP: -0.16 ([91mSELL[0m) | ADA: +0.03 (HOLD) | DOT: +0.03 (HOLD) | AVAX: +0.03 (HOLD) | LINK: +0.03 (HOLD) | MATIC: +0.01 (HOLD) | NEAR: +0.03 (HOLD)
  [1mTRADES:       [0m open=2 closed=17 | PnL=$-8805.51 | WR=18%
  [1mLONG/SHORT:   [0m longs=8 shorts=11
  [1mBLOCKERS:     [0m [92mNONE[0m
[96m══════════════════════════════════════════════════════[0m

19:18:33 Cycle  60/200 [HIGH] OK       | fresh=0.0min | open= 2 closed= 17 | PnL=$-8806 wr=18% | improve=1 sem_db=30 | 13.2s/c ETA 1845s | zero_streak=7
19:19:34 Cycle  65/200 [HIGH] OK       | fresh=0.0min | open= 0 closed= 19 | PnL=$-5687 wr=26% | improve=1 sem_db=30 | 13.1s/c ETA 1768s | zero_streak=3

[96m══════════════════════════════════════════════════════[0m
[96m══ TRAINING DIAGNOSTICS (cycle 70) ══════════════════════[0m
[96m══════════════════════════════════════════════════════[0m
  [1mREGIME:       [0m [93mHIGH_VOL[0m (conf: 0.38)
  [1mDATA FRESH:   [0m [92m✅ 0.0min ago[0m
  [1mSIGNALS:      [0m 12/20 active
  [1mSIT-OUT:      [0m [92mNO[0m
  [1mCONVICTION:   [0m BTC: -0.04 (HOLD) | ETH: +0.05 (HOLD) | SOL: +0.15 ([92mBUY[0m) | BNB: +0.08 ([92mBUY[0m) | XRP: -0.14 ([91mSELL[0m) | ADA: -0.07 ([91mSELL[0m) | DOT: -0.10 ([91mSELL[0m) | AVAX: -0.09 ([91mSELL[0m) | LINK: -0.08 ([91mSELL[0m) | MATIC: -0.15 ([91mSELL[0m) | NEAR: +0.39 ([92mBUY[0m)
  [1mTRADES:       [0m open=1 closed=19 | PnL=$-5686.90 | WR=26%
  [1mLONG/SHORT:   [0m longs=8 shorts=12
  [1mBLOCKERS:     [0m [92mNONE[0m
[96m══════════════════════════════════════════════════════[0m

19:20:36 Cycle  70/200 [HIGH] OK       | fresh=0.0min | open= 1 closed= 19 | PnL=$-5687 wr=26% | improve=1 sem_db=30 | 13.1s/c ETA 1697s | zero_streak=8
19:21:35 Cycle  75/200 [NORM] OK       | fresh=0.0min | open= 2 closed= 19 | PnL=$-5687 wr=26% | improve=1 sem_db=30 | 13.0s/c ETA 1621s | zero_streak=13

[96m══════════════════════════════════════════════════════[0m
[96m══ TRAINING DIAGNOSTICS (cycle 80) ══════════════════════[0m
[96m══════════════════════════════════════════════════════[0m
  [1mREGIME:       [0m [93mNORMAL[0m (conf: 0.38)
  [1mDATA FRESH:   [0m [92m✅ 0.0min ago[0m
  [1mSIGNALS:      [0m 11/20 active
  [1mSIT-OUT:      [0m [92mNO[0m
  [1mCONVICTION:   [0m BTC: +0.02 (HOLD) | ETH: +0.02 (HOLD) | SOL: -0.13 ([91mSELL[0m) | BNB: +0.11 ([92mBUY[0m) | XRP: +0.17 ([92mBUY[0m) | ADA: -0.13 ([91mSELL[0m) | DOT: -0.06 ([91mSELL[0m) | AVAX: -0.09 ([91mSELL[0m) | LINK: -0.10 ([91mSELL[0m) | MATIC: -0.02 (HOLD) | NEAR: +0.20 ([92mBUY[0m)
  [1mTRADES:       [0m open=1 closed=21 | PnL=$-3952.79 | WR=29%
  [1mLONG/SHORT:   [0m longs=10 shorts=12
  [1mBLOCKERS:     [0m [92mNONE[0m
[96m══════════════════════════════════════════════════════[0m

19:22:34 Cycle  80/200 [NORM] OK       | fresh=0.0min | open= 1 closed= 21 | PnL=$-3953 wr=29% | improve=1 sem_db=30 | 12.9s/c ETA 1547s | zero_streak=0
19:23:33 Cycle  85/200 [NORM] OK       | fresh=0.0min | open= 1 closed= 24 | PnL=$-4497 wr=29% | improve=1 sem_db=30 | 12.8s/c ETA 1475s | zero_streak=0

[96m══════════════════════════════════════════════════════[0m
[96m══ TRAINING DIAGNOSTICS (cycle 90) ══════════════════════[0m
[96m══════════════════════════════════════════════════════[0m
  [1mREGIME:       [0m [93mNORMAL[0m (conf: 0.38)
  [1mDATA FRESH:   [0m [92m✅ 0.0min ago[0m
  [1mSIGNALS:      [0m 11/20 active
  [1mSIT-OUT:      [0m [92mNO[0m
  [1mCONVICTION:   [0m BTC: +0.11 ([92mBUY[0m) | ETH: +0.07 ([92mBUY[0m) | SOL: +0.06 ([92mBUY[0m) | BNB: +0.09 ([92mBUY[0m) | XRP: -0.06 ([91mSELL[0m) | ADA: -0.06 ([91mSELL[0m) | DOT: +0.01 (HOLD) | AVAX: -0.06 ([91mSELL[0m) | LINK: -0.05 (HOLD) | MATIC: -0.06 ([91mSELL[0m) | NEAR: -0.06 ([91mSELL[0m)
  [1mTRADES:       [0m open=2 closed=25 | PnL=$-4463.77 | WR=32%
  [1mLONG/SHORT:   [0m longs=13 shorts=14
  [1mBLOCKERS:     [0m [92mNONE[0m
[96m══════════════════════════════════════════════════════[0m

19:24:31 Cycle  90/200 [NORM] OK       | fresh=0.0min | open= 2 closed= 25 | PnL=$-4464 wr=32% | improve=1 sem_db=30 | 12.8s/c ETA 1404s | zero_streak=0
19:25:30 Cycle  95/200 [NORM] OK       | fresh=0.0min | open= 1 closed= 28 | PnL=$-2043 wr=39% | improve=1 sem_db=30 | 12.7s/c ETA 1335s | zero_streak=1

[96m══════════════════════════════════════════════════════[0m
[96m══ TRAINING DIAGNOSTICS (cycle 100) ═════════════════════[0m
[96m══════════════════════════════════════════════════════[0m
  [1mREGIME:       [0m [93mCRISIS[0m (conf: 0.38)
  [1mDATA FRESH:   [0m [92m✅ 0.0min ago[0m
  [1mSIGNALS:      [0m 12/20 active
  [1mSIT-OUT:      [0m [92mNO[0m
  [1mCONVICTION:   [0m BTC: -0.00 (HOLD) | ETH: +0.01 (HOLD) | SOL: -0.00 (HOLD) | BNB: +0.03 (HOLD) | XRP: -0.00 (HOLD) | ADA: -0.00 (HOLD) | DOT: -0.00 (HOLD) | AVAX: -0.00 (HOLD) | LINK: -0.00 (HOLD) | MATIC: -0.00 (HOLD) | NEAR: -0.00 (HOLD)
  [1mTRADES:       [0m open=1 closed=31 | PnL=$-6092.98 | WR=35%
  [1mLONG/SHORT:   [0m longs=17 shorts=15
  [1mBLOCKERS:     [0m [91mNo conviction above threshold (all HOLD)[0m
[96m══════════════════════════════════════════════════════[0m

19:26:30 Cycle 100/200 [CRIS] OK       | fresh=0.0min | open= 1 closed= 31 | PnL=$-6093 wr=35% | improve=1 sem_db=30 | 12.7s/c ETA 1267s | zero_streak=0
19:27:27 Cycle 105/200 [CRIS] OK       | fresh=0.0min | open= 1 closed= 31 | PnL=$-6093 wr=35% | improve=1 sem_db=30 | 12.6s/c ETA 1199s | zero_streak=5

[96m══════════════════════════════════════════════════════[0m
[96m══ TRAINING DIAGNOSTICS (cycle 110) ═════════════════════[0m
[96m══════════════════════════════════════════════════════[0m
  [1mREGIME:       [0m [93mCRISIS[0m (conf: 0.38)
  [1mDATA FRESH:   [0m [92m✅ 0.0min ago[0m
  [1mSIGNALS:      [0m 11/20 active
  [1mSIT-OUT:      [0m [92mNO[0m
  [1mCONVICTION:   [0m BTC: +0.00 (HOLD) | ETH: +0.00 (HOLD) | SOL: +0.00 (HOLD) | BNB: +0.00 (HOLD) | XRP: +0.00 (HOLD) | ADA: +0.00 (HOLD) | DOT: +0.00 (HOLD) | AVAX: +0.00 (HOLD) | LINK: +0.00 (HOLD) | MATIC: +0.00 (HOLD) | NEAR: +0.00 (HOLD)
  [1mTRADES:       [0m open=0 closed=32 | PnL=$-3124.85 | WR=38%
  [1mLONG/SHORT:   [0m longs=17 shorts=15
  [1mBLOCKERS:     [0m [91mNo conviction above threshold (all HOLD)[0m
[96m══════════════════════════════════════════════════════[0m

19:28:26 Cycle 110/200 [CRIS] OK       | fresh=0.0min | open= 0 closed= 32 | PnL=$-3125 wr=38% | improve=1 sem_db=30 | 12.6s/c ETA 1132s | zero_streak=1
19:29:26 Cycle 115/200 [CRIS] OK       | fresh=0.0min | open= 0 closed= 32 | PnL=$-3125 wr=38% | improve=1 sem_db=30 | 12.5s/c ETA 1067s | zero_streak=6

[96m══════════════════════════════════════════════════════[0m
[96m══ TRAINING DIAGNOSTICS (cycle 120) ═════════════════════[0m
[96m══════════════════════════════════════════════════════[0m
  [1mREGIME:       [0m [93mNORMAL[0m (conf: 0.38)
  [1mDATA FRESH:   [0m [92m✅ 0.0min ago[0m
  [1mSIGNALS:      [0m 12/20 active
  [1mSIT-OUT:      [0m [92mNO[0m
  [1mCONVICTION:   [0m BTC: +0.12 ([92mBUY[0m) | ETH: -0.04 (HOLD) | SOL: -0.04 (HOLD) | BNB: +0.22 ([92mBUY[0m) | XRP: -0.03 (HOLD) | ADA: -0.04 (HOLD) | DOT: -0.00 (HOLD) | AVAX: -0.04 (HOLD) | LINK: -0.04 (HOLD) | MATIC: -0.04 (HOLD) | NEAR: -0.04 (HOLD)
  [1mTRADES:       [0m open=3 closed=32 | PnL=$-3124.85 | WR=38%
  [1mLONG/SHORT:   [0m longs=17 shorts=18
  [1mBLOCKERS:     [0m [92mNONE[0m
[96m══════════════════════════════════════════════════════[0m

19:30:25 Cycle 120/200 [NORM] OK       | fresh=0.0min | open= 3 closed= 32 | PnL=$-3125 wr=38% | improve=1 sem_db=30 | 12.5s/c ETA 1002s | zero_streak=11
19:31:26 Cycle 125/200 [NORM] OK       | fresh=0.0min | open= 1 closed= 37 | PnL=$-4561 wr=35% | improve=1 sem_db=30 | 12.5s/c ETA 938s | zero_streak=0

[96m══════════════════════════════════════════════════════[0m
[96m══ TRAINING DIAGNOSTICS (cycle 130) ═════════════════════[0m
[96m══════════════════════════════════════════════════════[0m
  [1mREGIME:       [0m [93mNORMAL[0m (conf: 0.38)
  [1mDATA FRESH:   [0m [92m✅ 0.0min ago[0m
  [1mSIGNALS:      [0m 11/20 active
  [1mSIT-OUT:      [0m [92mNO[0m
  [1mCONVICTION:   [0m BTC: +0.02 (HOLD) | ETH: -0.08 ([91mSELL[0m) | SOL: -0.08 ([91mSELL[0m) | BNB: -0.08 ([91mSELL[0m) | XRP: -0.06 ([91mSELL[0m) | ADA: +0.29 ([92mBUY[0m) | DOT: -0.08 ([91mSELL[0m) | AVAX: -0.08 ([91mSELL[0m) | LINK: +0.29 ([92mBUY[0m) | MATIC: -0.08 ([91mSELL[0m) | NEAR: -0.08 ([91mSELL[0m)
  [1mTRADES:       [0m open=1 closed=37 | PnL=$-4560.93 | WR=35%
  [1mLONG/SHORT:   [0m longs=19 shorts=19
  [1mBLOCKERS:     [0m [92mNONE[0m
[96m══════════════════════════════════════════════════════[0m

19:32:25 Cycle 130/200 [NORM] OK       | fresh=0.0min | open= 1 closed= 37 | PnL=$-4561 wr=35% | improve=1 sem_db=30 | 12.5s/c ETA 874s | zero_streak=5
19:33:24 Cycle 135/200 [NORM] OK       | fresh=0.0min | open= 2 closed= 38 | PnL=$-3981 wr=37% | improve=1 sem_db=30 | 12.5s/c ETA 810s | zero_streak=3

[96m══════════════════════════════════════════════════════[0m
[96m══ TRAINING DIAGNOSTICS (cycle 140) ═════════════════════[0m
[96m══════════════════════════════════════════════════════[0m
  [1mREGIME:       [0m [93mCRISIS[0m (conf: 0.38)
  [1mDATA FRESH:   [0m [92m✅ 0.0min ago[0m
  [1mSIGNALS:      [0m 10/20 active
  [1mSIT-OUT:      [0m [92mNO[0m
  [1mCONVICTION:   [0m BTC: +0.00 (HOLD) | ETH: +0.00 (HOLD) | SOL: +0.00 (HOLD) | BNB: +0.00 (HOLD) | XRP: +0.00 (HOLD) | ADA: +0.00 (HOLD) | DOT: +0.00 (HOLD) | AVAX: +0.00 (HOLD) | LINK: +0.00 (HOLD) | MATIC: +0.00 (HOLD) | NEAR: +0.00 (HOLD)
  [1mTRADES:       [0m open=1 closed=39 | PnL=$-4380.48 | WR=36%
  [1mLONG/SHORT:   [0m longs=19 shorts=21
  [1mBLOCKERS:     [0m [91mNo conviction above threshold (all HOLD)[0m
[96m══════════════════════════════════════════════════════[0m

19:34:23 Cycle 140/200 [CRIS] OK       | fresh=0.0min | open= 1 closed= 39 | PnL=$-4380 wr=36% | improve=1 sem_db=30 | 12.4s/c ETA 746s | zero_streak=3
19:35:22 Cycle 145/200 [CRIS] OK       | fresh=0.0min | open= 3 closed= 40 | PnL=$-1030 wr=38% | improve=1 sem_db=30 | 12.4s/c ETA 683s | zero_streak=1

[96m══════════════════════════════════════════════════════[0m
[96m══ TRAINING DIAGNOSTICS (cycle 150) ═════════════════════[0m
[96m══════════════════════════════════════════════════════[0m
  [1mREGIME:       [0m [93mCRISIS[0m (conf: 0.38)
  [1mDATA FRESH:   [0m [92m✅ 0.0min ago[0m
  [1mSIGNALS:      [0m 11/20 active
  [1mSIT-OUT:      [0m [92mNO[0m
  [1mCONVICTION:   [0m BTC: -0.30 ([91mSELL[0m) | ETH: -0.18 ([91mSELL[0m) | SOL: +0.26 ([92mBUY[0m) | BNB: -0.06 ([91mSELL[0m) | XRP: +0.08 ([92mBUY[0m) | ADA: -0.15 ([91mSELL[0m) | DOT: -0.04 (HOLD) | AVAX: +0.21 ([92mBUY[0m) | LINK: -0.10 ([91mSELL[0m) | MATIC: +0.26 ([92mBUY[0m) | NEAR: +0.04 (HOLD)
  [1mTRADES:       [0m open=2 closed=43 | PnL=$-2957.66 | WR=35%
  [1mLONG/SHORT:   [0m longs=19 shorts=26
  [1mBLOCKERS:     [0m [92mNONE[0m
[96m══════════════════════════════════════════════════════[0m

19:36:27 Cycle 150/200 [CRIS] OK       | fresh=0.0min | open= 2 closed= 43 | PnL=$-2958 wr=35% | improve=1 sem_db=30 | 12.4s/c ETA 622s | zero_streak=4
19:37:24 Cycle 155/200 [NORM] OK       | fresh=0.0min | open= 0 closed= 45 | PnL=$-25222 wr=33% | improve=1 sem_db=30 | 12.4s/c ETA 558s | zero_streak=2

[96m══════════════════════════════════════════════════════[0m
[96m══ TRAINING DIAGNOSTICS (cycle 160) ═════════════════════[0m
[96m══════════════════════════════════════════════════════[0m
  [1mREGIME:       [0m [93mNORMAL[0m (conf: 0.38)
  [1mDATA FRESH:   [0m [92m✅ 0.0min ago[0m
  [1mSIGNALS:      [0m 11/20 active
  [1mSIT-OUT:      [0m [92mNO[0m
  [1mCONVICTION:   [0m BTC: +0.08 ([92mBUY[0m) | ETH: +0.18 ([92mBUY[0m) | SOL: +0.06 ([92mBUY[0m) | BNB: -0.05 (HOLD) | XRP: -0.03 (HOLD) | ADA: -0.10 ([91mSELL[0m) | DOT: +0.03 (HOLD) | AVAX: +0.10 ([92mBUY[0m) | LINK: -0.08 ([91mSELL[0m) | MATIC: -0.12 ([91mSELL[0m) | NEAR: -0.06 ([91mSELL[0m)
  [1mTRADES:       [0m open=1 closed=46 | PnL=$-25430.71 | WR=33%
  [1mLONG/SHORT:   [0m longs=20 shorts=27
  [1mBLOCKERS:     [0m [92mNONE[0m
[96m══════════════════════════════════════════════════════[0m

19:38:23 Cycle 160/200 [NORM] OK       | fresh=0.0min | open= 1 closed= 46 | PnL=$-25431 wr=33% | improve=1 sem_db=30 | 12.4s/c ETA 495s | zero_streak=0
19:39:23 Cycle 165/200 [NORM] OK       | fresh=0.0min | open= 1 closed= 49 | PnL=$-24689 wr=33% | improve=1 sem_db=30 | 12.4s/c ETA 433s | zero_streak=0

[96m══════════════════════════════════════════════════════[0m
[96m══ TRAINING DIAGNOSTICS (cycle 170) ═════════════════════[0m
[96m══════════════════════════════════════════════════════[0m
  [1mREGIME:       [0m [93mNORMAL[0m (conf: 0.38)
  [1mDATA FRESH:   [0m [92m✅ 0.0min ago[0m
  [1mSIGNALS:      [0m 11/20 active
  [1mSIT-OUT:      [0m [92mNO[0m
  [1mCONVICTION:   [0m BTC: +0.12 ([92mBUY[0m) | ETH: +0.08 ([92mBUY[0m) | SOL: -0.20 ([91mSELL[0m) | BNB: +0.07 ([92mBUY[0m) | XRP: +0.31 ([92mBUY[0m) | ADA: -0.11 ([91mSELL[0m) | DOT: -0.13 ([91mSELL[0m) | AVAX: +0.26 ([92mBUY[0m) | LINK: -0.16 ([91mSELL[0m) | MATIC: -0.02 (HOLD) | NEAR: -0.23 ([91mSELL[0m)
  [1mTRADES:       [0m open=3 closed=50 | PnL=$-25103.57 | WR=32%
  [1mLONG/SHORT:   [0m longs=23 shorts=30
  [1mBLOCKERS:     [0m [92mNONE[0m
[96m══════════════════════════════════════════════════════[0m

19:40:22 Cycle 170/200 [NORM] OK       | fresh=0.0min | open= 3 closed= 50 | PnL=$-25104 wr=32% | improve=1 sem_db=30 | 12.3s/c ETA 370s | zero_streak=1
19:41:21 Cycle 175/200 [NORM] OK       | fresh=0.0min | open= 2 closed= 52 | PnL=$-23321 wr=33% | improve=1 sem_db=30 | 12.3s/c ETA 308s | zero_streak=3

[96m══════════════════════════════════════════════════════[0m
[96m══ TRAINING DIAGNOSTICS (cycle 180) ═════════════════════[0m
[96m══════════════════════════════════════════════════════[0m
  [1mREGIME:       [0m [93mNORMAL[0m (conf: 0.38)
  [1mDATA FRESH:   [0m [92m✅ 0.0min ago[0m
  [1mSIGNALS:      [0m 11/20 active
  [1mSIT-OUT:      [0m [92mNO[0m
  [1mCONVICTION:   [0m BTC: +0.06 ([92mBUY[0m) | ETH: +0.03 (HOLD) | SOL: -0.00 (HOLD) | BNB: +0.05 (HOLD) | XRP: +0.01 (HOLD) | ADA: -0.04 (HOLD) | DOT: -0.04 (HOLD) | AVAX: +0.06 ([92mBUY[0m) | LINK: -0.04 (HOLD) | MATIC: -0.04 (HOLD) | NEAR: -0.04 (HOLD)
  [1mTRADES:       [0m open=3 closed=54 | PnL=$-21754.95 | WR=33%
  [1mLONG/SHORT:   [0m longs=24 shorts=33
  [1mBLOCKERS:     [0m [92mNONE[0m
[96m══════════════════════════════════════════════════════[0m

19:42:20 Cycle 180/200 [NORM] OK       | fresh=0.0min | open= 3 closed= 54 | PnL=$-21755 wr=33% | improve=1 sem_db=30 | 12.3s/c ETA 246s | zero_streak=0
19:43:17 Cycle 185/200 [CRIS] OK       | fresh=0.0min | open= 2 closed= 57 | PnL=$-22736 wr=33% | improve=1 sem_db=30 | 12.3s/c ETA 184s | zero_streak=3

[96m══════════════════════════════════════════════════════[0m
[96m══ TRAINING DIAGNOSTICS (cycle 190) ═════════════════════[0m
[96m══════════════════════════════════════════════════════[0m
  [1mREGIME:       [0m [93mNORMAL[0m (conf: 0.38)
  [1mDATA FRESH:   [0m [92m✅ 0.0min ago[0m
  [1mSIGNALS:      [0m 11/20 active
  [1mSIT-OUT:      [0m [92mNO[0m
  [1mCONVICTION:   [0m BTC: +0.04 (HOLD) | ETH: -0.04 (HOLD) | SOL: -0.05 ([91mSELL[0m) | BNB: +0.09 ([92mBUY[0m) | XRP: +0.03 (HOLD) | ADA: -0.15 ([91mSELL[0m) | DOT: +0.03 (HOLD) | AVAX: -0.07 ([91mSELL[0m) | LINK: -0.09 ([91mSELL[0m) | MATIC: -0.02 (HOLD) | NEAR: +0.23 ([92mBUY[0m)
  [1mTRADES:       [0m open=1 closed=59 | PnL=$-24225.65 | WR=32%
  [1mLONG/SHORT:   [0m longs=26 shorts=34
  [1mBLOCKERS:     [0m [92mNONE[0m
[96m══════════════════════════════════════════════════════[0m

19:44:16 Cycle 190/200 [NORM] OK       | fresh=0.0min | open= 1 closed= 59 | PnL=$-24226 wr=32% | improve=1 sem_db=30 | 12.3s/c ETA 123s | zero_streak=2
19:45:15 Cycle 195/200 [CRIS] OK       | fresh=0.0min | open= 1 closed= 61 | PnL=$-24397 wr=33% | improve=1 sem_db=30 | 12.3s/c ETA 61s | zero_streak=0

[96m══════════════════════════════════════════════════════[0m
[96m══ TRAINING DIAGNOSTICS (cycle 200) ═════════════════════[0m
[96m══════════════════════════════════════════════════════[0m
  [1mREGIME:       [0m [93mCRISIS[0m (conf: 0.38)
  [1mDATA FRESH:   [0m [92m✅ 0.0min ago[0m
  [1mSIGNALS:      [0m 11/20 active
  [1mSIT-OUT:      [0m [92mNO[0m
  [1mCONVICTION:   [0m BTC: +0.01 (HOLD) | ETH: +0.04 (HOLD) | SOL: -0.08 ([91mSELL[0m) | BNB: -0.01 (HOLD) | XRP: +0.09 ([92mBUY[0m) | ADA: -0.10 ([91mSELL[0m) | DOT: +0.10 ([92mBUY[0m) | AVAX: -0.03 (HOLD) | LINK: +0.06 ([92mBUY[0m) | MATIC: -0.11 ([91mSELL[0m) | NEAR: +0.04 (HOLD)
  [1mTRADES:       [0m open=3 closed=62 | PnL=$-24834.50 | WR=32%
  [1mLONG/SHORT:   [0m longs=29 shorts=36
  [1mBLOCKERS:     [0m [92mNONE[0m
[96m══════════════════════════════════════════════════════[0m

19:46:16 Cycle 200/200 [CRIS] OK       | fresh=0.0min | open= 3 closed= 62 | PnL=$-24834 wr=32% | improve=1 sem_db=30 | 12.3s/c ETA 0s | zero_streak=2
19:46:16 V211_CRISIS_P1_R2: no baseline version found for gate comparison
19:46:16 Attribution — alpha: $-20293.84  beta: $+22540114.49  timing: $+15958645.82  selection: $-0.00
19:46:16 Attribution report  : /Users/benebsworth/projects/omega/data/v211_crisis_p1_r2_attribution.json
19:46:16 
19:46:16 ======================================================================
19:46:16 V211_CRISIS_P1_R2 COMPLETE — 200 cycles in 2454s (12.27s/cycle)
19:46:16 ======================================================================
19:46:16 improve_calls         : 1
19:46:16 semantic_patterns_db  : 30
19:46:16 Closed trades         : 62  (long=27  short=35)
19:46:16 Total PnL             : $-24834.50  (engine realised: $-24834.50)
19:46:16 Win rate              : 32.3%  (20/62)
19:46:16 Profit factor         : 0.51
19:46:16 --- Observability ---
19:46:16 Zero-trade cycles     : 151 / 200  (76%)
19:46:16 Circuit breaker trips : 0
19:46:16 Final vol threshold   : 0.000
19:46:16 Metrics JSONL         : /tmp/v211_crisis_p1_r2_metrics.jsonl
19:46:16 Results               : /Users/benebsworth/projects/omega/data/v211_crisis_p1_r2_results.json
19:46:16 ======================================================================
