17:14:05 RNG seed set to 42 (deterministic mode)
17:14:05 BACKTEST MODE: WS signals disabled (whale_prints, ws_microstructure)
17:14:05 ======================================================================
17:14:05 Training Run v209_trend_r2 — 200 cycles  sleep=10s
17:14:05 CoinGecko key  : CG-YPzBAPag5...
17:14:05 Database URL   : postgresql://omega:omega@localhost:5432/...
17:14:05 Metrics JSONL  : /tmp/v209_trend_r2_metrics.jsonl
17:14:05 Log file       : /tmp/v209_trend_r2_training.log
17:14:05 Features ON    : ffg_gate1_enabled, ffg_gate4_enabled
17:14:05 ======================================================================
17:14:06 V207a: OMEGA_FROZEN_CACHE=1 — skipping macro warm_up (no live FRED/funding fetches)
17:14:06 BACKTEST MODE: ingestion replaced by ReplayIngestionNode (snap_trending_2023q4, 153 steps)
17:14:06 ImprovementEngine: SyntheticEvaluator injected
17:14:06 Decision snapshots → /tmp/v209_trend_r2_decisions.jsonl (+ Postgres if configured)
17:14:06 SignalDecayDetector: loaded from data/signal_ic_history.json

[96m══════════════════════════════════════════════════════[0m
[96m══ TRAINING DIAGNOSTICS (cycle 0) ═══════════════════════[0m
[96m══════════════════════════════════════════════════════[0m
  [1mREGIME:       [0m [91mUNKN ⚠️[0m
  [1mDATA FRESH:   [0m [92m✅ 0.0min ago[0m
  [1mSIGNALS:      [0m [93mnone yet[0m
  [1mSIT-OUT:      [0m [92mNO[0m
  [1mCONVICTION:   [0m [93mn/a[0m
  [1mTRADES:       [0m open=0 closed=0 | PnL=$+0.00 | WR=0%
  [1mLONG/SHORT:   [0m longs=0 shorts=0
  [1mBLOCKERS:     [0m [91mRegime detector not firing | No signal data yet (first cycle?)[0m
[96m══════════════════════════════════════════════════════[0m

17:14:18 Cycle   1/200 [NORM] OK       | fresh=0.0min | open= 0 closed=  0 | PnL=$+0 wr=0% | improve=0 sem_db=30 | 11.6s/c ETA 2299s | zero_streak=1
17:15:04 Cycle   5/200 [NORM] OK       | fresh=0.0min | open= 3 closed=  1 | PnL=$-149 wr=0% | improve=0 sem_db=30 | 11.5s/c ETA 2245s | zero_streak=0

[96m══════════════════════════════════════════════════════[0m
[96m══ TRAINING DIAGNOSTICS (cycle 10) ══════════════════════[0m
[96m══════════════════════════════════════════════════════[0m
  [1mREGIME:       [0m [93mCRISIS[0m (conf: 0.00)
  [1mDATA FRESH:   [0m [92m✅ 0.0min ago[0m
  [1mSIGNALS:      [0m 11/20 active
  [1mSIT-OUT:      [0m [92mNO[0m
  [1mCONVICTION:   [0m BTC: -0.12 ([91mSELL[0m) | ETH: -0.09 ([91mSELL[0m) | SOL: +0.02 (HOLD) | BNB: -0.02 (HOLD) | XRP: +0.02 (HOLD) | ADA: +0.02 (HOLD) | DOT: +0.02 (HOLD) | AVAX: +0.02 (HOLD) | LINK: +0.02 (HOLD) | MATIC: +0.02 (HOLD) | NEAR: +0.02 (HOLD) | SUI: +0.02 (HOLD) | ARB: +0.02 (HOLD)
  [1mTRADES:       [0m open=3 closed=3 | PnL=$+125.68 | WR=33%
  [1mLONG/SHORT:   [0m longs=3 shorts=3
  [1mBLOCKERS:     [0m [92mNONE[0m
[96m══════════════════════════════════════════════════════[0m

17:18:04 Cycle  10/200 [CRIS] OK       | fresh=0.0min | open= 3 closed=  3 | PnL=$+126 wr=33% | improve=0 sem_db=30 | 23.8s/c ETA 4527s | zero_streak=1
17:19:02 Cycle  15/200 [CRIS] OK       | fresh=0.0min | open= 3 closed=  6 | PnL=$+1602 wr=50% | improve=1 sem_db=30 | 19.8s/c ETA 3655s | zero_streak=1

[96m══════════════════════════════════════════════════════[0m
[96m══ TRAINING DIAGNOSTICS (cycle 20) ══════════════════════[0m
[96m══════════════════════════════════════════════════════[0m
  [1mREGIME:       [0m [93mCRISIS[0m (conf: 0.37)
  [1mDATA FRESH:   [0m [92m✅ 0.0min ago[0m
  [1mSIGNALS:      [0m 11/20 active
  [1mSIT-OUT:      [0m [92mNO[0m
  [1mCONVICTION:   [0m BTC: -0.08 ([91mSELL[0m) | ETH: -0.07 ([91mSELL[0m) | SOL: +0.13 ([92mBUY[0m) | BNB: -0.10 ([91mSELL[0m) | XRP: -0.23 ([91mSELL[0m) | ADA: +0.04 (HOLD) | DOT: +0.04 (HOLD) | AVAX: +0.13 ([92mBUY[0m) | LINK: +0.01 (HOLD) | MATIC: +0.13 ([92mBUY[0m) | NEAR: +0.13 ([92mBUY[0m) | SUI: +0.06 ([92mBUY[0m) | ARB: -0.17 ([91mSELL[0m)
  [1mTRADES:       [0m open=0 closed=9 | PnL=$+1256.01 | WR=44%
  [1mLONG/SHORT:   [0m longs=6 shorts=3
  [1mBLOCKERS:     [0m [92mNONE[0m
[96m══════════════════════════════════════════════════════[0m

17:20:16 Cycle  20/200 [CRIS] OK       | fresh=0.0min | open= 0 closed=  9 | PnL=$+1256 wr=44% | improve=1 sem_db=30 | 18.5s/c ETA 3329s | zero_streak=1
17:21:14 Cycle  25/200 [HIGH] OK       | fresh=0.0min | open= 0 closed=  9 | PnL=$+1256 wr=44% | improve=1 sem_db=30 | 17.1s/c ETA 2996s | zero_streak=6

[96m══════════════════════════════════════════════════════[0m
[96m══ TRAINING DIAGNOSTICS (cycle 30) ══════════════════════[0m
[96m══════════════════════════════════════════════════════[0m
  [1mREGIME:       [0m [93mHIGH_VOL[0m (conf: 0.37)
  [1mDATA FRESH:   [0m [92m✅ 0.0min ago[0m
  [1mSIGNALS:      [0m 11/20 active
  [1mSIT-OUT:      [0m [92mNO[0m
  [1mCONVICTION:   [0m BTC: +0.03 (HOLD) | ETH: +0.03 (HOLD) | SOL: +0.02 (HOLD) | BNB: -0.16 ([91mSELL[0m) | XRP: -0.09 ([91mSELL[0m) | ADA: +0.06 ([92mBUY[0m) | DOT: -0.04 (HOLD) | AVAX: +0.20 ([92mBUY[0m) | LINK: -0.02 (HOLD) | MATIC: -0.26 ([91mSELL[0m) | NEAR: +0.13 ([92mBUY[0m) | SUI: +0.21 ([92mBUY[0m) | ARB: -0.12 ([91mSELL[0m)
  [1mTRADES:       [0m open=1 closed=9 | PnL=$+1256.01 | WR=44%
  [1mLONG/SHORT:   [0m longs=6 shorts=4
  [1mBLOCKERS:     [0m [92mNONE[0m
[96m══════════════════════════════════════════════════════[0m

17:24:17 Cycle  30/200 [HIGH] OK       | fresh=0.0min | open= 1 closed=  9 | PnL=$+1256 wr=44% | improve=1 sem_db=30 | 20.4s/c ETA 3462s | zero_streak=11
17:25:17 Cycle  35/200 [NORM] OK       | fresh=0.0min | open= 3 closed= 10 | PnL=$+227 wr=40% | improve=1 sem_db=30 | 19.2s/c ETA 3164s | zero_streak=1

[96m══════════════════════════════════════════════════════[0m
[96m══ TRAINING DIAGNOSTICS (cycle 40) ══════════════════════[0m
[96m══════════════════════════════════════════════════════[0m
  [1mREGIME:       [0m [93mNORMAL[0m (conf: 0.38)
  [1mDATA FRESH:   [0m [92m✅ 0.0min ago[0m
  [1mSIGNALS:      [0m 12/20 active
  [1mSIT-OUT:      [0m [92mNO[0m
  [1mCONVICTION:   [0m BTC: +0.05 ([92mBUY[0m) | ETH: +0.05 ([92mBUY[0m) | SOL: +0.05 ([92mBUY[0m) | BNB: -0.21 ([91mSELL[0m) | XRP: -0.11 ([91mSELL[0m) | ADA: +0.05 ([92mBUY[0m) | DOT: +0.05 ([92mBUY[0m) | AVAX: +0.05 ([92mBUY[0m) | LINK: -0.01 (HOLD) | MATIC: -0.03 (HOLD) | NEAR: +0.05 ([92mBUY[0m) | SUI: +0.02 (HOLD) | ARB: -0.02 (HOLD)
  [1mTRADES:       [0m open=3 closed=12 | PnL=$-127.13 | WR=42%
  [1mLONG/SHORT:   [0m longs=10 shorts=5
  [1mBLOCKERS:     [0m [92mNONE[0m
[96m══════════════════════════════════════════════════════[0m

17:26:28 Cycle  40/200 [NORM] OK       | fresh=0.0min | open= 3 closed= 12 | PnL=$-127 wr=42% | improve=1 sem_db=30 | 18.5s/c ETA 2968s | zero_streak=1
17:27:26 Cycle  45/200 [NORM] OK       | fresh=0.0min | open= 3 closed= 14 | PnL=$+832 wr=43% | improve=1 sem_db=30 | 17.8s/c ETA 2757s | zero_streak=2

[96m══════════════════════════════════════════════════════[0m
[96m══ TRAINING DIAGNOSTICS (cycle 50) ══════════════════════[0m
[96m══════════════════════════════════════════════════════[0m
  [1mREGIME:       [0m [93mNORMAL[0m (conf: 0.38)
  [1mDATA FRESH:   [0m [92m✅ 0.0min ago[0m
  [1mSIGNALS:      [0m 12/20 active
  [1mSIT-OUT:      [0m [92mNO[0m
  [1mCONVICTION:   [0m BTC: -0.05 (HOLD) | ETH: -0.07 ([91mSELL[0m) | SOL: +0.19 ([92mBUY[0m) | BNB: +0.01 (HOLD) | XRP: -0.14 ([91mSELL[0m) | ADA: +0.19 ([92mBUY[0m) | DOT: +0.19 ([92mBUY[0m) | AVAX: +0.19 ([92mBUY[0m) | LINK: -0.24 ([91mSELL[0m) | MATIC: -0.08 ([91mSELL[0m) | NEAR: +0.04 (HOLD) | SUI: -0.15 ([91mSELL[0m) | ARB: -0.06 ([91mSELL[0m)
  [1mTRADES:       [0m open=2 closed=19 | PnL=$+2943.06 | WR=47%
  [1mLONG/SHORT:   [0m longs=14 shorts=7
  [1mBLOCKERS:     [0m [92mNONE[0m
[96m══════════════════════════════════════════════════════[0m

17:30:27 Cycle  50/200 [NORM] OK       | fresh=0.0min | open= 2 closed= 19 | PnL=$+2943 wr=47% | improve=1 sem_db=30 | 19.6s/c ETA 2943s | zero_streak=0
17:33:37 Cycle  55/200 [NORM] OK       | fresh=0.0min | open= 3 closed= 20 | PnL=$+2852 wr=45% | improve=1 sem_db=30 | 21.3s/c ETA 3086s | zero_streak=4

[96m══════════════════════════════════════════════════════[0m
[96m══ TRAINING DIAGNOSTICS (cycle 60) ══════════════════════[0m
[96m══════════════════════════════════════════════════════[0m
  [1mREGIME:       [0m [93mNORMAL[0m (conf: 0.38)
  [1mDATA FRESH:   [0m [92m✅ 0.0min ago[0m
  [1mSIGNALS:      [0m 11/20 active
  [1mSIT-OUT:      [0m [92mNO[0m
  [1mCONVICTION:   [0m BTC: -0.17 ([91mSELL[0m) | ETH: -0.14 ([91mSELL[0m) | SOL: +0.09 ([92mBUY[0m) | BNB: +0.09 ([92mBUY[0m) | XRP: -0.16 ([91mSELL[0m) | ADA: -0.13 ([91mSELL[0m) | DOT: +0.09 ([92mBUY[0m) | AVAX: +0.05 (HOLD) | LINK: -0.05 ([91mSELL[0m) | MATIC: +0.09 ([92mBUY[0m) | NEAR: +0.09 ([92mBUY[0m) | SUI: +0.09 ([92mBUY[0m) | ARB: +0.09 ([92mBUY[0m)
  [1mTRADES:       [0m open=2 closed=26 | PnL=$+7098.25 | WR=42%
  [1mLONG/SHORT:   [0m longs=18 shorts=10
  [1mBLOCKERS:     [0m [92mNONE[0m
[96m══════════════════════════════════════════════════════[0m

17:34:37 Cycle  60/200 [NORM] OK       | fresh=0.0min | open= 2 closed= 26 | PnL=$+7098 wr=42% | improve=1 sem_db=30 | 20.5s/c ETA 2872s | zero_streak=0
17:35:35 Cycle  65/200 [CRIS] OK       | fresh=0.0min | open= 2 closed= 28 | PnL=$+7272 wr=46% | improve=1 sem_db=30 | 19.8s/c ETA 2677s | zero_streak=1

[96m══════════════════════════════════════════════════════[0m
[96m══ TRAINING DIAGNOSTICS (cycle 70) ══════════════════════[0m
[96m══════════════════════════════════════════════════════[0m
  [1mREGIME:       [0m [93mCRISIS[0m (conf: 0.38)
  [1mDATA FRESH:   [0m [92m✅ 0.0min ago[0m
  [1mSIGNALS:      [0m 12/20 active
  [1mSIT-OUT:      [0m [92mNO[0m
  [1mCONVICTION:   [0m BTC: +0.12 ([92mBUY[0m) | ETH: +0.03 (HOLD) | SOL: -0.04 (HOLD) | BNB: +0.27 ([92mBUY[0m) | XRP: -0.12 ([91mSELL[0m) | ADA: -0.22 ([91mSELL[0m) | DOT: -0.19 ([91mSELL[0m) | AVAX: -0.24 ([91mSELL[0m) | LINK: -0.16 ([91mSELL[0m) | MATIC: -0.13 ([91mSELL[0m) | NEAR: +0.03 (HOLD) | SUI: +0.29 ([92mBUY[0m) | ARB: +0.36 ([92mBUY[0m)
  [1mTRADES:       [0m open=2 closed=31 | PnL=$+8388.93 | WR=48%
  [1mLONG/SHORT:   [0m longs=22 shorts=11
  [1mBLOCKERS:     [0m [92mNONE[0m
[96m══════════════════════════════════════════════════════[0m

17:36:34 Cycle  70/200 [CRIS] OK       | fresh=0.0min | open= 2 closed= 31 | PnL=$+8389 wr=48% | improve=1 sem_db=30 | 19.3s/c ETA 2504s | zero_streak=1
17:37:33 Cycle  75/200 [CRIS] OK       | fresh=0.0min | open= 1 closed= 33 | PnL=$+8131 wr=48% | improve=1 sem_db=30 | 18.8s/c ETA 2345s | zero_streak=0

[96m══════════════════════════════════════════════════════[0m
[96m══ TRAINING DIAGNOSTICS (cycle 80) ══════════════════════[0m
[96m══════════════════════════════════════════════════════[0m
  [1mREGIME:       [0m [93mCRISIS[0m (conf: 0.38)
  [1mDATA FRESH:   [0m [92m✅ 0.0min ago[0m
  [1mSIGNALS:      [0m 12/20 active
  [1mSIT-OUT:      [0m [92mNO[0m
  [1mCONVICTION:   [0m BTC: -0.08 ([91mSELL[0m) | ETH: +0.21 ([92mBUY[0m) | SOL: -0.08 ([91mSELL[0m) | BNB: +0.00 (HOLD) | XRP: -0.07 ([91mSELL[0m) | ADA: -0.13 ([91mSELL[0m) | DOT: -0.10 ([91mSELL[0m) | AVAX: -0.11 ([91mSELL[0m) | LINK: +0.11 ([92mBUY[0m) | MATIC: -0.13 ([91mSELL[0m) | NEAR: -0.19 ([91mSELL[0m) | SUI: +0.28 ([92mBUY[0m) | ARB: +0.28 ([92mBUY[0m)
  [1mTRADES:       [0m open=2 closed=36 | PnL=$+11048.37 | WR=50%
  [1mLONG/SHORT:   [0m longs=27 shorts=11
  [1mBLOCKERS:     [0m [92mNONE[0m
[96m══════════════════════════════════════════════════════[0m

17:38:32 Cycle  80/200 [CRIS] OK       | fresh=0.0min | open= 2 closed= 36 | PnL=$+11048 wr=50% | improve=1 sem_db=30 | 18.3s/c ETA 2199s | zero_streak=0
17:39:31 Cycle  85/200 [CRIS] OK       | fresh=0.0min | open= 1 closed= 39 | PnL=$+9395 wr=46% | improve=1 sem_db=30 | 17.9s/c ETA 2063s | zero_streak=0

[96m══════════════════════════════════════════════════════[0m
[96m══ TRAINING DIAGNOSTICS (cycle 90) ══════════════════════[0m
[96m══════════════════════════════════════════════════════[0m
  [1mREGIME:       [0m [93mNORMAL[0m (conf: 0.37)
  [1mDATA FRESH:   [0m [92m✅ 0.0min ago[0m
  [1mSIGNALS:      [0m 11/20 active
  [1mSIT-OUT:      [0m [92mNO[0m
  [1mCONVICTION:   [0m BTC: +0.04 (HOLD) | ETH: -0.07 ([91mSELL[0m) | SOL: +0.02 (HOLD) | BNB: +0.10 ([92mBUY[0m) | XRP: -0.02 (HOLD) | ADA: -0.06 ([91mSELL[0m) | DOT: -0.10 ([91mSELL[0m) | AVAX: -0.07 ([91mSELL[0m) | LINK: +0.05 (HOLD) | MATIC: -0.07 ([91mSELL[0m) | NEAR: -0.14 ([91mSELL[0m) | SUI: +0.45 ([92mBUY[0m) | ARB: -0.13 ([91mSELL[0m)
  [1mTRADES:       [0m open=1 closed=41 | PnL=$+9455.95 | WR=46%
  [1mLONG/SHORT:   [0m longs=29 shorts=13
  [1mBLOCKERS:     [0m [92mNONE[0m
[96m══════════════════════════════════════════════════════[0m

17:40:29 Cycle  90/200 [NORM] OK       | fresh=0.0min | open= 1 closed= 41 | PnL=$+9456 wr=46% | improve=1 sem_db=30 | 17.6s/c ETA 1935s | zero_streak=1
17:41:28 Cycle  95/200 [NORM] OK       | fresh=0.0min | open= 2 closed= 42 | PnL=$+9934 wr=48% | improve=1 sem_db=30 | 17.3s/c ETA 1815s | zero_streak=2

[96m══════════════════════════════════════════════════════[0m
[96m══ TRAINING DIAGNOSTICS (cycle 100) ═════════════════════[0m
[96m══════════════════════════════════════════════════════[0m
  [1mREGIME:       [0m [93mHIGH_VOL[0m (conf: 0.37)
  [1mDATA FRESH:   [0m [92m✅ 0.0min ago[0m
  [1mSIGNALS:      [0m 11/20 active
  [1mSIT-OUT:      [0m [92mNO[0m
  [1mCONVICTION:   [0m BTC: +0.02 (HOLD) | ETH: -0.08 ([91mSELL[0m) | SOL: +0.05 ([92mBUY[0m) | BNB: -0.09 ([91mSELL[0m) | XRP: -0.15 ([91mSELL[0m) | ADA: -0.02 (HOLD) | DOT: -0.03 (HOLD) | AVAX: +0.12 ([92mBUY[0m) | LINK: +0.21 ([92mBUY[0m) | MATIC: -0.01 (HOLD) | NEAR: -0.13 ([91mSELL[0m) | SUI: +0.21 ([92mBUY[0m) | ARB: -0.09 ([91mSELL[0m)
  [1mTRADES:       [0m open=1 closed=44 | PnL=$+10078.48 | WR=48%
  [1mLONG/SHORT:   [0m longs=29 shorts=16
  [1mBLOCKERS:     [0m [92mNONE[0m
[96m══════════════════════════════════════════════════════[0m

17:42:27 Cycle 100/200 [HIGH] OK       | fresh=0.0min | open= 1 closed= 44 | PnL=$+10078 wr=48% | improve=1 sem_db=30 | 17.0s/c ETA 1701s | zero_streak=0
17:43:26 Cycle 105/200 [HIGH] OK       | fresh=0.0min | open= 2 closed= 49 | PnL=$+8094 wr=43% | improve=1 sem_db=30 | 16.8s/c ETA 1592s | zero_streak=0

[96m══════════════════════════════════════════════════════[0m
[96m══ TRAINING DIAGNOSTICS (cycle 110) ═════════════════════[0m
[96m══════════════════════════════════════════════════════[0m
  [1mREGIME:       [0m [93mHIGH_VOL[0m (conf: 0.37)
  [1mDATA FRESH:   [0m [92m✅ 0.0min ago[0m
  [1mSIGNALS:      [0m 11/20 active
  [1mSIT-OUT:      [0m [92mNO[0m
  [1mCONVICTION:   [0m BTC: +0.02 (HOLD) | ETH: +0.02 (HOLD) | SOL: +0.02 (HOLD) | BNB: -0.00 (HOLD) | XRP: -0.12 ([91mSELL[0m) | ADA: +0.02 (HOLD) | DOT: -0.03 (HOLD) | AVAX: +0.02 (HOLD) | LINK: +0.02 (HOLD) | MATIC: -0.01 (HOLD) | NEAR: +0.02 (HOLD) | SUI: +0.02 (HOLD) | ARB: +0.02 (HOLD)
  [1mTRADES:       [0m open=0 closed=51 | PnL=$+5760.54 | WR=41%
  [1mLONG/SHORT:   [0m longs=29 shorts=22
  [1mBLOCKERS:     [0m [92mNONE[0m
[96m══════════════════════════════════════════════════════[0m

17:44:23 Cycle 110/200 [HIGH] OK       | fresh=0.0min | open= 0 closed= 51 | PnL=$+5761 wr=41% | improve=1 sem_db=30 | 16.5s/c ETA 1487s | zero_streak=4
17:45:22 Cycle 115/200 [NORM] OK       | fresh=0.0min | open= 1 closed= 51 | PnL=$+5761 wr=41% | improve=1 sem_db=30 | 16.3s/c ETA 1387s | zero_streak=9

[96m══════════════════════════════════════════════════════[0m
[96m══ TRAINING DIAGNOSTICS (cycle 120) ═════════════════════[0m
[96m══════════════════════════════════════════════════════[0m
  [1mREGIME:       [0m [93mNORMAL[0m (conf: 0.37)
  [1mDATA FRESH:   [0m [92m✅ 0.0min ago[0m
  [1mSIGNALS:      [0m 10/20 active
  [1mSIT-OUT:      [0m [92mNO[0m
  [1mCONVICTION:   [0m BTC: +0.05 ([92mBUY[0m) | ETH: +0.22 ([92mBUY[0m) | SOL: -0.18 ([91mSELL[0m) | BNB: +0.22 ([92mBUY[0m) | XRP: -0.04 (HOLD) | ADA: +0.03 (HOLD) | DOT: +0.05 ([92mBUY[0m) | AVAX: -0.18 ([91mSELL[0m) | LINK: -0.19 ([91mSELL[0m) | MATIC: +0.22 ([92mBUY[0m) | NEAR: +0.22 ([92mBUY[0m) | SUI: -0.19 ([91mSELL[0m) | ARB: -0.23 ([91mSELL[0m)
  [1mTRADES:       [0m open=4 closed=52 | PnL=$+7124.77 | WR=42%
  [1mLONG/SHORT:   [0m longs=32 shorts=24
  [1mBLOCKERS:     [0m [92mNONE[0m
[96m══════════════════════════════════════════════════════[0m

17:46:27 Cycle 120/200 [NORM] OK       | fresh=0.0min | open= 4 closed= 52 | PnL=$+7125 wr=42% | improve=1 sem_db=30 | 16.2s/c ETA 1294s | zero_streak=0
17:47:25 Cycle 125/200 [NORM] OK       | fresh=0.0min | open= 4 closed= 53 | PnL=$+7041 wr=42% | improve=1 sem_db=30 | 16.0s/c ETA 1199s | zero_streak=2

[96m══════════════════════════════════════════════════════[0m
[96m══ TRAINING DIAGNOSTICS (cycle 130) ═════════════════════[0m
[96m══════════════════════════════════════════════════════[0m
  [1mREGIME:       [0m [93mCRISIS[0m (conf: 0.37)
  [1mDATA FRESH:   [0m [92m✅ 0.0min ago[0m
  [1mSIGNALS:      [0m 11/20 active
  [1mSIT-OUT:      [0m [92mNO[0m
  [1mCONVICTION:   [0m BTC: +0.08 ([92mBUY[0m) | ETH: +0.08 ([92mBUY[0m) | SOL: +0.08 ([92mBUY[0m) | BNB: +0.08 ([92mBUY[0m) | XRP: +0.04 (HOLD) | ADA: +0.08 ([92mBUY[0m) | DOT: +0.08 ([92mBUY[0m) | AVAX: -0.03 (HOLD) | LINK: -0.10 ([91mSELL[0m) | MATIC: +0.06 ([92mBUY[0m) | NEAR: +0.08 ([92mBUY[0m) | SUI: -0.47 ([91mSELL[0m) | ARB: -0.05 ([91mSELL[0m)
  [1mTRADES:       [0m open=4 closed=58 | PnL=$+10484.75 | WR=43%
  [1mLONG/SHORT:   [0m longs=35 shorts=27
  [1mBLOCKERS:     [0m [92mNONE[0m
[96m══════════════════════════════════════════════════════[0m

17:48:23 Cycle 130/200 [CRIS] OK       | fresh=0.0min | open= 4 closed= 58 | PnL=$+10485 wr=43% | improve=1 sem_db=30 | 15.8s/c ETA 1108s | zero_streak=1
17:49:23 Cycle 135/200 [CRIS] OK       | fresh=0.0min | open= 2 closed= 63 | PnL=$+9601 wr=41% | improve=1 sem_db=30 | 15.7s/c ETA 1019s | zero_streak=0

[96m══════════════════════════════════════════════════════[0m
[96m══ TRAINING DIAGNOSTICS (cycle 140) ═════════════════════[0m
[96m══════════════════════════════════════════════════════[0m
  [1mREGIME:       [0m [93mCRISIS[0m (conf: 0.37)
  [1mDATA FRESH:   [0m [92m✅ 0.0min ago[0m
  [1mSIGNALS:      [0m 12/20 active
  [1mSIT-OUT:      [0m [92mNO[0m
  [1mCONVICTION:   [0m BTC: +0.04 (HOLD) | ETH: -0.05 (HOLD) | SOL: +0.15 ([92mBUY[0m) | BNB: +0.15 ([92mBUY[0m) | XRP: -0.04 (HOLD) | ADA: -0.12 ([91mSELL[0m) | DOT: +0.12 ([92mBUY[0m) | AVAX: +0.15 ([92mBUY[0m) | LINK: -0.19 ([91mSELL[0m) | MATIC: -0.02 (HOLD) | NEAR: +0.15 ([92mBUY[0m) | SUI: -0.09 ([91mSELL[0m) | ARB: -0.27 ([91mSELL[0m)
  [1mTRADES:       [0m open=2 closed=66 | PnL=$+10666.03 | WR=42%
  [1mLONG/SHORT:   [0m longs=40 shorts=28
  [1mBLOCKERS:     [0m [92mNONE[0m
[96m══════════════════════════════════════════════════════[0m

17:50:21 Cycle 140/200 [CRIS] OK       | fresh=0.0min | open= 2 closed= 66 | PnL=$+10666 wr=42% | improve=1 sem_db=30 | 15.5s/c ETA 932s | zero_streak=1
17:51:20 Cycle 145/200 [CRIS] OK       | fresh=0.0min | open= 2 closed= 68 | PnL=$+8580 wr=43% | improve=1 sem_db=30 | 15.4s/c ETA 847s | zero_streak=1

[96m══════════════════════════════════════════════════════[0m
[96m══ TRAINING DIAGNOSTICS (cycle 150) ═════════════════════[0m
[96m══════════════════════════════════════════════════════[0m
  [1mREGIME:       [0m [93mCRISIS[0m (conf: 0.37)
  [1mDATA FRESH:   [0m [92m✅ 0.0min ago[0m
  [1mSIGNALS:      [0m 11/20 active
  [1mSIT-OUT:      [0m [92mNO[0m
  [1mCONVICTION:   [0m BTC: +0.02 (HOLD) | ETH: -0.12 ([91mSELL[0m) | SOL: +0.23 ([92mBUY[0m) | BNB: +0.11 ([92mBUY[0m) | XRP: -0.02 (HOLD) | ADA: -0.14 ([91mSELL[0m) | DOT: -0.16 ([91mSELL[0m) | AVAX: +0.15 ([92mBUY[0m) | LINK: -0.02 (HOLD) | MATIC: -0.18 ([91mSELL[0m) | NEAR: +0.10 ([92mBUY[0m) | SUI: +0.30 ([92mBUY[0m) | ARB: -0.26 ([91mSELL[0m)
  [1mTRADES:       [0m open=3 closed=71 | PnL=$+11129.01 | WR=42%
  [1mLONG/SHORT:   [0m longs=42 shorts=32
  [1mBLOCKERS:     [0m [92mNONE[0m
[96m══════════════════════════════════════════════════════[0m

17:52:20 Cycle 150/200 [CRIS] OK       | fresh=0.0min | open= 3 closed= 71 | PnL=$+11129 wr=42% | improve=1 sem_db=30 | 15.3s/c ETA 765s | zero_streak=3
17:53:19 Cycle 155/200 [HIGH] OK       | fresh=0.0min | open= 1 closed= 73 | PnL=$+12413 wr=42% | improve=1 sem_db=30 | 15.2s/c ETA 683s | zero_streak=3

[96m══════════════════════════════════════════════════════[0m
[96m══ TRAINING DIAGNOSTICS (cycle 160) ═════════════════════[0m
[96m══════════════════════════════════════════════════════[0m
  [1mREGIME:       [0m [93mHIGH_VOL[0m (conf: 0.37)
  [1mDATA FRESH:   [0m [92m✅ 0.0min ago[0m
  [1mSIGNALS:      [0m 12/20 active
  [1mSIT-OUT:      [0m [92mNO[0m
  [1mCONVICTION:   [0m BTC: -0.01 (HOLD) | ETH: -0.06 ([91mSELL[0m) | SOL: +0.02 (HOLD) | BNB: -0.13 ([91mSELL[0m) | XRP: +0.02 (HOLD) | ADA: +0.02 (HOLD) | DOT: +0.02 (HOLD) | AVAX: +0.02 (HOLD) | LINK: +0.02 (HOLD) | MATIC: +0.02 (HOLD) | NEAR: +0.02 (HOLD) | SUI: +0.02 (HOLD) | ARB: +0.02 (HOLD)
  [1mTRADES:       [0m open=1 closed=75 | PnL=$+16787.44 | WR=43%
  [1mLONG/SHORT:   [0m longs=42 shorts=34
  [1mBLOCKERS:     [0m [92mNONE[0m
[96m══════════════════════════════════════════════════════[0m

17:54:18 Cycle 160/200 [HIGH] OK       | fresh=0.0min | open= 1 closed= 75 | PnL=$+16787 wr=43% | improve=1 sem_db=30 | 15.1s/c ETA 603s | zero_streak=0
17:55:16 Cycle 165/200 [NORM] OK       | fresh=0.0min | open= 1 closed= 76 | PnL=$+16176 wr=42% | improve=1 sem_db=30 | 15.0s/c ETA 524s | zero_streak=3

[96m══════════════════════════════════════════════════════[0m
[96m══ TRAINING DIAGNOSTICS (cycle 170) ═════════════════════[0m
[96m══════════════════════════════════════════════════════[0m
  [1mREGIME:       [0m [93mNORMAL[0m (conf: 0.38)
  [1mDATA FRESH:   [0m [92m✅ 0.0min ago[0m
  [1mSIGNALS:      [0m 11/20 active
  [1mSIT-OUT:      [0m [92mNO[0m
  [1mCONVICTION:   [0m BTC: -0.11 ([91mSELL[0m) | ETH: +0.01 (HOLD) | SOL: +0.03 (HOLD) | BNB: -0.11 ([91mSELL[0m) | XRP: -0.07 ([91mSELL[0m) | ADA: +0.03 (HOLD) | DOT: +0.03 (HOLD) | AVAX: +0.03 (HOLD) | LINK: +0.03 (HOLD) | MATIC: +0.03 (HOLD) | NEAR: +0.03 (HOLD) | SUI: +0.03 (HOLD) | ARB: +0.01 (HOLD)
  [1mTRADES:       [0m open=1 closed=79 | PnL=$+16387.01 | WR=42%
  [1mLONG/SHORT:   [0m longs=45 shorts=35
  [1mBLOCKERS:     [0m [92mNONE[0m
[96m══════════════════════════════════════════════════════[0m

17:56:16 Cycle 170/200 [NORM] OK       | fresh=0.0min | open= 1 closed= 79 | PnL=$+16387 wr=42% | improve=1 sem_db=30 | 14.9s/c ETA 446s | zero_streak=0
17:57:15 Cycle 175/200 [NORM] OK       | fresh=0.0min | open= 3 closed= 81 | PnL=$+16972 wr=43% | improve=1 sem_db=30 | 14.8s/c ETA 370s | zero_streak=1

[96m══════════════════════════════════════════════════════[0m
[96m══ TRAINING DIAGNOSTICS (cycle 180) ═════════════════════[0m
[96m══════════════════════════════════════════════════════[0m
  [1mREGIME:       [0m [93mNORMAL[0m (conf: 0.38)
  [1mDATA FRESH:   [0m [92m✅ 0.0min ago[0m
  [1mSIGNALS:      [0m 11/20 active
  [1mSIT-OUT:      [0m [92mNO[0m
  [1mCONVICTION:   [0m BTC: +0.05 (HOLD) | ETH: +0.05 (HOLD) | SOL: +0.13 ([92mBUY[0m) | BNB: -0.12 ([91mSELL[0m) | XRP: -0.18 ([91mSELL[0m) | ADA: +0.06 ([92mBUY[0m) | DOT: -0.06 ([91mSELL[0m) | AVAX: +0.27 ([92mBUY[0m) | LINK: -0.03 (HOLD) | MATIC: -0.19 ([91mSELL[0m) | NEAR: +0.27 ([92mBUY[0m) | SUI: -0.02 (HOLD) | ARB: -0.22 ([91mSELL[0m)
  [1mTRADES:       [0m open=1 closed=84 | PnL=$+16240.62 | WR=43%
  [1mLONG/SHORT:   [0m longs=49 shorts=36
  [1mBLOCKERS:     [0m [92mNONE[0m
[96m══════════════════════════════════════════════════════[0m

17:58:14 Cycle 180/200 [NORM] OK       | fresh=0.0min | open= 1 closed= 84 | PnL=$+16241 wr=43% | improve=1 sem_db=30 | 14.7s/c ETA 294s | zero_streak=0
17:59:13 Cycle 185/200 [HIGH] OK       | fresh=0.0min | open= 1 closed= 86 | PnL=$+16578 wr=44% | improve=1 sem_db=30 | 14.6s/c ETA 219s | zero_streak=0

[96m══════════════════════════════════════════════════════[0m
[96m══ TRAINING DIAGNOSTICS (cycle 190) ═════════════════════[0m
[96m══════════════════════════════════════════════════════[0m
  [1mREGIME:       [0m [93mNORMAL[0m (conf: 0.38)
  [1mDATA FRESH:   [0m [92m✅ 0.0min ago[0m
  [1mSIGNALS:      [0m 10/20 active
  [1mSIT-OUT:      [0m [92mNO[0m
  [1mCONVICTION:   [0m BTC: +0.05 ([92mBUY[0m) | ETH: +0.05 (HOLD) | SOL: +0.05 (HOLD) | BNB: -0.19 ([91mSELL[0m) | XRP: -0.09 ([91mSELL[0m) | ADA: -0.02 (HOLD) | DOT: +0.03 (HOLD) | AVAX: +0.01 (HOLD) | LINK: +0.08 ([92mBUY[0m) | MATIC: -0.08 ([91mSELL[0m) | NEAR: +0.11 ([92mBUY[0m) | SUI: +0.03 (HOLD) | ARB: -0.03 (HOLD)
  [1mTRADES:       [0m open=2 closed=87 | PnL=$+16077.64 | WR=44%
  [1mLONG/SHORT:   [0m longs=52 shorts=37
  [1mBLOCKERS:     [0m [92mNONE[0m
[96m══════════════════════════════════════════════════════[0m

18:00:12 Cycle 190/200 [NORM] OK       | fresh=0.0min | open= 2 closed= 87 | PnL=$+16078 wr=44% | improve=1 sem_db=30 | 14.6s/c ETA 146s | zero_streak=2
18:01:14 Cycle 195/200 [NORM] OK       | fresh=0.0min | open= 3 closed= 88 | PnL=$+16030 wr=43% | improve=1 sem_db=30 | 14.5s/c ETA 73s | zero_streak=3

[96m══════════════════════════════════════════════════════[0m
[96m══ TRAINING DIAGNOSTICS (cycle 200) ═════════════════════[0m
[96m══════════════════════════════════════════════════════[0m
  [1mREGIME:       [0m [93mNORMAL[0m (conf: 0.38)
  [1mDATA FRESH:   [0m [92m✅ 0.0min ago[0m
  [1mSIGNALS:      [0m 11/20 active
  [1mSIT-OUT:      [0m [92mNO[0m
  [1mCONVICTION:   [0m BTC: -0.05 ([91mSELL[0m) | ETH: -0.07 ([91mSELL[0m) | SOL: +0.09 ([92mBUY[0m) | BNB: +0.01 (HOLD) | XRP: -0.16 ([91mSELL[0m) | ADA: +0.09 ([92mBUY[0m) | DOT: +0.09 ([92mBUY[0m) | AVAX: +0.09 ([92mBUY[0m) | LINK: -0.20 ([91mSELL[0m) | MATIC: +0.06 ([92mBUY[0m) | NEAR: +0.09 ([92mBUY[0m) | SUI: -0.09 ([91mSELL[0m) | ARB: +0.05 (HOLD)
  [1mTRADES:       [0m open=3 closed=91 | PnL=$+16429.15 | WR=43%
  [1mLONG/SHORT:   [0m longs=55 shorts=39
  [1mBLOCKERS:     [0m [92mNONE[0m
[96m══════════════════════════════════════════════════════[0m

18:02:15 Cycle 200/200 [NORM] OK       | fresh=0.0min | open= 3 closed= 91 | PnL=$+16429 wr=43% | improve=1 sem_db=30 | 14.4s/c ETA 0s | zero_streak=1
18:02:15 V209_TREND_R2: no baseline version found for gate comparison
18:02:15 Attribution — alpha: $+8200.48  beta: $+20216954.83  timing: $+15349469.03  selection: $+0.00
18:02:15 Attribution report  : /Users/benebsworth/projects/omega/data/v209_trend_r2_attribution.json
18:02:15 
18:02:15 ======================================================================
18:02:15 V209_TREND_R2 COMPLETE — 200 cycles in 2888s (14.44s/cycle)
18:02:15 ======================================================================
18:02:15 improve_calls         : 1
18:02:15 semantic_patterns_db  : 30
18:02:15 Closed trades         : 91  (long=53  short=38)
18:02:15 Total PnL             : $+16429.15  (engine realised: $+16429.15)
18:02:15 Win rate              : 42.9%  (39/91)
18:02:15 Profit factor         : 1.72
18:02:15 --- Observability ---
18:02:15 Zero-trade cycles     : 132 / 200  (66%)
18:02:15 Circuit breaker trips : 0
18:02:15 Final vol threshold   : 0.000
18:02:15 Metrics JSONL         : /tmp/v209_trend_r2_metrics.jsonl
18:02:15 Results               : /Users/benebsworth/projects/omega/data/v209_trend_r2_results.json
18:02:15 ======================================================================
