hmmlearn not available — using numpy GMM fallback
16:05:22 RNG seed set to 42 (deterministic mode)
16:05:22 BACKTEST MODE: WS signals disabled (whale_prints, ws_microstructure)
16:05:22 ======================================================================
16:05:22 Training Run v199_recent — 200 cycles  sleep=10s
16:05:22 CoinGecko key  : CG-YPzBAPag5...
16:05:22 Database URL   : postgres://omega:omega@localhost:5432/om...
16:05:22 Metrics JSONL  : /tmp/v199_recent_metrics.jsonl
16:05:22 Log file       : /tmp/v199_recent_training.log
16:05:22 Features ON    : ffg_gate1_enabled, ffg_gate4_enabled
16:05:22 ======================================================================
16:05:23 WARNING omega.nodes.victoria.data_cache: MacroDataCache: FRED_API_KEY not set — using DEMO_KEY (30 req/day limit). Set FRED_API_KEY env var for full access.
16:05:24 WARNING omega.nodes.victoria.data_cache: MacroDataCache: FRED 400 for DGS2 — marking unavailable for this session (set FRED_API_KEY for full access)
16:05:24 WARNING omega.nodes.victoria.data_cache: MacroDataCache: no data returned for DGS2
16:05:24 WARNING omega.nodes.victoria.data_cache: MacroDataCache: FRED 400 for DGS10 — marking unavailable for this session (set FRED_API_KEY for full access)
16:05:24 WARNING omega.nodes.victoria.data_cache: MacroDataCache: no data returned for DGS10
16:05:24 WARNING omega.nodes.victoria.data_cache: MacroDataCache: FRED 400 for DTWEXBGS — marking unavailable for this session (set FRED_API_KEY for full access)
16:05:24 WARNING omega.nodes.victoria.data_cache: MacroDataCache: no data returned for DTWEXBGS
16:05:25 WARNING omega.nodes.victoria.data_cache: MacroDataCache: FRED 400 for VIXCLS — marking unavailable for this session (set FRED_API_KEY for full access)
16:05:25 WARNING omega.nodes.victoria.data_cache: MacroDataCache: no data returned for VIXCLS
16:05:25 BACKTEST MODE: ingestion replaced by ReplayIngestionNode (snap_20260414, 60 steps)
16:05:25 ImprovementEngine: SyntheticEvaluator injected
16:05:25 Decision snapshots → /tmp/v199_recent_decisions.jsonl (+ Postgres if configured)
16:05:25 WARNING omega.core.heartbeat_client: heartbeat: http://localhost:8080/api/v1/nodes/victoria_v199_recent/lifecycle unreachable ([Errno 61] Connection refused) — continuing
16:05:25 SignalDecayDetector: loaded from data/signal_ic_history.json

[96m══════════════════════════════════════════════════════[0m
[96m══ TRAINING DIAGNOSTICS (cycle 0) ═══════════════════════[0m
[96m══════════════════════════════════════════════════════[0m
  [1mREGIME:       [0m [91mUNKN ⚠️[0m
  [1mDATA FRESH:   [0m [92m✅ 0.0min ago[0m
  [1mSIGNALS:      [0m [93mnone yet[0m
  [1mSIT-OUT:      [0m [92mNO[0m
  [1mCONVICTION:   [0m [93mn/a[0m
  [1mTRADES:       [0m open=0 closed=0 | PnL=$+0.00 | WR=0%
  [1mLONG/SHORT:   [0m longs=0 shorts=0
  [1mBLOCKERS:     [0m [91mRegime detector not firing | No signal data yet (first cycle?)[0m
[96m══════════════════════════════════════════════════════[0m

16:05:27 WARNING omega.nodes.victoria.data_cache: MacroDataCache: FRED_API_KEY not set — using DEMO_KEY (30 req/day limit). Set FRED_API_KEY env var for full access.
16:05:41 WARNING omega.core.heartbeat_client: heartbeat: http://localhost:8080/api/v1/diagnostics unreachable ([Errno 61] Connection refused) — continuing
16:05:41 WARNING omega.core.heartbeat_client: heartbeat: http://localhost:8080/api/v1/nodes/victoria_v199_recent/decisions unreachable ([Errno 61] Connection refused) — continuing
16:05:41 Cycle   1/200 [NORM] OK       | fresh=0.0min | open= 0 closed=  0 | PnL=$+0 wr=0% | improve=0 sem_db=30 | 15.8s/c ETA 3138s | zero_streak=1
16:05:53 WARNING omega.core.heartbeat_client: heartbeat: http://localhost:8080/api/v1/diagnostics unreachable ([Errno 61] Connection refused) — continuing
16:05:53 WARNING omega.core.heartbeat_client: heartbeat: http://localhost:8080/api/v1/nodes/victoria_v199_recent/decisions unreachable ([Errno 61] Connection refused) — continuing
16:06:05 WARNING omega.core.heartbeat_client: heartbeat: http://localhost:8080/api/v1/diagnostics unreachable ([Errno 61] Connection refused) — continuing
16:06:05 WARNING omega.core.heartbeat_client: heartbeat: http://localhost:8080/api/v1/nodes/victoria_v199_recent/decisions unreachable ([Errno 61] Connection refused) — continuing
16:06:16 WARNING omega.core.heartbeat_client: heartbeat: http://localhost:8080/api/v1/diagnostics unreachable ([Errno 61] Connection refused) — continuing
16:06:16 WARNING omega.core.heartbeat_client: heartbeat: http://localhost:8080/api/v1/nodes/victoria_v199_recent/decisions unreachable ([Errno 61] Connection refused) — continuing
16:06:28 WARNING omega.core.heartbeat_client: heartbeat: http://localhost:8080/api/v1/diagnostics unreachable ([Errno 61] Connection refused) — continuing
16:06:28 WARNING omega.core.heartbeat_client: heartbeat: http://localhost:8080/api/v1/nodes/victoria_v199_recent/decisions unreachable ([Errno 61] Connection refused) — continuing
16:06:28 Cycle   5/200 [CRIS] OK       | fresh=0.0min | open= 1 closed=  1 | PnL=$-895 wr=0% | improve=0 sem_db=30 | 12.7s/c ETA 2472s | zero_streak=2
16:06:40 WARNING omega.core.heartbeat_client: heartbeat: http://localhost:8080/api/v1/diagnostics unreachable ([Errno 61] Connection refused) — continuing
16:06:40 WARNING omega.core.heartbeat_client: heartbeat: http://localhost:8080/api/v1/nodes/victoria_v199_recent/decisions unreachable ([Errno 61] Connection refused) — continuing
16:06:52 WARNING omega.core.heartbeat_client: heartbeat: http://localhost:8080/api/v1/diagnostics unreachable ([Errno 61] Connection refused) — continuing
16:06:52 WARNING omega.core.heartbeat_client: heartbeat: http://localhost:8080/api/v1/nodes/victoria_v199_recent/decisions unreachable ([Errno 61] Connection refused) — continuing
16:07:03 WARNING omega.core.heartbeat_client: heartbeat: http://localhost:8080/api/v1/diagnostics unreachable ([Errno 61] Connection refused) — continuing
16:07:03 WARNING omega.core.heartbeat_client: heartbeat: http://localhost:8080/api/v1/nodes/victoria_v199_recent/decisions unreachable ([Errno 61] Connection refused) — continuing
16:07:15 WARNING omega.core.heartbeat_client: heartbeat: http://localhost:8080/api/v1/diagnostics unreachable ([Errno 61] Connection refused) — continuing
16:07:15 WARNING omega.core.heartbeat_client: heartbeat: http://localhost:8080/api/v1/nodes/victoria_v199_recent/decisions unreachable ([Errno 61] Connection refused) — continuing
16:07:26 WARNING omega.core.heartbeat_client: heartbeat: http://localhost:8080/api/v1/diagnostics unreachable ([Errno 61] Connection refused) — continuing

[96m══════════════════════════════════════════════════════[0m
[96m══ TRAINING DIAGNOSTICS (cycle 10) ══════════════════════[0m
[96m══════════════════════════════════════════════════════[0m
  [1mREGIME:       [0m [93mNORMAL[0m (conf: 0.00)
  [1mDATA FRESH:   [0m [92m✅ 0.0min ago[0m
  [1mSIGNALS:      [0m 11/20 active
  [1mSIT-OUT:      [0m [92mNO[0m
  [1mCONVICTION:   [0m BTC: -0.00 (HOLD) | ETH: -0.03 (HOLD) | SOL: -0.01 (HOLD) | BNB: -0.03 (HOLD) | XRP: +0.03 (HOLD) | ADA: +0.08 ([92mBUY[0m) | DOT: +0.01 (HOLD) | AVAX: -0.03 (HOLD) | LINK: +0.05 (HOLD) | MATIC: +0.16 ([92mBUY[0m) | NEAR: +0.02 (HOLD) | SUI: -0.05 (HOLD) | ARB: -0.19 ([91mSELL[0m)
  [1mTRADES:       [0m open=2 closed=2 | PnL=$-1814.78 | WR=0%
  [1mLONG/SHORT:   [0m longs=3 shorts=1
  [1mBLOCKERS:     [0m [92mNONE[0m
[96m══════════════════════════════════════════════════════[0m

16:07:46 WARNING omega.core.heartbeat_client: heartbeat: http://localhost:8080/api/v1/nodes/victoria_v199_recent/decisions unreachable ([Errno 61] Connection refused) — continuing
16:07:46 Cycle  10/200 [NORM] OK       | fresh=0.0min | open= 2 closed=  2 | PnL=$-1815 wr=0% | improve=0 sem_db=30 | 14.1s/c ETA 2680s | zero_streak=4
16:07:58 WARNING omega.core.heartbeat_client: heartbeat: http://localhost:8080/api/v1/diagnostics unreachable ([Errno 61] Connection refused) — continuing
16:07:58 WARNING omega.core.heartbeat_client: heartbeat: http://localhost:8080/api/v1/nodes/victoria_v199_recent/decisions unreachable ([Errno 61] Connection refused) — continuing
16:08:10 WARNING omega.core.heartbeat_client: heartbeat: http://localhost:8080/api/v1/diagnostics unreachable ([Errno 61] Connection refused) — continuing
16:08:10 WARNING omega.core.heartbeat_client: heartbeat: http://localhost:8080/api/v1/nodes/victoria_v199_recent/decisions unreachable ([Errno 61] Connection refused) — continuing
16:08:20 WARNING omega.nodes.victoria.vrp_signal: VRP circuit breaker: zscore=-2.75 < -2.0sigma — extreme COMPLACENCY; flagging for manual review (iv=0.37 rv=0.77)
16:08:21 WARNING omega.core.heartbeat_client: heartbeat: http://localhost:8080/api/v1/diagnostics unreachable ([Errno 61] Connection refused) — continuing
16:08:21 WARNING omega.core.heartbeat_client: heartbeat: http://localhost:8080/api/v1/nodes/victoria_v199_recent/decisions unreachable ([Errno 61] Connection refused) — continuing
16:08:33 WARNING omega.core.heartbeat_client: heartbeat: http://localhost:8080/api/v1/diagnostics unreachable ([Errno 61] Connection refused) — continuing
16:08:33 WARNING omega.core.heartbeat_client: heartbeat: http://localhost:8080/api/v1/nodes/victoria_v199_recent/decisions unreachable ([Errno 61] Connection refused) — continuing
16:08:45 WARNING omega.core.heartbeat_client: heartbeat: http://localhost:8080/api/v1/diagnostics unreachable ([Errno 61] Connection refused) — continuing
16:08:45 WARNING omega.core.heartbeat_client: heartbeat: http://localhost:8080/api/v1/nodes/victoria_v199_recent/decisions unreachable ([Errno 61] Connection refused) — continuing
16:08:45 Cycle  15/200 [CRIS] OK       | fresh=0.0min | open= 0 closed=  5 | PnL=$-3685 wr=0% | improve=1 sem_db=30 | 13.4s/c ETA 2470s | zero_streak=0
16:08:57 WARNING omega.core.heartbeat_client: heartbeat: http://localhost:8080/api/v1/diagnostics unreachable ([Errno 61] Connection refused) — continuing
16:08:57 WARNING omega.core.heartbeat_client: heartbeat: http://localhost:8080/api/v1/nodes/victoria_v199_recent/decisions unreachable ([Errno 61] Connection refused) — continuing
16:09:08 WARNING omega.core.heartbeat_client: heartbeat: http://localhost:8080/api/v1/diagnostics unreachable ([Errno 61] Connection refused) — continuing
16:09:08 WARNING omega.core.heartbeat_client: heartbeat: http://localhost:8080/api/v1/nodes/victoria_v199_recent/decisions unreachable ([Errno 61] Connection refused) — continuing
16:09:20 WARNING omega.core.heartbeat_client: heartbeat: http://localhost:8080/api/v1/diagnostics unreachable ([Errno 61] Connection refused) — continuing
16:09:20 WARNING omega.core.heartbeat_client: heartbeat: http://localhost:8080/api/v1/nodes/victoria_v199_recent/decisions unreachable ([Errno 61] Connection refused) — continuing
16:09:32 WARNING omega.core.heartbeat_client: heartbeat: http://localhost:8080/api/v1/diagnostics unreachable ([Errno 61] Connection refused) — continuing
16:09:32 WARNING omega.core.heartbeat_client: heartbeat: http://localhost:8080/api/v1/nodes/victoria_v199_recent/decisions unreachable ([Errno 61] Connection refused) — continuing
16:09:44 WARNING omega.core.heartbeat_client: heartbeat: http://localhost:8080/api/v1/diagnostics unreachable ([Errno 61] Connection refused) — continuing

[96m══════════════════════════════════════════════════════[0m
[96m══ TRAINING DIAGNOSTICS (cycle 20) ══════════════════════[0m
[96m══════════════════════════════════════════════════════[0m
  [1mREGIME:       [0m [93mCRISIS[0m (conf: 0.37)
  [1mDATA FRESH:   [0m [92m✅ 0.0min ago[0m
  [1mSIGNALS:      [0m 11/20 active
  [1mSIT-OUT:      [0m [92mNO[0m
  [1mCONVICTION:   [0m BTC: +0.00 (HOLD) | ETH: +0.00 (HOLD) | SOL: +0.03 (HOLD) | BNB: +0.03 (HOLD) | XRP: -0.11 ([91mSELL[0m) | ADA: -0.08 ([91mSELL[0m) | DOT: +0.25 ([92mBUY[0m) | AVAX: -0.07 ([91mSELL[0m) | LINK: +0.00 (HOLD) | MATIC: -0.14 ([91mSELL[0m) | NEAR: +0.29 ([92mBUY[0m) | SUI: -0.11 ([91mSELL[0m) | ARB: -0.10 ([91mSELL[0m)
  [1mTRADES:       [0m open=1 closed=5 | PnL=$-3684.72 | WR=0%
  [1mLONG/SHORT:   [0m longs=5 shorts=1
  [1mBLOCKERS:     [0m [92mNONE[0m
[96m══════════════════════════════════════════════════════[0m

16:10:00 Cycle 20: SemanticMemoryNode stored 1 patterns
16:10:00 WARNING omega.core.heartbeat_client: heartbeat: http://localhost:8080/api/v1/nodes/victoria_v199_recent/decisions unreachable ([Errno 61] Connection refused) — continuing
16:10:00 Cycle  20/200 [CRIS] OK       | fresh=0.0min | open= 1 closed=  5 | PnL=$-3685 wr=0% | improve=1 sem_db=30 | 13.7s/c ETA 2474s | zero_streak=5
16:10:12 WARNING omega.core.heartbeat_client: heartbeat: http://localhost:8080/api/v1/diagnostics unreachable ([Errno 61] Connection refused) — continuing
16:10:12 WARNING omega.core.heartbeat_client: heartbeat: http://localhost:8080/api/v1/nodes/victoria_v199_recent/decisions unreachable ([Errno 61] Connection refused) — continuing
16:10:24 WARNING omega.core.heartbeat_client: heartbeat: http://localhost:8080/api/v1/diagnostics unreachable ([Errno 61] Connection refused) — continuing
16:10:24 WARNING omega.core.heartbeat_client: heartbeat: http://localhost:8080/api/v1/nodes/victoria_v199_recent/decisions unreachable ([Errno 61] Connection refused) — continuing
16:10:36 WARNING omega.core.heartbeat_client: heartbeat: http://localhost:8080/api/v1/diagnostics unreachable ([Errno 61] Connection refused) — continuing
16:10:36 WARNING omega.core.heartbeat_client: heartbeat: http://localhost:8080/api/v1/nodes/victoria_v199_recent/decisions unreachable ([Errno 61] Connection refused) — continuing
16:10:49 WARNING omega.core.heartbeat_client: heartbeat: http://localhost:8080/api/v1/diagnostics unreachable ([Errno 61] Connection refused) — continuing
16:10:49 WARNING omega.core.heartbeat_client: heartbeat: http://localhost:8080/api/v1/nodes/victoria_v199_recent/decisions unreachable ([Errno 61] Connection refused) — continuing
16:11:01 WARNING omega.core.heartbeat_client: heartbeat: http://localhost:8080/api/v1/diagnostics unreachable ([Errno 61] Connection refused) — continuing
16:11:01 WARNING omega.core.heartbeat_client: heartbeat: http://localhost:8080/api/v1/nodes/victoria_v199_recent/decisions unreachable ([Errno 61] Connection refused) — continuing
16:11:01 Cycle  25/200 [HIGH] OK       | fresh=0.0min | open= 0 closed=  6 | PnL=$-2749 wr=17% | improve=1 sem_db=30 | 13.4s/c ETA 2353s | zero_streak=3
16:11:12 WARNING omega.core.heartbeat_client: heartbeat: http://localhost:8080/api/v1/diagnostics unreachable ([Errno 61] Connection refused) — continuing
16:11:12 WARNING omega.core.heartbeat_client: heartbeat: http://localhost:8080/api/v1/nodes/victoria_v199_recent/decisions unreachable ([Errno 61] Connection refused) — continuing
16:11:24 WARNING omega.core.heartbeat_client: heartbeat: http://localhost:8080/api/v1/diagnostics unreachable ([Errno 61] Connection refused) — continuing
16:11:24 WARNING omega.core.heartbeat_client: heartbeat: http://localhost:8080/api/v1/nodes/victoria_v199_recent/decisions unreachable ([Errno 61] Connection refused) — continuing
16:11:36 WARNING omega.core.heartbeat_client: heartbeat: http://localhost:8080/api/v1/diagnostics unreachable ([Errno 61] Connection refused) — continuing
16:11:36 WARNING omega.core.heartbeat_client: heartbeat: http://localhost:8080/api/v1/nodes/victoria_v199_recent/decisions unreachable ([Errno 61] Connection refused) — continuing
16:11:48 WARNING omega.core.heartbeat_client: heartbeat: http://localhost:8080/api/v1/diagnostics unreachable ([Errno 61] Connection refused) — continuing
16:11:48 WARNING omega.core.heartbeat_client: heartbeat: http://localhost:8080/api/v1/nodes/victoria_v199_recent/decisions unreachable ([Errno 61] Connection refused) — continuing
/opt/homebrew/lib/python3.14/site-packages/numpy/lib/_function_base_impl.py:3023: RuntimeWarning: invalid value encountered in divide
  c /= stddev[:, None]
/opt/homebrew/lib/python3.14/site-packages/numpy/lib/_function_base_impl.py:3024: RuntimeWarning: invalid value encountered in divide
  c /= stddev[None, :]
16:11:59 WARNING omega.core.heartbeat_client: heartbeat: http://localhost:8080/api/v1/diagnostics unreachable ([Errno 61] Connection refused) — continuing

[96m══════════════════════════════════════════════════════[0m
[96m══ TRAINING DIAGNOSTICS (cycle 30) ══════════════════════[0m
[96m══════════════════════════════════════════════════════[0m
  [1mREGIME:       [0m [93mHIGH_VOL[0m (conf: 0.37)
  [1mDATA FRESH:   [0m [92m✅ 0.0min ago[0m
  [1mSIGNALS:      [0m 11/20 active
  [1mSIT-OUT:      [0m [92mNO[0m
  [1mCONVICTION:   [0m BTC: +0.05 (HOLD) | ETH: +0.05 (HOLD) | SOL: +0.01 (HOLD) | BNB: +0.05 (HOLD) | XRP: -0.03 (HOLD) | ADA: -0.12 ([91mSELL[0m) | DOT: -0.10 ([91mSELL[0m) | AVAX: +0.10 ([92mBUY[0m) | LINK: +0.01 (HOLD) | MATIC: -0.33 ([91mSELL[0m) | NEAR: +0.21 ([92mBUY[0m) | SUI: +0.13 ([92mBUY[0m) | ARB: -0.02 (HOLD)
  [1mTRADES:       [0m open=1 closed=6 | PnL=$-2749.11 | WR=17%
  [1mLONG/SHORT:   [0m longs=5 shorts=2
  [1mBLOCKERS:     [0m [92mNONE[0m
[96m══════════════════════════════════════════════════════[0m

16:12:12 WARNING omega.core.heartbeat_client: heartbeat: http://localhost:8080/api/v1/nodes/victoria_v199_recent/decisions unreachable ([Errno 61] Connection refused) — continuing
16:12:12 Cycle  30/200 [HIGH] OK       | fresh=0.0min | open= 1 closed=  6 | PnL=$-2749 wr=17% | improve=1 sem_db=30 | 13.6s/c ETA 2309s | zero_streak=8
/opt/homebrew/lib/python3.14/site-packages/numpy/lib/_function_base_impl.py:3023: RuntimeWarning: invalid value encountered in divide
  c /= stddev[:, None]
/opt/homebrew/lib/python3.14/site-packages/numpy/lib/_function_base_impl.py:3024: RuntimeWarning: invalid value encountered in divide
  c /= stddev[None, :]
16:12:24 WARNING omega.core.heartbeat_client: heartbeat: http://localhost:8080/api/v1/diagnostics unreachable ([Errno 61] Connection refused) — continuing
16:12:24 WARNING omega.core.heartbeat_client: heartbeat: http://localhost:8080/api/v1/nodes/victoria_v199_recent/decisions unreachable ([Errno 61] Connection refused) — continuing
16:12:35 WARNING omega.core.heartbeat_client: heartbeat: http://localhost:8080/api/v1/diagnostics unreachable ([Errno 61] Connection refused) — continuing
16:12:35 WARNING omega.core.heartbeat_client: heartbeat: http://localhost:8080/api/v1/nodes/victoria_v199_recent/decisions unreachable ([Errno 61] Connection refused) — continuing
16:12:47 WARNING omega.core.heartbeat_client: heartbeat: http://localhost:8080/api/v1/diagnostics unreachable ([Errno 61] Connection refused) — continuing
16:12:47 WARNING omega.core.heartbeat_client: heartbeat: http://localhost:8080/api/v1/nodes/victoria_v199_recent/decisions unreachable ([Errno 61] Connection refused) — continuing
16:12:59 WARNING omega.core.heartbeat_client: heartbeat: http://localhost:8080/api/v1/diagnostics unreachable ([Errno 61] Connection refused) — continuing
16:12:59 WARNING omega.core.heartbeat_client: heartbeat: http://localhost:8080/api/v1/nodes/victoria_v199_recent/decisions unreachable ([Errno 61] Connection refused) — continuing
16:13:10 WARNING omega.core.heartbeat_client: heartbeat: http://localhost:8080/api/v1/diagnostics unreachable ([Errno 61] Connection refused) — continuing
16:13:10 WARNING omega.core.heartbeat_client: heartbeat: http://localhost:8080/api/v1/nodes/victoria_v199_recent/decisions unreachable ([Errno 61] Connection refused) — continuing
16:13:10 Cycle  35/200 [NORM] OK       | fresh=0.0min | open= 1 closed=  7 | PnL=$-3522 wr=14% | improve=1 sem_db=30 | 13.3s/c ETA 2192s | zero_streak=4
16:13:21 WARNING omega.core.heartbeat_client: heartbeat: http://localhost:8080/api/v1/diagnostics unreachable ([Errno 61] Connection refused) — continuing
16:13:21 WARNING omega.core.heartbeat_client: heartbeat: http://localhost:8080/api/v1/nodes/victoria_v199_recent/decisions unreachable ([Errno 61] Connection refused) — continuing
16:13:32 WARNING omega.core.heartbeat_client: heartbeat: http://localhost:8080/api/v1/diagnostics unreachable ([Errno 61] Connection refused) — continuing
16:13:32 WARNING omega.core.heartbeat_client: heartbeat: http://localhost:8080/api/v1/nodes/victoria_v199_recent/decisions unreachable ([Errno 61] Connection refused) — continuing
16:13:44 WARNING omega.core.heartbeat_client: heartbeat: http://localhost:8080/api/v1/diagnostics unreachable ([Errno 61] Connection refused) — continuing
16:13:44 WARNING omega.core.heartbeat_client: heartbeat: http://localhost:8080/api/v1/nodes/victoria_v199_recent/decisions unreachable ([Errno 61] Connection refused) — continuing
16:13:55 WARNING omega.core.heartbeat_client: heartbeat: http://localhost:8080/api/v1/diagnostics unreachable ([Errno 61] Connection refused) — continuing
16:13:55 WARNING omega.core.heartbeat_client: heartbeat: http://localhost:8080/api/v1/nodes/victoria_v199_recent/decisions unreachable ([Errno 61] Connection refused) — continuing
16:14:07 WARNING omega.core.heartbeat_client: heartbeat: http://localhost:8080/api/v1/diagnostics unreachable ([Errno 61] Connection refused) — continuing

[96m══════════════════════════════════════════════════════[0m
[96m══ TRAINING DIAGNOSTICS (cycle 40) ══════════════════════[0m
[96m══════════════════════════════════════════════════════[0m
  [1mREGIME:       [0m [93mNORMAL[0m (conf: 0.38)
  [1mDATA FRESH:   [0m [92m✅ 0.0min ago[0m
  [1mSIGNALS:      [0m 11/20 active
  [1mSIT-OUT:      [0m [92mNO[0m
  [1mCONVICTION:   [0m BTC: +0.01 (HOLD) | ETH: +0.05 (HOLD) | SOL: +0.05 ([92mBUY[0m) | BNB: -0.01 (HOLD) | XRP: +0.03 (HOLD) | ADA: -0.01 (HOLD) | DOT: -0.06 ([91mSELL[0m) | AVAX: -0.00 (HOLD) | LINK: +0.00 (HOLD) | MATIC: +0.02 (HOLD) | NEAR: -0.01 (HOLD) | SUI: -0.03 (HOLD) | ARB: -0.06 ([91mSELL[0m)
  [1mTRADES:       [0m open=3 closed=9 | PnL=$-3550.01 | WR=22%
  [1mLONG/SHORT:   [0m longs=7 shorts=5
  [1mBLOCKERS:     [0m [92mNONE[0m
[96m══════════════════════════════════════════════════════[0m

16:14:20 WARNING omega.core.heartbeat_client: heartbeat: http://localhost:8080/api/v1/nodes/victoria_v199_recent/decisions unreachable ([Errno 61] Connection refused) — continuing
16:14:20 Cycle  40/200 [NORM] OK       | fresh=0.0min | open= 3 closed=  9 | PnL=$-3550 wr=22% | improve=1 sem_db=30 | 13.4s/c ETA 2139s | zero_streak=0
/opt/homebrew/lib/python3.14/site-packages/numpy/lib/_function_base_impl.py:3023: RuntimeWarning: invalid value encountered in divide
  c /= stddev[:, None]
/opt/homebrew/lib/python3.14/site-packages/numpy/lib/_function_base_impl.py:3024: RuntimeWarning: invalid value encountered in divide
  c /= stddev[None, :]
16:14:31 WARNING omega.core.heartbeat_client: heartbeat: http://localhost:8080/api/v1/diagnostics unreachable ([Errno 61] Connection refused) — continuing
16:14:31 WARNING omega.core.heartbeat_client: heartbeat: http://localhost:8080/api/v1/nodes/victoria_v199_recent/decisions unreachable ([Errno 61] Connection refused) — continuing
16:14:43 WARNING omega.core.heartbeat_client: heartbeat: http://localhost:8080/api/v1/diagnostics unreachable ([Errno 61] Connection refused) — continuing
16:14:43 WARNING omega.core.heartbeat_client: heartbeat: http://localhost:8080/api/v1/nodes/victoria_v199_recent/decisions unreachable ([Errno 61] Connection refused) — continuing
16:14:55 WARNING omega.core.heartbeat_client: heartbeat: http://localhost:8080/api/v1/diagnostics unreachable ([Errno 61] Connection refused) — continuing
16:14:55 WARNING omega.core.heartbeat_client: heartbeat: http://localhost:8080/api/v1/nodes/victoria_v199_recent/decisions unreachable ([Errno 61] Connection refused) — continuing
16:15:06 WARNING omega.core.heartbeat_client: heartbeat: http://localhost:8080/api/v1/diagnostics unreachable ([Errno 61] Connection refused) — continuing
16:15:06 WARNING omega.core.heartbeat_client: heartbeat: http://localhost:8080/api/v1/nodes/victoria_v199_recent/decisions unreachable ([Errno 61] Connection refused) — continuing
16:15:18 WARNING omega.core.heartbeat_client: heartbeat: http://localhost:8080/api/v1/diagnostics unreachable ([Errno 61] Connection refused) — continuing
16:15:18 WARNING omega.core.heartbeat_client: heartbeat: http://localhost:8080/api/v1/nodes/victoria_v199_recent/decisions unreachable ([Errno 61] Connection refused) — continuing
16:15:18 Cycle  45/200 [NORM] OK       | fresh=0.0min | open= 2 closed= 11 | PnL=$-1962 wr=27% | improve=1 sem_db=30 | 13.2s/c ETA 2043s | zero_streak=3
16:15:30 WARNING omega.core.heartbeat_client: heartbeat: http://localhost:8080/api/v1/diagnostics unreachable ([Errno 61] Connection refused) — continuing
16:15:30 WARNING omega.core.heartbeat_client: heartbeat: http://localhost:8080/api/v1/nodes/victoria_v199_recent/decisions unreachable ([Errno 61] Connection refused) — continuing
16:15:44 WARNING omega.core.heartbeat_client: heartbeat: http://localhost:8080/api/v1/diagnostics unreachable ([Errno 61] Connection refused) — continuing
16:15:44 WARNING omega.core.heartbeat_client: heartbeat: http://localhost:8080/api/v1/nodes/victoria_v199_recent/decisions unreachable ([Errno 61] Connection refused) — continuing
16:15:56 WARNING omega.core.heartbeat_client: heartbeat: http://localhost:8080/api/v1/diagnostics unreachable ([Errno 61] Connection refused) — continuing
16:15:56 WARNING omega.core.heartbeat_client: heartbeat: http://localhost:8080/api/v1/nodes/victoria_v199_recent/decisions unreachable ([Errno 61] Connection refused) — continuing
16:16:08 WARNING omega.core.heartbeat_client: heartbeat: http://localhost:8080/api/v1/diagnostics unreachable ([Errno 61] Connection refused) — continuing
16:16:08 WARNING omega.core.heartbeat_client: heartbeat: http://localhost:8080/api/v1/nodes/victoria_v199_recent/decisions unreachable ([Errno 61] Connection refused) — continuing
16:16:19 WARNING omega.core.heartbeat_client: heartbeat: http://localhost:8080/api/v1/diagnostics unreachable ([Errno 61] Connection refused) — continuing

[96m══════════════════════════════════════════════════════[0m
[96m══ TRAINING DIAGNOSTICS (cycle 50) ══════════════════════[0m
[96m══════════════════════════════════════════════════════[0m
  [1mREGIME:       [0m [93mHIGH_VOL[0m (conf: 0.38)
  [1mDATA FRESH:   [0m [92m✅ 0.0min ago[0m
  [1mSIGNALS:      [0m 13/20 active
  [1mSIT-OUT:      [0m [92mNO[0m
  [1mCONVICTION:   [0m BTC: +0.06 ([92mBUY[0m) | ETH: +0.09 ([92mBUY[0m) | SOL: -0.07 ([91mSELL[0m) | BNB: +0.00 (HOLD) | XRP: -0.01 (HOLD) | ADA: -0.04 (HOLD) | DOT: -0.07 ([91mSELL[0m) | AVAX: +0.01 (HOLD) | LINK: +0.05 ([92mBUY[0m) | MATIC: +0.10 ([92mBUY[0m) | NEAR: -0.07 ([91mSELL[0m) | SUI: -0.06 ([91mSELL[0m) | ARB: +0.01 (HOLD)
  [1mTRADES:       [0m open=1 closed=15 | PnL=$-2106.18 | WR=27%
  [1mLONG/SHORT:   [0m longs=8 shorts=8
  [1mBLOCKERS:     [0m [92mNONE[0m
[96m══════════════════════════════════════════════════════[0m

16:16:32 WARNING omega.core.heartbeat_client: heartbeat: http://localhost:8080/api/v1/nodes/victoria_v199_recent/decisions unreachable ([Errno 61] Connection refused) — continuing
16:16:32 Cycle  50/200 [HIGH] OK       | fresh=0.0min | open= 1 closed= 15 | PnL=$-2106 wr=27% | improve=1 sem_db=30 | 13.3s/c ETA 2002s | zero_streak=0
/opt/homebrew/lib/python3.14/site-packages/numpy/lib/_function_base_impl.py:3023: RuntimeWarning: invalid value encountered in divide
  c /= stddev[:, None]
/opt/homebrew/lib/python3.14/site-packages/numpy/lib/_function_base_impl.py:3024: RuntimeWarning: invalid value encountered in divide
  c /= stddev[None, :]
16:17:00 WARNING omega.core.heartbeat_client: heartbeat: http://localhost:8080/api/v1/diagnostics unreachable ([Errno 61] Connection refused) — continuing
16:17:00 WARNING omega.core.heartbeat_client: heartbeat: http://localhost:8080/api/v1/nodes/victoria_v199_recent/decisions unreachable ([Errno 61] Connection refused) — continuing
/opt/homebrew/lib/python3.14/site-packages/numpy/lib/_function_base_impl.py:3023: RuntimeWarning: invalid value encountered in divide
  c /= stddev[:, None]
/opt/homebrew/lib/python3.14/site-packages/numpy/lib/_function_base_impl.py:3024: RuntimeWarning: invalid value encountered in divide
  c /= stddev[None, :]
16:17:12 WARNING omega.core.heartbeat_client: heartbeat: http://localhost:8080/api/v1/diagnostics unreachable ([Errno 61] Connection refused) — continuing
16:17:12 WARNING omega.core.heartbeat_client: heartbeat: http://localhost:8080/api/v1/nodes/victoria_v199_recent/decisions unreachable ([Errno 61] Connection refused) — continuing
16:17:23 WARNING omega.core.heartbeat_client: heartbeat: http://localhost:8080/api/v1/diagnostics unreachable ([Errno 61] Connection refused) — continuing
16:17:23 WARNING omega.core.heartbeat_client: heartbeat: http://localhost:8080/api/v1/nodes/victoria_v199_recent/decisions unreachable ([Errno 61] Connection refused) — continuing
16:17:35 WARNING omega.core.heartbeat_client: heartbeat: http://localhost:8080/api/v1/diagnostics unreachable ([Errno 61] Connection refused) — continuing
16:17:35 WARNING omega.core.heartbeat_client: heartbeat: http://localhost:8080/api/v1/nodes/victoria_v199_recent/decisions unreachable ([Errno 61] Connection refused) — continuing
16:17:47 WARNING omega.core.heartbeat_client: heartbeat: http://localhost:8080/api/v1/diagnostics unreachable ([Errno 61] Connection refused) — continuing
16:17:47 WARNING omega.core.heartbeat_client: heartbeat: http://localhost:8080/api/v1/nodes/victoria_v199_recent/decisions unreachable ([Errno 61] Connection refused) — continuing
16:17:47 Cycle  55/200 [HIGH] OK       | fresh=0.0min | open= 1 closed= 15 | PnL=$-2106 wr=27% | improve=1 sem_db=30 | 13.5s/c ETA 1956s | zero_streak=5
16:17:59 WARNING omega.core.heartbeat_client: heartbeat: http://localhost:8080/api/v1/diagnostics unreachable ([Errno 61] Connection refused) — continuing
16:17:59 WARNING omega.core.heartbeat_client: heartbeat: http://localhost:8080/api/v1/nodes/victoria_v199_recent/decisions unreachable ([Errno 61] Connection refused) — continuing
16:18:10 WARNING omega.core.heartbeat_client: heartbeat: http://localhost:8080/api/v1/diagnostics unreachable ([Errno 61] Connection refused) — continuing
16:18:10 WARNING omega.core.heartbeat_client: heartbeat: http://localhost:8080/api/v1/nodes/victoria_v199_recent/decisions unreachable ([Errno 61] Connection refused) — continuing
16:18:22 WARNING omega.core.heartbeat_client: heartbeat: http://localhost:8080/api/v1/diagnostics unreachable ([Errno 61] Connection refused) — continuing
16:18:22 WARNING omega.core.heartbeat_client: heartbeat: http://localhost:8080/api/v1/nodes/victoria_v199_recent/decisions unreachable ([Errno 61] Connection refused) — continuing
16:18:34 WARNING omega.core.heartbeat_client: heartbeat: http://localhost:8080/api/v1/diagnostics unreachable ([Errno 61] Connection refused) — continuing
16:18:34 WARNING omega.core.heartbeat_client: heartbeat: http://localhost:8080/api/v1/nodes/victoria_v199_recent/decisions unreachable ([Errno 61] Connection refused) — continuing
16:18:45 WARNING omega.core.heartbeat_client: heartbeat: http://localhost:8080/api/v1/diagnostics unreachable ([Errno 61] Connection refused) — continuing

[96m══════════════════════════════════════════════════════[0m
[96m══ TRAINING DIAGNOSTICS (cycle 60) ══════════════════════[0m
[96m══════════════════════════════════════════════════════[0m
  [1mREGIME:       [0m [93mNORMAL[0m (conf: 0.38)
  [1mDATA FRESH:   [0m [92m✅ 0.0min ago[0m
  [1mSIGNALS:      [0m 12/20 active
  [1mSIT-OUT:      [0m [92mNO[0m
  [1mCONVICTION:   [0m BTC: +0.07 ([92mBUY[0m) | ETH: +0.12 ([92mBUY[0m) | SOL: -0.04 (HOLD) | BNB: -0.10 ([91mSELL[0m) | XRP: -0.06 ([91mSELL[0m) | ADA: -0.09 ([91mSELL[0m) | DOT: -0.09 ([91mSELL[0m) | AVAX: +0.02 (HOLD) | LINK: -0.01 (HOLD) | MATIC: -0.34 ([91mSELL[0m) | NEAR: +0.23 ([92mBUY[0m) | SUI: +0.05 (HOLD) | ARB: +0.25 ([92mBUY[0m)
  [1mTRADES:       [0m open=0 closed=16 | PnL=$-1179.81 | WR=31%
  [1mLONG/SHORT:   [0m longs=8 shorts=8
  [1mBLOCKERS:     [0m [92mNONE[0m
[96m══════════════════════════════════════════════════════[0m

16:18:45 WARNING omega.core.heartbeat_client: heartbeat: http://localhost:8080/api/v1/nodes/victoria_v199_recent/decisions unreachable ([Errno 61] Connection refused) — continuing
16:18:45 Cycle  60/200 [NORM] OK       | fresh=0.0min | open= 0 closed= 16 | PnL=$-1180 wr=31% | improve=1 sem_db=30 | 13.3s/c ETA 1868s | zero_streak=1
16:18:56 WARNING omega.core.heartbeat_client: heartbeat: http://localhost:8080/api/v1/diagnostics unreachable ([Errno 61] Connection refused) — continuing
16:18:56 WARNING omega.core.heartbeat_client: heartbeat: http://localhost:8080/api/v1/nodes/victoria_v199_recent/decisions unreachable ([Errno 61] Connection refused) — continuing
16:19:07 WARNING omega.nodes.victoria.vrp_signal: VRP circuit breaker: zscore=-3.40 < -2.0sigma — extreme COMPLACENCY; flagging for manual review (iv=0.37 rv=0.73)
16:19:08 WARNING omega.core.heartbeat_client: heartbeat: http://localhost:8080/api/v1/diagnostics unreachable ([Errno 61] Connection refused) — continuing
16:19:08 WARNING omega.core.heartbeat_client: heartbeat: http://localhost:8080/api/v1/nodes/victoria_v199_recent/decisions unreachable ([Errno 61] Connection refused) — continuing
16:19:19 WARNING omega.core.heartbeat_client: heartbeat: http://localhost:8080/api/v1/diagnostics unreachable ([Errno 61] Connection refused) — continuing
16:19:19 WARNING omega.core.heartbeat_client: heartbeat: http://localhost:8080/api/v1/nodes/victoria_v199_recent/decisions unreachable ([Errno 61] Connection refused) — continuing
16:19:30 WARNING omega.core.heartbeat_client: heartbeat: http://localhost:8080/api/v1/diagnostics unreachable ([Errno 61] Connection refused) — continuing
16:19:30 WARNING omega.core.heartbeat_client: heartbeat: http://localhost:8080/api/v1/nodes/victoria_v199_recent/decisions unreachable ([Errno 61] Connection refused) — continuing
16:19:42 WARNING omega.core.heartbeat_client: heartbeat: http://localhost:8080/api/v1/diagnostics unreachable ([Errno 61] Connection refused) — continuing
16:19:42 WARNING omega.core.heartbeat_client: heartbeat: http://localhost:8080/api/v1/nodes/victoria_v199_recent/decisions unreachable ([Errno 61] Connection refused) — continuing
16:19:42 Cycle  65/200 [CRIS] OK       | fresh=0.0min | open= 1 closed= 18 | PnL=$-3246 wr=33% | improve=1 sem_db=30 | 13.2s/c ETA 1781s | zero_streak=1
16:19:54 WARNING omega.core.heartbeat_client: heartbeat: http://localhost:8080/api/v1/diagnostics unreachable ([Errno 61] Connection refused) — continuing
16:19:54 WARNING omega.core.heartbeat_client: heartbeat: http://localhost:8080/api/v1/nodes/victoria_v199_recent/decisions unreachable ([Errno 61] Connection refused) — continuing
16:20:05 WARNING omega.core.heartbeat_client: heartbeat: http://localhost:8080/api/v1/diagnostics unreachable ([Errno 61] Connection refused) — continuing
16:20:05 WARNING omega.core.heartbeat_client: heartbeat: http://localhost:8080/api/v1/nodes/victoria_v199_recent/decisions unreachable ([Errno 61] Connection refused) — continuing
16:20:17 WARNING omega.core.heartbeat_client: heartbeat: http://localhost:8080/api/v1/diagnostics unreachable ([Errno 61] Connection refused) — continuing
16:20:17 WARNING omega.core.heartbeat_client: heartbeat: http://localhost:8080/api/v1/nodes/victoria_v199_recent/decisions unreachable ([Errno 61] Connection refused) — continuing
16:20:29 WARNING omega.core.heartbeat_client: heartbeat: http://localhost:8080/api/v1/diagnostics unreachable ([Errno 61] Connection refused) — continuing
16:20:29 WARNING omega.core.heartbeat_client: heartbeat: http://localhost:8080/api/v1/nodes/victoria_v199_recent/decisions unreachable ([Errno 61] Connection refused) — continuing
16:20:45 WARNING omega.core.heartbeat_client: heartbeat: http://localhost:8080/api/v1/diagnostics unreachable ([Errno 61] Connection refused) — continuing

[96m══════════════════════════════════════════════════════[0m
[96m══ TRAINING DIAGNOSTICS (cycle 70) ══════════════════════[0m
[96m══════════════════════════════════════════════════════[0m
  [1mREGIME:       [0m [93mCRISIS[0m (conf: 0.37)
  [1mDATA FRESH:   [0m [92m✅ 0.0min ago[0m
  [1mSIGNALS:      [0m 12/20 active
  [1mSIT-OUT:      [0m [92mNO[0m
  [1mCONVICTION:   [0m BTC: -0.02 (HOLD) | ETH: -0.04 (HOLD) | SOL: -0.02 (HOLD) | BNB: -0.06 ([91mSELL[0m) | XRP: +0.05 (HOLD) | ADA: +0.10 ([92mBUY[0m) | DOT: +0.01 (HOLD) | AVAX: +0.02 (HOLD) | LINK: +0.05 (HOLD) | MATIC: +0.16 ([92mBUY[0m) | NEAR: +0.02 (HOLD) | SUI: -0.04 (HOLD) | ARB: -0.23 ([91mSELL[0m)
  [1mTRADES:       [0m open=2 closed=19 | PnL=$-3953.88 | WR=32%
  [1mLONG/SHORT:   [0m longs=12 shorts=9
  [1mBLOCKERS:     [0m [92mNONE[0m
[96m══════════════════════════════════════════════════════[0m

16:20:45 WARNING omega.core.heartbeat_client: heartbeat: http://localhost:8080/api/v1/nodes/victoria_v199_recent/decisions unreachable ([Errno 61] Connection refused) — continuing
16:20:45 Cycle  70/200 [CRIS] OK       | fresh=0.0min | open= 2 closed= 19 | PnL=$-3954 wr=32% | improve=1 sem_db=30 | 13.1s/c ETA 1709s | zero_streak=3
16:20:58 WARNING omega.core.heartbeat_client: heartbeat: http://localhost:8080/api/v1/diagnostics unreachable ([Errno 61] Connection refused) — continuing
16:20:58 WARNING omega.core.heartbeat_client: heartbeat: http://localhost:8080/api/v1/nodes/victoria_v199_recent/decisions unreachable ([Errno 61] Connection refused) — continuing
16:21:09 WARNING omega.core.heartbeat_client: heartbeat: http://localhost:8080/api/v1/diagnostics unreachable ([Errno 61] Connection refused) — continuing
16:21:09 WARNING omega.core.heartbeat_client: heartbeat: http://localhost:8080/api/v1/nodes/victoria_v199_recent/decisions unreachable ([Errno 61] Connection refused) — continuing
16:21:21 WARNING omega.core.heartbeat_client: heartbeat: http://localhost:8080/api/v1/diagnostics unreachable ([Errno 61] Connection refused) — continuing
16:21:21 WARNING omega.core.heartbeat_client: heartbeat: http://localhost:8080/api/v1/nodes/victoria_v199_recent/decisions unreachable ([Errno 61] Connection refused) — continuing
16:21:32 WARNING omega.core.heartbeat_client: heartbeat: http://localhost:8080/api/v1/diagnostics unreachable ([Errno 61] Connection refused) — continuing
16:21:32 WARNING omega.core.heartbeat_client: heartbeat: http://localhost:8080/api/v1/nodes/victoria_v199_recent/decisions unreachable ([Errno 61] Connection refused) — continuing
16:21:43 WARNING omega.core.heartbeat_client: heartbeat: http://localhost:8080/api/v1/diagnostics unreachable ([Errno 61] Connection refused) — continuing
16:21:43 WARNING omega.core.heartbeat_client: heartbeat: http://localhost:8080/api/v1/nodes/victoria_v199_recent/decisions unreachable ([Errno 61] Connection refused) — continuing
16:21:43 Cycle  75/200 [CRIS] OK       | fresh=0.0min | open= 3 closed= 22 | PnL=$-4844 wr=27% | improve=1 sem_db=30 | 13.0s/c ETA 1631s | zero_streak=1
16:21:55 WARNING omega.core.heartbeat_client: heartbeat: http://localhost:8080/api/v1/diagnostics unreachable ([Errno 61] Connection refused) — continuing
16:21:55 WARNING omega.core.heartbeat_client: heartbeat: http://localhost:8080/api/v1/nodes/victoria_v199_recent/decisions unreachable ([Errno 61] Connection refused) — continuing
16:22:07 WARNING omega.core.heartbeat_client: heartbeat: http://localhost:8080/api/v1/diagnostics unreachable ([Errno 61] Connection refused) — continuing
16:22:07 WARNING omega.core.heartbeat_client: heartbeat: http://localhost:8080/api/v1/nodes/victoria_v199_recent/decisions unreachable ([Errno 61] Connection refused) — continuing
16:22:18 WARNING omega.core.heartbeat_client: heartbeat: http://localhost:8080/api/v1/diagnostics unreachable ([Errno 61] Connection refused) — continuing
16:22:18 WARNING omega.core.heartbeat_client: heartbeat: http://localhost:8080/api/v1/nodes/victoria_v199_recent/decisions unreachable ([Errno 61] Connection refused) — continuing
16:22:30 WARNING omega.core.heartbeat_client: heartbeat: http://localhost:8080/api/v1/diagnostics unreachable ([Errno 61] Connection refused) — continuing
16:22:30 WARNING omega.core.heartbeat_client: heartbeat: http://localhost:8080/api/v1/nodes/victoria_v199_recent/decisions unreachable ([Errno 61] Connection refused) — continuing
16:22:41 WARNING omega.core.heartbeat_client: heartbeat: http://localhost:8080/api/v1/diagnostics unreachable ([Errno 61] Connection refused) — continuing

[96m══════════════════════════════════════════════════════[0m
[96m══ TRAINING DIAGNOSTICS (cycle 80) ══════════════════════[0m
[96m══════════════════════════════════════════════════════[0m
  [1mREGIME:       [0m [93mNORMAL[0m (conf: 0.37)
  [1mDATA FRESH:   [0m [92m✅ 0.0min ago[0m
  [1mSIGNALS:      [0m 12/20 active
  [1mSIT-OUT:      [0m [92mNO[0m
  [1mCONVICTION:   [0m BTC: -0.03 (HOLD) | ETH: -0.03 (HOLD) | SOL: +0.00 (HOLD) | BNB: +0.01 (HOLD) | XRP: -0.12 ([91mSELL[0m) | ADA: -0.06 ([91mSELL[0m) | DOT: +0.31 ([92mBUY[0m) | AVAX: -0.01 (HOLD) | LINK: -0.01 (HOLD) | MATIC: -0.10 ([91mSELL[0m) | NEAR: +0.31 ([92mBUY[0m) | SUI: -0.13 ([91mSELL[0m) | ARB: -0.12 ([91mSELL[0m)
  [1mTRADES:       [0m open=1 closed=24 | PnL=$-4576.20 | WR=29%
  [1mLONG/SHORT:   [0m longs=15 shorts=10
  [1mBLOCKERS:     [0m [92mNONE[0m
[96m══════════════════════════════════════════════════════[0m

16:22:41 WARNING omega.core.heartbeat_client: heartbeat: http://localhost:8080/api/v1/nodes/victoria_v199_recent/decisions unreachable ([Errno 61] Connection refused) — continuing
16:22:41 Cycle  80/200 [NORM] OK       | fresh=0.0min | open= 1 closed= 24 | PnL=$-4576 wr=29% | improve=1 sem_db=30 | 13.0s/c ETA 1555s | zero_streak=1
16:22:53 WARNING omega.core.heartbeat_client: heartbeat: http://localhost:8080/api/v1/diagnostics unreachable ([Errno 61] Connection refused) — continuing
16:22:53 WARNING omega.core.heartbeat_client: heartbeat: http://localhost:8080/api/v1/nodes/victoria_v199_recent/decisions unreachable ([Errno 61] Connection refused) — continuing
16:23:05 WARNING omega.core.heartbeat_client: heartbeat: http://localhost:8080/api/v1/diagnostics unreachable ([Errno 61] Connection refused) — continuing
16:23:05 WARNING omega.core.heartbeat_client: heartbeat: http://localhost:8080/api/v1/nodes/victoria_v199_recent/decisions unreachable ([Errno 61] Connection refused) — continuing
16:23:16 WARNING omega.core.heartbeat_client: heartbeat: http://localhost:8080/api/v1/diagnostics unreachable ([Errno 61] Connection refused) — continuing
16:23:16 WARNING omega.core.heartbeat_client: heartbeat: http://localhost:8080/api/v1/nodes/victoria_v199_recent/decisions unreachable ([Errno 61] Connection refused) — continuing
16:23:28 WARNING omega.core.heartbeat_client: heartbeat: http://localhost:8080/api/v1/diagnostics unreachable ([Errno 61] Connection refused) — continuing
16:23:28 WARNING omega.core.heartbeat_client: heartbeat: http://localhost:8080/api/v1/nodes/victoria_v199_recent/decisions unreachable ([Errno 61] Connection refused) — continuing
16:23:40 WARNING omega.core.heartbeat_client: heartbeat: http://localhost:8080/api/v1/diagnostics unreachable ([Errno 61] Connection refused) — continuing
16:23:40 WARNING omega.core.heartbeat_client: heartbeat: http://localhost:8080/api/v1/nodes/victoria_v199_recent/decisions unreachable ([Errno 61] Connection refused) — continuing
16:23:40 Cycle  85/200 [NORM] OK       | fresh=0.0min | open= 2 closed= 25 | PnL=$-3083 wr=32% | improve=1 sem_db=30 | 12.9s/c ETA 1482s | zero_streak=2
16:23:52 WARNING omega.core.heartbeat_client: heartbeat: http://localhost:8080/api/v1/diagnostics unreachable ([Errno 61] Connection refused) — continuing
16:23:52 WARNING omega.core.heartbeat_client: heartbeat: http://localhost:8080/api/v1/nodes/victoria_v199_recent/decisions unreachable ([Errno 61] Connection refused) — continuing
16:24:03 WARNING omega.core.heartbeat_client: heartbeat: http://localhost:8080/api/v1/diagnostics unreachable ([Errno 61] Connection refused) — continuing
16:24:03 WARNING omega.core.heartbeat_client: heartbeat: http://localhost:8080/api/v1/nodes/victoria_v199_recent/decisions unreachable ([Errno 61] Connection refused) — continuing
16:24:14 WARNING omega.core.heartbeat_client: heartbeat: http://localhost:8080/api/v1/diagnostics unreachable ([Errno 61] Connection refused) — continuing
16:24:14 WARNING omega.core.heartbeat_client: heartbeat: http://localhost:8080/api/v1/nodes/victoria_v199_recent/decisions unreachable ([Errno 61] Connection refused) — continuing
16:24:26 WARNING omega.core.heartbeat_client: heartbeat: http://localhost:8080/api/v1/diagnostics unreachable ([Errno 61] Connection refused) — continuing
16:24:26 WARNING omega.core.heartbeat_client: heartbeat: http://localhost:8080/api/v1/nodes/victoria_v199_recent/decisions unreachable ([Errno 61] Connection refused) — continuing
16:24:38 WARNING omega.core.heartbeat_client: heartbeat: http://localhost:8080/api/v1/diagnostics unreachable ([Errno 61] Connection refused) — continuing

[96m══════════════════════════════════════════════════════[0m
[96m══ TRAINING DIAGNOSTICS (cycle 90) ══════════════════════[0m
[96m══════════════════════════════════════════════════════[0m
  [1mREGIME:       [0m [93mHIGH_VOL[0m (conf: 0.37)
  [1mDATA FRESH:   [0m [92m✅ 0.0min ago[0m
  [1mSIGNALS:      [0m 12/20 active
  [1mSIT-OUT:      [0m [92mNO[0m
  [1mCONVICTION:   [0m BTC: +0.04 (HOLD) | ETH: +0.04 (HOLD) | SOL: +0.01 (HOLD) | BNB: +0.05 (HOLD) | XRP: -0.04 (HOLD) | ADA: -0.13 ([91mSELL[0m) | DOT: -0.04 (HOLD) | AVAX: +0.09 ([92mBUY[0m) | LINK: +0.00 (HOLD) | MATIC: -0.32 ([91mSELL[0m) | NEAR: +0.22 ([92mBUY[0m) | SUI: +0.11 ([92mBUY[0m) | ARB: -0.03 (HOLD)
  [1mTRADES:       [0m open=2 closed=27 | PnL=$-3320.22 | WR=30%
  [1mLONG/SHORT:   [0m longs=16 shorts=13
  [1mBLOCKERS:     [0m [92mNONE[0m
[96m══════════════════════════════════════════════════════[0m

16:24:38 WARNING omega.core.heartbeat_client: heartbeat: http://localhost:8080/api/v1/nodes/victoria_v199_recent/decisions unreachable ([Errno 61] Connection refused) — continuing
16:24:38 Cycle  90/200 [HIGH] OK       | fresh=0.0min | open= 2 closed= 27 | PnL=$-3320 wr=30% | improve=1 sem_db=30 | 12.8s/c ETA 1409s | zero_streak=3
16:24:50 WARNING omega.core.heartbeat_client: heartbeat: http://localhost:8080/api/v1/diagnostics unreachable ([Errno 61] Connection refused) — continuing
16:24:50 WARNING omega.core.heartbeat_client: heartbeat: http://localhost:8080/api/v1/nodes/victoria_v199_recent/decisions unreachable ([Errno 61] Connection refused) — continuing
16:25:01 WARNING omega.core.heartbeat_client: heartbeat: http://localhost:8080/api/v1/diagnostics unreachable ([Errno 61] Connection refused) — continuing
16:25:01 WARNING omega.core.heartbeat_client: heartbeat: http://localhost:8080/api/v1/nodes/victoria_v199_recent/decisions unreachable ([Errno 61] Connection refused) — continuing
16:25:12 WARNING omega.core.heartbeat_client: heartbeat: http://localhost:8080/api/v1/diagnostics unreachable ([Errno 61] Connection refused) — continuing
16:25:12 WARNING omega.core.heartbeat_client: heartbeat: http://localhost:8080/api/v1/nodes/victoria_v199_recent/decisions unreachable ([Errno 61] Connection refused) — continuing
16:25:23 WARNING omega.core.heartbeat_client: heartbeat: http://localhost:8080/api/v1/diagnostics unreachable ([Errno 61] Connection refused) — continuing
16:25:23 WARNING omega.core.heartbeat_client: heartbeat: http://localhost:8080/api/v1/nodes/victoria_v199_recent/decisions unreachable ([Errno 61] Connection refused) — continuing
16:25:35 WARNING omega.core.heartbeat_client: heartbeat: http://localhost:8080/api/v1/diagnostics unreachable ([Errno 61] Connection refused) — continuing
16:25:35 WARNING omega.core.heartbeat_client: heartbeat: http://localhost:8080/api/v1/nodes/victoria_v199_recent/decisions unreachable ([Errno 61] Connection refused) — continuing
16:25:35 Cycle  95/200 [NORM] OK       | fresh=0.0min | open= 1 closed= 29 | PnL=$-65 wr=31% | improve=1 sem_db=30 | 12.7s/c ETA 1337s | zero_streak=1
16:25:47 WARNING omega.core.heartbeat_client: heartbeat: http://localhost:8080/api/v1/diagnostics unreachable ([Errno 61] Connection refused) — continuing
16:25:47 WARNING omega.core.heartbeat_client: heartbeat: http://localhost:8080/api/v1/nodes/victoria_v199_recent/decisions unreachable ([Errno 61] Connection refused) — continuing
16:25:59 WARNING omega.core.heartbeat_client: heartbeat: http://localhost:8080/api/v1/diagnostics unreachable ([Errno 61] Connection refused) — continuing
16:25:59 WARNING omega.core.heartbeat_client: heartbeat: http://localhost:8080/api/v1/nodes/victoria_v199_recent/decisions unreachable ([Errno 61] Connection refused) — continuing
16:26:11 WARNING omega.core.heartbeat_client: heartbeat: http://localhost:8080/api/v1/diagnostics unreachable ([Errno 61] Connection refused) — continuing
16:26:11 WARNING omega.core.heartbeat_client: heartbeat: http://localhost:8080/api/v1/nodes/victoria_v199_recent/decisions unreachable ([Errno 61] Connection refused) — continuing
16:26:22 WARNING omega.core.heartbeat_client: heartbeat: http://localhost:8080/api/v1/diagnostics unreachable ([Errno 61] Connection refused) — continuing
16:26:22 WARNING omega.core.heartbeat_client: heartbeat: http://localhost:8080/api/v1/nodes/victoria_v199_recent/decisions unreachable ([Errno 61] Connection refused) — continuing
16:26:34 WARNING omega.core.heartbeat_client: heartbeat: http://localhost:8080/api/v1/diagnostics unreachable ([Errno 61] Connection refused) — continuing

[96m══════════════════════════════════════════════════════[0m
[96m══ TRAINING DIAGNOSTICS (cycle 100) ═════════════════════[0m
[96m══════════════════════════════════════════════════════[0m
  [1mREGIME:       [0m [93mNORMAL[0m (conf: 0.38)
  [1mDATA FRESH:   [0m [92m✅ 0.0min ago[0m
  [1mSIGNALS:      [0m 12/20 active
  [1mSIT-OUT:      [0m [92mNO[0m
  [1mCONVICTION:   [0m BTC: +0.01 (HOLD) | ETH: +0.07 ([92mBUY[0m) | SOL: +0.06 ([92mBUY[0m) | BNB: -0.01 (HOLD) | XRP: +0.06 ([92mBUY[0m) | ADA: -0.01 (HOLD) | DOT: -0.03 (HOLD) | AVAX: -0.00 (HOLD) | LINK: -0.01 (HOLD) | MATIC: -0.07 ([91mSELL[0m) | NEAR: +0.02 (HOLD) | SUI: -0.03 (HOLD) | ARB: -0.07 ([91mSELL[0m)
  [1mTRADES:       [0m open=4 closed=30 | PnL=$-155.30 | WR=30%
  [1mLONG/SHORT:   [0m longs=18 shorts=16
  [1mBLOCKERS:     [0m [92mNONE[0m
[96m══════════════════════════════════════════════════════[0m

16:26:34 WARNING omega.core.heartbeat_client: heartbeat: http://localhost:8080/api/v1/nodes/victoria_v199_recent/decisions unreachable ([Errno 61] Connection refused) — continuing
16:26:34 Cycle 100/200 [NORM] OK       | fresh=0.0min | open= 4 closed= 30 | PnL=$-155 wr=30% | improve=1 sem_db=30 | 12.7s/c ETA 1269s | zero_streak=0
16:26:45 WARNING omega.core.heartbeat_client: heartbeat: http://localhost:8080/api/v1/diagnostics unreachable ([Errno 61] Connection refused) — continuing
16:26:45 WARNING omega.core.heartbeat_client: heartbeat: http://localhost:8080/api/v1/nodes/victoria_v199_recent/decisions unreachable ([Errno 61] Connection refused) — continuing
16:26:57 WARNING omega.core.heartbeat_client: heartbeat: http://localhost:8080/api/v1/diagnostics unreachable ([Errno 61] Connection refused) — continuing
16:26:57 WARNING omega.core.heartbeat_client: heartbeat: http://localhost:8080/api/v1/nodes/victoria_v199_recent/decisions unreachable ([Errno 61] Connection refused) — continuing
16:27:08 WARNING omega.core.heartbeat_client: heartbeat: http://localhost:8080/api/v1/diagnostics unreachable ([Errno 61] Connection refused) — continuing
16:27:08 WARNING omega.core.heartbeat_client: heartbeat: http://localhost:8080/api/v1/nodes/victoria_v199_recent/decisions unreachable ([Errno 61] Connection refused) — continuing
16:27:19 WARNING omega.core.heartbeat_client: heartbeat: http://localhost:8080/api/v1/diagnostics unreachable ([Errno 61] Connection refused) — continuing
16:27:19 WARNING omega.core.heartbeat_client: heartbeat: http://localhost:8080/api/v1/nodes/victoria_v199_recent/decisions unreachable ([Errno 61] Connection refused) — continuing
16:27:30 WARNING omega.core.heartbeat_client: heartbeat: http://localhost:8080/api/v1/diagnostics unreachable ([Errno 61] Connection refused) — continuing
16:27:30 WARNING omega.core.heartbeat_client: heartbeat: http://localhost:8080/api/v1/nodes/victoria_v199_recent/decisions unreachable ([Errno 61] Connection refused) — continuing
16:27:30 Cycle 105/200 [NORM] OK       | fresh=0.0min | open= 2 closed= 33 | PnL=$+1494 wr=33% | improve=1 sem_db=30 | 12.6s/c ETA 1199s | zero_streak=2
16:27:42 WARNING omega.core.heartbeat_client: heartbeat: http://localhost:8080/api/v1/diagnostics unreachable ([Errno 61] Connection refused) — continuing
16:27:42 WARNING omega.core.heartbeat_client: heartbeat: http://localhost:8080/api/v1/nodes/victoria_v199_recent/decisions unreachable ([Errno 61] Connection refused) — continuing
16:27:53 WARNING omega.core.heartbeat_client: heartbeat: http://localhost:8080/api/v1/diagnostics unreachable ([Errno 61] Connection refused) — continuing
16:27:53 WARNING omega.core.heartbeat_client: heartbeat: http://localhost:8080/api/v1/nodes/victoria_v199_recent/decisions unreachable ([Errno 61] Connection refused) — continuing
16:28:04 WARNING omega.core.heartbeat_client: heartbeat: http://localhost:8080/api/v1/diagnostics unreachable ([Errno 61] Connection refused) — continuing
16:28:04 WARNING omega.core.heartbeat_client: heartbeat: http://localhost:8080/api/v1/nodes/victoria_v199_recent/decisions unreachable ([Errno 61] Connection refused) — continuing
16:28:16 WARNING omega.core.heartbeat_client: heartbeat: http://localhost:8080/api/v1/diagnostics unreachable ([Errno 61] Connection refused) — continuing
16:28:16 WARNING omega.core.heartbeat_client: heartbeat: http://localhost:8080/api/v1/nodes/victoria_v199_recent/decisions unreachable ([Errno 61] Connection refused) — continuing
16:28:27 WARNING omega.core.heartbeat_client: heartbeat: http://localhost:8080/api/v1/diagnostics unreachable ([Errno 61] Connection refused) — continuing

[96m══════════════════════════════════════════════════════[0m
[96m══ TRAINING DIAGNOSTICS (cycle 110) ═════════════════════[0m
[96m══════════════════════════════════════════════════════[0m
  [1mREGIME:       [0m [93mNORMAL[0m (conf: 0.38)
  [1mDATA FRESH:   [0m [92m✅ 0.0min ago[0m
  [1mSIGNALS:      [0m 12/20 active
  [1mSIT-OUT:      [0m [92mNO[0m
  [1mCONVICTION:   [0m BTC: +0.05 (HOLD) | ETH: +0.07 ([92mBUY[0m) | SOL: -0.06 ([91mSELL[0m) | BNB: +0.01 (HOLD) | XRP: -0.00 (HOLD) | ADA: -0.06 ([91mSELL[0m) | DOT: -0.08 ([91mSELL[0m) | AVAX: -0.02 (HOLD) | LINK: +0.04 (HOLD) | MATIC: +0.26 ([92mBUY[0m) | NEAR: -0.08 ([91mSELL[0m) | SUI: -0.08 ([91mSELL[0m) | ARB: -0.03 (HOLD)
  [1mTRADES:       [0m open=2 closed=36 | PnL=$+1492.05 | WR=33%
  [1mLONG/SHORT:   [0m longs=19 shorts=19
  [1mBLOCKERS:     [0m [92mNONE[0m
[96m══════════════════════════════════════════════════════[0m

16:28:27 WARNING omega.core.heartbeat_client: heartbeat: http://localhost:8080/api/v1/nodes/victoria_v199_recent/decisions unreachable ([Errno 61] Connection refused) — continuing
16:28:27 Cycle 110/200 [NORM] OK       | fresh=0.0min | open= 2 closed= 36 | PnL=$+1492 wr=33% | improve=1 sem_db=30 | 12.6s/c ETA 1131s | zero_streak=1
16:28:38 WARNING omega.core.heartbeat_client: heartbeat: http://localhost:8080/api/v1/diagnostics unreachable ([Errno 61] Connection refused) — continuing
16:28:38 WARNING omega.core.heartbeat_client: heartbeat: http://localhost:8080/api/v1/nodes/victoria_v199_recent/decisions unreachable ([Errno 61] Connection refused) — continuing
16:28:50 WARNING omega.core.heartbeat_client: heartbeat: http://localhost:8080/api/v1/diagnostics unreachable ([Errno 61] Connection refused) — continuing
16:28:50 WARNING omega.core.heartbeat_client: heartbeat: http://localhost:8080/api/v1/nodes/victoria_v199_recent/decisions unreachable ([Errno 61] Connection refused) — continuing
16:29:01 WARNING omega.core.heartbeat_client: heartbeat: http://localhost:8080/api/v1/diagnostics unreachable ([Errno 61] Connection refused) — continuing
16:29:01 WARNING omega.core.heartbeat_client: heartbeat: http://localhost:8080/api/v1/nodes/victoria_v199_recent/decisions unreachable ([Errno 61] Connection refused) — continuing
16:29:13 WARNING omega.core.heartbeat_client: heartbeat: http://localhost:8080/api/v1/diagnostics unreachable ([Errno 61] Connection refused) — continuing
16:29:13 WARNING omega.core.heartbeat_client: heartbeat: http://localhost:8080/api/v1/nodes/victoria_v199_recent/decisions unreachable ([Errno 61] Connection refused) — continuing
16:29:24 WARNING omega.core.heartbeat_client: heartbeat: http://localhost:8080/api/v1/diagnostics unreachable ([Errno 61] Connection refused) — continuing
16:29:24 WARNING omega.core.heartbeat_client: heartbeat: http://localhost:8080/api/v1/nodes/victoria_v199_recent/decisions unreachable ([Errno 61] Connection refused) — continuing
16:29:24 Cycle 115/200 [HIGH] OK       | fresh=0.0min | open= 1 closed= 37 | PnL=$+1352 wr=32% | improve=1 sem_db=30 | 12.5s/c ETA 1064s | zero_streak=4
16:29:36 WARNING omega.core.heartbeat_client: heartbeat: http://localhost:8080/api/v1/diagnostics unreachable ([Errno 61] Connection refused) — continuing
16:29:36 WARNING omega.core.heartbeat_client: heartbeat: http://localhost:8080/api/v1/nodes/victoria_v199_recent/decisions unreachable ([Errno 61] Connection refused) — continuing
16:29:47 WARNING omega.core.heartbeat_client: heartbeat: http://localhost:8080/api/v1/diagnostics unreachable ([Errno 61] Connection refused) — continuing
16:29:47 WARNING omega.core.heartbeat_client: heartbeat: http://localhost:8080/api/v1/nodes/victoria_v199_recent/decisions unreachable ([Errno 61] Connection refused) — continuing
16:29:58 WARNING omega.core.heartbeat_client: heartbeat: http://localhost:8080/api/v1/diagnostics unreachable ([Errno 61] Connection refused) — continuing
16:29:58 WARNING omega.core.heartbeat_client: heartbeat: http://localhost:8080/api/v1/nodes/victoria_v199_recent/decisions unreachable ([Errno 61] Connection refused) — continuing
16:30:09 WARNING omega.core.heartbeat_client: heartbeat: http://localhost:8080/api/v1/diagnostics unreachable ([Errno 61] Connection refused) — continuing
16:30:09 WARNING omega.core.heartbeat_client: heartbeat: http://localhost:8080/api/v1/nodes/victoria_v199_recent/decisions unreachable ([Errno 61] Connection refused) — continuing
16:30:20 WARNING omega.core.heartbeat_client: heartbeat: http://localhost:8080/api/v1/diagnostics unreachable ([Errno 61] Connection refused) — continuing

[96m══════════════════════════════════════════════════════[0m
[96m══ TRAINING DIAGNOSTICS (cycle 120) ═════════════════════[0m
[96m══════════════════════════════════════════════════════[0m
  [1mREGIME:       [0m [93mNORMAL[0m (conf: 0.38)
  [1mDATA FRESH:   [0m [92m✅ 0.0min ago[0m
  [1mSIGNALS:      [0m 13/20 active
  [1mSIT-OUT:      [0m [92mNO[0m
  [1mCONVICTION:   [0m BTC: +0.07 ([92mBUY[0m) | ETH: +0.10 ([92mBUY[0m) | SOL: -0.06 ([91mSELL[0m) | BNB: -0.10 ([91mSELL[0m) | XRP: -0.06 ([91mSELL[0m) | ADA: -0.07 ([91mSELL[0m) | DOT: -0.07 ([91mSELL[0m) | AVAX: -0.00 (HOLD) | LINK: -0.03 (HOLD) | MATIC: -0.29 ([91mSELL[0m) | NEAR: +0.22 ([92mBUY[0m) | SUI: +0.03 (HOLD) | ARB: +0.27 ([92mBUY[0m)
  [1mTRADES:       [0m open=0 closed=38 | PnL=$+2278.19 | WR=34%
  [1mLONG/SHORT:   [0m longs=19 shorts=19
  [1mBLOCKERS:     [0m [92mNONE[0m
[96m══════════════════════════════════════════════════════[0m

16:30:20 WARNING omega.core.heartbeat_client: heartbeat: http://localhost:8080/api/v1/nodes/victoria_v199_recent/decisions unreachable ([Errno 61] Connection refused) — continuing
16:30:20 Cycle 120/200 [NORM] OK       | fresh=0.0min | open= 0 closed= 38 | PnL=$+2278 wr=34% | improve=1 sem_db=30 | 12.5s/c ETA 997s | zero_streak=0
16:30:32 WARNING omega.core.heartbeat_client: heartbeat: http://localhost:8080/api/v1/diagnostics unreachable ([Errno 61] Connection refused) — continuing
16:30:32 WARNING omega.core.heartbeat_client: heartbeat: http://localhost:8080/api/v1/nodes/victoria_v199_recent/decisions unreachable ([Errno 61] Connection refused) — continuing
16:30:44 WARNING omega.core.heartbeat_client: heartbeat: http://localhost:8080/api/v1/diagnostics unreachable ([Errno 61] Connection refused) — continuing
16:30:44 WARNING omega.core.heartbeat_client: heartbeat: http://localhost:8080/api/v1/nodes/victoria_v199_recent/decisions unreachable ([Errno 61] Connection refused) — continuing
16:30:54 WARNING omega.nodes.victoria.vrp_signal: VRP circuit breaker: zscore=-3.41 < -2.0sigma — extreme COMPLACENCY; flagging for manual review (iv=0.37 rv=0.73)
16:30:55 WARNING omega.core.heartbeat_client: heartbeat: http://localhost:8080/api/v1/diagnostics unreachable ([Errno 61] Connection refused) — continuing
16:30:55 WARNING omega.core.heartbeat_client: heartbeat: http://localhost:8080/api/v1/nodes/victoria_v199_recent/decisions unreachable ([Errno 61] Connection refused) — continuing
16:31:08 WARNING omega.core.heartbeat_client: heartbeat: http://localhost:8080/api/v1/diagnostics unreachable ([Errno 61] Connection refused) — continuing
16:31:08 WARNING omega.core.heartbeat_client: heartbeat: http://localhost:8080/api/v1/nodes/victoria_v199_recent/decisions unreachable ([Errno 61] Connection refused) — continuing
16:31:19 WARNING omega.core.heartbeat_client: heartbeat: http://localhost:8080/api/v1/diagnostics unreachable ([Errno 61] Connection refused) — continuing
16:31:19 WARNING omega.core.heartbeat_client: heartbeat: http://localhost:8080/api/v1/nodes/victoria_v199_recent/decisions unreachable ([Errno 61] Connection refused) — continuing
16:31:19 Cycle 125/200 [CRIS] OK       | fresh=0.0min | open= 0 closed= 40 | PnL=$+212 wr=35% | improve=1 sem_db=30 | 12.4s/c ETA 932s | zero_streak=0
16:31:31 WARNING omega.core.heartbeat_client: heartbeat: http://localhost:8080/api/v1/diagnostics unreachable ([Errno 61] Connection refused) — continuing
16:31:31 WARNING omega.core.heartbeat_client: heartbeat: http://localhost:8080/api/v1/nodes/victoria_v199_recent/decisions unreachable ([Errno 61] Connection refused) — continuing
16:31:42 WARNING omega.core.heartbeat_client: heartbeat: http://localhost:8080/api/v1/diagnostics unreachable ([Errno 61] Connection refused) — continuing
16:31:42 WARNING omega.core.heartbeat_client: heartbeat: http://localhost:8080/api/v1/nodes/victoria_v199_recent/decisions unreachable ([Errno 61] Connection refused) — continuing
16:31:53 WARNING omega.core.heartbeat_client: heartbeat: http://localhost:8080/api/v1/diagnostics unreachable ([Errno 61] Connection refused) — continuing
16:31:53 WARNING omega.core.heartbeat_client: heartbeat: http://localhost:8080/api/v1/nodes/victoria_v199_recent/decisions unreachable ([Errno 61] Connection refused) — continuing
16:32:04 WARNING omega.core.heartbeat_client: heartbeat: http://localhost:8080/api/v1/diagnostics unreachable ([Errno 61] Connection refused) — continuing
16:32:04 WARNING omega.core.heartbeat_client: heartbeat: http://localhost:8080/api/v1/nodes/victoria_v199_recent/decisions unreachable ([Errno 61] Connection refused) — continuing
16:32:16 WARNING omega.core.heartbeat_client: heartbeat: http://localhost:8080/api/v1/diagnostics unreachable ([Errno 61] Connection refused) — continuing

[96m══════════════════════════════════════════════════════[0m
[96m══ TRAINING DIAGNOSTICS (cycle 130) ═════════════════════[0m
[96m══════════════════════════════════════════════════════[0m
  [1mREGIME:       [0m [93mCRISIS[0m (conf: 0.37)
  [1mDATA FRESH:   [0m [92m✅ 0.0min ago[0m
  [1mSIGNALS:      [0m 12/20 active
  [1mSIT-OUT:      [0m [92mNO[0m
  [1mCONVICTION:   [0m BTC: -0.03 (HOLD) | ETH: -0.05 ([91mSELL[0m) | SOL: -0.04 (HOLD) | BNB: -0.08 ([91mSELL[0m) | XRP: +0.06 ([92mBUY[0m) | ADA: +0.12 ([92mBUY[0m) | DOT: +0.01 (HOLD) | AVAX: +0.03 (HOLD) | LINK: +0.05 (HOLD) | MATIC: +0.17 ([92mBUY[0m) | NEAR: +0.01 (HOLD) | SUI: -0.04 (HOLD) | ARB: -0.20 ([91mSELL[0m)
  [1mTRADES:       [0m open=2 closed=41 | PnL=$-495.81 | WR=34%
  [1mLONG/SHORT:   [0m longs=23 shorts=20
  [1mBLOCKERS:     [0m [92mNONE[0m
[96m══════════════════════════════════════════════════════[0m

16:32:16 WARNING omega.core.heartbeat_client: heartbeat: http://localhost:8080/api/v1/nodes/victoria_v199_recent/decisions unreachable ([Errno 61] Connection refused) — continuing
16:32:16 Cycle 130/200 [CRIS] OK       | fresh=0.0min | open= 2 closed= 41 | PnL=$-496 wr=34% | improve=1 sem_db=30 | 12.4s/c ETA 867s | zero_streak=2
16:32:27 WARNING omega.core.heartbeat_client: heartbeat: http://localhost:8080/api/v1/diagnostics unreachable ([Errno 61] Connection refused) — continuing
16:32:27 WARNING omega.core.heartbeat_client: heartbeat: http://localhost:8080/api/v1/nodes/victoria_v199_recent/decisions unreachable ([Errno 61] Connection refused) — continuing
16:32:41 WARNING omega.core.heartbeat_client: heartbeat: http://localhost:8080/api/v1/diagnostics unreachable ([Errno 61] Connection refused) — continuing
16:32:41 WARNING omega.core.heartbeat_client: heartbeat: http://localhost:8080/api/v1/nodes/victoria_v199_recent/decisions unreachable ([Errno 61] Connection refused) — continuing
16:32:52 WARNING omega.core.heartbeat_client: heartbeat: http://localhost:8080/api/v1/diagnostics unreachable ([Errno 61] Connection refused) — continuing
16:32:52 WARNING omega.core.heartbeat_client: heartbeat: http://localhost:8080/api/v1/nodes/victoria_v199_recent/decisions unreachable ([Errno 61] Connection refused) — continuing
16:33:04 WARNING omega.core.heartbeat_client: heartbeat: http://localhost:8080/api/v1/diagnostics unreachable ([Errno 61] Connection refused) — continuing
16:33:04 WARNING omega.core.heartbeat_client: heartbeat: http://localhost:8080/api/v1/nodes/victoria_v199_recent/decisions unreachable ([Errno 61] Connection refused) — continuing
16:33:16 WARNING omega.core.heartbeat_client: heartbeat: http://localhost:8080/api/v1/diagnostics unreachable ([Errno 61] Connection refused) — continuing
16:33:16 WARNING omega.core.heartbeat_client: heartbeat: http://localhost:8080/api/v1/nodes/victoria_v199_recent/decisions unreachable ([Errno 61] Connection refused) — continuing
16:33:16 Cycle 135/200 [CRIS] OK       | fresh=0.0min | open= 2 closed= 44 | PnL=$-1386 wr=32% | improve=1 sem_db=30 | 12.4s/c ETA 805s | zero_streak=0
16:33:28 WARNING omega.core.heartbeat_client: heartbeat: http://localhost:8080/api/v1/diagnostics unreachable ([Errno 61] Connection refused) — continuing
16:33:28 WARNING omega.core.heartbeat_client: heartbeat: http://localhost:8080/api/v1/nodes/victoria_v199_recent/decisions unreachable ([Errno 61] Connection refused) — continuing
16:33:39 WARNING omega.core.heartbeat_client: heartbeat: http://localhost:8080/api/v1/diagnostics unreachable ([Errno 61] Connection refused) — continuing
16:33:39 WARNING omega.core.heartbeat_client: heartbeat: http://localhost:8080/api/v1/nodes/victoria_v199_recent/decisions unreachable ([Errno 61] Connection refused) — continuing
16:33:50 WARNING omega.core.heartbeat_client: heartbeat: http://localhost:8080/api/v1/diagnostics unreachable ([Errno 61] Connection refused) — continuing
16:33:51 WARNING omega.core.heartbeat_client: heartbeat: http://localhost:8080/api/v1/nodes/victoria_v199_recent/decisions unreachable ([Errno 61] Connection refused) — continuing
16:34:02 WARNING omega.core.heartbeat_client: heartbeat: http://localhost:8080/api/v1/diagnostics unreachable ([Errno 61] Connection refused) — continuing
16:34:02 WARNING omega.core.heartbeat_client: heartbeat: http://localhost:8080/api/v1/nodes/victoria_v199_recent/decisions unreachable ([Errno 61] Connection refused) — continuing
16:34:14 WARNING omega.core.heartbeat_client: heartbeat: http://localhost:8080/api/v1/diagnostics unreachable ([Errno 61] Connection refused) — continuing

[96m══════════════════════════════════════════════════════[0m
[96m══ TRAINING DIAGNOSTICS (cycle 140) ═════════════════════[0m
[96m══════════════════════════════════════════════════════[0m
  [1mREGIME:       [0m [93mNORMAL[0m (conf: 0.37)
  [1mDATA FRESH:   [0m [92m✅ 0.0min ago[0m
  [1mSIGNALS:      [0m 12/20 active
  [1mSIT-OUT:      [0m [92mNO[0m
  [1mCONVICTION:   [0m BTC: -0.05 ([91mSELL[0m) | ETH: -0.03 (HOLD) | SOL: -0.00 (HOLD) | BNB: -0.00 (HOLD) | XRP: -0.11 ([91mSELL[0m) | ADA: -0.00 (HOLD) | DOT: +0.30 ([92mBUY[0m) | AVAX: -0.00 (HOLD) | LINK: +0.01 (HOLD) | MATIC: -0.13 ([91mSELL[0m) | NEAR: +0.30 ([92mBUY[0m) | SUI: -0.12 ([91mSELL[0m) | ARB: -0.16 ([91mSELL[0m)
  [1mTRADES:       [0m open=1 closed=46 | PnL=$-1118.15 | WR=33%
  [1mLONG/SHORT:   [0m longs=26 shorts=21
  [1mBLOCKERS:     [0m [92mNONE[0m
[96m══════════════════════════════════════════════════════[0m

16:34:14 WARNING omega.core.heartbeat_client: heartbeat: http://localhost:8080/api/v1/nodes/victoria_v199_recent/decisions unreachable ([Errno 61] Connection refused) — continuing
16:34:14 Cycle 140/200 [NORM] OK       | fresh=0.0min | open= 1 closed= 46 | PnL=$-1118 wr=33% | improve=1 sem_db=30 | 12.4s/c ETA 741s | zero_streak=0
16:34:26 WARNING omega.core.heartbeat_client: heartbeat: http://localhost:8080/api/v1/diagnostics unreachable ([Errno 61] Connection refused) — continuing
16:34:26 WARNING omega.core.heartbeat_client: heartbeat: http://localhost:8080/api/v1/nodes/victoria_v199_recent/decisions unreachable ([Errno 61] Connection refused) — continuing
16:34:38 WARNING omega.core.heartbeat_client: heartbeat: http://localhost:8080/api/v1/diagnostics unreachable ([Errno 61] Connection refused) — continuing
16:34:38 WARNING omega.core.heartbeat_client: heartbeat: http://localhost:8080/api/v1/nodes/victoria_v199_recent/decisions unreachable ([Errno 61] Connection refused) — continuing
16:34:50 WARNING omega.core.heartbeat_client: heartbeat: http://localhost:8080/api/v1/diagnostics unreachable ([Errno 61] Connection refused) — continuing
16:34:50 WARNING omega.core.heartbeat_client: heartbeat: http://localhost:8080/api/v1/nodes/victoria_v199_recent/decisions unreachable ([Errno 61] Connection refused) — continuing
16:35:01 WARNING omega.core.heartbeat_client: heartbeat: http://localhost:8080/api/v1/diagnostics unreachable ([Errno 61] Connection refused) — continuing
16:35:01 WARNING omega.core.heartbeat_client: heartbeat: http://localhost:8080/api/v1/nodes/victoria_v199_recent/decisions unreachable ([Errno 61] Connection refused) — continuing
16:35:12 WARNING omega.core.heartbeat_client: heartbeat: http://localhost:8080/api/v1/diagnostics unreachable ([Errno 61] Connection refused) — continuing
16:35:12 WARNING omega.core.heartbeat_client: heartbeat: http://localhost:8080/api/v1/nodes/victoria_v199_recent/decisions unreachable ([Errno 61] Connection refused) — continuing
16:35:12 Cycle 145/200 [NORM] OK       | fresh=0.0min | open= 2 closed= 47 | PnL=$+375 wr=34% | improve=1 sem_db=30 | 12.3s/c ETA 678s | zero_streak=1
16:35:23 WARNING omega.core.heartbeat_client: heartbeat: http://localhost:8080/api/v1/diagnostics unreachable ([Errno 61] Connection refused) — continuing
16:35:23 WARNING omega.core.heartbeat_client: heartbeat: http://localhost:8080/api/v1/nodes/victoria_v199_recent/decisions unreachable ([Errno 61] Connection refused) — continuing
16:35:34 WARNING omega.core.heartbeat_client: heartbeat: http://localhost:8080/api/v1/diagnostics unreachable ([Errno 61] Connection refused) — continuing
16:35:34 WARNING omega.core.heartbeat_client: heartbeat: http://localhost:8080/api/v1/nodes/victoria_v199_recent/decisions unreachable ([Errno 61] Connection refused) — continuing
16:35:52 WARNING omega.core.heartbeat_client: heartbeat: http://localhost:8080/api/v1/diagnostics unreachable ([Errno 61] Connection refused) — continuing
16:35:52 WARNING omega.core.heartbeat_client: heartbeat: http://localhost:8080/api/v1/nodes/victoria_v199_recent/decisions unreachable ([Errno 61] Connection refused) — continuing
16:36:03 WARNING omega.core.heartbeat_client: heartbeat: http://localhost:8080/api/v1/diagnostics unreachable ([Errno 61] Connection refused) — continuing
16:36:03 WARNING omega.core.heartbeat_client: heartbeat: http://localhost:8080/api/v1/nodes/victoria_v199_recent/decisions unreachable ([Errno 61] Connection refused) — continuing
16:36:15 WARNING omega.core.heartbeat_client: heartbeat: http://localhost:8080/api/v1/diagnostics unreachable ([Errno 61] Connection refused) — continuing

[96m══════════════════════════════════════════════════════[0m
[96m══ TRAINING DIAGNOSTICS (cycle 150) ═════════════════════[0m
[96m══════════════════════════════════════════════════════[0m
  [1mREGIME:       [0m [93mNORMAL[0m (conf: 0.37)
  [1mDATA FRESH:   [0m [92m✅ 0.0min ago[0m
  [1mSIGNALS:      [0m 12/20 active
  [1mSIT-OUT:      [0m [92mNO[0m
  [1mCONVICTION:   [0m BTC: +0.04 (HOLD) | ETH: +0.03 (HOLD) | SOL: +0.00 (HOLD) | BNB: +0.05 (HOLD) | XRP: -0.03 (HOLD) | ADA: -0.14 ([91mSELL[0m) | DOT: +0.00 (HOLD) | AVAX: +0.07 ([92mBUY[0m) | LINK: +0.00 (HOLD) | MATIC: -0.28 ([91mSELL[0m) | NEAR: +0.22 ([92mBUY[0m) | SUI: +0.08 ([92mBUY[0m) | ARB: -0.04 (HOLD)
  [1mTRADES:       [0m open=2 closed=49 | PnL=$+137.68 | WR=33%
  [1mLONG/SHORT:   [0m longs=27 shorts=24
  [1mBLOCKERS:     [0m [92mNONE[0m
[96m══════════════════════════════════════════════════════[0m

16:36:15 WARNING omega.core.heartbeat_client: heartbeat: http://localhost:8080/api/v1/nodes/victoria_v199_recent/decisions unreachable ([Errno 61] Connection refused) — continuing
16:36:15 Cycle 150/200 [NORM] OK       | fresh=0.0min | open= 2 closed= 49 | PnL=$+138 wr=33% | improve=1 sem_db=30 | 12.3s/c ETA 617s | zero_streak=2
16:36:26 WARNING omega.core.heartbeat_client: heartbeat: http://localhost:8080/api/v1/diagnostics unreachable ([Errno 61] Connection refused) — continuing
16:36:26 WARNING omega.core.heartbeat_client: heartbeat: http://localhost:8080/api/v1/nodes/victoria_v199_recent/decisions unreachable ([Errno 61] Connection refused) — continuing
16:36:38 WARNING omega.core.heartbeat_client: heartbeat: http://localhost:8080/api/v1/diagnostics unreachable ([Errno 61] Connection refused) — continuing
16:36:38 WARNING omega.core.heartbeat_client: heartbeat: http://localhost:8080/api/v1/nodes/victoria_v199_recent/decisions unreachable ([Errno 61] Connection refused) — continuing
16:36:49 WARNING omega.core.heartbeat_client: heartbeat: http://localhost:8080/api/v1/diagnostics unreachable ([Errno 61] Connection refused) — continuing
16:36:49 WARNING omega.core.heartbeat_client: heartbeat: http://localhost:8080/api/v1/nodes/victoria_v199_recent/decisions unreachable ([Errno 61] Connection refused) — continuing
16:37:00 WARNING omega.core.heartbeat_client: heartbeat: http://localhost:8080/api/v1/diagnostics unreachable ([Errno 61] Connection refused) — continuing
16:37:00 WARNING omega.core.heartbeat_client: heartbeat: http://localhost:8080/api/v1/nodes/victoria_v199_recent/decisions unreachable ([Errno 61] Connection refused) — continuing
16:37:11 WARNING omega.core.heartbeat_client: heartbeat: http://localhost:8080/api/v1/diagnostics unreachable ([Errno 61] Connection refused) — continuing
16:37:11 WARNING omega.core.heartbeat_client: heartbeat: http://localhost:8080/api/v1/nodes/victoria_v199_recent/decisions unreachable ([Errno 61] Connection refused) — continuing
16:37:11 Cycle 155/200 [HIGH] OK       | fresh=0.0min | open= 1 closed= 51 | PnL=$+3393 wr=33% | improve=1 sem_db=30 | 12.3s/c ETA 553s | zero_streak=0
16:37:22 WARNING omega.core.heartbeat_client: heartbeat: http://localhost:8080/api/v1/diagnostics unreachable ([Errno 61] Connection refused) — continuing
16:37:22 WARNING omega.core.heartbeat_client: heartbeat: http://localhost:8080/api/v1/nodes/victoria_v199_recent/decisions unreachable ([Errno 61] Connection refused) — continuing
16:37:34 WARNING omega.core.heartbeat_client: heartbeat: http://localhost:8080/api/v1/diagnostics unreachable ([Errno 61] Connection refused) — continuing
16:37:34 WARNING omega.core.heartbeat_client: heartbeat: http://localhost:8080/api/v1/nodes/victoria_v199_recent/decisions unreachable ([Errno 61] Connection refused) — continuing
16:37:45 WARNING omega.core.heartbeat_client: heartbeat: http://localhost:8080/api/v1/diagnostics unreachable ([Errno 61] Connection refused) — continuing
16:37:45 WARNING omega.core.heartbeat_client: heartbeat: http://localhost:8080/api/v1/nodes/victoria_v199_recent/decisions unreachable ([Errno 61] Connection refused) — continuing
16:37:56 WARNING omega.core.heartbeat_client: heartbeat: http://localhost:8080/api/v1/diagnostics unreachable ([Errno 61] Connection refused) — continuing
16:37:56 WARNING omega.core.heartbeat_client: heartbeat: http://localhost:8080/api/v1/nodes/victoria_v199_recent/decisions unreachable ([Errno 61] Connection refused) — continuing
16:38:07 WARNING omega.core.heartbeat_client: heartbeat: http://localhost:8080/api/v1/diagnostics unreachable ([Errno 61] Connection refused) — continuing

[96m══════════════════════════════════════════════════════[0m
[96m══ TRAINING DIAGNOSTICS (cycle 160) ═════════════════════[0m
[96m══════════════════════════════════════════════════════[0m
  [1mREGIME:       [0m [93mNORMAL[0m (conf: 0.38)
  [1mDATA FRESH:   [0m [92m✅ 0.0min ago[0m
  [1mSIGNALS:      [0m 12/20 active
  [1mSIT-OUT:      [0m [92mNO[0m
  [1mCONVICTION:   [0m BTC: +0.00 (HOLD) | ETH: +0.08 ([92mBUY[0m) | SOL: +0.04 (HOLD) | BNB: -0.01 (HOLD) | XRP: +0.07 ([92mBUY[0m) | ADA: -0.00 (HOLD) | DOT: +0.01 (HOLD) | AVAX: -0.01 (HOLD) | LINK: -0.01 (HOLD) | MATIC: -0.13 ([91mSELL[0m) | NEAR: +0.03 (HOLD) | SUI: -0.01 (HOLD) | ARB: -0.06 ([91mSELL[0m)
  [1mTRADES:       [0m open=4 closed=51 | PnL=$+3392.57 | WR=33%
  [1mLONG/SHORT:   [0m longs=29 shorts=26
  [1mBLOCKERS:     [0m [92mNONE[0m
[96m══════════════════════════════════════════════════════[0m

16:38:07 WARNING omega.core.heartbeat_client: heartbeat: http://localhost:8080/api/v1/nodes/victoria_v199_recent/decisions unreachable ([Errno 61] Connection refused) — continuing
16:38:07 Cycle 160/200 [NORM] OK       | fresh=0.0min | open= 4 closed= 51 | PnL=$+3393 wr=33% | improve=1 sem_db=30 | 12.3s/c ETA 491s | zero_streak=5
16:38:19 WARNING omega.core.heartbeat_client: heartbeat: http://localhost:8080/api/v1/diagnostics unreachable ([Errno 61] Connection refused) — continuing
16:38:19 WARNING omega.core.heartbeat_client: heartbeat: http://localhost:8080/api/v1/nodes/victoria_v199_recent/decisions unreachable ([Errno 61] Connection refused) — continuing
16:38:29 WARNING omega.core.heartbeat_client: heartbeat: http://localhost:8080/api/v1/diagnostics unreachable ([Errno 61] Connection refused) — continuing
16:38:30 WARNING omega.core.heartbeat_client: heartbeat: http://localhost:8080/api/v1/nodes/victoria_v199_recent/decisions unreachable ([Errno 61] Connection refused) — continuing
16:38:40 WARNING omega.core.heartbeat_client: heartbeat: http://localhost:8080/api/v1/diagnostics unreachable ([Errno 61] Connection refused) — continuing
16:38:40 WARNING omega.core.heartbeat_client: heartbeat: http://localhost:8080/api/v1/nodes/victoria_v199_recent/decisions unreachable ([Errno 61] Connection refused) — continuing
16:38:51 WARNING omega.core.heartbeat_client: heartbeat: http://localhost:8080/api/v1/diagnostics unreachable ([Errno 61] Connection refused) — continuing
16:38:51 WARNING omega.core.heartbeat_client: heartbeat: http://localhost:8080/api/v1/nodes/victoria_v199_recent/decisions unreachable ([Errno 61] Connection refused) — continuing
16:39:03 WARNING omega.core.heartbeat_client: heartbeat: http://localhost:8080/api/v1/diagnostics unreachable ([Errno 61] Connection refused) — continuing
16:39:03 WARNING omega.core.heartbeat_client: heartbeat: http://localhost:8080/api/v1/nodes/victoria_v199_recent/decisions unreachable ([Errno 61] Connection refused) — continuing
16:39:03 Cycle 165/200 [NORM] OK       | fresh=0.0min | open= 2 closed= 55 | PnL=$+4952 wr=35% | improve=1 sem_db=30 | 12.2s/c ETA 428s | zero_streak=1
16:39:14 WARNING omega.core.heartbeat_client: heartbeat: http://localhost:8080/api/v1/diagnostics unreachable ([Errno 61] Connection refused) — continuing
16:39:14 WARNING omega.core.heartbeat_client: heartbeat: http://localhost:8080/api/v1/nodes/victoria_v199_recent/decisions unreachable ([Errno 61] Connection refused) — continuing
16:39:25 WARNING omega.core.heartbeat_client: heartbeat: http://localhost:8080/api/v1/diagnostics unreachable ([Errno 61] Connection refused) — continuing
16:39:25 WARNING omega.core.heartbeat_client: heartbeat: http://localhost:8080/api/v1/nodes/victoria_v199_recent/decisions unreachable ([Errno 61] Connection refused) — continuing
16:39:36 WARNING omega.core.heartbeat_client: heartbeat: http://localhost:8080/api/v1/diagnostics unreachable ([Errno 61] Connection refused) — continuing
16:39:36 WARNING omega.core.heartbeat_client: heartbeat: http://localhost:8080/api/v1/nodes/victoria_v199_recent/decisions unreachable ([Errno 61] Connection refused) — continuing
16:39:47 WARNING omega.core.heartbeat_client: heartbeat: http://localhost:8080/api/v1/diagnostics unreachable ([Errno 61] Connection refused) — continuing
16:39:47 WARNING omega.core.heartbeat_client: heartbeat: http://localhost:8080/api/v1/nodes/victoria_v199_recent/decisions unreachable ([Errno 61] Connection refused) — continuing
16:39:59 WARNING omega.core.heartbeat_client: heartbeat: http://localhost:8080/api/v1/diagnostics unreachable ([Errno 61] Connection refused) — continuing

[96m══════════════════════════════════════════════════════[0m
[96m══ TRAINING DIAGNOSTICS (cycle 170) ═════════════════════[0m
[96m══════════════════════════════════════════════════════[0m
  [1mREGIME:       [0m [93mNORMAL[0m (conf: 0.38)
  [1mDATA FRESH:   [0m [92m✅ 0.0min ago[0m
  [1mSIGNALS:      [0m 12/20 active
  [1mSIT-OUT:      [0m [92mNO[0m
  [1mCONVICTION:   [0m BTC: +0.03 (HOLD) | ETH: +0.04 (HOLD) | SOL: -0.06 ([91mSELL[0m) | BNB: +0.02 (HOLD) | XRP: -0.01 (HOLD) | ADA: -0.06 ([91mSELL[0m) | DOT: -0.11 ([91mSELL[0m) | AVAX: -0.04 (HOLD) | LINK: +0.01 (HOLD) | MATIC: +0.47 ([92mBUY[0m) | NEAR: -0.11 ([91mSELL[0m) | SUI: -0.11 ([91mSELL[0m) | ARB: -0.06 ([91mSELL[0m)
  [1mTRADES:       [0m open=1 closed=58 | PnL=$+4949.77 | WR=34%
  [1mLONG/SHORT:   [0m longs=29 shorts=30
  [1mBLOCKERS:     [0m [92mNONE[0m
[96m══════════════════════════════════════════════════════[0m

16:39:59 WARNING omega.core.heartbeat_client: heartbeat: http://localhost:8080/api/v1/nodes/victoria_v199_recent/decisions unreachable ([Errno 61] Connection refused) — continuing
16:39:59 Cycle 170/200 [NORM] OK       | fresh=0.0min | open= 1 closed= 58 | PnL=$+4950 wr=34% | improve=1 sem_db=30 | 12.2s/c ETA 366s | zero_streak=0
16:40:10 WARNING omega.core.heartbeat_client: heartbeat: http://localhost:8080/api/v1/diagnostics unreachable ([Errno 61] Connection refused) — continuing
16:40:10 WARNING omega.core.heartbeat_client: heartbeat: http://localhost:8080/api/v1/nodes/victoria_v199_recent/decisions unreachable ([Errno 61] Connection refused) — continuing
16:40:22 WARNING omega.core.heartbeat_client: heartbeat: http://localhost:8080/api/v1/diagnostics unreachable ([Errno 61] Connection refused) — continuing
16:40:22 WARNING omega.core.heartbeat_client: heartbeat: http://localhost:8080/api/v1/nodes/victoria_v199_recent/decisions unreachable ([Errno 61] Connection refused) — continuing
16:40:33 WARNING omega.core.heartbeat_client: heartbeat: http://localhost:8080/api/v1/diagnostics unreachable ([Errno 61] Connection refused) — continuing
16:40:33 WARNING omega.core.heartbeat_client: heartbeat: http://localhost:8080/api/v1/nodes/victoria_v199_recent/decisions unreachable ([Errno 61] Connection refused) — continuing
16:40:44 WARNING omega.core.heartbeat_client: heartbeat: http://localhost:8080/api/v1/diagnostics unreachable ([Errno 61] Connection refused) — continuing
16:40:44 WARNING omega.core.heartbeat_client: heartbeat: http://localhost:8080/api/v1/nodes/victoria_v199_recent/decisions unreachable ([Errno 61] Connection refused) — continuing
16:40:55 WARNING omega.core.heartbeat_client: heartbeat: http://localhost:8080/api/v1/diagnostics unreachable ([Errno 61] Connection refused) — continuing
16:40:55 WARNING omega.core.heartbeat_client: heartbeat: http://localhost:8080/api/v1/nodes/victoria_v199_recent/decisions unreachable ([Errno 61] Connection refused) — continuing
16:40:55 Cycle 175/200 [HIGH] OK       | fresh=0.0min | open= 1 closed= 59 | PnL=$+4810 wr=34% | improve=1 sem_db=30 | 12.2s/c ETA 304s | zero_streak=3
16:41:07 WARNING omega.core.heartbeat_client: heartbeat: http://localhost:8080/api/v1/diagnostics unreachable ([Errno 61] Connection refused) — continuing
16:41:07 WARNING omega.core.heartbeat_client: heartbeat: http://localhost:8080/api/v1/nodes/victoria_v199_recent/decisions unreachable ([Errno 61] Connection refused) — continuing
16:41:19 WARNING omega.core.heartbeat_client: heartbeat: http://localhost:8080/api/v1/diagnostics unreachable ([Errno 61] Connection refused) — continuing
16:41:19 WARNING omega.core.heartbeat_client: heartbeat: http://localhost:8080/api/v1/nodes/victoria_v199_recent/decisions unreachable ([Errno 61] Connection refused) — continuing
16:41:31 WARNING omega.core.heartbeat_client: heartbeat: http://localhost:8080/api/v1/diagnostics unreachable ([Errno 61] Connection refused) — continuing
16:41:31 WARNING omega.core.heartbeat_client: heartbeat: http://localhost:8080/api/v1/nodes/victoria_v199_recent/decisions unreachable ([Errno 61] Connection refused) — continuing
16:41:42 WARNING omega.core.heartbeat_client: heartbeat: http://localhost:8080/api/v1/diagnostics unreachable ([Errno 61] Connection refused) — continuing
16:41:42 WARNING omega.core.heartbeat_client: heartbeat: http://localhost:8080/api/v1/nodes/victoria_v199_recent/decisions unreachable ([Errno 61] Connection refused) — continuing
16:41:54 WARNING omega.core.heartbeat_client: heartbeat: http://localhost:8080/api/v1/diagnostics unreachable ([Errno 61] Connection refused) — continuing

[96m══════════════════════════════════════════════════════[0m
[96m══ TRAINING DIAGNOSTICS (cycle 180) ═════════════════════[0m
[96m══════════════════════════════════════════════════════[0m
  [1mREGIME:       [0m [93mNORMAL[0m (conf: 0.38)
  [1mDATA FRESH:   [0m [92m✅ 0.0min ago[0m
  [1mSIGNALS:      [0m 13/20 active
  [1mSIT-OUT:      [0m [92mNO[0m
  [1mCONVICTION:   [0m BTC: +0.07 ([92mBUY[0m) | ETH: +0.10 ([92mBUY[0m) | SOL: -0.06 ([91mSELL[0m) | BNB: -0.10 ([91mSELL[0m) | XRP: -0.07 ([91mSELL[0m) | ADA: -0.04 (HOLD) | DOT: -0.06 ([91mSELL[0m) | AVAX: -0.00 (HOLD) | LINK: -0.01 (HOLD) | MATIC: -0.33 ([91mSELL[0m) | NEAR: +0.19 ([92mBUY[0m) | SUI: +0.05 ([92mBUY[0m) | ARB: +0.25 ([92mBUY[0m)
  [1mTRADES:       [0m open=1 closed=59 | PnL=$+4809.60 | WR=34%
  [1mLONG/SHORT:   [0m longs=30 shorts=30
  [1mBLOCKERS:     [0m [92mNONE[0m
[96m══════════════════════════════════════════════════════[0m

16:41:54 WARNING omega.core.heartbeat_client: heartbeat: http://localhost:8080/api/v1/nodes/victoria_v199_recent/decisions unreachable ([Errno 61] Connection refused) — continuing
16:41:54 Cycle 180/200 [NORM] OK       | fresh=0.0min | open= 1 closed= 59 | PnL=$+4810 wr=34% | improve=1 sem_db=30 | 12.2s/c ETA 243s | zero_streak=8
16:42:05 WARNING omega.core.heartbeat_client: heartbeat: http://localhost:8080/api/v1/diagnostics unreachable ([Errno 61] Connection refused) — continuing
16:42:05 WARNING omega.core.heartbeat_client: heartbeat: http://localhost:8080/api/v1/nodes/victoria_v199_recent/decisions unreachable ([Errno 61] Connection refused) — continuing
16:42:16 WARNING omega.core.heartbeat_client: heartbeat: http://localhost:8080/api/v1/diagnostics unreachable ([Errno 61] Connection refused) — continuing
16:42:16 WARNING omega.core.heartbeat_client: heartbeat: http://localhost:8080/api/v1/nodes/victoria_v199_recent/decisions unreachable ([Errno 61] Connection refused) — continuing
16:42:27 WARNING omega.core.heartbeat_client: heartbeat: http://localhost:8080/api/v1/diagnostics unreachable ([Errno 61] Connection refused) — continuing
16:42:27 WARNING omega.core.heartbeat_client: heartbeat: http://localhost:8080/api/v1/nodes/victoria_v199_recent/decisions unreachable ([Errno 61] Connection refused) — continuing
16:42:37 WARNING omega.nodes.victoria.vrp_signal: VRP circuit breaker: zscore=-3.41 < -2.0sigma — extreme COMPLACENCY; flagging for manual review (iv=0.37 rv=0.73)
16:42:38 WARNING omega.core.heartbeat_client: heartbeat: http://localhost:8080/api/v1/diagnostics unreachable ([Errno 61] Connection refused) — continuing
16:42:38 WARNING omega.core.heartbeat_client: heartbeat: http://localhost:8080/api/v1/nodes/victoria_v199_recent/decisions unreachable ([Errno 61] Connection refused) — continuing
16:42:50 WARNING omega.core.heartbeat_client: heartbeat: http://localhost:8080/api/v1/diagnostics unreachable ([Errno 61] Connection refused) — continuing
16:42:50 WARNING omega.core.heartbeat_client: heartbeat: http://localhost:8080/api/v1/nodes/victoria_v199_recent/decisions unreachable ([Errno 61] Connection refused) — continuing
16:42:50 Cycle 185/200 [CRIS] OK       | fresh=0.0min | open= 1 closed= 61 | PnL=$+3570 wr=34% | improve=1 sem_db=30 | 12.1s/c ETA 182s | zero_streak=1
16:43:01 WARNING omega.core.heartbeat_client: heartbeat: http://localhost:8080/api/v1/diagnostics unreachable ([Errno 61] Connection refused) — continuing
16:43:01 WARNING omega.core.heartbeat_client: heartbeat: http://localhost:8080/api/v1/nodes/victoria_v199_recent/decisions unreachable ([Errno 61] Connection refused) — continuing
16:43:13 WARNING omega.core.heartbeat_client: heartbeat: http://localhost:8080/api/v1/diagnostics unreachable ([Errno 61] Connection refused) — continuing
16:43:13 WARNING omega.core.heartbeat_client: heartbeat: http://localhost:8080/api/v1/nodes/victoria_v199_recent/decisions unreachable ([Errno 61] Connection refused) — continuing
16:43:24 WARNING omega.core.heartbeat_client: heartbeat: http://localhost:8080/api/v1/diagnostics unreachable ([Errno 61] Connection refused) — continuing
16:43:24 WARNING omega.core.heartbeat_client: heartbeat: http://localhost:8080/api/v1/nodes/victoria_v199_recent/decisions unreachable ([Errno 61] Connection refused) — continuing
16:43:36 WARNING omega.core.heartbeat_client: heartbeat: http://localhost:8080/api/v1/diagnostics unreachable ([Errno 61] Connection refused) — continuing
16:43:36 WARNING omega.core.heartbeat_client: heartbeat: http://localhost:8080/api/v1/nodes/victoria_v199_recent/decisions unreachable ([Errno 61] Connection refused) — continuing
16:43:47 WARNING omega.core.heartbeat_client: heartbeat: http://localhost:8080/api/v1/diagnostics unreachable ([Errno 61] Connection refused) — continuing

[96m══════════════════════════════════════════════════════[0m
[96m══ TRAINING DIAGNOSTICS (cycle 190) ═════════════════════[0m
[96m══════════════════════════════════════════════════════[0m
  [1mREGIME:       [0m [93mCRISIS[0m (conf: 0.37)
  [1mDATA FRESH:   [0m [92m✅ 0.0min ago[0m
  [1mSIGNALS:      [0m 12/20 active
  [1mSIT-OUT:      [0m [92mNO[0m
  [1mCONVICTION:   [0m BTC: -0.03 (HOLD) | ETH: -0.07 ([91mSELL[0m) | SOL: -0.05 (HOLD) | BNB: -0.12 ([91mSELL[0m) | XRP: +0.07 ([92mBUY[0m) | ADA: +0.12 ([92mBUY[0m) | DOT: +0.01 (HOLD) | AVAX: +0.03 (HOLD) | LINK: +0.03 (HOLD) | MATIC: +0.18 ([92mBUY[0m) | NEAR: +0.00 (HOLD) | SUI: -0.04 (HOLD) | ARB: -0.15 ([91mSELL[0m)
  [1mTRADES:       [0m open=1 closed=63 | PnL=$+2961.94 | WR=35%
  [1mLONG/SHORT:   [0m longs=34 shorts=30
  [1mBLOCKERS:     [0m [92mNONE[0m
[96m══════════════════════════════════════════════════════[0m

16:43:47 WARNING omega.core.heartbeat_client: heartbeat: http://localhost:8080/api/v1/nodes/victoria_v199_recent/decisions unreachable ([Errno 61] Connection refused) — continuing
16:43:47 Cycle 190/200 [CRIS] OK       | fresh=0.0min | open= 1 closed= 63 | PnL=$+2962 wr=35% | improve=1 sem_db=30 | 12.1s/c ETA 121s | zero_streak=1
16:43:59 WARNING omega.core.heartbeat_client: heartbeat: http://localhost:8080/api/v1/diagnostics unreachable ([Errno 61] Connection refused) — continuing
16:43:59 WARNING omega.core.heartbeat_client: heartbeat: http://localhost:8080/api/v1/nodes/victoria_v199_recent/decisions unreachable ([Errno 61] Connection refused) — continuing
16:44:11 WARNING omega.core.heartbeat_client: heartbeat: http://localhost:8080/api/v1/diagnostics unreachable ([Errno 61] Connection refused) — continuing
16:44:11 WARNING omega.core.heartbeat_client: heartbeat: http://localhost:8080/api/v1/nodes/victoria_v199_recent/decisions unreachable ([Errno 61] Connection refused) — continuing
16:44:23 WARNING omega.core.heartbeat_client: heartbeat: http://localhost:8080/api/v1/diagnostics unreachable ([Errno 61] Connection refused) — continuing
16:44:23 WARNING omega.core.heartbeat_client: heartbeat: http://localhost:8080/api/v1/nodes/victoria_v199_recent/decisions unreachable ([Errno 61] Connection refused) — continuing
16:44:34 WARNING omega.core.heartbeat_client: heartbeat: http://localhost:8080/api/v1/diagnostics unreachable ([Errno 61] Connection refused) — continuing
16:44:34 WARNING omega.core.heartbeat_client: heartbeat: http://localhost:8080/api/v1/nodes/victoria_v199_recent/decisions unreachable ([Errno 61] Connection refused) — continuing
16:44:45 WARNING omega.core.heartbeat_client: heartbeat: http://localhost:8080/api/v1/diagnostics unreachable ([Errno 61] Connection refused) — continuing
16:44:45 WARNING omega.core.heartbeat_client: heartbeat: http://localhost:8080/api/v1/nodes/victoria_v199_recent/decisions unreachable ([Errno 61] Connection refused) — continuing
16:44:45 Cycle 195/200 [CRIS] OK       | fresh=0.0min | open= 3 closed= 65 | PnL=$+2386 wr=34% | improve=1 sem_db=30 | 12.1s/c ETA 61s | zero_streak=1
16:44:56 WARNING omega.core.heartbeat_client: heartbeat: http://localhost:8080/api/v1/diagnostics unreachable ([Errno 61] Connection refused) — continuing
16:44:56 WARNING omega.core.heartbeat_client: heartbeat: http://localhost:8080/api/v1/nodes/victoria_v199_recent/decisions unreachable ([Errno 61] Connection refused) — continuing
16:45:08 WARNING omega.core.heartbeat_client: heartbeat: http://localhost:8080/api/v1/diagnostics unreachable ([Errno 61] Connection refused) — continuing
16:45:08 WARNING omega.core.heartbeat_client: heartbeat: http://localhost:8080/api/v1/nodes/victoria_v199_recent/decisions unreachable ([Errno 61] Connection refused) — continuing
16:45:19 WARNING omega.core.heartbeat_client: heartbeat: http://localhost:8080/api/v1/diagnostics unreachable ([Errno 61] Connection refused) — continuing
16:45:19 WARNING omega.core.heartbeat_client: heartbeat: http://localhost:8080/api/v1/nodes/victoria_v199_recent/decisions unreachable ([Errno 61] Connection refused) — continuing
16:45:30 WARNING omega.core.heartbeat_client: heartbeat: http://localhost:8080/api/v1/diagnostics unreachable ([Errno 61] Connection refused) — continuing
16:45:30 WARNING omega.core.heartbeat_client: heartbeat: http://localhost:8080/api/v1/nodes/victoria_v199_recent/decisions unreachable ([Errno 61] Connection refused) — continuing
16:45:42 WARNING omega.core.heartbeat_client: heartbeat: http://localhost:8080/api/v1/diagnostics unreachable ([Errno 61] Connection refused) — continuing

[96m══════════════════════════════════════════════════════[0m
[96m══ TRAINING DIAGNOSTICS (cycle 200) ═════════════════════[0m
[96m══════════════════════════════════════════════════════[0m
  [1mREGIME:       [0m [93mCRISIS[0m (conf: 0.37)
  [1mDATA FRESH:   [0m [92m✅ 0.0min ago[0m
  [1mSIGNALS:      [0m 12/20 active
  [1mSIT-OUT:      [0m [92mNO[0m
  [1mCONVICTION:   [0m BTC: -0.07 ([91mSELL[0m) | ETH: -0.03 (HOLD) | SOL: +0.01 (HOLD) | BNB: -0.02 (HOLD) | XRP: -0.11 ([91mSELL[0m) | ADA: +0.04 (HOLD) | DOT: +0.29 ([92mBUY[0m) | AVAX: +0.02 (HOLD) | LINK: +0.03 (HOLD) | MATIC: -0.13 ([91mSELL[0m) | NEAR: +0.25 ([92mBUY[0m) | SUI: -0.10 ([91mSELL[0m) | ARB: -0.19 ([91mSELL[0m)
  [1mTRADES:       [0m open=2 closed=67 | PnL=$+2477.87 | WR=34%
  [1mLONG/SHORT:   [0m longs=37 shorts=32
  [1mBLOCKERS:     [0m [92mNONE[0m
[96m══════════════════════════════════════════════════════[0m

16:45:42 WARNING omega.core.heartbeat_client: heartbeat: http://localhost:8080/api/v1/nodes/victoria_v199_recent/decisions unreachable ([Errno 61] Connection refused) — continuing
16:45:42 Cycle 200/200 [CRIS] OK       | fresh=0.0min | open= 2 closed= 67 | PnL=$+2478 wr=34% | improve=1 sem_db=30 | 12.1s/c ETA 0s | zero_streak=2
16:45:42 WARNING omega.core.heartbeat_client: heartbeat: http://localhost:8080/api/v1/nodes/victoria_v199_recent/lifecycle unreachable ([Errno 61] Connection refused) — continuing
16:45:42 V199_RECENT: no baseline version found for gate comparison
16:45:42 Attribution — alpha: $+4449.62  beta: $+4935723.63  timing: $-4933295.12  selection: $+0.00
16:45:42 Attribution report  : /Users/benebsworth/projects/omega/data/v199_recent_attribution.json
16:45:42 
16:45:42 ======================================================================
16:45:42 V199_RECENT COMPLETE — 200 cycles in 2417s (12.09s/cycle)
16:45:42 ======================================================================
16:45:42 improve_calls         : 1
16:45:42 semantic_patterns_db  : 30
16:45:42 Closed trades         : 67  (long=36  short=31)
16:45:42 Total PnL             : $+2477.87  (engine realised: $+2477.87)
16:45:42 Win rate              : 34.3%  (23/67)
16:45:42 Profit factor         : 1.13
16:45:42 --- Observability ---
16:45:42 Zero-trade cycles     : 136 / 200  (68%)
16:45:42 Circuit breaker trips : 0
16:45:42 Final vol threshold   : 0.000
16:45:42 Metrics JSONL         : /tmp/v199_recent_metrics.jsonl
16:45:42 Results               : /Users/benebsworth/projects/omega/data/v199_recent_results.json
16:45:42 ======================================================================
