hmmlearn not available — using numpy GMM fallback
16:05:35 RNG seed set to 42 (deterministic mode)
16:05:35 BACKTEST MODE: WS signals disabled (whale_prints, ws_microstructure)
16:05:35 ======================================================================
16:05:35 Training Run v199_crisis — 200 cycles  sleep=10s
16:05:35 CoinGecko key  : CG-YPzBAPag5...
16:05:35 Database URL   : postgres://omega:omega@localhost:5432/om...
16:05:35 Metrics JSONL  : /tmp/v199_crisis_metrics.jsonl
16:05:35 Log file       : /tmp/v199_crisis_training.log
16:05:35 Features ON    : ffg_gate1_enabled, ffg_gate4_enabled
16:05:35 ======================================================================
16:05:36 WARNING omega.nodes.victoria.data_cache: MacroDataCache: FRED_API_KEY not set — using DEMO_KEY (30 req/day limit). Set FRED_API_KEY env var for full access.
16:05:36 BACKTEST MODE: ingestion replaced by ReplayIngestionNode (snap_crisis_2022h1, 151 steps)
16:05:36 ImprovementEngine: SyntheticEvaluator injected
16:05:36 Decision snapshots → /tmp/v199_crisis_decisions.jsonl (+ Postgres if configured)
16:05:36 WARNING omega.core.heartbeat_client: heartbeat: http://localhost:8080/api/v1/nodes/victoria_v199_crisis/lifecycle unreachable ([Errno 61] Connection refused) — continuing
16:05:36 SignalDecayDetector: loaded from data/signal_ic_history.json

[96m══════════════════════════════════════════════════════[0m
[96m══ TRAINING DIAGNOSTICS (cycle 0) ═══════════════════════[0m
[96m══════════════════════════════════════════════════════[0m
  [1mREGIME:       [0m [91mUNKN ⚠️[0m
  [1mDATA FRESH:   [0m [92m✅ 0.0min ago[0m
  [1mSIGNALS:      [0m [93mnone yet[0m
  [1mSIT-OUT:      [0m [92mNO[0m
  [1mCONVICTION:   [0m [93mn/a[0m
  [1mTRADES:       [0m open=0 closed=0 | PnL=$+0.00 | WR=0%
  [1mLONG/SHORT:   [0m longs=0 shorts=0
  [1mBLOCKERS:     [0m [91mRegime detector not firing | No signal data yet (first cycle?)[0m
[96m══════════════════════════════════════════════════════[0m

16:05:37 WARNING omega.nodes.victoria.data_cache: MacroDataCache: FRED_API_KEY not set — using DEMO_KEY (30 req/day limit). Set FRED_API_KEY env var for full access.
16:05:46 WARNING omega.core.heartbeat_client: heartbeat: http://localhost:8080/api/v1/diagnostics unreachable ([Errno 61] Connection refused) — continuing
16:05:46 WARNING omega.core.heartbeat_client: heartbeat: http://localhost:8080/api/v1/nodes/victoria_v199_crisis/decisions unreachable ([Errno 61] Connection refused) — continuing
16:05:46 Cycle   1/200 [NORM] OK       | fresh=0.0min | open= 0 closed=  0 | PnL=$+0 wr=0% | improve=0 sem_db=30 | 10.3s/c ETA 2053s | zero_streak=1
16:05:58 WARNING omega.core.heartbeat_client: heartbeat: http://localhost:8080/api/v1/diagnostics unreachable ([Errno 61] Connection refused) — continuing
16:05:58 WARNING omega.core.heartbeat_client: heartbeat: http://localhost:8080/api/v1/nodes/victoria_v199_crisis/decisions unreachable ([Errno 61] Connection refused) — continuing
16:06:10 WARNING omega.core.heartbeat_client: heartbeat: http://localhost:8080/api/v1/diagnostics unreachable ([Errno 61] Connection refused) — continuing
16:06:10 WARNING omega.core.heartbeat_client: heartbeat: http://localhost:8080/api/v1/nodes/victoria_v199_crisis/decisions unreachable ([Errno 61] Connection refused) — continuing
16:06:22 WARNING omega.core.heartbeat_client: heartbeat: http://localhost:8080/api/v1/diagnostics unreachable ([Errno 61] Connection refused) — continuing
16:06:22 WARNING omega.core.heartbeat_client: heartbeat: http://localhost:8080/api/v1/nodes/victoria_v199_crisis/decisions unreachable ([Errno 61] Connection refused) — continuing
16:06:34 WARNING omega.core.heartbeat_client: heartbeat: http://localhost:8080/api/v1/diagnostics unreachable ([Errno 61] Connection refused) — continuing
16:06:34 WARNING omega.core.heartbeat_client: heartbeat: http://localhost:8080/api/v1/nodes/victoria_v199_crisis/decisions unreachable ([Errno 61] Connection refused) — continuing
16:06:34 Cycle   5/200 [NORM] OK       | fresh=0.0min | open= 2 closed=  1 | PnL=$-642 wr=0% | improve=0 sem_db=30 | 11.6s/c ETA 2253s | zero_streak=2
16:06:46 WARNING omega.core.heartbeat_client: heartbeat: http://localhost:8080/api/v1/diagnostics unreachable ([Errno 61] Connection refused) — continuing
16:06:46 WARNING omega.core.heartbeat_client: heartbeat: http://localhost:8080/api/v1/nodes/victoria_v199_crisis/decisions unreachable ([Errno 61] Connection refused) — continuing
16:06:57 WARNING omega.core.heartbeat_client: heartbeat: http://localhost:8080/api/v1/diagnostics unreachable ([Errno 61] Connection refused) — continuing
16:06:57 WARNING omega.core.heartbeat_client: heartbeat: http://localhost:8080/api/v1/nodes/victoria_v199_crisis/decisions unreachable ([Errno 61] Connection refused) — continuing
16:07:09 WARNING omega.core.heartbeat_client: heartbeat: http://localhost:8080/api/v1/diagnostics unreachable ([Errno 61] Connection refused) — continuing
16:07:09 WARNING omega.core.heartbeat_client: heartbeat: http://localhost:8080/api/v1/nodes/victoria_v199_crisis/decisions unreachable ([Errno 61] Connection refused) — continuing
16:07:21 WARNING omega.core.heartbeat_client: heartbeat: http://localhost:8080/api/v1/diagnostics unreachable ([Errno 61] Connection refused) — continuing
16:07:21 WARNING omega.core.heartbeat_client: heartbeat: http://localhost:8080/api/v1/nodes/victoria_v199_crisis/decisions unreachable ([Errno 61] Connection refused) — continuing
16:07:32 WARNING omega.core.heartbeat_client: heartbeat: http://localhost:8080/api/v1/diagnostics unreachable ([Errno 61] Connection refused) — continuing

[96m══════════════════════════════════════════════════════[0m
[96m══ TRAINING DIAGNOSTICS (cycle 10) ══════════════════════[0m
[96m══════════════════════════════════════════════════════[0m
  [1mREGIME:       [0m [93mCRISIS[0m (conf: 0.00)
  [1mDATA FRESH:   [0m [92m✅ 0.0min ago[0m
  [1mSIGNALS:      [0m 10/20 active
  [1mSIT-OUT:      [0m [92mNO[0m
  [1mCONVICTION:   [0m BTC: +0.05 ([92mBUY[0m) | ETH: +0.05 ([92mBUY[0m) | SOL: +0.05 ([92mBUY[0m) | BNB: -0.08 ([91mSELL[0m) | XRP: +0.05 ([92mBUY[0m) | ADA: -0.11 ([91mSELL[0m) | DOT: +0.05 ([92mBUY[0m) | AVAX: -0.08 ([91mSELL[0m) | LINK: -0.05 (HOLD) | MATIC: +0.01 (HOLD) | NEAR: +0.05 ([92mBUY[0m)
  [1mTRADES:       [0m open=1 closed=2 | PnL=$-3156.63 | WR=0%
  [1mLONG/SHORT:   [0m longs=1 shorts=2
  [1mBLOCKERS:     [0m [92mNONE[0m
[96m══════════════════════════════════════════════════════[0m

16:07:50 WARNING omega.core.heartbeat_client: heartbeat: http://localhost:8080/api/v1/nodes/victoria_v199_crisis/decisions unreachable ([Errno 61] Connection refused) — continuing
16:07:50 Cycle  10/200 [CRIS] OK       | fresh=0.0min | open= 1 closed=  2 | PnL=$-3157 wr=0% | improve=0 sem_db=30 | 13.4s/c ETA 2547s | zero_streak=4
16:08:02 WARNING omega.core.heartbeat_client: heartbeat: http://localhost:8080/api/v1/diagnostics unreachable ([Errno 61] Connection refused) — continuing
16:08:02 WARNING omega.core.heartbeat_client: heartbeat: http://localhost:8080/api/v1/nodes/victoria_v199_crisis/decisions unreachable ([Errno 61] Connection refused) — continuing
16:08:13 WARNING omega.core.heartbeat_client: heartbeat: http://localhost:8080/api/v1/diagnostics unreachable ([Errno 61] Connection refused) — continuing
16:08:13 WARNING omega.core.heartbeat_client: heartbeat: http://localhost:8080/api/v1/nodes/victoria_v199_crisis/decisions unreachable ([Errno 61] Connection refused) — continuing
16:08:25 WARNING omega.core.heartbeat_client: heartbeat: http://localhost:8080/api/v1/diagnostics unreachable ([Errno 61] Connection refused) — continuing
16:08:25 WARNING omega.core.heartbeat_client: heartbeat: http://localhost:8080/api/v1/nodes/victoria_v199_crisis/decisions unreachable ([Errno 61] Connection refused) — continuing
16:08:37 WARNING omega.core.heartbeat_client: heartbeat: http://localhost:8080/api/v1/diagnostics unreachable ([Errno 61] Connection refused) — continuing
16:08:37 WARNING omega.core.heartbeat_client: heartbeat: http://localhost:8080/api/v1/nodes/victoria_v199_crisis/decisions unreachable ([Errno 61] Connection refused) — continuing
16:08:48 WARNING omega.core.heartbeat_client: heartbeat: http://localhost:8080/api/v1/diagnostics unreachable ([Errno 61] Connection refused) — continuing
16:08:48 WARNING omega.core.heartbeat_client: heartbeat: http://localhost:8080/api/v1/nodes/victoria_v199_crisis/decisions unreachable ([Errno 61] Connection refused) — continuing
16:08:48 Cycle  15/200 [NORM] OK       | fresh=0.0min | open= 0 closed=  3 | PnL=$-1051 wr=33% | improve=1 sem_db=30 | 12.8s/c ETA 2376s | zero_streak=2
16:09:00 WARNING omega.core.heartbeat_client: heartbeat: http://localhost:8080/api/v1/diagnostics unreachable ([Errno 61] Connection refused) — continuing
16:09:00 WARNING omega.core.heartbeat_client: heartbeat: http://localhost:8080/api/v1/nodes/victoria_v199_crisis/decisions unreachable ([Errno 61] Connection refused) — continuing
16:09:12 WARNING omega.core.heartbeat_client: heartbeat: http://localhost:8080/api/v1/diagnostics unreachable ([Errno 61] Connection refused) — continuing
16:09:12 WARNING omega.core.heartbeat_client: heartbeat: http://localhost:8080/api/v1/nodes/victoria_v199_crisis/decisions unreachable ([Errno 61] Connection refused) — continuing
16:09:24 WARNING omega.core.heartbeat_client: heartbeat: http://localhost:8080/api/v1/diagnostics unreachable ([Errno 61] Connection refused) — continuing
16:09:24 WARNING omega.core.heartbeat_client: heartbeat: http://localhost:8080/api/v1/nodes/victoria_v199_crisis/decisions unreachable ([Errno 61] Connection refused) — continuing
16:09:34 WARNING omega.nodes.victoria.vrp_signal: VRP circuit breaker: zscore=-2.68 < -2.0sigma — extreme COMPLACENCY; flagging for manual review (iv=0.37 rv=0.74)
16:09:36 WARNING omega.core.heartbeat_client: heartbeat: http://localhost:8080/api/v1/diagnostics unreachable ([Errno 61] Connection refused) — continuing
16:09:36 WARNING omega.core.heartbeat_client: heartbeat: http://localhost:8080/api/v1/nodes/victoria_v199_crisis/decisions unreachable ([Errno 61] Connection refused) — continuing
16:09:49 WARNING omega.core.heartbeat_client: heartbeat: http://localhost:8080/api/v1/diagnostics unreachable ([Errno 61] Connection refused) — continuing

[96m══════════════════════════════════════════════════════[0m
[96m══ TRAINING DIAGNOSTICS (cycle 20) ══════════════════════[0m
[96m══════════════════════════════════════════════════════[0m
  [1mREGIME:       [0m [93mCRISIS[0m (conf: 0.37)
  [1mDATA FRESH:   [0m [92m✅ 0.0min ago[0m
  [1mSIGNALS:      [0m 11/20 active
  [1mSIT-OUT:      [0m [92mNO[0m
  [1mCONVICTION:   [0m BTC: +0.07 ([92mBUY[0m) | ETH: +0.05 ([92mBUY[0m) | SOL: -0.13 ([91mSELL[0m) | BNB: +0.08 ([92mBUY[0m) | XRP: +0.23 ([92mBUY[0m) | ADA: -0.08 ([91mSELL[0m) | DOT: -0.10 ([91mSELL[0m) | AVAX: +0.12 ([92mBUY[0m) | LINK: -0.10 ([91mSELL[0m) | MATIC: -0.00 (HOLD) | NEAR: -0.15 ([91mSELL[0m)
  [1mTRADES:       [0m open=0 closed=3 | PnL=$-1051.31 | WR=33%
  [1mLONG/SHORT:   [0m longs=1 shorts=2
  [1mBLOCKERS:     [0m [92mNONE[0m
[96m══════════════════════════════════════════════════════[0m

16:10:01 WARNING omega.core.heartbeat_client: heartbeat: http://localhost:8080/api/v1/nodes/victoria_v199_crisis/decisions unreachable ([Errno 61] Connection refused) — continuing
16:10:01 Cycle  20/200 [CRIS] OK       | fresh=0.0min | open= 0 closed=  3 | PnL=$-1051 wr=33% | improve=1 sem_db=30 | 13.2s/c ETA 2384s | zero_streak=7
16:10:12 WARNING omega.core.heartbeat_client: heartbeat: http://localhost:8080/api/v1/diagnostics unreachable ([Errno 61] Connection refused) — continuing
16:10:12 WARNING omega.core.heartbeat_client: heartbeat: http://localhost:8080/api/v1/nodes/victoria_v199_crisis/decisions unreachable ([Errno 61] Connection refused) — continuing
16:10:24 WARNING omega.core.heartbeat_client: heartbeat: http://localhost:8080/api/v1/diagnostics unreachable ([Errno 61] Connection refused) — continuing
16:10:24 WARNING omega.core.heartbeat_client: heartbeat: http://localhost:8080/api/v1/nodes/victoria_v199_crisis/decisions unreachable ([Errno 61] Connection refused) — continuing
16:10:35 WARNING omega.core.heartbeat_client: heartbeat: http://localhost:8080/api/v1/diagnostics unreachable ([Errno 61] Connection refused) — continuing
16:10:35 WARNING omega.core.heartbeat_client: heartbeat: http://localhost:8080/api/v1/nodes/victoria_v199_crisis/decisions unreachable ([Errno 61] Connection refused) — continuing
16:10:49 WARNING omega.core.heartbeat_client: heartbeat: http://localhost:8080/api/v1/diagnostics unreachable ([Errno 61] Connection refused) — continuing
16:10:49 WARNING omega.core.heartbeat_client: heartbeat: http://localhost:8080/api/v1/nodes/victoria_v199_crisis/decisions unreachable ([Errno 61] Connection refused) — continuing
16:11:01 WARNING omega.core.heartbeat_client: heartbeat: http://localhost:8080/api/v1/diagnostics unreachable ([Errno 61] Connection refused) — continuing
16:11:01 WARNING omega.core.heartbeat_client: heartbeat: http://localhost:8080/api/v1/nodes/victoria_v199_crisis/decisions unreachable ([Errno 61] Connection refused) — continuing
16:11:01 Cycle  25/200 [HIGH] OK       | fresh=0.0min | open= 3 closed=  3 | PnL=$-1051 wr=33% | improve=1 sem_db=30 | 13.0s/c ETA 2278s | zero_streak=12
16:11:13 WARNING omega.core.heartbeat_client: heartbeat: http://localhost:8080/api/v1/diagnostics unreachable ([Errno 61] Connection refused) — continuing
16:11:13 WARNING omega.core.heartbeat_client: heartbeat: http://localhost:8080/api/v1/nodes/victoria_v199_crisis/decisions unreachable ([Errno 61] Connection refused) — continuing
16:11:24 WARNING omega.core.heartbeat_client: heartbeat: http://localhost:8080/api/v1/diagnostics unreachable ([Errno 61] Connection refused) — continuing
16:11:24 WARNING omega.core.heartbeat_client: heartbeat: http://localhost:8080/api/v1/nodes/victoria_v199_crisis/decisions unreachable ([Errno 61] Connection refused) — continuing
16:11:36 WARNING omega.core.heartbeat_client: heartbeat: http://localhost:8080/api/v1/diagnostics unreachable ([Errno 61] Connection refused) — continuing
16:11:36 WARNING omega.core.heartbeat_client: heartbeat: http://localhost:8080/api/v1/nodes/victoria_v199_crisis/decisions unreachable ([Errno 61] Connection refused) — continuing
16:11:48 WARNING omega.core.heartbeat_client: heartbeat: http://localhost:8080/api/v1/diagnostics unreachable ([Errno 61] Connection refused) — continuing
16:11:48 WARNING omega.core.heartbeat_client: heartbeat: http://localhost:8080/api/v1/nodes/victoria_v199_crisis/decisions unreachable ([Errno 61] Connection refused) — continuing
16:11:58 WARNING omega.nodes.victoria.vrp_signal: VRP circuit breaker: zscore=-2.10 < -2.0sigma — extreme COMPLACENCY; flagging for manual review (iv=0.37 rv=0.76)
/opt/homebrew/lib/python3.14/site-packages/numpy/lib/_function_base_impl.py:3023: RuntimeWarning: invalid value encountered in divide
  c /= stddev[:, None]
/opt/homebrew/lib/python3.14/site-packages/numpy/lib/_function_base_impl.py:3024: RuntimeWarning: invalid value encountered in divide
  c /= stddev[None, :]
16:12:00 WARNING omega.core.heartbeat_client: heartbeat: http://localhost:8080/api/v1/diagnostics unreachable ([Errno 61] Connection refused) — continuing

[96m══════════════════════════════════════════════════════[0m
[96m══ TRAINING DIAGNOSTICS (cycle 30) ══════════════════════[0m
[96m══════════════════════════════════════════════════════[0m
  [1mREGIME:       [0m [93mCRISIS[0m (conf: 0.37)
  [1mDATA FRESH:   [0m [92m✅ 0.0min ago[0m
  [1mSIGNALS:      [0m 11/20 active
  [1mSIT-OUT:      [0m [92mNO[0m
  [1mCONVICTION:   [0m BTC: +0.08 ([92mBUY[0m) | ETH: +0.06 ([92mBUY[0m) | SOL: +0.08 ([92mBUY[0m) | BNB: +0.01 (HOLD) | XRP: +0.03 (HOLD) | ADA: -0.13 ([91mSELL[0m) | DOT: +0.05 ([92mBUY[0m) | AVAX: +0.08 ([92mBUY[0m) | LINK: -0.07 ([91mSELL[0m) | MATIC: -0.06 ([91mSELL[0m) | NEAR: -0.13 ([91mSELL[0m)
  [1mTRADES:       [0m open=1 closed=8 | PnL=$-4056.40 | WR=12%
  [1mLONG/SHORT:   [0m longs=2 shorts=7
  [1mBLOCKERS:     [0m [92mNONE[0m
[96m══════════════════════════════════════════════════════[0m

16:12:11 WARNING omega.core.heartbeat_client: heartbeat: http://localhost:8080/api/v1/nodes/victoria_v199_crisis/decisions unreachable ([Errno 61] Connection refused) — continuing
16:12:11 Cycle  30/200 [CRIS] OK       | fresh=0.0min | open= 1 closed=  8 | PnL=$-4056 wr=12% | improve=1 sem_db=30 | 13.2s/c ETA 2239s | zero_streak=0
/opt/homebrew/lib/python3.14/site-packages/numpy/lib/_function_base_impl.py:3023: RuntimeWarning: invalid value encountered in divide
  c /= stddev[:, None]
/opt/homebrew/lib/python3.14/site-packages/numpy/lib/_function_base_impl.py:3024: RuntimeWarning: invalid value encountered in divide
  c /= stddev[None, :]
16:12:23 WARNING omega.core.heartbeat_client: heartbeat: http://localhost:8080/api/v1/diagnostics unreachable ([Errno 61] Connection refused) — continuing
16:12:23 WARNING omega.core.heartbeat_client: heartbeat: http://localhost:8080/api/v1/nodes/victoria_v199_crisis/decisions unreachable ([Errno 61] Connection refused) — continuing
16:12:34 WARNING omega.core.heartbeat_client: heartbeat: http://localhost:8080/api/v1/diagnostics unreachable ([Errno 61] Connection refused) — continuing
16:12:34 WARNING omega.core.heartbeat_client: heartbeat: http://localhost:8080/api/v1/nodes/victoria_v199_crisis/decisions unreachable ([Errno 61] Connection refused) — continuing
16:12:46 WARNING omega.core.heartbeat_client: heartbeat: http://localhost:8080/api/v1/diagnostics unreachable ([Errno 61] Connection refused) — continuing
16:12:46 WARNING omega.core.heartbeat_client: heartbeat: http://localhost:8080/api/v1/nodes/victoria_v199_crisis/decisions unreachable ([Errno 61] Connection refused) — continuing
16:12:57 WARNING omega.core.heartbeat_client: heartbeat: http://localhost:8080/api/v1/diagnostics unreachable ([Errno 61] Connection refused) — continuing
16:12:57 WARNING omega.core.heartbeat_client: heartbeat: http://localhost:8080/api/v1/nodes/victoria_v199_crisis/decisions unreachable ([Errno 61] Connection refused) — continuing
16:13:09 WARNING omega.core.heartbeat_client: heartbeat: http://localhost:8080/api/v1/diagnostics unreachable ([Errno 61] Connection refused) — continuing
16:13:09 WARNING omega.core.heartbeat_client: heartbeat: http://localhost:8080/api/v1/nodes/victoria_v199_crisis/decisions unreachable ([Errno 61] Connection refused) — continuing
16:13:09 Cycle  35/200 [CRIS] OK       | fresh=0.0min | open= 2 closed= 10 | PnL=$-4795 wr=20% | improve=1 sem_db=30 | 12.9s/c ETA 2135s | zero_streak=1
16:13:20 WARNING omega.core.heartbeat_client: heartbeat: http://localhost:8080/api/v1/diagnostics unreachable ([Errno 61] Connection refused) — continuing
16:13:20 WARNING omega.core.heartbeat_client: heartbeat: http://localhost:8080/api/v1/nodes/victoria_v199_crisis/decisions unreachable ([Errno 61] Connection refused) — continuing
16:13:31 WARNING omega.core.heartbeat_client: heartbeat: http://localhost:8080/api/v1/diagnostics unreachable ([Errno 61] Connection refused) — continuing
16:13:31 WARNING omega.core.heartbeat_client: heartbeat: http://localhost:8080/api/v1/nodes/victoria_v199_crisis/decisions unreachable ([Errno 61] Connection refused) — continuing
16:13:43 WARNING omega.core.heartbeat_client: heartbeat: http://localhost:8080/api/v1/diagnostics unreachable ([Errno 61] Connection refused) — continuing
16:13:43 WARNING omega.core.heartbeat_client: heartbeat: http://localhost:8080/api/v1/nodes/victoria_v199_crisis/decisions unreachable ([Errno 61] Connection refused) — continuing
16:13:54 WARNING omega.core.heartbeat_client: heartbeat: http://localhost:8080/api/v1/diagnostics unreachable ([Errno 61] Connection refused) — continuing
16:13:54 WARNING omega.core.heartbeat_client: heartbeat: http://localhost:8080/api/v1/nodes/victoria_v199_crisis/decisions unreachable ([Errno 61] Connection refused) — continuing
16:14:05 WARNING omega.core.heartbeat_client: heartbeat: http://localhost:8080/api/v1/diagnostics unreachable ([Errno 61] Connection refused) — continuing

[96m══════════════════════════════════════════════════════[0m
[96m══ TRAINING DIAGNOSTICS (cycle 40) ══════════════════════[0m
[96m══════════════════════════════════════════════════════[0m
  [1mREGIME:       [0m [93mCRISIS[0m (conf: 0.37)
  [1mDATA FRESH:   [0m [92m✅ 0.0min ago[0m
  [1mSIGNALS:      [0m 11/20 active
  [1mSIT-OUT:      [0m [92mNO[0m
  [1mCONVICTION:   [0m BTC: +0.06 ([92mBUY[0m) | ETH: -0.04 (HOLD) | SOL: -0.11 ([91mSELL[0m) | BNB: +0.08 ([92mBUY[0m) | XRP: +0.05 (HOLD) | ADA: -0.15 ([91mSELL[0m) | DOT: +0.04 (HOLD) | AVAX: -0.07 ([91mSELL[0m) | LINK: -0.11 ([91mSELL[0m) | MATIC: -0.04 (HOLD) | NEAR: +0.28 ([92mBUY[0m)
  [1mTRADES:       [0m open=0 closed=12 | PnL=$-4845.54 | WR=25%
  [1mLONG/SHORT:   [0m longs=4 shorts=8
  [1mBLOCKERS:     [0m [92mNONE[0m
[96m══════════════════════════════════════════════════════[0m

16:14:18 WARNING omega.core.heartbeat_client: heartbeat: http://localhost:8080/api/v1/nodes/victoria_v199_crisis/decisions unreachable ([Errno 61] Connection refused) — continuing
16:14:18 Cycle  40/200 [CRIS] OK       | fresh=0.0min | open= 0 closed= 12 | PnL=$-4846 wr=25% | improve=1 sem_db=30 | 13.1s/c ETA 2090s | zero_streak=1
/opt/homebrew/lib/python3.14/site-packages/numpy/lib/_function_base_impl.py:3023: RuntimeWarning: invalid value encountered in divide
  c /= stddev[:, None]
/opt/homebrew/lib/python3.14/site-packages/numpy/lib/_function_base_impl.py:3024: RuntimeWarning: invalid value encountered in divide
  c /= stddev[None, :]
16:14:30 WARNING omega.core.heartbeat_client: heartbeat: http://localhost:8080/api/v1/diagnostics unreachable ([Errno 61] Connection refused) — continuing
16:14:30 WARNING omega.core.heartbeat_client: heartbeat: http://localhost:8080/api/v1/nodes/victoria_v199_crisis/decisions unreachable ([Errno 61] Connection refused) — continuing
16:14:42 WARNING omega.core.heartbeat_client: heartbeat: http://localhost:8080/api/v1/diagnostics unreachable ([Errno 61] Connection refused) — continuing
16:14:42 WARNING omega.core.heartbeat_client: heartbeat: http://localhost:8080/api/v1/nodes/victoria_v199_crisis/decisions unreachable ([Errno 61] Connection refused) — continuing
16:14:53 WARNING omega.core.heartbeat_client: heartbeat: http://localhost:8080/api/v1/diagnostics unreachable ([Errno 61] Connection refused) — continuing
16:14:53 WARNING omega.core.heartbeat_client: heartbeat: http://localhost:8080/api/v1/nodes/victoria_v199_crisis/decisions unreachable ([Errno 61] Connection refused) — continuing
16:15:05 WARNING omega.core.heartbeat_client: heartbeat: http://localhost:8080/api/v1/diagnostics unreachable ([Errno 61] Connection refused) — continuing
16:15:05 WARNING omega.core.heartbeat_client: heartbeat: http://localhost:8080/api/v1/nodes/victoria_v199_crisis/decisions unreachable ([Errno 61] Connection refused) — continuing
16:15:17 WARNING omega.core.heartbeat_client: heartbeat: http://localhost:8080/api/v1/diagnostics unreachable ([Errno 61] Connection refused) — continuing
16:15:17 WARNING omega.core.heartbeat_client: heartbeat: http://localhost:8080/api/v1/nodes/victoria_v199_crisis/decisions unreachable ([Errno 61] Connection refused) — continuing
16:15:17 Cycle  45/200 [CRIS] OK       | fresh=0.0min | open= 2 closed= 13 | PnL=$-5671 wr=23% | improve=1 sem_db=30 | 12.9s/c ETA 2001s | zero_streak=2
16:15:29 WARNING omega.core.heartbeat_client: heartbeat: http://localhost:8080/api/v1/diagnostics unreachable ([Errno 61] Connection refused) — continuing
16:15:29 WARNING omega.core.heartbeat_client: heartbeat: http://localhost:8080/api/v1/nodes/victoria_v199_crisis/decisions unreachable ([Errno 61] Connection refused) — continuing
16:15:41 WARNING omega.core.heartbeat_client: heartbeat: http://localhost:8080/api/v1/diagnostics unreachable ([Errno 61] Connection refused) — continuing
16:15:41 WARNING omega.core.heartbeat_client: heartbeat: http://localhost:8080/api/v1/nodes/victoria_v199_crisis/decisions unreachable ([Errno 61] Connection refused) — continuing
16:15:55 WARNING omega.core.heartbeat_client: heartbeat: http://localhost:8080/api/v1/diagnostics unreachable ([Errno 61] Connection refused) — continuing
16:15:55 WARNING omega.core.heartbeat_client: heartbeat: http://localhost:8080/api/v1/nodes/victoria_v199_crisis/decisions unreachable ([Errno 61] Connection refused) — continuing
16:16:07 WARNING omega.core.heartbeat_client: heartbeat: http://localhost:8080/api/v1/diagnostics unreachable ([Errno 61] Connection refused) — continuing
16:16:07 WARNING omega.core.heartbeat_client: heartbeat: http://localhost:8080/api/v1/nodes/victoria_v199_crisis/decisions unreachable ([Errno 61] Connection refused) — continuing
16:16:19 WARNING omega.core.heartbeat_client: heartbeat: http://localhost:8080/api/v1/diagnostics unreachable ([Errno 61] Connection refused) — continuing

[96m══════════════════════════════════════════════════════[0m
[96m══ TRAINING DIAGNOSTICS (cycle 50) ══════════════════════[0m
[96m══════════════════════════════════════════════════════[0m
  [1mREGIME:       [0m [93mNORMAL[0m (conf: 0.37)
  [1mDATA FRESH:   [0m [92m✅ 0.0min ago[0m
  [1mSIGNALS:      [0m 12/20 active
  [1mSIT-OUT:      [0m [92mNO[0m
  [1mCONVICTION:   [0m BTC: -0.04 (HOLD) | ETH: +0.06 ([92mBUY[0m) | SOL: -0.05 ([91mSELL[0m) | BNB: -0.06 ([91mSELL[0m) | XRP: +0.02 (HOLD) | ADA: -0.06 ([91mSELL[0m) | DOT: +0.07 ([92mBUY[0m) | AVAX: +0.13 ([92mBUY[0m) | LINK: +0.05 ([92mBUY[0m) | MATIC: -0.10 ([91mSELL[0m) | NEAR: -0.02 (HOLD)
  [1mTRADES:       [0m open=0 closed=17 | PnL=$-6173.19 | WR=24%
  [1mLONG/SHORT:   [0m longs=7 shorts=10
  [1mBLOCKERS:     [0m [92mNONE[0m
[96m══════════════════════════════════════════════════════[0m

16:16:32 WARNING omega.core.heartbeat_client: heartbeat: http://localhost:8080/api/v1/nodes/victoria_v199_crisis/decisions unreachable ([Errno 61] Connection refused) — continuing
16:16:32 Cycle  50/200 [NORM] OK       | fresh=0.0min | open= 0 closed= 17 | PnL=$-6173 wr=24% | improve=1 sem_db=30 | 13.1s/c ETA 1967s | zero_streak=0
/opt/homebrew/lib/python3.14/site-packages/numpy/lib/_function_base_impl.py:3023: RuntimeWarning: invalid value encountered in divide
  c /= stddev[:, None]
/opt/homebrew/lib/python3.14/site-packages/numpy/lib/_function_base_impl.py:3024: RuntimeWarning: invalid value encountered in divide
  c /= stddev[None, :]
16:16:57 WARNING omega.core.heartbeat_client: heartbeat: http://localhost:8080/api/v1/diagnostics unreachable ([Errno 61] Connection refused) — continuing
16:16:57 WARNING omega.core.heartbeat_client: heartbeat: http://localhost:8080/api/v1/nodes/victoria_v199_crisis/decisions unreachable ([Errno 61] Connection refused) — continuing
/opt/homebrew/lib/python3.14/site-packages/numpy/lib/_function_base_impl.py:3023: RuntimeWarning: invalid value encountered in divide
  c /= stddev[:, None]
/opt/homebrew/lib/python3.14/site-packages/numpy/lib/_function_base_impl.py:3024: RuntimeWarning: invalid value encountered in divide
  c /= stddev[None, :]
16:17:09 WARNING omega.core.heartbeat_client: heartbeat: http://localhost:8080/api/v1/diagnostics unreachable ([Errno 61] Connection refused) — continuing
16:17:09 WARNING omega.core.heartbeat_client: heartbeat: http://localhost:8080/api/v1/nodes/victoria_v199_crisis/decisions unreachable ([Errno 61] Connection refused) — continuing
16:17:21 WARNING omega.core.heartbeat_client: heartbeat: http://localhost:8080/api/v1/diagnostics unreachable ([Errno 61] Connection refused) — continuing
16:17:21 WARNING omega.core.heartbeat_client: heartbeat: http://localhost:8080/api/v1/nodes/victoria_v199_crisis/decisions unreachable ([Errno 61] Connection refused) — continuing
16:17:32 WARNING omega.core.heartbeat_client: heartbeat: http://localhost:8080/api/v1/diagnostics unreachable ([Errno 61] Connection refused) — continuing
16:17:32 WARNING omega.core.heartbeat_client: heartbeat: http://localhost:8080/api/v1/nodes/victoria_v199_crisis/decisions unreachable ([Errno 61] Connection refused) — continuing
16:17:44 WARNING omega.core.heartbeat_client: heartbeat: http://localhost:8080/api/v1/diagnostics unreachable ([Errno 61] Connection refused) — continuing
16:17:44 WARNING omega.core.heartbeat_client: heartbeat: http://localhost:8080/api/v1/nodes/victoria_v199_crisis/decisions unreachable ([Errno 61] Connection refused) — continuing
16:17:44 Cycle  55/200 [NORM] OK       | fresh=0.0min | open= 2 closed= 18 | PnL=$-7123 wr=22% | improve=1 sem_db=30 | 13.2s/c ETA 1921s | zero_streak=2
16:17:56 WARNING omega.core.heartbeat_client: heartbeat: http://localhost:8080/api/v1/diagnostics unreachable ([Errno 61] Connection refused) — continuing
16:17:56 WARNING omega.core.heartbeat_client: heartbeat: http://localhost:8080/api/v1/nodes/victoria_v199_crisis/decisions unreachable ([Errno 61] Connection refused) — continuing
16:18:07 WARNING omega.core.heartbeat_client: heartbeat: http://localhost:8080/api/v1/diagnostics unreachable ([Errno 61] Connection refused) — continuing
16:18:07 WARNING omega.core.heartbeat_client: heartbeat: http://localhost:8080/api/v1/nodes/victoria_v199_crisis/decisions unreachable ([Errno 61] Connection refused) — continuing
16:18:19 WARNING omega.core.heartbeat_client: heartbeat: http://localhost:8080/api/v1/diagnostics unreachable ([Errno 61] Connection refused) — continuing
16:18:19 WARNING omega.core.heartbeat_client: heartbeat: http://localhost:8080/api/v1/nodes/victoria_v199_crisis/decisions unreachable ([Errno 61] Connection refused) — continuing
16:18:31 WARNING omega.core.heartbeat_client: heartbeat: http://localhost:8080/api/v1/diagnostics unreachable ([Errno 61] Connection refused) — continuing
16:18:31 WARNING omega.core.heartbeat_client: heartbeat: http://localhost:8080/api/v1/nodes/victoria_v199_crisis/decisions unreachable ([Errno 61] Connection refused) — continuing
16:18:43 WARNING omega.core.heartbeat_client: heartbeat: http://localhost:8080/api/v1/diagnostics unreachable ([Errno 61] Connection refused) — continuing

[96m══════════════════════════════════════════════════════[0m
[96m══ TRAINING DIAGNOSTICS (cycle 60) ══════════════════════[0m
[96m══════════════════════════════════════════════════════[0m
  [1mREGIME:       [0m [93mHIGH_VOL[0m (conf: 0.37)
  [1mDATA FRESH:   [0m [92m✅ 0.0min ago[0m
  [1mSIGNALS:      [0m 12/20 active
  [1mSIT-OUT:      [0m [92mNO[0m
  [1mCONVICTION:   [0m BTC: +0.02 (HOLD) | ETH: +0.03 (HOLD) | SOL: +0.03 (HOLD) | BNB: -0.05 ([91mSELL[0m) | XRP: -0.16 ([91mSELL[0m) | ADA: +0.03 (HOLD) | DOT: +0.03 (HOLD) | AVAX: +0.03 (HOLD) | LINK: +0.03 (HOLD) | MATIC: +0.01 (HOLD) | NEAR: +0.03 (HOLD)
  [1mTRADES:       [0m open=2 closed=18 | PnL=$-7122.65 | WR=22%
  [1mLONG/SHORT:   [0m longs=9 shorts=11
  [1mBLOCKERS:     [0m [92mNONE[0m
[96m══════════════════════════════════════════════════════[0m

16:18:43 WARNING omega.core.heartbeat_client: heartbeat: http://localhost:8080/api/v1/nodes/victoria_v199_crisis/decisions unreachable ([Errno 61] Connection refused) — continuing
16:18:43 Cycle  60/200 [HIGH] OK       | fresh=0.0min | open= 2 closed= 18 | PnL=$-7123 wr=22% | improve=1 sem_db=30 | 13.1s/c ETA 1836s | zero_streak=7
16:18:54 WARNING omega.core.heartbeat_client: heartbeat: http://localhost:8080/api/v1/diagnostics unreachable ([Errno 61] Connection refused) — continuing
16:18:54 WARNING omega.core.heartbeat_client: heartbeat: http://localhost:8080/api/v1/nodes/victoria_v199_crisis/decisions unreachable ([Errno 61] Connection refused) — continuing
16:19:06 WARNING omega.core.heartbeat_client: heartbeat: http://localhost:8080/api/v1/diagnostics unreachable ([Errno 61] Connection refused) — continuing
16:19:06 WARNING omega.core.heartbeat_client: heartbeat: http://localhost:8080/api/v1/nodes/victoria_v199_crisis/decisions unreachable ([Errno 61] Connection refused) — continuing
16:19:17 WARNING omega.core.heartbeat_client: heartbeat: http://localhost:8080/api/v1/diagnostics unreachable ([Errno 61] Connection refused) — continuing
16:19:17 WARNING omega.core.heartbeat_client: heartbeat: http://localhost:8080/api/v1/nodes/victoria_v199_crisis/decisions unreachable ([Errno 61] Connection refused) — continuing
16:19:28 WARNING omega.core.heartbeat_client: heartbeat: http://localhost:8080/api/v1/diagnostics unreachable ([Errno 61] Connection refused) — continuing
16:19:28 WARNING omega.core.heartbeat_client: heartbeat: http://localhost:8080/api/v1/nodes/victoria_v199_crisis/decisions unreachable ([Errno 61] Connection refused) — continuing
16:19:39 WARNING omega.core.heartbeat_client: heartbeat: http://localhost:8080/api/v1/diagnostics unreachable ([Errno 61] Connection refused) — continuing
16:19:39 WARNING omega.core.heartbeat_client: heartbeat: http://localhost:8080/api/v1/nodes/victoria_v199_crisis/decisions unreachable ([Errno 61] Connection refused) — continuing
16:19:39 Cycle  65/200 [HIGH] OK       | fresh=0.0min | open= 0 closed= 20 | PnL=$-4022 wr=30% | improve=1 sem_db=30 | 13.0s/c ETA 1752s | zero_streak=3
16:19:51 WARNING omega.core.heartbeat_client: heartbeat: http://localhost:8080/api/v1/diagnostics unreachable ([Errno 61] Connection refused) — continuing
16:19:51 WARNING omega.core.heartbeat_client: heartbeat: http://localhost:8080/api/v1/nodes/victoria_v199_crisis/decisions unreachable ([Errno 61] Connection refused) — continuing
16:20:02 WARNING omega.core.heartbeat_client: heartbeat: http://localhost:8080/api/v1/diagnostics unreachable ([Errno 61] Connection refused) — continuing
16:20:02 WARNING omega.core.heartbeat_client: heartbeat: http://localhost:8080/api/v1/nodes/victoria_v199_crisis/decisions unreachable ([Errno 61] Connection refused) — continuing
16:20:14 WARNING omega.core.heartbeat_client: heartbeat: http://localhost:8080/api/v1/diagnostics unreachable ([Errno 61] Connection refused) — continuing
16:20:14 WARNING omega.core.heartbeat_client: heartbeat: http://localhost:8080/api/v1/nodes/victoria_v199_crisis/decisions unreachable ([Errno 61] Connection refused) — continuing
16:20:25 WARNING omega.core.heartbeat_client: heartbeat: http://localhost:8080/api/v1/diagnostics unreachable ([Errno 61] Connection refused) — continuing
16:20:25 WARNING omega.core.heartbeat_client: heartbeat: http://localhost:8080/api/v1/nodes/victoria_v199_crisis/decisions unreachable ([Errno 61] Connection refused) — continuing
16:20:36 WARNING omega.core.heartbeat_client: heartbeat: http://localhost:8080/api/v1/diagnostics unreachable ([Errno 61] Connection refused) — continuing

[96m══════════════════════════════════════════════════════[0m
[96m══ TRAINING DIAGNOSTICS (cycle 70) ══════════════════════[0m
[96m══════════════════════════════════════════════════════[0m
  [1mREGIME:       [0m [93mHIGH_VOL[0m (conf: 0.37)
  [1mDATA FRESH:   [0m [92m✅ 0.0min ago[0m
  [1mSIGNALS:      [0m 13/20 active
  [1mSIT-OUT:      [0m [92mNO[0m
  [1mCONVICTION:   [0m BTC: -0.04 (HOLD) | ETH: +0.05 (HOLD) | SOL: +0.15 ([92mBUY[0m) | BNB: +0.08 ([92mBUY[0m) | XRP: -0.14 ([91mSELL[0m) | ADA: -0.07 ([91mSELL[0m) | DOT: -0.10 ([91mSELL[0m) | AVAX: -0.09 ([91mSELL[0m) | LINK: -0.08 ([91mSELL[0m) | MATIC: -0.15 ([91mSELL[0m) | NEAR: +0.39 ([92mBUY[0m)
  [1mTRADES:       [0m open=1 closed=20 | PnL=$-4021.63 | WR=30%
  [1mLONG/SHORT:   [0m longs=9 shorts=12
  [1mBLOCKERS:     [0m [92mNONE[0m
[96m══════════════════════════════════════════════════════[0m

16:20:36 WARNING omega.core.heartbeat_client: heartbeat: http://localhost:8080/api/v1/nodes/victoria_v199_crisis/decisions unreachable ([Errno 61] Connection refused) — continuing
16:20:36 Cycle  70/200 [HIGH] OK       | fresh=0.0min | open= 1 closed= 20 | PnL=$-4022 wr=30% | improve=1 sem_db=30 | 12.9s/c ETA 1672s | zero_streak=8
16:20:52 WARNING omega.core.heartbeat_client: heartbeat: http://localhost:8080/api/v1/diagnostics unreachable ([Errno 61] Connection refused) — continuing
16:20:52 WARNING omega.core.heartbeat_client: heartbeat: http://localhost:8080/api/v1/nodes/victoria_v199_crisis/decisions unreachable ([Errno 61] Connection refused) — continuing
16:21:04 WARNING omega.core.heartbeat_client: heartbeat: http://localhost:8080/api/v1/diagnostics unreachable ([Errno 61] Connection refused) — continuing
16:21:04 WARNING omega.core.heartbeat_client: heartbeat: http://localhost:8080/api/v1/nodes/victoria_v199_crisis/decisions unreachable ([Errno 61] Connection refused) — continuing
16:21:16 WARNING omega.core.heartbeat_client: heartbeat: http://localhost:8080/api/v1/diagnostics unreachable ([Errno 61] Connection refused) — continuing
16:21:16 WARNING omega.core.heartbeat_client: heartbeat: http://localhost:8080/api/v1/nodes/victoria_v199_crisis/decisions unreachable ([Errno 61] Connection refused) — continuing
16:21:27 WARNING omega.core.heartbeat_client: heartbeat: http://localhost:8080/api/v1/diagnostics unreachable ([Errno 61] Connection refused) — continuing
16:21:27 WARNING omega.core.heartbeat_client: heartbeat: http://localhost:8080/api/v1/nodes/victoria_v199_crisis/decisions unreachable ([Errno 61] Connection refused) — continuing
16:21:39 WARNING omega.core.heartbeat_client: heartbeat: http://localhost:8080/api/v1/diagnostics unreachable ([Errno 61] Connection refused) — continuing
16:21:39 WARNING omega.core.heartbeat_client: heartbeat: http://localhost:8080/api/v1/nodes/victoria_v199_crisis/decisions unreachable ([Errno 61] Connection refused) — continuing
16:21:39 Cycle  75/200 [NORM] OK       | fresh=0.0min | open= 2 closed= 20 | PnL=$-4022 wr=30% | improve=1 sem_db=30 | 12.8s/c ETA 1606s | zero_streak=13
16:21:51 WARNING omega.core.heartbeat_client: heartbeat: http://localhost:8080/api/v1/diagnostics unreachable ([Errno 61] Connection refused) — continuing
16:21:51 WARNING omega.core.heartbeat_client: heartbeat: http://localhost:8080/api/v1/nodes/victoria_v199_crisis/decisions unreachable ([Errno 61] Connection refused) — continuing
16:22:03 WARNING omega.core.heartbeat_client: heartbeat: http://localhost:8080/api/v1/diagnostics unreachable ([Errno 61] Connection refused) — continuing
16:22:03 WARNING omega.core.heartbeat_client: heartbeat: http://localhost:8080/api/v1/nodes/victoria_v199_crisis/decisions unreachable ([Errno 61] Connection refused) — continuing
16:22:15 WARNING omega.core.heartbeat_client: heartbeat: http://localhost:8080/api/v1/diagnostics unreachable ([Errno 61] Connection refused) — continuing
16:22:15 WARNING omega.core.heartbeat_client: heartbeat: http://localhost:8080/api/v1/nodes/victoria_v199_crisis/decisions unreachable ([Errno 61] Connection refused) — continuing
16:22:26 WARNING omega.core.heartbeat_client: heartbeat: http://localhost:8080/api/v1/diagnostics unreachable ([Errno 61] Connection refused) — continuing
16:22:26 WARNING omega.core.heartbeat_client: heartbeat: http://localhost:8080/api/v1/nodes/victoria_v199_crisis/decisions unreachable ([Errno 61] Connection refused) — continuing
16:22:38 WARNING omega.core.heartbeat_client: heartbeat: http://localhost:8080/api/v1/diagnostics unreachable ([Errno 61] Connection refused) — continuing

[96m══════════════════════════════════════════════════════[0m
[96m══ TRAINING DIAGNOSTICS (cycle 80) ══════════════════════[0m
[96m══════════════════════════════════════════════════════[0m
  [1mREGIME:       [0m [93mNORMAL[0m (conf: 0.38)
  [1mDATA FRESH:   [0m [92m✅ 0.0min ago[0m
  [1mSIGNALS:      [0m 12/20 active
  [1mSIT-OUT:      [0m [92mNO[0m
  [1mCONVICTION:   [0m BTC: +0.02 (HOLD) | ETH: +0.02 (HOLD) | SOL: -0.13 ([91mSELL[0m) | BNB: +0.11 ([92mBUY[0m) | XRP: +0.17 ([92mBUY[0m) | ADA: -0.13 ([91mSELL[0m) | DOT: -0.06 ([91mSELL[0m) | AVAX: -0.09 ([91mSELL[0m) | LINK: -0.10 ([91mSELL[0m) | MATIC: -0.02 (HOLD) | NEAR: +0.20 ([92mBUY[0m)
  [1mTRADES:       [0m open=1 closed=22 | PnL=$-2286.67 | WR=32%
  [1mLONG/SHORT:   [0m longs=11 shorts=12
  [1mBLOCKERS:     [0m [92mNONE[0m
[96m══════════════════════════════════════════════════════[0m

16:22:38 WARNING omega.core.heartbeat_client: heartbeat: http://localhost:8080/api/v1/nodes/victoria_v199_crisis/decisions unreachable ([Errno 61] Connection refused) — continuing
16:22:38 Cycle  80/200 [NORM] OK       | fresh=0.0min | open= 1 closed= 22 | PnL=$-2287 wr=32% | improve=1 sem_db=30 | 12.8s/c ETA 1533s | zero_streak=0
16:22:50 WARNING omega.core.heartbeat_client: heartbeat: http://localhost:8080/api/v1/diagnostics unreachable ([Errno 61] Connection refused) — continuing
16:22:50 WARNING omega.core.heartbeat_client: heartbeat: http://localhost:8080/api/v1/nodes/victoria_v199_crisis/decisions unreachable ([Errno 61] Connection refused) — continuing
16:23:02 WARNING omega.core.heartbeat_client: heartbeat: http://localhost:8080/api/v1/diagnostics unreachable ([Errno 61] Connection refused) — continuing
16:23:02 WARNING omega.core.heartbeat_client: heartbeat: http://localhost:8080/api/v1/nodes/victoria_v199_crisis/decisions unreachable ([Errno 61] Connection refused) — continuing
16:23:14 WARNING omega.core.heartbeat_client: heartbeat: http://localhost:8080/api/v1/diagnostics unreachable ([Errno 61] Connection refused) — continuing
16:23:14 WARNING omega.core.heartbeat_client: heartbeat: http://localhost:8080/api/v1/nodes/victoria_v199_crisis/decisions unreachable ([Errno 61] Connection refused) — continuing
16:23:25 WARNING omega.core.heartbeat_client: heartbeat: http://localhost:8080/api/v1/diagnostics unreachable ([Errno 61] Connection refused) — continuing
16:23:25 WARNING omega.core.heartbeat_client: heartbeat: http://localhost:8080/api/v1/nodes/victoria_v199_crisis/decisions unreachable ([Errno 61] Connection refused) — continuing
16:23:37 WARNING omega.core.heartbeat_client: heartbeat: http://localhost:8080/api/v1/diagnostics unreachable ([Errno 61] Connection refused) — continuing
16:23:37 WARNING omega.core.heartbeat_client: heartbeat: http://localhost:8080/api/v1/nodes/victoria_v199_crisis/decisions unreachable ([Errno 61] Connection refused) — continuing
16:23:37 Cycle  85/200 [NORM] OK       | fresh=0.0min | open= 1 closed= 25 | PnL=$-2820 wr=32% | improve=1 sem_db=30 | 12.7s/c ETA 1462s | zero_streak=0
16:23:48 WARNING omega.core.heartbeat_client: heartbeat: http://localhost:8080/api/v1/diagnostics unreachable ([Errno 61] Connection refused) — continuing
16:23:48 WARNING omega.core.heartbeat_client: heartbeat: http://localhost:8080/api/v1/nodes/victoria_v199_crisis/decisions unreachable ([Errno 61] Connection refused) — continuing
16:24:00 WARNING omega.core.heartbeat_client: heartbeat: http://localhost:8080/api/v1/diagnostics unreachable ([Errno 61] Connection refused) — continuing
16:24:00 WARNING omega.core.heartbeat_client: heartbeat: http://localhost:8080/api/v1/nodes/victoria_v199_crisis/decisions unreachable ([Errno 61] Connection refused) — continuing
16:24:12 WARNING omega.core.heartbeat_client: heartbeat: http://localhost:8080/api/v1/diagnostics unreachable ([Errno 61] Connection refused) — continuing
16:24:12 WARNING omega.core.heartbeat_client: heartbeat: http://localhost:8080/api/v1/nodes/victoria_v199_crisis/decisions unreachable ([Errno 61] Connection refused) — continuing
16:24:23 WARNING omega.core.heartbeat_client: heartbeat: http://localhost:8080/api/v1/diagnostics unreachable ([Errno 61] Connection refused) — continuing
16:24:23 WARNING omega.core.heartbeat_client: heartbeat: http://localhost:8080/api/v1/nodes/victoria_v199_crisis/decisions unreachable ([Errno 61] Connection refused) — continuing
16:24:35 WARNING omega.core.heartbeat_client: heartbeat: http://localhost:8080/api/v1/diagnostics unreachable ([Errno 61] Connection refused) — continuing

[96m══════════════════════════════════════════════════════[0m
[96m══ TRAINING DIAGNOSTICS (cycle 90) ══════════════════════[0m
[96m══════════════════════════════════════════════════════[0m
  [1mREGIME:       [0m [93mNORMAL[0m (conf: 0.38)
  [1mDATA FRESH:   [0m [92m✅ 0.0min ago[0m
  [1mSIGNALS:      [0m 12/20 active
  [1mSIT-OUT:      [0m [92mNO[0m
  [1mCONVICTION:   [0m BTC: +0.11 ([92mBUY[0m) | ETH: +0.07 ([92mBUY[0m) | SOL: +0.06 ([92mBUY[0m) | BNB: +0.09 ([92mBUY[0m) | XRP: -0.06 ([91mSELL[0m) | ADA: -0.06 ([91mSELL[0m) | DOT: +0.01 (HOLD) | AVAX: -0.06 ([91mSELL[0m) | LINK: -0.05 (HOLD) | MATIC: -0.06 ([91mSELL[0m) | NEAR: -0.06 ([91mSELL[0m)
  [1mTRADES:       [0m open=2 closed=26 | PnL=$-2787.47 | WR=35%
  [1mLONG/SHORT:   [0m longs=14 shorts=14
  [1mBLOCKERS:     [0m [92mNONE[0m
[96m══════════════════════════════════════════════════════[0m

16:24:35 WARNING omega.core.heartbeat_client: heartbeat: http://localhost:8080/api/v1/nodes/victoria_v199_crisis/decisions unreachable ([Errno 61] Connection refused) — continuing
16:24:35 Cycle  90/200 [NORM] OK       | fresh=0.0min | open= 2 closed= 26 | PnL=$-2787 wr=35% | improve=1 sem_db=30 | 12.7s/c ETA 1393s | zero_streak=0
16:24:46 WARNING omega.core.heartbeat_client: heartbeat: http://localhost:8080/api/v1/diagnostics unreachable ([Errno 61] Connection refused) — continuing
16:24:46 WARNING omega.core.heartbeat_client: heartbeat: http://localhost:8080/api/v1/nodes/victoria_v199_crisis/decisions unreachable ([Errno 61] Connection refused) — continuing
16:24:58 WARNING omega.core.heartbeat_client: heartbeat: http://localhost:8080/api/v1/diagnostics unreachable ([Errno 61] Connection refused) — continuing
16:24:58 WARNING omega.core.heartbeat_client: heartbeat: http://localhost:8080/api/v1/nodes/victoria_v199_crisis/decisions unreachable ([Errno 61] Connection refused) — continuing
16:25:09 WARNING omega.core.heartbeat_client: heartbeat: http://localhost:8080/api/v1/diagnostics unreachable ([Errno 61] Connection refused) — continuing
16:25:09 WARNING omega.core.heartbeat_client: heartbeat: http://localhost:8080/api/v1/nodes/victoria_v199_crisis/decisions unreachable ([Errno 61] Connection refused) — continuing
16:25:20 WARNING omega.core.heartbeat_client: heartbeat: http://localhost:8080/api/v1/diagnostics unreachable ([Errno 61] Connection refused) — continuing
16:25:20 WARNING omega.core.heartbeat_client: heartbeat: http://localhost:8080/api/v1/nodes/victoria_v199_crisis/decisions unreachable ([Errno 61] Connection refused) — continuing
16:25:31 WARNING omega.core.heartbeat_client: heartbeat: http://localhost:8080/api/v1/diagnostics unreachable ([Errno 61] Connection refused) — continuing
16:25:31 WARNING omega.core.heartbeat_client: heartbeat: http://localhost:8080/api/v1/nodes/victoria_v199_crisis/decisions unreachable ([Errno 61] Connection refused) — continuing
16:25:31 Cycle  95/200 [NORM] OK       | fresh=0.0min | open= 1 closed= 29 | PnL=$-340 wr=41% | improve=1 sem_db=30 | 12.6s/c ETA 1321s | zero_streak=1
16:25:41 WARNING omega.nodes.victoria.vrp_signal: VRP circuit breaker: zscore=-2.50 < -2.0sigma — extreme COMPLACENCY; flagging for manual review (iv=0.37 rv=0.56)
16:25:43 WARNING omega.core.heartbeat_client: heartbeat: http://localhost:8080/api/v1/diagnostics unreachable ([Errno 61] Connection refused) — continuing
16:25:43 WARNING omega.core.heartbeat_client: heartbeat: http://localhost:8080/api/v1/nodes/victoria_v199_crisis/decisions unreachable ([Errno 61] Connection refused) — continuing
16:25:55 WARNING omega.core.heartbeat_client: heartbeat: http://localhost:8080/api/v1/diagnostics unreachable ([Errno 61] Connection refused) — continuing
16:25:55 WARNING omega.core.heartbeat_client: heartbeat: http://localhost:8080/api/v1/nodes/victoria_v199_crisis/decisions unreachable ([Errno 61] Connection refused) — continuing
16:26:07 WARNING omega.core.heartbeat_client: heartbeat: http://localhost:8080/api/v1/diagnostics unreachable ([Errno 61] Connection refused) — continuing
16:26:07 WARNING omega.core.heartbeat_client: heartbeat: http://localhost:8080/api/v1/nodes/victoria_v199_crisis/decisions unreachable ([Errno 61] Connection refused) — continuing
16:26:18 WARNING omega.core.heartbeat_client: heartbeat: http://localhost:8080/api/v1/diagnostics unreachable ([Errno 61] Connection refused) — continuing
16:26:18 WARNING omega.core.heartbeat_client: heartbeat: http://localhost:8080/api/v1/nodes/victoria_v199_crisis/decisions unreachable ([Errno 61] Connection refused) — continuing
16:26:30 WARNING omega.core.heartbeat_client: heartbeat: http://localhost:8080/api/v1/diagnostics unreachable ([Errno 61] Connection refused) — continuing

[96m══════════════════════════════════════════════════════[0m
[96m══ TRAINING DIAGNOSTICS (cycle 100) ═════════════════════[0m
[96m══════════════════════════════════════════════════════[0m
  [1mREGIME:       [0m [93mCRISIS[0m (conf: 0.38)
  [1mDATA FRESH:   [0m [92m✅ 0.0min ago[0m
  [1mSIGNALS:      [0m 13/20 active
  [1mSIT-OUT:      [0m [92mNO[0m
  [1mCONVICTION:   [0m BTC: -0.00 (HOLD) | ETH: +0.01 (HOLD) | SOL: -0.00 (HOLD) | BNB: +0.03 (HOLD) | XRP: -0.00 (HOLD) | ADA: -0.00 (HOLD) | DOT: -0.00 (HOLD) | AVAX: -0.00 (HOLD) | LINK: -0.00 (HOLD) | MATIC: -0.00 (HOLD) | NEAR: -0.00 (HOLD)
  [1mTRADES:       [0m open=1 closed=32 | PnL=$-4365.04 | WR=38%
  [1mLONG/SHORT:   [0m longs=18 shorts=15
  [1mBLOCKERS:     [0m [91mNo conviction above threshold (all HOLD)[0m
[96m══════════════════════════════════════════════════════[0m

16:26:30 WARNING omega.core.heartbeat_client: heartbeat: http://localhost:8080/api/v1/nodes/victoria_v199_crisis/decisions unreachable ([Errno 61] Connection refused) — continuing
16:26:30 Cycle 100/200 [CRIS] OK       | fresh=0.0min | open= 1 closed= 32 | PnL=$-4365 wr=38% | improve=1 sem_db=30 | 12.5s/c ETA 1254s | zero_streak=0
16:26:41 WARNING omega.core.heartbeat_client: heartbeat: http://localhost:8080/api/v1/diagnostics unreachable ([Errno 61] Connection refused) — continuing
16:26:41 WARNING omega.core.heartbeat_client: heartbeat: http://localhost:8080/api/v1/nodes/victoria_v199_crisis/decisions unreachable ([Errno 61] Connection refused) — continuing
16:26:53 WARNING omega.core.heartbeat_client: heartbeat: http://localhost:8080/api/v1/diagnostics unreachable ([Errno 61] Connection refused) — continuing
16:26:53 WARNING omega.core.heartbeat_client: heartbeat: http://localhost:8080/api/v1/nodes/victoria_v199_crisis/decisions unreachable ([Errno 61] Connection refused) — continuing
16:27:04 WARNING omega.core.heartbeat_client: heartbeat: http://localhost:8080/api/v1/diagnostics unreachable ([Errno 61] Connection refused) — continuing
16:27:04 WARNING omega.core.heartbeat_client: heartbeat: http://localhost:8080/api/v1/nodes/victoria_v199_crisis/decisions unreachable ([Errno 61] Connection refused) — continuing
16:27:15 WARNING omega.core.heartbeat_client: heartbeat: http://localhost:8080/api/v1/diagnostics unreachable ([Errno 61] Connection refused) — continuing
16:27:15 WARNING omega.core.heartbeat_client: heartbeat: http://localhost:8080/api/v1/nodes/victoria_v199_crisis/decisions unreachable ([Errno 61] Connection refused) — continuing
16:27:27 WARNING omega.core.heartbeat_client: heartbeat: http://localhost:8080/api/v1/diagnostics unreachable ([Errno 61] Connection refused) — continuing
16:27:27 WARNING omega.core.heartbeat_client: heartbeat: http://localhost:8080/api/v1/nodes/victoria_v199_crisis/decisions unreachable ([Errno 61] Connection refused) — continuing
16:27:27 Cycle 105/200 [CRIS] OK       | fresh=0.0min | open= 1 closed= 32 | PnL=$-4365 wr=38% | improve=1 sem_db=30 | 12.5s/c ETA 1186s | zero_streak=5
16:27:38 WARNING omega.core.heartbeat_client: heartbeat: http://localhost:8080/api/v1/diagnostics unreachable ([Errno 61] Connection refused) — continuing
16:27:38 WARNING omega.core.heartbeat_client: heartbeat: http://localhost:8080/api/v1/nodes/victoria_v199_crisis/decisions unreachable ([Errno 61] Connection refused) — continuing
16:27:50 WARNING omega.core.heartbeat_client: heartbeat: http://localhost:8080/api/v1/diagnostics unreachable ([Errno 61] Connection refused) — continuing
16:27:50 WARNING omega.core.heartbeat_client: heartbeat: http://localhost:8080/api/v1/nodes/victoria_v199_crisis/decisions unreachable ([Errno 61] Connection refused) — continuing
16:28:02 WARNING omega.core.heartbeat_client: heartbeat: http://localhost:8080/api/v1/diagnostics unreachable ([Errno 61] Connection refused) — continuing
16:28:02 WARNING omega.core.heartbeat_client: heartbeat: http://localhost:8080/api/v1/nodes/victoria_v199_crisis/decisions unreachable ([Errno 61] Connection refused) — continuing
16:28:13 WARNING omega.core.heartbeat_client: heartbeat: http://localhost:8080/api/v1/diagnostics unreachable ([Errno 61] Connection refused) — continuing
16:28:13 WARNING omega.core.heartbeat_client: heartbeat: http://localhost:8080/api/v1/nodes/victoria_v199_crisis/decisions unreachable ([Errno 61] Connection refused) — continuing
16:28:24 WARNING omega.core.heartbeat_client: heartbeat: http://localhost:8080/api/v1/diagnostics unreachable ([Errno 61] Connection refused) — continuing

[96m══════════════════════════════════════════════════════[0m
[96m══ TRAINING DIAGNOSTICS (cycle 110) ═════════════════════[0m
[96m══════════════════════════════════════════════════════[0m
  [1mREGIME:       [0m [93mCRISIS[0m (conf: 0.37)
  [1mDATA FRESH:   [0m [92m✅ 0.0min ago[0m
  [1mSIGNALS:      [0m 12/20 active
  [1mSIT-OUT:      [0m [92mNO[0m
  [1mCONVICTION:   [0m BTC: +0.00 (HOLD) | ETH: +0.00 (HOLD) | SOL: +0.00 (HOLD) | BNB: +0.00 (HOLD) | XRP: +0.00 (HOLD) | ADA: +0.00 (HOLD) | DOT: +0.00 (HOLD) | AVAX: +0.00 (HOLD) | LINK: +0.00 (HOLD) | MATIC: +0.00 (HOLD) | NEAR: +0.00 (HOLD)
  [1mTRADES:       [0m open=0 closed=33 | PnL=$-1345.61 | WR=39%
  [1mLONG/SHORT:   [0m longs=18 shorts=15
  [1mBLOCKERS:     [0m [91mNo conviction above threshold (all HOLD)[0m
[96m══════════════════════════════════════════════════════[0m

16:28:24 WARNING omega.core.heartbeat_client: heartbeat: http://localhost:8080/api/v1/nodes/victoria_v199_crisis/decisions unreachable ([Errno 61] Connection refused) — continuing
16:28:24 Cycle 110/200 [CRIS] OK       | fresh=0.0min | open= 0 closed= 33 | PnL=$-1346 wr=39% | improve=1 sem_db=30 | 12.4s/c ETA 1120s | zero_streak=1
16:28:35 WARNING omega.core.heartbeat_client: heartbeat: http://localhost:8080/api/v1/diagnostics unreachable ([Errno 61] Connection refused) — continuing
16:28:35 WARNING omega.core.heartbeat_client: heartbeat: http://localhost:8080/api/v1/nodes/victoria_v199_crisis/decisions unreachable ([Errno 61] Connection refused) — continuing
16:28:46 WARNING omega.core.heartbeat_client: heartbeat: http://localhost:8080/api/v1/diagnostics unreachable ([Errno 61] Connection refused) — continuing
16:28:46 WARNING omega.core.heartbeat_client: heartbeat: http://localhost:8080/api/v1/nodes/victoria_v199_crisis/decisions unreachable ([Errno 61] Connection refused) — continuing
16:28:57 WARNING omega.core.heartbeat_client: heartbeat: http://localhost:8080/api/v1/diagnostics unreachable ([Errno 61] Connection refused) — continuing
16:28:57 WARNING omega.core.heartbeat_client: heartbeat: http://localhost:8080/api/v1/nodes/victoria_v199_crisis/decisions unreachable ([Errno 61] Connection refused) — continuing
16:29:08 WARNING omega.core.heartbeat_client: heartbeat: http://localhost:8080/api/v1/diagnostics unreachable ([Errno 61] Connection refused) — continuing
16:29:08 WARNING omega.core.heartbeat_client: heartbeat: http://localhost:8080/api/v1/nodes/victoria_v199_crisis/decisions unreachable ([Errno 61] Connection refused) — continuing
16:29:20 WARNING omega.core.heartbeat_client: heartbeat: http://localhost:8080/api/v1/diagnostics unreachable ([Errno 61] Connection refused) — continuing
16:29:20 WARNING omega.core.heartbeat_client: heartbeat: http://localhost:8080/api/v1/nodes/victoria_v199_crisis/decisions unreachable ([Errno 61] Connection refused) — continuing
16:29:20 Cycle 115/200 [CRIS] OK       | fresh=0.0min | open= 0 closed= 33 | PnL=$-1346 wr=39% | improve=1 sem_db=30 | 12.4s/c ETA 1053s | zero_streak=6
16:29:32 WARNING omega.core.heartbeat_client: heartbeat: http://localhost:8080/api/v1/diagnostics unreachable ([Errno 61] Connection refused) — continuing
16:29:32 WARNING omega.core.heartbeat_client: heartbeat: http://localhost:8080/api/v1/nodes/victoria_v199_crisis/decisions unreachable ([Errno 61] Connection refused) — continuing
16:29:43 WARNING omega.core.heartbeat_client: heartbeat: http://localhost:8080/api/v1/diagnostics unreachable ([Errno 61] Connection refused) — continuing
16:29:43 WARNING omega.core.heartbeat_client: heartbeat: http://localhost:8080/api/v1/nodes/victoria_v199_crisis/decisions unreachable ([Errno 61] Connection refused) — continuing
16:29:54 WARNING omega.core.heartbeat_client: heartbeat: http://localhost:8080/api/v1/diagnostics unreachable ([Errno 61] Connection refused) — continuing
16:29:54 WARNING omega.core.heartbeat_client: heartbeat: http://localhost:8080/api/v1/nodes/victoria_v199_crisis/decisions unreachable ([Errno 61] Connection refused) — continuing
16:30:06 WARNING omega.core.heartbeat_client: heartbeat: http://localhost:8080/api/v1/diagnostics unreachable ([Errno 61] Connection refused) — continuing
16:30:06 WARNING omega.core.heartbeat_client: heartbeat: http://localhost:8080/api/v1/nodes/victoria_v199_crisis/decisions unreachable ([Errno 61] Connection refused) — continuing
16:30:17 WARNING omega.core.heartbeat_client: heartbeat: http://localhost:8080/api/v1/diagnostics unreachable ([Errno 61] Connection refused) — continuing

[96m══════════════════════════════════════════════════════[0m
[96m══ TRAINING DIAGNOSTICS (cycle 120) ═════════════════════[0m
[96m══════════════════════════════════════════════════════[0m
  [1mREGIME:       [0m [93mNORMAL[0m (conf: 0.37)
  [1mDATA FRESH:   [0m [92m✅ 0.0min ago[0m
  [1mSIGNALS:      [0m 13/20 active
  [1mSIT-OUT:      [0m [92mNO[0m
  [1mCONVICTION:   [0m BTC: +0.12 ([92mBUY[0m) | ETH: -0.04 (HOLD) | SOL: -0.04 (HOLD) | BNB: +0.22 ([92mBUY[0m) | XRP: -0.03 (HOLD) | ADA: -0.04 (HOLD) | DOT: -0.00 (HOLD) | AVAX: -0.04 (HOLD) | LINK: -0.04 (HOLD) | MATIC: -0.04 (HOLD) | NEAR: -0.04 (HOLD)
  [1mTRADES:       [0m open=3 closed=33 | PnL=$-1345.61 | WR=39%
  [1mLONG/SHORT:   [0m longs=18 shorts=18
  [1mBLOCKERS:     [0m [92mNONE[0m
[96m══════════════════════════════════════════════════════[0m

16:30:17 WARNING omega.core.heartbeat_client: heartbeat: http://localhost:8080/api/v1/nodes/victoria_v199_crisis/decisions unreachable ([Errno 61] Connection refused) — continuing
16:30:17 Cycle 120/200 [NORM] OK       | fresh=0.0min | open= 3 closed= 33 | PnL=$-1346 wr=39% | improve=1 sem_db=30 | 12.3s/c ETA 987s | zero_streak=11
16:30:28 WARNING omega.core.heartbeat_client: heartbeat: http://localhost:8080/api/v1/diagnostics unreachable ([Errno 61] Connection refused) — continuing
16:30:28 WARNING omega.core.heartbeat_client: heartbeat: http://localhost:8080/api/v1/nodes/victoria_v199_crisis/decisions unreachable ([Errno 61] Connection refused) — continuing
16:30:40 WARNING omega.core.heartbeat_client: heartbeat: http://localhost:8080/api/v1/diagnostics unreachable ([Errno 61] Connection refused) — continuing
16:30:40 WARNING omega.core.heartbeat_client: heartbeat: http://localhost:8080/api/v1/nodes/victoria_v199_crisis/decisions unreachable ([Errno 61] Connection refused) — continuing
16:30:51 WARNING omega.core.heartbeat_client: heartbeat: http://localhost:8080/api/v1/diagnostics unreachable ([Errno 61] Connection refused) — continuing
16:30:51 WARNING omega.core.heartbeat_client: heartbeat: http://localhost:8080/api/v1/nodes/victoria_v199_crisis/decisions unreachable ([Errno 61] Connection refused) — continuing
16:31:03 WARNING omega.core.heartbeat_client: heartbeat: http://localhost:8080/api/v1/diagnostics unreachable ([Errno 61] Connection refused) — continuing
16:31:03 WARNING omega.core.heartbeat_client: heartbeat: http://localhost:8080/api/v1/nodes/victoria_v199_crisis/decisions unreachable ([Errno 61] Connection refused) — continuing
16:31:15 WARNING omega.core.heartbeat_client: heartbeat: http://localhost:8080/api/v1/diagnostics unreachable ([Errno 61] Connection refused) — continuing
16:31:15 WARNING omega.core.heartbeat_client: heartbeat: http://localhost:8080/api/v1/nodes/victoria_v199_crisis/decisions unreachable ([Errno 61] Connection refused) — continuing
16:31:15 Cycle 125/200 [NORM] OK       | fresh=0.0min | open= 1 closed= 38 | PnL=$-2789 wr=37% | improve=1 sem_db=30 | 12.3s/c ETA 924s | zero_streak=0
16:31:27 WARNING omega.core.heartbeat_client: heartbeat: http://localhost:8080/api/v1/diagnostics unreachable ([Errno 61] Connection refused) — continuing
16:31:27 WARNING omega.core.heartbeat_client: heartbeat: http://localhost:8080/api/v1/nodes/victoria_v199_crisis/decisions unreachable ([Errno 61] Connection refused) — continuing
16:31:39 WARNING omega.core.heartbeat_client: heartbeat: http://localhost:8080/api/v1/diagnostics unreachable ([Errno 61] Connection refused) — continuing
16:31:39 WARNING omega.core.heartbeat_client: heartbeat: http://localhost:8080/api/v1/nodes/victoria_v199_crisis/decisions unreachable ([Errno 61] Connection refused) — continuing
16:31:50 WARNING omega.core.heartbeat_client: heartbeat: http://localhost:8080/api/v1/diagnostics unreachable ([Errno 61] Connection refused) — continuing
16:31:50 WARNING omega.core.heartbeat_client: heartbeat: http://localhost:8080/api/v1/nodes/victoria_v199_crisis/decisions unreachable ([Errno 61] Connection refused) — continuing
16:32:02 WARNING omega.core.heartbeat_client: heartbeat: http://localhost:8080/api/v1/diagnostics unreachable ([Errno 61] Connection refused) — continuing
16:32:02 WARNING omega.core.heartbeat_client: heartbeat: http://localhost:8080/api/v1/nodes/victoria_v199_crisis/decisions unreachable ([Errno 61] Connection refused) — continuing
16:32:13 WARNING omega.core.heartbeat_client: heartbeat: http://localhost:8080/api/v1/diagnostics unreachable ([Errno 61] Connection refused) — continuing

[96m══════════════════════════════════════════════════════[0m
[96m══ TRAINING DIAGNOSTICS (cycle 130) ═════════════════════[0m
[96m══════════════════════════════════════════════════════[0m
  [1mREGIME:       [0m [93mNORMAL[0m (conf: 0.37)
  [1mDATA FRESH:   [0m [92m✅ 0.0min ago[0m
  [1mSIGNALS:      [0m 12/20 active
  [1mSIT-OUT:      [0m [92mNO[0m
  [1mCONVICTION:   [0m BTC: +0.01 (HOLD) | ETH: -0.06 ([91mSELL[0m) | SOL: -0.06 ([91mSELL[0m) | BNB: -0.06 ([91mSELL[0m) | XRP: -0.05 (HOLD) | ADA: +0.22 ([92mBUY[0m) | DOT: -0.06 ([91mSELL[0m) | AVAX: -0.06 ([91mSELL[0m) | LINK: +0.22 ([92mBUY[0m) | MATIC: -0.06 ([91mSELL[0m) | NEAR: -0.06 ([91mSELL[0m)
  [1mTRADES:       [0m open=1 closed=38 | PnL=$-2789.16 | WR=37%
  [1mLONG/SHORT:   [0m longs=20 shorts=19
  [1mBLOCKERS:     [0m [92mNONE[0m
[96m══════════════════════════════════════════════════════[0m

16:32:13 WARNING omega.core.heartbeat_client: heartbeat: http://localhost:8080/api/v1/nodes/victoria_v199_crisis/decisions unreachable ([Errno 61] Connection refused) — continuing
16:32:13 Cycle 130/200 [NORM] OK       | fresh=0.0min | open= 1 closed= 38 | PnL=$-2789 wr=37% | improve=1 sem_db=30 | 12.3s/c ETA 860s | zero_streak=5
16:32:24 WARNING omega.core.heartbeat_client: heartbeat: http://localhost:8080/api/v1/diagnostics unreachable ([Errno 61] Connection refused) — continuing
16:32:24 WARNING omega.core.heartbeat_client: heartbeat: http://localhost:8080/api/v1/nodes/victoria_v199_crisis/decisions unreachable ([Errno 61] Connection refused) — continuing
16:32:37 WARNING omega.core.heartbeat_client: heartbeat: http://localhost:8080/api/v1/diagnostics unreachable ([Errno 61] Connection refused) — continuing
16:32:38 WARNING omega.core.heartbeat_client: heartbeat: http://localhost:8080/api/v1/nodes/victoria_v199_crisis/decisions unreachable ([Errno 61] Connection refused) — continuing
16:32:49 WARNING omega.core.heartbeat_client: heartbeat: http://localhost:8080/api/v1/diagnostics unreachable ([Errno 61] Connection refused) — continuing
16:32:50 WARNING omega.core.heartbeat_client: heartbeat: http://localhost:8080/api/v1/nodes/victoria_v199_crisis/decisions unreachable ([Errno 61] Connection refused) — continuing
16:33:02 WARNING omega.core.heartbeat_client: heartbeat: http://localhost:8080/api/v1/diagnostics unreachable ([Errno 61] Connection refused) — continuing
16:33:02 WARNING omega.core.heartbeat_client: heartbeat: http://localhost:8080/api/v1/nodes/victoria_v199_crisis/decisions unreachable ([Errno 61] Connection refused) — continuing
16:33:13 WARNING omega.core.heartbeat_client: heartbeat: http://localhost:8080/api/v1/diagnostics unreachable ([Errno 61] Connection refused) — continuing
16:33:13 WARNING omega.core.heartbeat_client: heartbeat: http://localhost:8080/api/v1/nodes/victoria_v199_crisis/decisions unreachable ([Errno 61] Connection refused) — continuing
16:33:13 Cycle 135/200 [NORM] OK       | fresh=0.0min | open= 2 closed= 39 | PnL=$-2211 wr=38% | improve=1 sem_db=30 | 12.3s/c ETA 798s | zero_streak=3
16:33:26 WARNING omega.core.heartbeat_client: heartbeat: http://localhost:8080/api/v1/diagnostics unreachable ([Errno 61] Connection refused) — continuing
16:33:26 WARNING omega.core.heartbeat_client: heartbeat: http://localhost:8080/api/v1/nodes/victoria_v199_crisis/decisions unreachable ([Errno 61] Connection refused) — continuing
16:33:39 WARNING omega.core.heartbeat_client: heartbeat: http://localhost:8080/api/v1/diagnostics unreachable ([Errno 61] Connection refused) — continuing
16:33:39 WARNING omega.core.heartbeat_client: heartbeat: http://localhost:8080/api/v1/nodes/victoria_v199_crisis/decisions unreachable ([Errno 61] Connection refused) — continuing
16:33:50 WARNING omega.core.heartbeat_client: heartbeat: http://localhost:8080/api/v1/diagnostics unreachable ([Errno 61] Connection refused) — continuing
16:33:50 WARNING omega.core.heartbeat_client: heartbeat: http://localhost:8080/api/v1/nodes/victoria_v199_crisis/decisions unreachable ([Errno 61] Connection refused) — continuing
16:34:02 WARNING omega.core.heartbeat_client: heartbeat: http://localhost:8080/api/v1/diagnostics unreachable ([Errno 61] Connection refused) — continuing
16:34:02 WARNING omega.core.heartbeat_client: heartbeat: http://localhost:8080/api/v1/nodes/victoria_v199_crisis/decisions unreachable ([Errno 61] Connection refused) — continuing
16:34:12 WARNING omega.nodes.victoria.vrp_signal: VRP circuit breaker: zscore=-2.02 < -2.0sigma — extreme COMPLACENCY; flagging for manual review (iv=0.37 rv=0.90)
16:34:14 WARNING omega.core.heartbeat_client: heartbeat: http://localhost:8080/api/v1/diagnostics unreachable ([Errno 61] Connection refused) — continuing

[96m══════════════════════════════════════════════════════[0m
[96m══ TRAINING DIAGNOSTICS (cycle 140) ═════════════════════[0m
[96m══════════════════════════════════════════════════════[0m
  [1mREGIME:       [0m [93mCRISIS[0m (conf: 0.37)
  [1mDATA FRESH:   [0m [92m✅ 0.0min ago[0m
  [1mSIGNALS:      [0m 11/20 active
  [1mSIT-OUT:      [0m [92mNO[0m
  [1mCONVICTION:   [0m BTC: +0.00 (HOLD) | ETH: +0.00 (HOLD) | SOL: +0.00 (HOLD) | BNB: +0.00 (HOLD) | XRP: +0.00 (HOLD) | ADA: +0.00 (HOLD) | DOT: +0.00 (HOLD) | AVAX: +0.00 (HOLD) | LINK: +0.00 (HOLD) | MATIC: +0.00 (HOLD) | NEAR: +0.00 (HOLD)
  [1mTRADES:       [0m open=1 closed=40 | PnL=$-2609.82 | WR=38%
  [1mLONG/SHORT:   [0m longs=20 shorts=21
  [1mBLOCKERS:     [0m [91mNo conviction above threshold (all HOLD)[0m
[96m══════════════════════════════════════════════════════[0m

16:34:14 WARNING omega.core.heartbeat_client: heartbeat: http://localhost:8080/api/v1/nodes/victoria_v199_crisis/decisions unreachable ([Errno 61] Connection refused) — continuing
16:34:14 Cycle 140/200 [CRIS] OK       | fresh=0.0min | open= 1 closed= 40 | PnL=$-2610 wr=38% | improve=1 sem_db=30 | 12.3s/c ETA 736s | zero_streak=3
16:34:26 WARNING omega.core.heartbeat_client: heartbeat: http://localhost:8080/api/v1/diagnostics unreachable ([Errno 61] Connection refused) — continuing
16:34:26 WARNING omega.core.heartbeat_client: heartbeat: http://localhost:8080/api/v1/nodes/victoria_v199_crisis/decisions unreachable ([Errno 61] Connection refused) — continuing
16:34:37 WARNING omega.core.heartbeat_client: heartbeat: http://localhost:8080/api/v1/diagnostics unreachable ([Errno 61] Connection refused) — continuing
16:34:37 WARNING omega.core.heartbeat_client: heartbeat: http://localhost:8080/api/v1/nodes/victoria_v199_crisis/decisions unreachable ([Errno 61] Connection refused) — continuing
16:34:49 WARNING omega.core.heartbeat_client: heartbeat: http://localhost:8080/api/v1/diagnostics unreachable ([Errno 61] Connection refused) — continuing
16:34:49 WARNING omega.core.heartbeat_client: heartbeat: http://localhost:8080/api/v1/nodes/victoria_v199_crisis/decisions unreachable ([Errno 61] Connection refused) — continuing
16:35:00 WARNING omega.core.heartbeat_client: heartbeat: http://localhost:8080/api/v1/diagnostics unreachable ([Errno 61] Connection refused) — continuing
16:35:00 WARNING omega.core.heartbeat_client: heartbeat: http://localhost:8080/api/v1/nodes/victoria_v199_crisis/decisions unreachable ([Errno 61] Connection refused) — continuing
16:35:11 WARNING omega.core.heartbeat_client: heartbeat: http://localhost:8080/api/v1/diagnostics unreachable ([Errno 61] Connection refused) — continuing
16:35:11 WARNING omega.core.heartbeat_client: heartbeat: http://localhost:8080/api/v1/nodes/victoria_v199_crisis/decisions unreachable ([Errno 61] Connection refused) — continuing
16:35:11 Cycle 145/200 [CRIS] OK       | fresh=0.0min | open= 0 closed= 44 | PnL=$-1079 wr=36% | improve=1 sem_db=30 | 12.2s/c ETA 673s | zero_streak=0
16:35:23 WARNING omega.core.heartbeat_client: heartbeat: http://localhost:8080/api/v1/diagnostics unreachable ([Errno 61] Connection refused) — continuing
16:35:23 WARNING omega.core.heartbeat_client: heartbeat: http://localhost:8080/api/v1/nodes/victoria_v199_crisis/decisions unreachable ([Errno 61] Connection refused) — continuing
16:35:34 WARNING omega.core.heartbeat_client: heartbeat: http://localhost:8080/api/v1/diagnostics unreachable ([Errno 61] Connection refused) — continuing
16:35:34 WARNING omega.core.heartbeat_client: heartbeat: http://localhost:8080/api/v1/nodes/victoria_v199_crisis/decisions unreachable ([Errno 61] Connection refused) — continuing
16:35:46 WARNING omega.core.heartbeat_client: heartbeat: http://localhost:8080/api/v1/diagnostics unreachable ([Errno 61] Connection refused) — continuing
16:35:46 WARNING omega.core.heartbeat_client: heartbeat: http://localhost:8080/api/v1/nodes/victoria_v199_crisis/decisions unreachable ([Errno 61] Connection refused) — continuing
16:36:01 WARNING omega.core.heartbeat_client: heartbeat: http://localhost:8080/api/v1/diagnostics unreachable ([Errno 61] Connection refused) — continuing
16:36:01 WARNING omega.core.heartbeat_client: heartbeat: http://localhost:8080/api/v1/nodes/victoria_v199_crisis/decisions unreachable ([Errno 61] Connection refused) — continuing
16:36:12 WARNING omega.core.heartbeat_client: heartbeat: http://localhost:8080/api/v1/diagnostics unreachable ([Errno 61] Connection refused) — continuing

[96m══════════════════════════════════════════════════════[0m
[96m══ TRAINING DIAGNOSTICS (cycle 150) ═════════════════════[0m
[96m══════════════════════════════════════════════════════[0m
  [1mREGIME:       [0m [93mCRISIS[0m (conf: 0.38)
  [1mDATA FRESH:   [0m [92m✅ 0.0min ago[0m
  [1mSIGNALS:      [0m 12/20 active
  [1mSIT-OUT:      [0m [92mNO[0m
  [1mCONVICTION:   [0m BTC: -0.30 ([91mSELL[0m) | ETH: -0.18 ([91mSELL[0m) | SOL: +0.26 ([92mBUY[0m) | BNB: -0.06 ([91mSELL[0m) | XRP: +0.08 ([92mBUY[0m) | ADA: -0.15 ([91mSELL[0m) | DOT: -0.04 (HOLD) | AVAX: +0.21 ([92mBUY[0m) | LINK: -0.10 ([91mSELL[0m) | MATIC: +0.26 ([92mBUY[0m) | NEAR: +0.04 (HOLD)
  [1mTRADES:       [0m open=2 closed=45 | PnL=$-1452.33 | WR=36%
  [1mLONG/SHORT:   [0m longs=20 shorts=27
  [1mBLOCKERS:     [0m [92mNONE[0m
[96m══════════════════════════════════════════════════════[0m

16:36:12 WARNING omega.core.heartbeat_client: heartbeat: http://localhost:8080/api/v1/nodes/victoria_v199_crisis/decisions unreachable ([Errno 61] Connection refused) — continuing
16:36:12 Cycle 150/200 [CRIS] OK       | fresh=0.0min | open= 2 closed= 45 | PnL=$-1452 wr=36% | improve=1 sem_db=30 | 12.2s/c ETA 612s | zero_streak=3
16:36:24 WARNING omega.core.heartbeat_client: heartbeat: http://localhost:8080/api/v1/diagnostics unreachable ([Errno 61] Connection refused) — continuing
16:36:24 WARNING omega.core.heartbeat_client: heartbeat: http://localhost:8080/api/v1/nodes/victoria_v199_crisis/decisions unreachable ([Errno 61] Connection refused) — continuing
16:36:35 WARNING omega.core.heartbeat_client: heartbeat: http://localhost:8080/api/v1/diagnostics unreachable ([Errno 61] Connection refused) — continuing
16:36:35 WARNING omega.core.heartbeat_client: heartbeat: http://localhost:8080/api/v1/nodes/victoria_v199_crisis/decisions unreachable ([Errno 61] Connection refused) — continuing
16:36:47 WARNING omega.core.heartbeat_client: heartbeat: http://localhost:8080/api/v1/diagnostics unreachable ([Errno 61] Connection refused) — continuing
16:36:47 WARNING omega.core.heartbeat_client: heartbeat: http://localhost:8080/api/v1/nodes/victoria_v199_crisis/decisions unreachable ([Errno 61] Connection refused) — continuing
16:36:58 WARNING omega.core.heartbeat_client: heartbeat: http://localhost:8080/api/v1/diagnostics unreachable ([Errno 61] Connection refused) — continuing
16:36:58 WARNING omega.core.heartbeat_client: heartbeat: http://localhost:8080/api/v1/nodes/victoria_v199_crisis/decisions unreachable ([Errno 61] Connection refused) — continuing
16:37:10 WARNING omega.core.heartbeat_client: heartbeat: http://localhost:8080/api/v1/diagnostics unreachable ([Errno 61] Connection refused) — continuing
16:37:10 WARNING omega.core.heartbeat_client: heartbeat: http://localhost:8080/api/v1/nodes/victoria_v199_crisis/decisions unreachable ([Errno 61] Connection refused) — continuing
16:37:10 Cycle 155/200 [NORM] OK       | fresh=0.0min | open= 0 closed= 47 | PnL=$-19800 wr=34% | improve=1 sem_db=30 | 12.2s/c ETA 550s | zero_streak=2
16:37:22 WARNING omega.core.heartbeat_client: heartbeat: http://localhost:8080/api/v1/diagnostics unreachable ([Errno 61] Connection refused) — continuing
16:37:22 WARNING omega.core.heartbeat_client: heartbeat: http://localhost:8080/api/v1/nodes/victoria_v199_crisis/decisions unreachable ([Errno 61] Connection refused) — continuing
16:37:32 WARNING omega.core.heartbeat_client: heartbeat: http://localhost:8080/api/v1/diagnostics unreachable ([Errno 61] Connection refused) — continuing
16:37:32 WARNING omega.core.heartbeat_client: heartbeat: http://localhost:8080/api/v1/nodes/victoria_v199_crisis/decisions unreachable ([Errno 61] Connection refused) — continuing
16:37:43 WARNING omega.core.heartbeat_client: heartbeat: http://localhost:8080/api/v1/diagnostics unreachable ([Errno 61] Connection refused) — continuing
16:37:43 WARNING omega.core.heartbeat_client: heartbeat: http://localhost:8080/api/v1/nodes/victoria_v199_crisis/decisions unreachable ([Errno 61] Connection refused) — continuing
16:37:54 WARNING omega.core.heartbeat_client: heartbeat: http://localhost:8080/api/v1/diagnostics unreachable ([Errno 61] Connection refused) — continuing
16:37:54 WARNING omega.core.heartbeat_client: heartbeat: http://localhost:8080/api/v1/nodes/victoria_v199_crisis/decisions unreachable ([Errno 61] Connection refused) — continuing
16:38:06 WARNING omega.core.heartbeat_client: heartbeat: http://localhost:8080/api/v1/diagnostics unreachable ([Errno 61] Connection refused) — continuing

[96m══════════════════════════════════════════════════════[0m
[96m══ TRAINING DIAGNOSTICS (cycle 160) ═════════════════════[0m
[96m══════════════════════════════════════════════════════[0m
  [1mREGIME:       [0m [93mNORMAL[0m (conf: 0.38)
  [1mDATA FRESH:   [0m [92m✅ 0.0min ago[0m
  [1mSIGNALS:      [0m 12/20 active
  [1mSIT-OUT:      [0m [92mNO[0m
  [1mCONVICTION:   [0m BTC: +0.08 ([92mBUY[0m) | ETH: +0.18 ([92mBUY[0m) | SOL: +0.06 ([92mBUY[0m) | BNB: -0.05 (HOLD) | XRP: -0.03 (HOLD) | ADA: -0.10 ([91mSELL[0m) | DOT: +0.03 (HOLD) | AVAX: +0.10 ([92mBUY[0m) | LINK: -0.08 ([91mSELL[0m) | MATIC: -0.12 ([91mSELL[0m) | NEAR: -0.06 ([91mSELL[0m)
  [1mTRADES:       [0m open=1 closed=48 | PnL=$-20011.31 | WR=33%
  [1mLONG/SHORT:   [0m longs=21 shorts=28
  [1mBLOCKERS:     [0m [92mNONE[0m
[96m══════════════════════════════════════════════════════[0m

16:38:06 WARNING omega.core.heartbeat_client: heartbeat: http://localhost:8080/api/v1/nodes/victoria_v199_crisis/decisions unreachable ([Errno 61] Connection refused) — continuing
16:38:06 Cycle 160/200 [NORM] OK       | fresh=0.0min | open= 1 closed= 48 | PnL=$-20011 wr=33% | improve=1 sem_db=30 | 12.2s/c ETA 488s | zero_streak=0
16:38:17 WARNING omega.core.heartbeat_client: heartbeat: http://localhost:8080/api/v1/diagnostics unreachable ([Errno 61] Connection refused) — continuing
16:38:17 WARNING omega.core.heartbeat_client: heartbeat: http://localhost:8080/api/v1/nodes/victoria_v199_crisis/decisions unreachable ([Errno 61] Connection refused) — continuing
16:38:28 WARNING omega.core.heartbeat_client: heartbeat: http://localhost:8080/api/v1/diagnostics unreachable ([Errno 61] Connection refused) — continuing
16:38:28 WARNING omega.core.heartbeat_client: heartbeat: http://localhost:8080/api/v1/nodes/victoria_v199_crisis/decisions unreachable ([Errno 61] Connection refused) — continuing
16:38:40 WARNING omega.core.heartbeat_client: heartbeat: http://localhost:8080/api/v1/diagnostics unreachable ([Errno 61] Connection refused) — continuing
16:38:40 WARNING omega.core.heartbeat_client: heartbeat: http://localhost:8080/api/v1/nodes/victoria_v199_crisis/decisions unreachable ([Errno 61] Connection refused) — continuing
16:38:51 WARNING omega.core.heartbeat_client: heartbeat: http://localhost:8080/api/v1/diagnostics unreachable ([Errno 61] Connection refused) — continuing
16:38:51 WARNING omega.core.heartbeat_client: heartbeat: http://localhost:8080/api/v1/nodes/victoria_v199_crisis/decisions unreachable ([Errno 61] Connection refused) — continuing
16:39:02 WARNING omega.core.heartbeat_client: heartbeat: http://localhost:8080/api/v1/diagnostics unreachable ([Errno 61] Connection refused) — continuing
16:39:02 WARNING omega.core.heartbeat_client: heartbeat: http://localhost:8080/api/v1/nodes/victoria_v199_crisis/decisions unreachable ([Errno 61] Connection refused) — continuing
16:39:02 Cycle 165/200 [NORM] OK       | fresh=0.0min | open= 1 closed= 51 | PnL=$-19269 wr=33% | improve=1 sem_db=30 | 12.2s/c ETA 426s | zero_streak=0
16:39:14 WARNING omega.core.heartbeat_client: heartbeat: http://localhost:8080/api/v1/diagnostics unreachable ([Errno 61] Connection refused) — continuing
16:39:14 WARNING omega.core.heartbeat_client: heartbeat: http://localhost:8080/api/v1/nodes/victoria_v199_crisis/decisions unreachable ([Errno 61] Connection refused) — continuing
16:39:25 WARNING omega.core.heartbeat_client: heartbeat: http://localhost:8080/api/v1/diagnostics unreachable ([Errno 61] Connection refused) — continuing
16:39:25 WARNING omega.core.heartbeat_client: heartbeat: http://localhost:8080/api/v1/nodes/victoria_v199_crisis/decisions unreachable ([Errno 61] Connection refused) — continuing
16:39:36 WARNING omega.core.heartbeat_client: heartbeat: http://localhost:8080/api/v1/diagnostics unreachable ([Errno 61] Connection refused) — continuing
16:39:36 WARNING omega.core.heartbeat_client: heartbeat: http://localhost:8080/api/v1/nodes/victoria_v199_crisis/decisions unreachable ([Errno 61] Connection refused) — continuing
16:39:47 WARNING omega.core.heartbeat_client: heartbeat: http://localhost:8080/api/v1/diagnostics unreachable ([Errno 61] Connection refused) — continuing
16:39:47 WARNING omega.core.heartbeat_client: heartbeat: http://localhost:8080/api/v1/nodes/victoria_v199_crisis/decisions unreachable ([Errno 61] Connection refused) — continuing
16:39:58 WARNING omega.core.heartbeat_client: heartbeat: http://localhost:8080/api/v1/diagnostics unreachable ([Errno 61] Connection refused) — continuing

[96m══════════════════════════════════════════════════════[0m
[96m══ TRAINING DIAGNOSTICS (cycle 170) ═════════════════════[0m
[96m══════════════════════════════════════════════════════[0m
  [1mREGIME:       [0m [93mNORMAL[0m (conf: 0.38)
  [1mDATA FRESH:   [0m [92m✅ 0.0min ago[0m
  [1mSIGNALS:      [0m 12/20 active
  [1mSIT-OUT:      [0m [92mNO[0m
  [1mCONVICTION:   [0m BTC: +0.12 ([92mBUY[0m) | ETH: +0.08 ([92mBUY[0m) | SOL: -0.20 ([91mSELL[0m) | BNB: +0.07 ([92mBUY[0m) | XRP: +0.31 ([92mBUY[0m) | ADA: -0.11 ([91mSELL[0m) | DOT: -0.13 ([91mSELL[0m) | AVAX: +0.26 ([92mBUY[0m) | LINK: -0.16 ([91mSELL[0m) | MATIC: -0.02 (HOLD) | NEAR: -0.23 ([91mSELL[0m)
  [1mTRADES:       [0m open=3 closed=52 | PnL=$-19688.41 | WR=33%
  [1mLONG/SHORT:   [0m longs=24 shorts=31
  [1mBLOCKERS:     [0m [92mNONE[0m
[96m══════════════════════════════════════════════════════[0m

16:39:58 WARNING omega.core.heartbeat_client: heartbeat: http://localhost:8080/api/v1/nodes/victoria_v199_crisis/decisions unreachable ([Errno 61] Connection refused) — continuing
16:39:58 Cycle 170/200 [NORM] OK       | fresh=0.0min | open= 3 closed= 52 | PnL=$-19688 wr=33% | improve=1 sem_db=30 | 12.1s/c ETA 364s | zero_streak=1
16:40:09 WARNING omega.core.heartbeat_client: heartbeat: http://localhost:8080/api/v1/diagnostics unreachable ([Errno 61] Connection refused) — continuing
16:40:09 WARNING omega.core.heartbeat_client: heartbeat: http://localhost:8080/api/v1/nodes/victoria_v199_crisis/decisions unreachable ([Errno 61] Connection refused) — continuing
16:40:20 WARNING omega.core.heartbeat_client: heartbeat: http://localhost:8080/api/v1/diagnostics unreachable ([Errno 61] Connection refused) — continuing
16:40:20 WARNING omega.core.heartbeat_client: heartbeat: http://localhost:8080/api/v1/nodes/victoria_v199_crisis/decisions unreachable ([Errno 61] Connection refused) — continuing
16:40:32 WARNING omega.core.heartbeat_client: heartbeat: http://localhost:8080/api/v1/diagnostics unreachable ([Errno 61] Connection refused) — continuing
16:40:32 WARNING omega.core.heartbeat_client: heartbeat: http://localhost:8080/api/v1/nodes/victoria_v199_crisis/decisions unreachable ([Errno 61] Connection refused) — continuing
16:40:43 WARNING omega.core.heartbeat_client: heartbeat: http://localhost:8080/api/v1/diagnostics unreachable ([Errno 61] Connection refused) — continuing
16:40:43 WARNING omega.core.heartbeat_client: heartbeat: http://localhost:8080/api/v1/nodes/victoria_v199_crisis/decisions unreachable ([Errno 61] Connection refused) — continuing
16:40:54 WARNING omega.core.heartbeat_client: heartbeat: http://localhost:8080/api/v1/diagnostics unreachable ([Errno 61] Connection refused) — continuing
16:40:54 WARNING omega.core.heartbeat_client: heartbeat: http://localhost:8080/api/v1/nodes/victoria_v199_crisis/decisions unreachable ([Errno 61] Connection refused) — continuing
16:40:54 Cycle 175/200 [NORM] OK       | fresh=0.0min | open= 2 closed= 54 | PnL=$-17886 wr=33% | improve=1 sem_db=30 | 12.1s/c ETA 303s | zero_streak=3
16:41:05 WARNING omega.core.heartbeat_client: heartbeat: http://localhost:8080/api/v1/diagnostics unreachable ([Errno 61] Connection refused) — continuing
16:41:05 WARNING omega.core.heartbeat_client: heartbeat: http://localhost:8080/api/v1/nodes/victoria_v199_crisis/decisions unreachable ([Errno 61] Connection refused) — continuing
16:41:16 WARNING omega.core.heartbeat_client: heartbeat: http://localhost:8080/api/v1/diagnostics unreachable ([Errno 61] Connection refused) — continuing
16:41:16 WARNING omega.core.heartbeat_client: heartbeat: http://localhost:8080/api/v1/nodes/victoria_v199_crisis/decisions unreachable ([Errno 61] Connection refused) — continuing
16:41:28 WARNING omega.core.heartbeat_client: heartbeat: http://localhost:8080/api/v1/diagnostics unreachable ([Errno 61] Connection refused) — continuing
16:41:28 WARNING omega.core.heartbeat_client: heartbeat: http://localhost:8080/api/v1/nodes/victoria_v199_crisis/decisions unreachable ([Errno 61] Connection refused) — continuing
16:41:39 WARNING omega.core.heartbeat_client: heartbeat: http://localhost:8080/api/v1/diagnostics unreachable ([Errno 61] Connection refused) — continuing
16:41:39 WARNING omega.core.heartbeat_client: heartbeat: http://localhost:8080/api/v1/nodes/victoria_v199_crisis/decisions unreachable ([Errno 61] Connection refused) — continuing
16:41:50 WARNING omega.core.heartbeat_client: heartbeat: http://localhost:8080/api/v1/diagnostics unreachable ([Errno 61] Connection refused) — continuing

[96m══════════════════════════════════════════════════════[0m
[96m══ TRAINING DIAGNOSTICS (cycle 180) ═════════════════════[0m
[96m══════════════════════════════════════════════════════[0m
  [1mREGIME:       [0m [93mNORMAL[0m (conf: 0.38)
  [1mDATA FRESH:   [0m [92m✅ 0.0min ago[0m
  [1mSIGNALS:      [0m 12/20 active
  [1mSIT-OUT:      [0m [92mNO[0m
  [1mCONVICTION:   [0m BTC: +0.06 ([92mBUY[0m) | ETH: +0.03 (HOLD) | SOL: -0.00 (HOLD) | BNB: +0.05 (HOLD) | XRP: +0.01 (HOLD) | ADA: -0.04 (HOLD) | DOT: -0.04 (HOLD) | AVAX: +0.06 ([92mBUY[0m) | LINK: -0.04 (HOLD) | MATIC: -0.04 (HOLD) | NEAR: -0.04 (HOLD)
  [1mTRADES:       [0m open=3 closed=56 | PnL=$-16302.49 | WR=34%
  [1mLONG/SHORT:   [0m longs=25 shorts=34
  [1mBLOCKERS:     [0m [92mNONE[0m
[96m══════════════════════════════════════════════════════[0m

16:41:50 WARNING omega.core.heartbeat_client: heartbeat: http://localhost:8080/api/v1/nodes/victoria_v199_crisis/decisions unreachable ([Errno 61] Connection refused) — continuing
16:41:50 Cycle 180/200 [NORM] OK       | fresh=0.0min | open= 3 closed= 56 | PnL=$-16302 wr=34% | improve=1 sem_db=30 | 12.1s/c ETA 242s | zero_streak=0
16:42:01 WARNING omega.core.heartbeat_client: heartbeat: http://localhost:8080/api/v1/diagnostics unreachable ([Errno 61] Connection refused) — continuing
16:42:01 WARNING omega.core.heartbeat_client: heartbeat: http://localhost:8080/api/v1/nodes/victoria_v199_crisis/decisions unreachable ([Errno 61] Connection refused) — continuing
16:42:11 WARNING omega.nodes.victoria.vrp_signal: VRP circuit breaker: zscore=-2.10 < -2.0sigma — extreme COMPLACENCY; flagging for manual review (iv=0.37 rv=0.76)
16:42:12 WARNING omega.core.heartbeat_client: heartbeat: http://localhost:8080/api/v1/diagnostics unreachable ([Errno 61] Connection refused) — continuing
16:42:12 WARNING omega.core.heartbeat_client: heartbeat: http://localhost:8080/api/v1/nodes/victoria_v199_crisis/decisions unreachable ([Errno 61] Connection refused) — continuing
16:42:23 WARNING omega.core.heartbeat_client: heartbeat: http://localhost:8080/api/v1/diagnostics unreachable ([Errno 61] Connection refused) — continuing
16:42:23 WARNING omega.core.heartbeat_client: heartbeat: http://localhost:8080/api/v1/nodes/victoria_v199_crisis/decisions unreachable ([Errno 61] Connection refused) — continuing
16:42:34 WARNING omega.core.heartbeat_client: heartbeat: http://localhost:8080/api/v1/diagnostics unreachable ([Errno 61] Connection refused) — continuing
16:42:34 WARNING omega.core.heartbeat_client: heartbeat: http://localhost:8080/api/v1/nodes/victoria_v199_crisis/decisions unreachable ([Errno 61] Connection refused) — continuing
16:42:45 WARNING omega.core.heartbeat_client: heartbeat: http://localhost:8080/api/v1/diagnostics unreachable ([Errno 61] Connection refused) — continuing
16:42:45 WARNING omega.core.heartbeat_client: heartbeat: http://localhost:8080/api/v1/nodes/victoria_v199_crisis/decisions unreachable ([Errno 61] Connection refused) — continuing
16:42:45 Cycle 185/200 [CRIS] OK       | fresh=0.0min | open= 2 closed= 59 | PnL=$-17236 wr=34% | improve=1 sem_db=30 | 12.0s/c ETA 181s | zero_streak=3
16:42:57 WARNING omega.core.heartbeat_client: heartbeat: http://localhost:8080/api/v1/diagnostics unreachable ([Errno 61] Connection refused) — continuing
16:42:57 WARNING omega.core.heartbeat_client: heartbeat: http://localhost:8080/api/v1/nodes/victoria_v199_crisis/decisions unreachable ([Errno 61] Connection refused) — continuing
16:43:08 WARNING omega.core.heartbeat_client: heartbeat: http://localhost:8080/api/v1/diagnostics unreachable ([Errno 61] Connection refused) — continuing
16:43:08 WARNING omega.core.heartbeat_client: heartbeat: http://localhost:8080/api/v1/nodes/victoria_v199_crisis/decisions unreachable ([Errno 61] Connection refused) — continuing
16:43:20 WARNING omega.core.heartbeat_client: heartbeat: http://localhost:8080/api/v1/diagnostics unreachable ([Errno 61] Connection refused) — continuing
16:43:20 WARNING omega.core.heartbeat_client: heartbeat: http://localhost:8080/api/v1/nodes/victoria_v199_crisis/decisions unreachable ([Errno 61] Connection refused) — continuing
16:43:31 WARNING omega.core.heartbeat_client: heartbeat: http://localhost:8080/api/v1/diagnostics unreachable ([Errno 61] Connection refused) — continuing
16:43:31 WARNING omega.core.heartbeat_client: heartbeat: http://localhost:8080/api/v1/nodes/victoria_v199_crisis/decisions unreachable ([Errno 61] Connection refused) — continuing
16:43:42 WARNING omega.core.heartbeat_client: heartbeat: http://localhost:8080/api/v1/diagnostics unreachable ([Errno 61] Connection refused) — continuing

[96m══════════════════════════════════════════════════════[0m
[96m══ TRAINING DIAGNOSTICS (cycle 190) ═════════════════════[0m
[96m══════════════════════════════════════════════════════[0m
  [1mREGIME:       [0m [93mNORMAL[0m (conf: 0.38)
  [1mDATA FRESH:   [0m [92m✅ 0.0min ago[0m
  [1mSIGNALS:      [0m 12/20 active
  [1mSIT-OUT:      [0m [92mNO[0m
  [1mCONVICTION:   [0m BTC: +0.04 (HOLD) | ETH: -0.04 (HOLD) | SOL: -0.05 ([91mSELL[0m) | BNB: +0.09 ([92mBUY[0m) | XRP: +0.03 (HOLD) | ADA: -0.15 ([91mSELL[0m) | DOT: +0.03 (HOLD) | AVAX: -0.07 ([91mSELL[0m) | LINK: -0.09 ([91mSELL[0m) | MATIC: -0.02 (HOLD) | NEAR: +0.23 ([92mBUY[0m)
  [1mTRADES:       [0m open=1 closed=61 | PnL=$-18714.76 | WR=33%
  [1mLONG/SHORT:   [0m longs=27 shorts=35
  [1mBLOCKERS:     [0m [92mNONE[0m
[96m══════════════════════════════════════════════════════[0m

16:43:42 WARNING omega.core.heartbeat_client: heartbeat: http://localhost:8080/api/v1/nodes/victoria_v199_crisis/decisions unreachable ([Errno 61] Connection refused) — continuing
16:43:42 Cycle 190/200 [NORM] OK       | fresh=0.0min | open= 1 closed= 61 | PnL=$-18715 wr=33% | improve=1 sem_db=30 | 12.0s/c ETA 120s | zero_streak=2
16:43:54 WARNING omega.core.heartbeat_client: heartbeat: http://localhost:8080/api/v1/diagnostics unreachable ([Errno 61] Connection refused) — continuing
16:43:54 WARNING omega.core.heartbeat_client: heartbeat: http://localhost:8080/api/v1/nodes/victoria_v199_crisis/decisions unreachable ([Errno 61] Connection refused) — continuing
16:44:05 WARNING omega.core.heartbeat_client: heartbeat: http://localhost:8080/api/v1/diagnostics unreachable ([Errno 61] Connection refused) — continuing
16:44:05 WARNING omega.core.heartbeat_client: heartbeat: http://localhost:8080/api/v1/nodes/victoria_v199_crisis/decisions unreachable ([Errno 61] Connection refused) — continuing
16:44:17 WARNING omega.core.heartbeat_client: heartbeat: http://localhost:8080/api/v1/diagnostics unreachable ([Errno 61] Connection refused) — continuing
16:44:17 WARNING omega.core.heartbeat_client: heartbeat: http://localhost:8080/api/v1/nodes/victoria_v199_crisis/decisions unreachable ([Errno 61] Connection refused) — continuing
16:44:29 WARNING omega.core.heartbeat_client: heartbeat: http://localhost:8080/api/v1/diagnostics unreachable ([Errno 61] Connection refused) — continuing
16:44:29 WARNING omega.core.heartbeat_client: heartbeat: http://localhost:8080/api/v1/nodes/victoria_v199_crisis/decisions unreachable ([Errno 61] Connection refused) — continuing
16:44:41 WARNING omega.core.heartbeat_client: heartbeat: http://localhost:8080/api/v1/diagnostics unreachable ([Errno 61] Connection refused) — continuing
16:44:41 WARNING omega.core.heartbeat_client: heartbeat: http://localhost:8080/api/v1/nodes/victoria_v199_crisis/decisions unreachable ([Errno 61] Connection refused) — continuing
16:44:41 Cycle 195/200 [CRIS] OK       | fresh=0.0min | open= 1 closed= 63 | PnL=$-18874 wr=33% | improve=1 sem_db=30 | 12.0s/c ETA 60s | zero_streak=0
16:44:53 WARNING omega.core.heartbeat_client: heartbeat: http://localhost:8080/api/v1/diagnostics unreachable ([Errno 61] Connection refused) — continuing
16:44:53 WARNING omega.core.heartbeat_client: heartbeat: http://localhost:8080/api/v1/nodes/victoria_v199_crisis/decisions unreachable ([Errno 61] Connection refused) — continuing
16:45:04 WARNING omega.core.heartbeat_client: heartbeat: http://localhost:8080/api/v1/diagnostics unreachable ([Errno 61] Connection refused) — continuing
16:45:04 WARNING omega.core.heartbeat_client: heartbeat: http://localhost:8080/api/v1/nodes/victoria_v199_crisis/decisions unreachable ([Errno 61] Connection refused) — continuing
16:45:16 WARNING omega.core.heartbeat_client: heartbeat: http://localhost:8080/api/v1/diagnostics unreachable ([Errno 61] Connection refused) — continuing
16:45:16 WARNING omega.core.heartbeat_client: heartbeat: http://localhost:8080/api/v1/nodes/victoria_v199_crisis/decisions unreachable ([Errno 61] Connection refused) — continuing
16:45:27 WARNING omega.core.heartbeat_client: heartbeat: http://localhost:8080/api/v1/diagnostics unreachable ([Errno 61] Connection refused) — continuing
16:45:27 WARNING omega.core.heartbeat_client: heartbeat: http://localhost:8080/api/v1/nodes/victoria_v199_crisis/decisions unreachable ([Errno 61] Connection refused) — continuing
16:45:38 WARNING omega.core.heartbeat_client: heartbeat: http://localhost:8080/api/v1/diagnostics unreachable ([Errno 61] Connection refused) — continuing

[96m══════════════════════════════════════════════════════[0m
[96m══ TRAINING DIAGNOSTICS (cycle 200) ═════════════════════[0m
[96m══════════════════════════════════════════════════════[0m
  [1mREGIME:       [0m [93mCRISIS[0m (conf: 0.37)
  [1mDATA FRESH:   [0m [92m✅ 0.0min ago[0m
  [1mSIGNALS:      [0m 12/20 active
  [1mSIT-OUT:      [0m [92mNO[0m
  [1mCONVICTION:   [0m BTC: +0.01 (HOLD) | ETH: +0.04 (HOLD) | SOL: -0.08 ([91mSELL[0m) | BNB: -0.01 (HOLD) | XRP: +0.09 ([92mBUY[0m) | ADA: -0.10 ([91mSELL[0m) | DOT: +0.10 ([92mBUY[0m) | AVAX: -0.03 (HOLD) | LINK: +0.06 ([92mBUY[0m) | MATIC: -0.11 ([91mSELL[0m) | NEAR: +0.04 (HOLD)
  [1mTRADES:       [0m open=3 closed=64 | PnL=$-19318.05 | WR=33%
  [1mLONG/SHORT:   [0m longs=30 shorts=37
  [1mBLOCKERS:     [0m [92mNONE[0m
[96m══════════════════════════════════════════════════════[0m

16:45:38 WARNING omega.core.heartbeat_client: heartbeat: http://localhost:8080/api/v1/nodes/victoria_v199_crisis/decisions unreachable ([Errno 61] Connection refused) — continuing
16:45:38 Cycle 200/200 [CRIS] OK       | fresh=0.0min | open= 3 closed= 64 | PnL=$-19318 wr=33% | improve=1 sem_db=30 | 12.0s/c ETA 0s | zero_streak=2
16:45:38 WARNING omega.core.heartbeat_client: heartbeat: http://localhost:8080/api/v1/nodes/victoria_v199_crisis/lifecycle unreachable ([Errno 61] Connection refused) — continuing
16:45:38 V199_CRISIS: no baseline version found for gate comparison
16:45:38 Attribution — alpha: $-9752.41  beta: $+12471370.53  timing: $+7547457.28  selection: $+0.00
16:45:38 Attribution report  : /Users/benebsworth/projects/omega/data/v199_crisis_attribution.json
16:45:38 
16:45:38 ======================================================================
16:45:38 V199_CRISIS COMPLETE — 200 cycles in 2402s (12.01s/cycle)
16:45:38 ======================================================================
16:45:38 improve_calls         : 1
16:45:38 semantic_patterns_db  : 30
16:45:38 Closed trades         : 64  (long=28  short=36)
16:45:38 Total PnL             : $-19318.05  (engine realised: $-19318.05)
16:45:38 Win rate              : 32.8%  (21/64)
16:45:38 Profit factor         : 0.58
16:45:38 --- Observability ---
16:45:38 Zero-trade cycles     : 150 / 200  (75%)
16:45:38 Circuit breaker trips : 0
16:45:38 Final vol threshold   : 0.000
16:45:38 Metrics JSONL         : /tmp/v199_crisis_metrics.jsonl
16:45:38 Results               : /Users/benebsworth/projects/omega/data/v199_crisis_results.json
16:45:38 ======================================================================
