hmmlearn not available — using numpy GMM fallback
16:05:35 RNG seed set to 42 (deterministic mode)
16:05:35 BACKTEST MODE: WS signals disabled (whale_prints, ws_microstructure)
16:05:35 ======================================================================
16:05:35 Training Run v199_trend — 200 cycles  sleep=10s
16:05:35 CoinGecko key  : CG-YPzBAPag5...
16:05:35 Database URL   : postgres://omega:omega@localhost:5432/om...
16:05:35 Metrics JSONL  : /tmp/v199_trend_metrics.jsonl
16:05:35 Log file       : /tmp/v199_trend_training.log
16:05:35 Features ON    : ffg_gate1_enabled, ffg_gate4_enabled
16:05:35 ======================================================================
16:05:36 WARNING omega.nodes.victoria.data_cache: MacroDataCache: FRED_API_KEY not set — using DEMO_KEY (30 req/day limit). Set FRED_API_KEY env var for full access.
16:05:36 BACKTEST MODE: ingestion replaced by ReplayIngestionNode (snap_trending_2023q4, 153 steps)
16:05:36 ImprovementEngine: SyntheticEvaluator injected
16:05:36 Decision snapshots → /tmp/v199_trend_decisions.jsonl (+ Postgres if configured)
16:05:36 WARNING omega.core.heartbeat_client: heartbeat: http://localhost:8080/api/v1/nodes/victoria_v199_trend/lifecycle unreachable ([Errno 61] Connection refused) — continuing
16:05:36 SignalDecayDetector: loaded from data/signal_ic_history.json

[96m══════════════════════════════════════════════════════[0m
[96m══ TRAINING DIAGNOSTICS (cycle 0) ═══════════════════════[0m
[96m══════════════════════════════════════════════════════[0m
  [1mREGIME:       [0m [91mUNKN ⚠️[0m
  [1mDATA FRESH:   [0m [92m✅ 0.0min ago[0m
  [1mSIGNALS:      [0m [93mnone yet[0m
  [1mSIT-OUT:      [0m [92mNO[0m
  [1mCONVICTION:   [0m [93mn/a[0m
  [1mTRADES:       [0m open=0 closed=0 | PnL=$+0.00 | WR=0%
  [1mLONG/SHORT:   [0m longs=0 shorts=0
  [1mBLOCKERS:     [0m [91mRegime detector not firing | No signal data yet (first cycle?)[0m
[96m══════════════════════════════════════════════════════[0m

16:05:37 WARNING omega.nodes.victoria.data_cache: MacroDataCache: FRED_API_KEY not set — using DEMO_KEY (30 req/day limit). Set FRED_API_KEY env var for full access.
16:05:46 WARNING omega.core.heartbeat_client: heartbeat: http://localhost:8080/api/v1/diagnostics unreachable ([Errno 61] Connection refused) — continuing
16:05:46 WARNING omega.core.heartbeat_client: heartbeat: http://localhost:8080/api/v1/nodes/victoria_v199_trend/decisions unreachable ([Errno 61] Connection refused) — continuing
16:05:46 Cycle   1/200 [NORM] OK       | fresh=0.0min | open= 0 closed=  0 | PnL=$+0 wr=0% | improve=0 sem_db=30 | 10.3s/c ETA 2054s | zero_streak=1
16:05:58 WARNING omega.core.heartbeat_client: heartbeat: http://localhost:8080/api/v1/diagnostics unreachable ([Errno 61] Connection refused) — continuing
16:05:58 WARNING omega.core.heartbeat_client: heartbeat: http://localhost:8080/api/v1/nodes/victoria_v199_trend/decisions unreachable ([Errno 61] Connection refused) — continuing
16:06:10 WARNING omega.core.heartbeat_client: heartbeat: http://localhost:8080/api/v1/diagnostics unreachable ([Errno 61] Connection refused) — continuing
16:06:10 WARNING omega.core.heartbeat_client: heartbeat: http://localhost:8080/api/v1/nodes/victoria_v199_trend/decisions unreachable ([Errno 61] Connection refused) — continuing
16:06:22 WARNING omega.core.heartbeat_client: heartbeat: http://localhost:8080/api/v1/diagnostics unreachable ([Errno 61] Connection refused) — continuing
16:06:22 WARNING omega.core.heartbeat_client: heartbeat: http://localhost:8080/api/v1/nodes/victoria_v199_trend/decisions unreachable ([Errno 61] Connection refused) — continuing
16:06:34 WARNING omega.core.heartbeat_client: heartbeat: http://localhost:8080/api/v1/diagnostics unreachable ([Errno 61] Connection refused) — continuing
16:06:34 WARNING omega.core.heartbeat_client: heartbeat: http://localhost:8080/api/v1/nodes/victoria_v199_trend/decisions unreachable ([Errno 61] Connection refused) — continuing
16:06:34 Cycle   5/200 [NORM] OK       | fresh=0.0min | open= 3 closed=  1 | PnL=$-149 wr=0% | improve=0 sem_db=30 | 11.6s/c ETA 2270s | zero_streak=0
16:06:46 WARNING omega.core.heartbeat_client: heartbeat: http://localhost:8080/api/v1/diagnostics unreachable ([Errno 61] Connection refused) — continuing
16:06:46 WARNING omega.core.heartbeat_client: heartbeat: http://localhost:8080/api/v1/nodes/victoria_v199_trend/decisions unreachable ([Errno 61] Connection refused) — continuing
16:06:58 WARNING omega.core.heartbeat_client: heartbeat: http://localhost:8080/api/v1/diagnostics unreachable ([Errno 61] Connection refused) — continuing
16:06:58 WARNING omega.core.heartbeat_client: heartbeat: http://localhost:8080/api/v1/nodes/victoria_v199_trend/decisions unreachable ([Errno 61] Connection refused) — continuing
16:07:09 WARNING omega.core.heartbeat_client: heartbeat: http://localhost:8080/api/v1/diagnostics unreachable ([Errno 61] Connection refused) — continuing
16:07:09 WARNING omega.core.heartbeat_client: heartbeat: http://localhost:8080/api/v1/nodes/victoria_v199_trend/decisions unreachable ([Errno 61] Connection refused) — continuing
16:07:21 WARNING omega.core.heartbeat_client: heartbeat: http://localhost:8080/api/v1/diagnostics unreachable ([Errno 61] Connection refused) — continuing
16:07:21 WARNING omega.core.heartbeat_client: heartbeat: http://localhost:8080/api/v1/nodes/victoria_v199_trend/decisions unreachable ([Errno 61] Connection refused) — continuing
16:07:32 WARNING omega.core.heartbeat_client: heartbeat: http://localhost:8080/api/v1/diagnostics unreachable ([Errno 61] Connection refused) — continuing

[96m══════════════════════════════════════════════════════[0m
[96m══ TRAINING DIAGNOSTICS (cycle 10) ══════════════════════[0m
[96m══════════════════════════════════════════════════════[0m
  [1mREGIME:       [0m [93mCRISIS[0m (conf: 0.00)
  [1mDATA FRESH:   [0m [92m✅ 0.0min ago[0m
  [1mSIGNALS:      [0m 11/20 active
  [1mSIT-OUT:      [0m [92mNO[0m
  [1mCONVICTION:   [0m BTC: -0.16 ([91mSELL[0m) | ETH: -0.12 ([91mSELL[0m) | SOL: +0.05 (HOLD) | BNB: -0.05 ([91mSELL[0m) | XRP: +0.05 (HOLD) | ADA: +0.05 (HOLD) | DOT: +0.05 (HOLD) | AVAX: -0.08 ([91mSELL[0m) | LINK: +0.05 (HOLD) | MATIC: +0.05 (HOLD) | NEAR: +0.05 (HOLD) | SUI: +0.05 (HOLD) | ARB: +0.05 (HOLD)
  [1mTRADES:       [0m open=3 closed=3 | PnL=$+125.68 | WR=33%
  [1mLONG/SHORT:   [0m longs=3 shorts=3
  [1mBLOCKERS:     [0m [92mNONE[0m
[96m══════════════════════════════════════════════════════[0m

16:07:49 Cycle 10: SemanticMemoryNode stored 1 patterns
16:07:49 WARNING omega.core.heartbeat_client: heartbeat: http://localhost:8080/api/v1/nodes/victoria_v199_trend/decisions unreachable ([Errno 61] Connection refused) — continuing
16:07:49 Cycle  10/200 [CRIS] OK       | fresh=0.0min | open= 3 closed=  3 | PnL=$+126 wr=33% | improve=0 sem_db=30 | 13.3s/c ETA 2531s | zero_streak=1
16:07:59 WARNING omega.nodes.victoria.vrp_signal: VRP circuit breaker: zscore=-2.68 < -2.0sigma — extreme COMPLACENCY; flagging for manual review (iv=0.37 rv=0.53)
16:08:01 WARNING omega.core.heartbeat_client: heartbeat: http://localhost:8080/api/v1/diagnostics unreachable ([Errno 61] Connection refused) — continuing
16:08:01 WARNING omega.core.heartbeat_client: heartbeat: http://localhost:8080/api/v1/nodes/victoria_v199_trend/decisions unreachable ([Errno 61] Connection refused) — continuing
16:08:12 WARNING omega.core.heartbeat_client: heartbeat: http://localhost:8080/api/v1/diagnostics unreachable ([Errno 61] Connection refused) — continuing
16:08:12 WARNING omega.core.heartbeat_client: heartbeat: http://localhost:8080/api/v1/nodes/victoria_v199_trend/decisions unreachable ([Errno 61] Connection refused) — continuing
16:08:24 WARNING omega.core.heartbeat_client: heartbeat: http://localhost:8080/api/v1/diagnostics unreachable ([Errno 61] Connection refused) — continuing
16:08:24 WARNING omega.core.heartbeat_client: heartbeat: http://localhost:8080/api/v1/nodes/victoria_v199_trend/decisions unreachable ([Errno 61] Connection refused) — continuing
16:08:36 WARNING omega.core.heartbeat_client: heartbeat: http://localhost:8080/api/v1/diagnostics unreachable ([Errno 61] Connection refused) — continuing
16:08:36 WARNING omega.core.heartbeat_client: heartbeat: http://localhost:8080/api/v1/nodes/victoria_v199_trend/decisions unreachable ([Errno 61] Connection refused) — continuing
16:08:48 WARNING omega.core.heartbeat_client: heartbeat: http://localhost:8080/api/v1/diagnostics unreachable ([Errno 61] Connection refused) — continuing
16:08:48 WARNING omega.core.heartbeat_client: heartbeat: http://localhost:8080/api/v1/nodes/victoria_v199_trend/decisions unreachable ([Errno 61] Connection refused) — continuing
16:08:48 Cycle  15/200 [CRIS] OK       | fresh=0.0min | open= 1 closed=  9 | PnL=$+990 wr=44% | improve=1 sem_db=30 | 12.8s/c ETA 2372s | zero_streak=0
16:08:58 WARNING omega.nodes.victoria.vrp_signal: VRP circuit breaker: zscore=-2.05 < -2.0sigma — extreme COMPLACENCY; flagging for manual review (iv=0.37 rv=0.55)
16:09:00 WARNING omega.core.heartbeat_client: heartbeat: http://localhost:8080/api/v1/diagnostics unreachable ([Errno 61] Connection refused) — continuing
16:09:00 WARNING omega.core.heartbeat_client: heartbeat: http://localhost:8080/api/v1/nodes/victoria_v199_trend/decisions unreachable ([Errno 61] Connection refused) — continuing
16:09:12 WARNING omega.core.heartbeat_client: heartbeat: http://localhost:8080/api/v1/diagnostics unreachable ([Errno 61] Connection refused) — continuing
16:09:12 WARNING omega.core.heartbeat_client: heartbeat: http://localhost:8080/api/v1/nodes/victoria_v199_trend/decisions unreachable ([Errno 61] Connection refused) — continuing
16:09:24 WARNING omega.core.heartbeat_client: heartbeat: http://localhost:8080/api/v1/diagnostics unreachable ([Errno 61] Connection refused) — continuing
16:09:24 WARNING omega.core.heartbeat_client: heartbeat: http://localhost:8080/api/v1/nodes/victoria_v199_trend/decisions unreachable ([Errno 61] Connection refused) — continuing
16:09:36 WARNING omega.core.heartbeat_client: heartbeat: http://localhost:8080/api/v1/diagnostics unreachable ([Errno 61] Connection refused) — continuing
16:09:36 WARNING omega.core.heartbeat_client: heartbeat: http://localhost:8080/api/v1/nodes/victoria_v199_trend/decisions unreachable ([Errno 61] Connection refused) — continuing
16:09:48 WARNING omega.core.heartbeat_client: heartbeat: http://localhost:8080/api/v1/diagnostics unreachable ([Errno 61] Connection refused) — continuing

[96m══════════════════════════════════════════════════════[0m
[96m══ TRAINING DIAGNOSTICS (cycle 20) ══════════════════════[0m
[96m══════════════════════════════════════════════════════[0m
  [1mREGIME:       [0m [93mCRISIS[0m (conf: 0.38)
  [1mDATA FRESH:   [0m [92m✅ 0.0min ago[0m
  [1mSIGNALS:      [0m 11/20 active
  [1mSIT-OUT:      [0m [92mNO[0m
  [1mCONVICTION:   [0m BTC: -0.09 ([91mSELL[0m) | ETH: -0.08 ([91mSELL[0m) | SOL: +0.18 ([92mBUY[0m) | BNB: -0.10 ([91mSELL[0m) | XRP: -0.24 ([91mSELL[0m) | ADA: +0.03 (HOLD) | DOT: +0.03 (HOLD) | AVAX: +0.03 (HOLD) | LINK: +0.00 (HOLD) | MATIC: +0.18 ([92mBUY[0m) | NEAR: +0.18 ([92mBUY[0m) | SUI: +0.05 ([92mBUY[0m) | ARB: -0.18 ([91mSELL[0m)
  [1mTRADES:       [0m open=1 closed=11 | PnL=$+1450.00 | WR=55%
  [1mLONG/SHORT:   [0m longs=8 shorts=4
  [1mBLOCKERS:     [0m [92mNONE[0m
[96m══════════════════════════════════════════════════════[0m

16:10:01 WARNING omega.core.heartbeat_client: heartbeat: http://localhost:8080/api/v1/nodes/victoria_v199_trend/decisions unreachable ([Errno 61] Connection refused) — continuing
16:10:01 Cycle  20/200 [CRIS] OK       | fresh=0.0min | open= 1 closed= 11 | PnL=$+1450 wr=55% | improve=1 sem_db=30 | 13.3s/c ETA 2386s | zero_streak=1
16:10:12 WARNING omega.core.heartbeat_client: heartbeat: http://localhost:8080/api/v1/diagnostics unreachable ([Errno 61] Connection refused) — continuing
16:10:12 WARNING omega.core.heartbeat_client: heartbeat: http://localhost:8080/api/v1/nodes/victoria_v199_trend/decisions unreachable ([Errno 61] Connection refused) — continuing
16:10:24 WARNING omega.core.heartbeat_client: heartbeat: http://localhost:8080/api/v1/diagnostics unreachable ([Errno 61] Connection refused) — continuing
16:10:24 WARNING omega.core.heartbeat_client: heartbeat: http://localhost:8080/api/v1/nodes/victoria_v199_trend/decisions unreachable ([Errno 61] Connection refused) — continuing
16:10:36 WARNING omega.core.heartbeat_client: heartbeat: http://localhost:8080/api/v1/diagnostics unreachable ([Errno 61] Connection refused) — continuing
16:10:36 WARNING omega.core.heartbeat_client: heartbeat: http://localhost:8080/api/v1/nodes/victoria_v199_trend/decisions unreachable ([Errno 61] Connection refused) — continuing
16:10:49 WARNING omega.core.heartbeat_client: heartbeat: http://localhost:8080/api/v1/diagnostics unreachable ([Errno 61] Connection refused) — continuing
16:10:49 WARNING omega.core.heartbeat_client: heartbeat: http://localhost:8080/api/v1/nodes/victoria_v199_trend/decisions unreachable ([Errno 61] Connection refused) — continuing
16:11:01 WARNING omega.core.heartbeat_client: heartbeat: http://localhost:8080/api/v1/diagnostics unreachable ([Errno 61] Connection refused) — continuing
16:11:01 WARNING omega.core.heartbeat_client: heartbeat: http://localhost:8080/api/v1/nodes/victoria_v199_trend/decisions unreachable ([Errno 61] Connection refused) — continuing
16:11:01 Cycle  25/200 [HIGH] OK       | fresh=0.0min | open= 0 closed= 12 | PnL=$+3173 wr=58% | improve=1 sem_db=30 | 13.0s/c ETA 2276s | zero_streak=2
16:11:13 WARNING omega.core.heartbeat_client: heartbeat: http://localhost:8080/api/v1/diagnostics unreachable ([Errno 61] Connection refused) — continuing
16:11:13 WARNING omega.core.heartbeat_client: heartbeat: http://localhost:8080/api/v1/nodes/victoria_v199_trend/decisions unreachable ([Errno 61] Connection refused) — continuing
16:11:24 WARNING omega.core.heartbeat_client: heartbeat: http://localhost:8080/api/v1/diagnostics unreachable ([Errno 61] Connection refused) — continuing
16:11:24 WARNING omega.core.heartbeat_client: heartbeat: http://localhost:8080/api/v1/nodes/victoria_v199_trend/decisions unreachable ([Errno 61] Connection refused) — continuing
16:11:36 WARNING omega.core.heartbeat_client: heartbeat: http://localhost:8080/api/v1/diagnostics unreachable ([Errno 61] Connection refused) — continuing
16:11:36 WARNING omega.core.heartbeat_client: heartbeat: http://localhost:8080/api/v1/nodes/victoria_v199_trend/decisions unreachable ([Errno 61] Connection refused) — continuing
16:11:48 WARNING omega.core.heartbeat_client: heartbeat: http://localhost:8080/api/v1/diagnostics unreachable ([Errno 61] Connection refused) — continuing
16:11:48 WARNING omega.core.heartbeat_client: heartbeat: http://localhost:8080/api/v1/nodes/victoria_v199_trend/decisions unreachable ([Errno 61] Connection refused) — continuing
/opt/homebrew/lib/python3.14/site-packages/numpy/lib/_function_base_impl.py:3023: RuntimeWarning: invalid value encountered in divide
  c /= stddev[:, None]
/opt/homebrew/lib/python3.14/site-packages/numpy/lib/_function_base_impl.py:3024: RuntimeWarning: invalid value encountered in divide
  c /= stddev[None, :]
16:12:00 WARNING omega.core.heartbeat_client: heartbeat: http://localhost:8080/api/v1/diagnostics unreachable ([Errno 61] Connection refused) — continuing

[96m══════════════════════════════════════════════════════[0m
[96m══ TRAINING DIAGNOSTICS (cycle 30) ══════════════════════[0m
[96m══════════════════════════════════════════════════════[0m
  [1mREGIME:       [0m [93mHIGH_VOL[0m (conf: 0.38)
  [1mDATA FRESH:   [0m [92m✅ 0.0min ago[0m
  [1mSIGNALS:      [0m 11/20 active
  [1mSIT-OUT:      [0m [92mNO[0m
  [1mCONVICTION:   [0m BTC: +0.03 (HOLD) | ETH: +0.03 (HOLD) | SOL: +0.02 (HOLD) | BNB: -0.16 ([91mSELL[0m) | XRP: -0.09 ([91mSELL[0m) | ADA: +0.06 ([92mBUY[0m) | DOT: -0.04 (HOLD) | AVAX: +0.20 ([92mBUY[0m) | LINK: -0.02 (HOLD) | MATIC: -0.26 ([91mSELL[0m) | NEAR: +0.13 ([92mBUY[0m) | SUI: +0.21 ([92mBUY[0m) | ARB: -0.12 ([91mSELL[0m)
  [1mTRADES:       [0m open=1 closed=12 | PnL=$+3173.01 | WR=58%
  [1mLONG/SHORT:   [0m longs=8 shorts=5
  [1mBLOCKERS:     [0m [92mNONE[0m
[96m══════════════════════════════════════════════════════[0m

16:12:14 WARNING omega.core.heartbeat_client: heartbeat: http://localhost:8080/api/v1/nodes/victoria_v199_trend/decisions unreachable ([Errno 61] Connection refused) — continuing
16:12:14 Cycle  30/200 [HIGH] OK       | fresh=0.0min | open= 1 closed= 12 | PnL=$+3173 wr=58% | improve=1 sem_db=30 | 13.3s/c ETA 2257s | zero_streak=7
/opt/homebrew/lib/python3.14/site-packages/numpy/lib/_function_base_impl.py:3023: RuntimeWarning: invalid value encountered in divide
  c /= stddev[:, None]
/opt/homebrew/lib/python3.14/site-packages/numpy/lib/_function_base_impl.py:3024: RuntimeWarning: invalid value encountered in divide
  c /= stddev[None, :]
16:12:26 WARNING omega.core.heartbeat_client: heartbeat: http://localhost:8080/api/v1/diagnostics unreachable ([Errno 61] Connection refused) — continuing
16:12:26 WARNING omega.core.heartbeat_client: heartbeat: http://localhost:8080/api/v1/nodes/victoria_v199_trend/decisions unreachable ([Errno 61] Connection refused) — continuing
16:12:37 WARNING omega.core.heartbeat_client: heartbeat: http://localhost:8080/api/v1/diagnostics unreachable ([Errno 61] Connection refused) — continuing
16:12:37 WARNING omega.core.heartbeat_client: heartbeat: http://localhost:8080/api/v1/nodes/victoria_v199_trend/decisions unreachable ([Errno 61] Connection refused) — continuing
16:12:48 WARNING omega.core.heartbeat_client: heartbeat: http://localhost:8080/api/v1/diagnostics unreachable ([Errno 61] Connection refused) — continuing
16:12:48 WARNING omega.core.heartbeat_client: heartbeat: http://localhost:8080/api/v1/nodes/victoria_v199_trend/decisions unreachable ([Errno 61] Connection refused) — continuing
16:12:59 WARNING omega.core.heartbeat_client: heartbeat: http://localhost:8080/api/v1/diagnostics unreachable ([Errno 61] Connection refused) — continuing
16:12:59 WARNING omega.core.heartbeat_client: heartbeat: http://localhost:8080/api/v1/nodes/victoria_v199_trend/decisions unreachable ([Errno 61] Connection refused) — continuing
16:13:11 WARNING omega.core.heartbeat_client: heartbeat: http://localhost:8080/api/v1/diagnostics unreachable ([Errno 61] Connection refused) — continuing
16:13:11 WARNING omega.core.heartbeat_client: heartbeat: http://localhost:8080/api/v1/nodes/victoria_v199_trend/decisions unreachable ([Errno 61] Connection refused) — continuing
16:13:11 Cycle  35/200 [NORM] OK       | fresh=0.0min | open= 0 closed= 13 | PnL=$+2144 wr=54% | improve=1 sem_db=30 | 13.0s/c ETA 2147s | zero_streak=1
16:13:23 WARNING omega.core.heartbeat_client: heartbeat: http://localhost:8080/api/v1/diagnostics unreachable ([Errno 61] Connection refused) — continuing
16:13:23 WARNING omega.core.heartbeat_client: heartbeat: http://localhost:8080/api/v1/nodes/victoria_v199_trend/decisions unreachable ([Errno 61] Connection refused) — continuing
16:13:34 WARNING omega.core.heartbeat_client: heartbeat: http://localhost:8080/api/v1/diagnostics unreachable ([Errno 61] Connection refused) — continuing
16:13:34 WARNING omega.core.heartbeat_client: heartbeat: http://localhost:8080/api/v1/nodes/victoria_v199_trend/decisions unreachable ([Errno 61] Connection refused) — continuing
16:13:45 WARNING omega.core.heartbeat_client: heartbeat: http://localhost:8080/api/v1/diagnostics unreachable ([Errno 61] Connection refused) — continuing
16:13:45 WARNING omega.core.heartbeat_client: heartbeat: http://localhost:8080/api/v1/nodes/victoria_v199_trend/decisions unreachable ([Errno 61] Connection refused) — continuing
16:13:56 WARNING omega.core.heartbeat_client: heartbeat: http://localhost:8080/api/v1/diagnostics unreachable ([Errno 61] Connection refused) — continuing
16:13:56 WARNING omega.core.heartbeat_client: heartbeat: http://localhost:8080/api/v1/nodes/victoria_v199_trend/decisions unreachable ([Errno 61] Connection refused) — continuing
16:14:08 WARNING omega.core.heartbeat_client: heartbeat: http://localhost:8080/api/v1/diagnostics unreachable ([Errno 61] Connection refused) — continuing

[96m══════════════════════════════════════════════════════[0m
[96m══ TRAINING DIAGNOSTICS (cycle 40) ══════════════════════[0m
[96m══════════════════════════════════════════════════════[0m
  [1mREGIME:       [0m [93mNORMAL[0m (conf: 0.38)
  [1mDATA FRESH:   [0m [92m✅ 0.0min ago[0m
  [1mSIGNALS:      [0m 11/20 active
  [1mSIT-OUT:      [0m [92mNO[0m
  [1mCONVICTION:   [0m BTC: +0.09 ([92mBUY[0m) | ETH: +0.03 (HOLD) | SOL: +0.05 ([92mBUY[0m) | BNB: -0.24 ([91mSELL[0m) | XRP: -0.13 ([91mSELL[0m) | ADA: +0.09 ([92mBUY[0m) | DOT: +0.09 ([92mBUY[0m) | AVAX: +0.09 ([92mBUY[0m) | LINK: -0.04 (HOLD) | MATIC: -0.06 ([91mSELL[0m) | NEAR: +0.09 ([92mBUY[0m) | SUI: -0.01 (HOLD) | ARB: -0.05 (HOLD)
  [1mTRADES:       [0m open=4 closed=14 | PnL=$+2096.48 | WR=50%
  [1mLONG/SHORT:   [0m longs=12 shorts=6
  [1mBLOCKERS:     [0m [92mNONE[0m
[96m══════════════════════════════════════════════════════[0m

16:14:22 WARNING omega.core.heartbeat_client: heartbeat: http://localhost:8080/api/v1/nodes/victoria_v199_trend/decisions unreachable ([Errno 61] Connection refused) — continuing
16:14:22 Cycle  40/200 [NORM] OK       | fresh=0.0min | open= 4 closed= 14 | PnL=$+2096 wr=50% | improve=1 sem_db=30 | 13.1s/c ETA 2104s | zero_streak=2
/opt/homebrew/lib/python3.14/site-packages/numpy/lib/_function_base_impl.py:3023: RuntimeWarning: invalid value encountered in divide
  c /= stddev[:, None]
/opt/homebrew/lib/python3.14/site-packages/numpy/lib/_function_base_impl.py:3024: RuntimeWarning: invalid value encountered in divide
  c /= stddev[None, :]
16:14:34 WARNING omega.core.heartbeat_client: heartbeat: http://localhost:8080/api/v1/diagnostics unreachable ([Errno 61] Connection refused) — continuing
16:14:34 WARNING omega.core.heartbeat_client: heartbeat: http://localhost:8080/api/v1/nodes/victoria_v199_trend/decisions unreachable ([Errno 61] Connection refused) — continuing
16:14:46 WARNING omega.core.heartbeat_client: heartbeat: http://localhost:8080/api/v1/diagnostics unreachable ([Errno 61] Connection refused) — continuing
16:14:46 WARNING omega.core.heartbeat_client: heartbeat: http://localhost:8080/api/v1/nodes/victoria_v199_trend/decisions unreachable ([Errno 61] Connection refused) — continuing
16:14:57 WARNING omega.core.heartbeat_client: heartbeat: http://localhost:8080/api/v1/diagnostics unreachable ([Errno 61] Connection refused) — continuing
16:14:57 WARNING omega.core.heartbeat_client: heartbeat: http://localhost:8080/api/v1/nodes/victoria_v199_trend/decisions unreachable ([Errno 61] Connection refused) — continuing
16:15:08 WARNING omega.core.heartbeat_client: heartbeat: http://localhost:8080/api/v1/diagnostics unreachable ([Errno 61] Connection refused) — continuing
16:15:08 WARNING omega.core.heartbeat_client: heartbeat: http://localhost:8080/api/v1/nodes/victoria_v199_trend/decisions unreachable ([Errno 61] Connection refused) — continuing
16:15:20 WARNING omega.core.heartbeat_client: heartbeat: http://localhost:8080/api/v1/diagnostics unreachable ([Errno 61] Connection refused) — continuing
16:15:20 WARNING omega.core.heartbeat_client: heartbeat: http://localhost:8080/api/v1/nodes/victoria_v199_trend/decisions unreachable ([Errno 61] Connection refused) — continuing
16:15:20 Cycle  45/200 [NORM] OK       | fresh=0.0min | open= 2 closed= 20 | PnL=$+1993 wr=50% | improve=1 sem_db=30 | 13.0s/c ETA 2013s | zero_streak=0
16:15:32 WARNING omega.core.heartbeat_client: heartbeat: http://localhost:8080/api/v1/diagnostics unreachable ([Errno 61] Connection refused) — continuing
16:15:32 WARNING omega.core.heartbeat_client: heartbeat: http://localhost:8080/api/v1/nodes/victoria_v199_trend/decisions unreachable ([Errno 61] Connection refused) — continuing
16:15:44 WARNING omega.core.heartbeat_client: heartbeat: http://localhost:8080/api/v1/diagnostics unreachable ([Errno 61] Connection refused) — continuing
16:15:44 WARNING omega.core.heartbeat_client: heartbeat: http://localhost:8080/api/v1/nodes/victoria_v199_trend/decisions unreachable ([Errno 61] Connection refused) — continuing
16:15:59 WARNING omega.core.heartbeat_client: heartbeat: http://localhost:8080/api/v1/diagnostics unreachable ([Errno 61] Connection refused) — continuing
16:15:59 WARNING omega.core.heartbeat_client: heartbeat: http://localhost:8080/api/v1/nodes/victoria_v199_trend/decisions unreachable ([Errno 61] Connection refused) — continuing
16:16:11 WARNING omega.core.heartbeat_client: heartbeat: http://localhost:8080/api/v1/diagnostics unreachable ([Errno 61] Connection refused) — continuing
16:16:11 WARNING omega.core.heartbeat_client: heartbeat: http://localhost:8080/api/v1/nodes/victoria_v199_trend/decisions unreachable ([Errno 61] Connection refused) — continuing
16:16:23 WARNING omega.core.heartbeat_client: heartbeat: http://localhost:8080/api/v1/diagnostics unreachable ([Errno 61] Connection refused) — continuing

[96m══════════════════════════════════════════════════════[0m
[96m══ TRAINING DIAGNOSTICS (cycle 50) ══════════════════════[0m
[96m══════════════════════════════════════════════════════[0m
  [1mREGIME:       [0m [93mNORMAL[0m (conf: 0.38)
  [1mDATA FRESH:   [0m [92m✅ 0.0min ago[0m
  [1mSIGNALS:      [0m 12/20 active
  [1mSIT-OUT:      [0m [92mNO[0m
  [1mCONVICTION:   [0m BTC: -0.06 ([91mSELL[0m) | ETH: -0.09 ([91mSELL[0m) | SOL: +0.18 ([92mBUY[0m) | BNB: -0.01 (HOLD) | XRP: -0.15 ([91mSELL[0m) | ADA: +0.23 ([92mBUY[0m) | DOT: +0.21 ([92mBUY[0m) | AVAX: +0.23 ([92mBUY[0m) | LINK: -0.25 ([91mSELL[0m) | MATIC: -0.10 ([91mSELL[0m) | NEAR: +0.03 (HOLD) | SUI: -0.17 ([91mSELL[0m) | ARB: -0.07 ([91mSELL[0m)
  [1mTRADES:       [0m open=2 closed=24 | PnL=$+1029.39 | WR=46%
  [1mLONG/SHORT:   [0m longs=17 shorts=9
  [1mBLOCKERS:     [0m [92mNONE[0m
[96m══════════════════════════════════════════════════════[0m

16:16:34 WARNING omega.core.heartbeat_client: heartbeat: http://localhost:8080/api/v1/nodes/victoria_v199_trend/decisions unreachable ([Errno 61] Connection refused) — continuing
16:16:34 Cycle  50/200 [NORM] OK       | fresh=0.0min | open= 2 closed= 24 | PnL=$+1029 wr=46% | improve=1 sem_db=30 | 13.2s/c ETA 1976s | zero_streak=1
/opt/homebrew/lib/python3.14/site-packages/numpy/lib/_function_base_impl.py:3023: RuntimeWarning: invalid value encountered in divide
  c /= stddev[:, None]
/opt/homebrew/lib/python3.14/site-packages/numpy/lib/_function_base_impl.py:3024: RuntimeWarning: invalid value encountered in divide
  c /= stddev[None, :]
16:16:55 WARNING omega.core.heartbeat_client: heartbeat: http://localhost:8080/api/v1/diagnostics unreachable ([Errno 61] Connection refused) — continuing
16:16:55 WARNING omega.core.heartbeat_client: heartbeat: http://localhost:8080/api/v1/nodes/victoria_v199_trend/decisions unreachable ([Errno 61] Connection refused) — continuing
/opt/homebrew/lib/python3.14/site-packages/numpy/lib/_function_base_impl.py:3023: RuntimeWarning: invalid value encountered in divide
  c /= stddev[:, None]
/opt/homebrew/lib/python3.14/site-packages/numpy/lib/_function_base_impl.py:3024: RuntimeWarning: invalid value encountered in divide
  c /= stddev[None, :]
16:17:06 WARNING omega.core.heartbeat_client: heartbeat: http://localhost:8080/api/v1/diagnostics unreachable ([Errno 61] Connection refused) — continuing
16:17:06 WARNING omega.core.heartbeat_client: heartbeat: http://localhost:8080/api/v1/nodes/victoria_v199_trend/decisions unreachable ([Errno 61] Connection refused) — continuing
16:17:18 WARNING omega.core.heartbeat_client: heartbeat: http://localhost:8080/api/v1/diagnostics unreachable ([Errno 61] Connection refused) — continuing
16:17:18 WARNING omega.core.heartbeat_client: heartbeat: http://localhost:8080/api/v1/nodes/victoria_v199_trend/decisions unreachable ([Errno 61] Connection refused) — continuing
16:17:29 WARNING omega.core.heartbeat_client: heartbeat: http://localhost:8080/api/v1/diagnostics unreachable ([Errno 61] Connection refused) — continuing
16:17:29 WARNING omega.core.heartbeat_client: heartbeat: http://localhost:8080/api/v1/nodes/victoria_v199_trend/decisions unreachable ([Errno 61] Connection refused) — continuing
16:17:40 WARNING omega.core.heartbeat_client: heartbeat: http://localhost:8080/api/v1/diagnostics unreachable ([Errno 61] Connection refused) — continuing
16:17:40 WARNING omega.core.heartbeat_client: heartbeat: http://localhost:8080/api/v1/nodes/victoria_v199_trend/decisions unreachable ([Errno 61] Connection refused) — continuing
16:17:40 Cycle  55/200 [NORM] OK       | fresh=0.0min | open= 3 closed= 26 | PnL=$+90 wr=42% | improve=1 sem_db=30 | 13.2s/c ETA 1909s | zero_streak=1
16:17:51 WARNING omega.core.heartbeat_client: heartbeat: http://localhost:8080/api/v1/diagnostics unreachable ([Errno 61] Connection refused) — continuing
16:17:51 WARNING omega.core.heartbeat_client: heartbeat: http://localhost:8080/api/v1/nodes/victoria_v199_trend/decisions unreachable ([Errno 61] Connection refused) — continuing
16:18:03 WARNING omega.core.heartbeat_client: heartbeat: http://localhost:8080/api/v1/diagnostics unreachable ([Errno 61] Connection refused) — continuing
16:18:03 WARNING omega.core.heartbeat_client: heartbeat: http://localhost:8080/api/v1/nodes/victoria_v199_trend/decisions unreachable ([Errno 61] Connection refused) — continuing
16:18:14 WARNING omega.core.heartbeat_client: heartbeat: http://localhost:8080/api/v1/diagnostics unreachable ([Errno 61] Connection refused) — continuing
16:18:14 WARNING omega.core.heartbeat_client: heartbeat: http://localhost:8080/api/v1/nodes/victoria_v199_trend/decisions unreachable ([Errno 61] Connection refused) — continuing
16:18:27 WARNING omega.core.heartbeat_client: heartbeat: http://localhost:8080/api/v1/diagnostics unreachable ([Errno 61] Connection refused) — continuing
16:18:27 WARNING omega.core.heartbeat_client: heartbeat: http://localhost:8080/api/v1/nodes/victoria_v199_trend/decisions unreachable ([Errno 61] Connection refused) — continuing
16:18:39 WARNING omega.core.heartbeat_client: heartbeat: http://localhost:8080/api/v1/diagnostics unreachable ([Errno 61] Connection refused) — continuing

[96m══════════════════════════════════════════════════════[0m
[96m══ TRAINING DIAGNOSTICS (cycle 60) ══════════════════════[0m
[96m══════════════════════════════════════════════════════[0m
  [1mREGIME:       [0m [93mNORMAL[0m (conf: 0.38)
  [1mDATA FRESH:   [0m [92m✅ 0.0min ago[0m
  [1mSIGNALS:      [0m 12/20 active
  [1mSIT-OUT:      [0m [92mNO[0m
  [1mCONVICTION:   [0m BTC: -0.20 ([91mSELL[0m) | ETH: -0.17 ([91mSELL[0m) | SOL: +0.12 ([92mBUY[0m) | BNB: +0.12 ([92mBUY[0m) | XRP: -0.20 ([91mSELL[0m) | ADA: -0.17 ([91mSELL[0m) | DOT: +0.12 ([92mBUY[0m) | AVAX: +0.02 (HOLD) | LINK: -0.09 ([91mSELL[0m) | MATIC: +0.11 ([92mBUY[0m) | NEAR: +0.12 ([92mBUY[0m) | SUI: +0.12 ([92mBUY[0m) | ARB: +0.12 ([92mBUY[0m)
  [1mTRADES:       [0m open=4 closed=29 | PnL=$-210.49 | WR=41%
  [1mLONG/SHORT:   [0m longs=21 shorts=12
  [1mBLOCKERS:     [0m [92mNONE[0m
[96m══════════════════════════════════════════════════════[0m

16:18:39 WARNING omega.core.heartbeat_client: heartbeat: http://localhost:8080/api/v1/nodes/victoria_v199_trend/decisions unreachable ([Errno 61] Connection refused) — continuing
16:18:39 Cycle  60/200 [NORM] OK       | fresh=0.0min | open= 4 closed= 29 | PnL=$-210 wr=41% | improve=1 sem_db=30 | 13.0s/c ETA 1827s | zero_streak=1
16:18:51 WARNING omega.core.heartbeat_client: heartbeat: http://localhost:8080/api/v1/diagnostics unreachable ([Errno 61] Connection refused) — continuing
16:18:51 WARNING omega.core.heartbeat_client: heartbeat: http://localhost:8080/api/v1/nodes/victoria_v199_trend/decisions unreachable ([Errno 61] Connection refused) — continuing
16:19:03 WARNING omega.core.heartbeat_client: heartbeat: http://localhost:8080/api/v1/diagnostics unreachable ([Errno 61] Connection refused) — continuing
16:19:03 WARNING omega.core.heartbeat_client: heartbeat: http://localhost:8080/api/v1/nodes/victoria_v199_trend/decisions unreachable ([Errno 61] Connection refused) — continuing
16:19:14 WARNING omega.core.heartbeat_client: heartbeat: http://localhost:8080/api/v1/diagnostics unreachable ([Errno 61] Connection refused) — continuing
16:19:14 WARNING omega.core.heartbeat_client: heartbeat: http://localhost:8080/api/v1/nodes/victoria_v199_trend/decisions unreachable ([Errno 61] Connection refused) — continuing
16:19:26 WARNING omega.core.heartbeat_client: heartbeat: http://localhost:8080/api/v1/diagnostics unreachable ([Errno 61] Connection refused) — continuing
16:19:26 WARNING omega.core.heartbeat_client: heartbeat: http://localhost:8080/api/v1/nodes/victoria_v199_trend/decisions unreachable ([Errno 61] Connection refused) — continuing
16:19:38 WARNING omega.core.heartbeat_client: heartbeat: http://localhost:8080/api/v1/diagnostics unreachable ([Errno 61] Connection refused) — continuing
16:19:38 WARNING omega.core.heartbeat_client: heartbeat: http://localhost:8080/api/v1/nodes/victoria_v199_trend/decisions unreachable ([Errno 61] Connection refused) — continuing
16:19:38 Cycle  65/200 [CRIS] OK       | fresh=0.0min | open= 3 closed= 32 | PnL=$+1984 wr=41% | improve=1 sem_db=30 | 13.0s/c ETA 1748s | zero_streak=1
16:19:48 WARNING omega.nodes.victoria.vrp_signal: VRP circuit breaker: zscore=-3.22 < -2.0sigma — extreme COMPLACENCY; flagging for manual review (iv=0.37 rv=0.51)
16:19:50 WARNING omega.core.heartbeat_client: heartbeat: http://localhost:8080/api/v1/diagnostics unreachable ([Errno 61] Connection refused) — continuing
16:19:50 WARNING omega.core.heartbeat_client: heartbeat: http://localhost:8080/api/v1/nodes/victoria_v199_trend/decisions unreachable ([Errno 61] Connection refused) — continuing
16:20:01 WARNING omega.core.heartbeat_client: heartbeat: http://localhost:8080/api/v1/diagnostics unreachable ([Errno 61] Connection refused) — continuing
16:20:01 WARNING omega.core.heartbeat_client: heartbeat: http://localhost:8080/api/v1/nodes/victoria_v199_trend/decisions unreachable ([Errno 61] Connection refused) — continuing
16:20:13 WARNING omega.core.heartbeat_client: heartbeat: http://localhost:8080/api/v1/diagnostics unreachable ([Errno 61] Connection refused) — continuing
16:20:13 WARNING omega.core.heartbeat_client: heartbeat: http://localhost:8080/api/v1/nodes/victoria_v199_trend/decisions unreachable ([Errno 61] Connection refused) — continuing
16:20:24 WARNING omega.core.heartbeat_client: heartbeat: http://localhost:8080/api/v1/diagnostics unreachable ([Errno 61] Connection refused) — continuing
16:20:24 WARNING omega.core.heartbeat_client: heartbeat: http://localhost:8080/api/v1/nodes/victoria_v199_trend/decisions unreachable ([Errno 61] Connection refused) — continuing
16:20:35 WARNING omega.core.heartbeat_client: heartbeat: http://localhost:8080/api/v1/diagnostics unreachable ([Errno 61] Connection refused) — continuing

[96m══════════════════════════════════════════════════════[0m
[96m══ TRAINING DIAGNOSTICS (cycle 70) ══════════════════════[0m
[96m══════════════════════════════════════════════════════[0m
  [1mREGIME:       [0m [93mCRISIS[0m (conf: 0.38)
  [1mDATA FRESH:   [0m [92m✅ 0.0min ago[0m
  [1mSIGNALS:      [0m 13/20 active
  [1mSIT-OUT:      [0m [92mNO[0m
  [1mCONVICTION:   [0m BTC: +0.11 ([92mBUY[0m) | ETH: +0.03 (HOLD) | SOL: -0.05 (HOLD) | BNB: +0.26 ([92mBUY[0m) | XRP: -0.13 ([91mSELL[0m) | ADA: -0.23 ([91mSELL[0m) | DOT: -0.19 ([91mSELL[0m) | AVAX: -0.25 ([91mSELL[0m) | LINK: -0.16 ([91mSELL[0m) | MATIC: -0.13 ([91mSELL[0m) | NEAR: +0.03 (HOLD) | SUI: +0.29 ([92mBUY[0m) | ARB: +0.41 ([92mBUY[0m)
  [1mTRADES:       [0m open=2 closed=36 | PnL=$+4682.16 | WR=42%
  [1mLONG/SHORT:   [0m longs=25 shorts=13
  [1mBLOCKERS:     [0m [92mNONE[0m
[96m══════════════════════════════════════════════════════[0m

16:20:35 WARNING omega.core.heartbeat_client: heartbeat: http://localhost:8080/api/v1/nodes/victoria_v199_trend/decisions unreachable ([Errno 61] Connection refused) — continuing
16:20:35 Cycle  70/200 [CRIS] OK       | fresh=0.0min | open= 2 closed= 36 | PnL=$+4682 wr=42% | improve=1 sem_db=30 | 12.9s/c ETA 1671s | zero_streak=1
16:20:45 WARNING omega.nodes.victoria.vrp_signal: VRP circuit breaker: zscore=-2.67 < -2.0sigma — extreme COMPLACENCY; flagging for manual review (iv=0.37 rv=0.53)
16:20:50 WARNING omega.core.heartbeat_client: heartbeat: http://localhost:8080/api/v1/diagnostics unreachable ([Errno 61] Connection refused) — continuing
16:20:50 WARNING omega.core.heartbeat_client: heartbeat: http://localhost:8080/api/v1/nodes/victoria_v199_trend/decisions unreachable ([Errno 61] Connection refused) — continuing
16:21:02 WARNING omega.core.heartbeat_client: heartbeat: http://localhost:8080/api/v1/diagnostics unreachable ([Errno 61] Connection refused) — continuing
16:21:02 WARNING omega.core.heartbeat_client: heartbeat: http://localhost:8080/api/v1/nodes/victoria_v199_trend/decisions unreachable ([Errno 61] Connection refused) — continuing
16:21:14 WARNING omega.core.heartbeat_client: heartbeat: http://localhost:8080/api/v1/diagnostics unreachable ([Errno 61] Connection refused) — continuing
16:21:14 WARNING omega.core.heartbeat_client: heartbeat: http://localhost:8080/api/v1/nodes/victoria_v199_trend/decisions unreachable ([Errno 61] Connection refused) — continuing
16:21:26 WARNING omega.core.heartbeat_client: heartbeat: http://localhost:8080/api/v1/diagnostics unreachable ([Errno 61] Connection refused) — continuing
16:21:26 WARNING omega.core.heartbeat_client: heartbeat: http://localhost:8080/api/v1/nodes/victoria_v199_trend/decisions unreachable ([Errno 61] Connection refused) — continuing
16:21:37 WARNING omega.core.heartbeat_client: heartbeat: http://localhost:8080/api/v1/diagnostics unreachable ([Errno 61] Connection refused) — continuing
16:21:37 WARNING omega.core.heartbeat_client: heartbeat: http://localhost:8080/api/v1/nodes/victoria_v199_trend/decisions unreachable ([Errno 61] Connection refused) — continuing
16:21:37 Cycle  75/200 [CRIS] OK       | fresh=0.0min | open= 1 closed= 38 | PnL=$+5007 wr=42% | improve=1 sem_db=30 | 12.8s/c ETA 1602s | zero_streak=0
16:21:49 WARNING omega.core.heartbeat_client: heartbeat: http://localhost:8080/api/v1/diagnostics unreachable ([Errno 61] Connection refused) — continuing
16:21:49 WARNING omega.core.heartbeat_client: heartbeat: http://localhost:8080/api/v1/nodes/victoria_v199_trend/decisions unreachable ([Errno 61] Connection refused) — continuing
16:22:01 WARNING omega.core.heartbeat_client: heartbeat: http://localhost:8080/api/v1/diagnostics unreachable ([Errno 61] Connection refused) — continuing
16:22:01 WARNING omega.core.heartbeat_client: heartbeat: http://localhost:8080/api/v1/nodes/victoria_v199_trend/decisions unreachable ([Errno 61] Connection refused) — continuing
16:22:13 WARNING omega.core.heartbeat_client: heartbeat: http://localhost:8080/api/v1/diagnostics unreachable ([Errno 61] Connection refused) — continuing
16:22:13 WARNING omega.core.heartbeat_client: heartbeat: http://localhost:8080/api/v1/nodes/victoria_v199_trend/decisions unreachable ([Errno 61] Connection refused) — continuing
16:22:24 WARNING omega.core.heartbeat_client: heartbeat: http://localhost:8080/api/v1/diagnostics unreachable ([Errno 61] Connection refused) — continuing
16:22:24 WARNING omega.core.heartbeat_client: heartbeat: http://localhost:8080/api/v1/nodes/victoria_v199_trend/decisions unreachable ([Errno 61] Connection refused) — continuing
16:22:36 WARNING omega.core.heartbeat_client: heartbeat: http://localhost:8080/api/v1/diagnostics unreachable ([Errno 61] Connection refused) — continuing

[96m══════════════════════════════════════════════════════[0m
[96m══ TRAINING DIAGNOSTICS (cycle 80) ══════════════════════[0m
[96m══════════════════════════════════════════════════════[0m
  [1mREGIME:       [0m [93mCRISIS[0m (conf: 0.38)
  [1mDATA FRESH:   [0m [92m✅ 0.0min ago[0m
  [1mSIGNALS:      [0m 13/20 active
  [1mSIT-OUT:      [0m [92mNO[0m
  [1mCONVICTION:   [0m BTC: -0.09 ([91mSELL[0m) | ETH: +0.20 ([92mBUY[0m) | SOL: -0.09 ([91mSELL[0m) | BNB: -0.01 (HOLD) | XRP: -0.08 ([91mSELL[0m) | ADA: -0.14 ([91mSELL[0m) | DOT: -0.11 ([91mSELL[0m) | AVAX: -0.12 ([91mSELL[0m) | LINK: +0.10 ([92mBUY[0m) | MATIC: -0.14 ([91mSELL[0m) | NEAR: -0.20 ([91mSELL[0m) | SUI: +0.34 ([92mBUY[0m) | ARB: +0.33 ([92mBUY[0m)
  [1mTRADES:       [0m open=2 closed=41 | PnL=$+8049.83 | WR=44%
  [1mLONG/SHORT:   [0m longs=30 shorts=13
  [1mBLOCKERS:     [0m [92mNONE[0m
[96m══════════════════════════════════════════════════════[0m

16:22:36 WARNING omega.core.heartbeat_client: heartbeat: http://localhost:8080/api/v1/nodes/victoria_v199_trend/decisions unreachable ([Errno 61] Connection refused) — continuing
16:22:36 Cycle  80/200 [CRIS] OK       | fresh=0.0min | open= 2 closed= 41 | PnL=$+8050 wr=44% | improve=1 sem_db=30 | 12.8s/c ETA 1530s | zero_streak=0
16:22:48 WARNING omega.core.heartbeat_client: heartbeat: http://localhost:8080/api/v1/diagnostics unreachable ([Errno 61] Connection refused) — continuing
16:22:48 WARNING omega.core.heartbeat_client: heartbeat: http://localhost:8080/api/v1/nodes/victoria_v199_trend/decisions unreachable ([Errno 61] Connection refused) — continuing
16:22:59 WARNING omega.core.heartbeat_client: heartbeat: http://localhost:8080/api/v1/diagnostics unreachable ([Errno 61] Connection refused) — continuing
16:22:59 WARNING omega.core.heartbeat_client: heartbeat: http://localhost:8080/api/v1/nodes/victoria_v199_trend/decisions unreachable ([Errno 61] Connection refused) — continuing
16:23:11 WARNING omega.core.heartbeat_client: heartbeat: http://localhost:8080/api/v1/diagnostics unreachable ([Errno 61] Connection refused) — continuing
16:23:11 WARNING omega.core.heartbeat_client: heartbeat: http://localhost:8080/api/v1/nodes/victoria_v199_trend/decisions unreachable ([Errno 61] Connection refused) — continuing
16:23:22 WARNING omega.core.heartbeat_client: heartbeat: http://localhost:8080/api/v1/diagnostics unreachable ([Errno 61] Connection refused) — continuing
16:23:22 WARNING omega.core.heartbeat_client: heartbeat: http://localhost:8080/api/v1/nodes/victoria_v199_trend/decisions unreachable ([Errno 61] Connection refused) — continuing
16:23:34 WARNING omega.core.heartbeat_client: heartbeat: http://localhost:8080/api/v1/diagnostics unreachable ([Errno 61] Connection refused) — continuing
16:23:34 WARNING omega.core.heartbeat_client: heartbeat: http://localhost:8080/api/v1/nodes/victoria_v199_trend/decisions unreachable ([Errno 61] Connection refused) — continuing
16:23:34 Cycle  85/200 [CRIS] OK       | fresh=0.0min | open= 1 closed= 45 | PnL=$+6306 wr=40% | improve=1 sem_db=30 | 12.7s/c ETA 1459s | zero_streak=0
16:23:46 WARNING omega.core.heartbeat_client: heartbeat: http://localhost:8080/api/v1/diagnostics unreachable ([Errno 61] Connection refused) — continuing
16:23:46 WARNING omega.core.heartbeat_client: heartbeat: http://localhost:8080/api/v1/nodes/victoria_v199_trend/decisions unreachable ([Errno 61] Connection refused) — continuing
16:23:58 WARNING omega.core.heartbeat_client: heartbeat: http://localhost:8080/api/v1/diagnostics unreachable ([Errno 61] Connection refused) — continuing
16:23:58 WARNING omega.core.heartbeat_client: heartbeat: http://localhost:8080/api/v1/nodes/victoria_v199_trend/decisions unreachable ([Errno 61] Connection refused) — continuing
16:24:10 WARNING omega.core.heartbeat_client: heartbeat: http://localhost:8080/api/v1/diagnostics unreachable ([Errno 61] Connection refused) — continuing
16:24:10 WARNING omega.core.heartbeat_client: heartbeat: http://localhost:8080/api/v1/nodes/victoria_v199_trend/decisions unreachable ([Errno 61] Connection refused) — continuing
16:24:21 WARNING omega.core.heartbeat_client: heartbeat: http://localhost:8080/api/v1/diagnostics unreachable ([Errno 61] Connection refused) — continuing
16:24:21 WARNING omega.core.heartbeat_client: heartbeat: http://localhost:8080/api/v1/nodes/victoria_v199_trend/decisions unreachable ([Errno 61] Connection refused) — continuing
16:24:33 WARNING omega.core.heartbeat_client: heartbeat: http://localhost:8080/api/v1/diagnostics unreachable ([Errno 61] Connection refused) — continuing

[96m══════════════════════════════════════════════════════[0m
[96m══ TRAINING DIAGNOSTICS (cycle 90) ══════════════════════[0m
[96m══════════════════════════════════════════════════════[0m
  [1mREGIME:       [0m [93mNORMAL[0m (conf: 0.38)
  [1mDATA FRESH:   [0m [92m✅ 0.0min ago[0m
  [1mSIGNALS:      [0m 12/20 active
  [1mSIT-OUT:      [0m [92mNO[0m
  [1mCONVICTION:   [0m BTC: +0.03 (HOLD) | ETH: -0.07 ([91mSELL[0m) | SOL: +0.01 (HOLD) | BNB: +0.09 ([92mBUY[0m) | XRP: -0.03 (HOLD) | ADA: -0.07 ([91mSELL[0m) | DOT: -0.10 ([91mSELL[0m) | AVAX: -0.07 ([91mSELL[0m) | LINK: +0.04 (HOLD) | MATIC: -0.07 ([91mSELL[0m) | NEAR: -0.15 ([91mSELL[0m) | SUI: +0.51 ([92mBUY[0m) | ARB: -0.14 ([91mSELL[0m)
  [1mTRADES:       [0m open=1 closed=47 | PnL=$+6358.01 | WR=40%
  [1mLONG/SHORT:   [0m longs=33 shorts=15
  [1mBLOCKERS:     [0m [92mNONE[0m
[96m══════════════════════════════════════════════════════[0m

16:24:33 WARNING omega.core.heartbeat_client: heartbeat: http://localhost:8080/api/v1/nodes/victoria_v199_trend/decisions unreachable ([Errno 61] Connection refused) — continuing
16:24:33 Cycle  90/200 [NORM] OK       | fresh=0.0min | open= 1 closed= 47 | PnL=$+6358 wr=40% | improve=1 sem_db=30 | 12.6s/c ETA 1390s | zero_streak=1
16:24:44 WARNING omega.core.heartbeat_client: heartbeat: http://localhost:8080/api/v1/diagnostics unreachable ([Errno 61] Connection refused) — continuing
16:24:44 WARNING omega.core.heartbeat_client: heartbeat: http://localhost:8080/api/v1/nodes/victoria_v199_trend/decisions unreachable ([Errno 61] Connection refused) — continuing
16:24:56 WARNING omega.core.heartbeat_client: heartbeat: http://localhost:8080/api/v1/diagnostics unreachable ([Errno 61] Connection refused) — continuing
16:24:56 WARNING omega.core.heartbeat_client: heartbeat: http://localhost:8080/api/v1/nodes/victoria_v199_trend/decisions unreachable ([Errno 61] Connection refused) — continuing
16:25:08 WARNING omega.core.heartbeat_client: heartbeat: http://localhost:8080/api/v1/diagnostics unreachable ([Errno 61] Connection refused) — continuing
16:25:08 WARNING omega.core.heartbeat_client: heartbeat: http://localhost:8080/api/v1/nodes/victoria_v199_trend/decisions unreachable ([Errno 61] Connection refused) — continuing
16:25:19 WARNING omega.core.heartbeat_client: heartbeat: http://localhost:8080/api/v1/diagnostics unreachable ([Errno 61] Connection refused) — continuing
16:25:19 WARNING omega.core.heartbeat_client: heartbeat: http://localhost:8080/api/v1/nodes/victoria_v199_trend/decisions unreachable ([Errno 61] Connection refused) — continuing
16:25:30 WARNING omega.core.heartbeat_client: heartbeat: http://localhost:8080/api/v1/diagnostics unreachable ([Errno 61] Connection refused) — continuing
16:25:30 WARNING omega.core.heartbeat_client: heartbeat: http://localhost:8080/api/v1/nodes/victoria_v199_trend/decisions unreachable ([Errno 61] Connection refused) — continuing
16:25:30 Cycle  95/200 [NORM] OK       | fresh=0.0min | open= 2 closed= 48 | PnL=$+6829 wr=42% | improve=1 sem_db=30 | 12.6s/c ETA 1320s | zero_streak=2
16:25:41 WARNING omega.core.heartbeat_client: heartbeat: http://localhost:8080/api/v1/diagnostics unreachable ([Errno 61] Connection refused) — continuing
16:25:41 WARNING omega.core.heartbeat_client: heartbeat: http://localhost:8080/api/v1/nodes/victoria_v199_trend/decisions unreachable ([Errno 61] Connection refused) — continuing
16:25:53 WARNING omega.core.heartbeat_client: heartbeat: http://localhost:8080/api/v1/diagnostics unreachable ([Errno 61] Connection refused) — continuing
16:25:53 WARNING omega.core.heartbeat_client: heartbeat: http://localhost:8080/api/v1/nodes/victoria_v199_trend/decisions unreachable ([Errno 61] Connection refused) — continuing
16:26:06 WARNING omega.core.heartbeat_client: heartbeat: http://localhost:8080/api/v1/diagnostics unreachable ([Errno 61] Connection refused) — continuing
16:26:06 WARNING omega.core.heartbeat_client: heartbeat: http://localhost:8080/api/v1/nodes/victoria_v199_trend/decisions unreachable ([Errno 61] Connection refused) — continuing
16:26:17 WARNING omega.core.heartbeat_client: heartbeat: http://localhost:8080/api/v1/diagnostics unreachable ([Errno 61] Connection refused) — continuing
16:26:17 WARNING omega.core.heartbeat_client: heartbeat: http://localhost:8080/api/v1/nodes/victoria_v199_trend/decisions unreachable ([Errno 61] Connection refused) — continuing
16:26:29 WARNING omega.core.heartbeat_client: heartbeat: http://localhost:8080/api/v1/diagnostics unreachable ([Errno 61] Connection refused) — continuing

[96m══════════════════════════════════════════════════════[0m
[96m══ TRAINING DIAGNOSTICS (cycle 100) ═════════════════════[0m
[96m══════════════════════════════════════════════════════[0m
  [1mREGIME:       [0m [93mHIGH_VOL[0m (conf: 0.38)
  [1mDATA FRESH:   [0m [92m✅ 0.0min ago[0m
  [1mSIGNALS:      [0m 12/20 active
  [1mSIT-OUT:      [0m [92mNO[0m
  [1mCONVICTION:   [0m BTC: +0.01 (HOLD) | ETH: -0.09 ([91mSELL[0m) | SOL: +0.04 (HOLD) | BNB: -0.10 ([91mSELL[0m) | XRP: -0.16 ([91mSELL[0m) | ADA: -0.03 (HOLD) | DOT: -0.04 (HOLD) | AVAX: +0.11 ([92mBUY[0m) | LINK: +0.26 ([92mBUY[0m) | MATIC: -0.02 (HOLD) | NEAR: -0.14 ([91mSELL[0m) | SUI: +0.26 ([92mBUY[0m) | ARB: -0.10 ([91mSELL[0m)
  [1mTRADES:       [0m open=1 closed=50 | PnL=$+6974.30 | WR=42%
  [1mLONG/SHORT:   [0m longs=33 shorts=18
  [1mBLOCKERS:     [0m [92mNONE[0m
[96m══════════════════════════════════════════════════════[0m

16:26:29 WARNING omega.core.heartbeat_client: heartbeat: http://localhost:8080/api/v1/nodes/victoria_v199_trend/decisions unreachable ([Errno 61] Connection refused) — continuing
16:26:29 Cycle 100/200 [HIGH] OK       | fresh=0.0min | open= 1 closed= 50 | PnL=$+6974 wr=42% | improve=1 sem_db=30 | 12.5s/c ETA 1253s | zero_streak=0
16:26:40 WARNING omega.core.heartbeat_client: heartbeat: http://localhost:8080/api/v1/diagnostics unreachable ([Errno 61] Connection refused) — continuing
16:26:40 WARNING omega.core.heartbeat_client: heartbeat: http://localhost:8080/api/v1/nodes/victoria_v199_trend/decisions unreachable ([Errno 61] Connection refused) — continuing
16:26:51 WARNING omega.core.heartbeat_client: heartbeat: http://localhost:8080/api/v1/diagnostics unreachable ([Errno 61] Connection refused) — continuing
16:26:51 WARNING omega.core.heartbeat_client: heartbeat: http://localhost:8080/api/v1/nodes/victoria_v199_trend/decisions unreachable ([Errno 61] Connection refused) — continuing
16:27:03 WARNING omega.core.heartbeat_client: heartbeat: http://localhost:8080/api/v1/diagnostics unreachable ([Errno 61] Connection refused) — continuing
16:27:03 WARNING omega.core.heartbeat_client: heartbeat: http://localhost:8080/api/v1/nodes/victoria_v199_trend/decisions unreachable ([Errno 61] Connection refused) — continuing
16:27:14 WARNING omega.core.heartbeat_client: heartbeat: http://localhost:8080/api/v1/diagnostics unreachable ([Errno 61] Connection refused) — continuing
16:27:14 WARNING omega.core.heartbeat_client: heartbeat: http://localhost:8080/api/v1/nodes/victoria_v199_trend/decisions unreachable ([Errno 61] Connection refused) — continuing
16:27:26 WARNING omega.core.heartbeat_client: heartbeat: http://localhost:8080/api/v1/diagnostics unreachable ([Errno 61] Connection refused) — continuing
16:27:26 WARNING omega.core.heartbeat_client: heartbeat: http://localhost:8080/api/v1/nodes/victoria_v199_trend/decisions unreachable ([Errno 61] Connection refused) — continuing
16:27:26 Cycle 105/200 [HIGH] OK       | fresh=0.0min | open= 2 closed= 55 | PnL=$+4969 wr=38% | improve=1 sem_db=30 | 12.5s/c ETA 1185s | zero_streak=0
16:27:37 WARNING omega.core.heartbeat_client: heartbeat: http://localhost:8080/api/v1/diagnostics unreachable ([Errno 61] Connection refused) — continuing
16:27:37 WARNING omega.core.heartbeat_client: heartbeat: http://localhost:8080/api/v1/nodes/victoria_v199_trend/decisions unreachable ([Errno 61] Connection refused) — continuing
16:27:49 WARNING omega.core.heartbeat_client: heartbeat: http://localhost:8080/api/v1/diagnostics unreachable ([Errno 61] Connection refused) — continuing
16:27:49 WARNING omega.core.heartbeat_client: heartbeat: http://localhost:8080/api/v1/nodes/victoria_v199_trend/decisions unreachable ([Errno 61] Connection refused) — continuing
16:28:00 WARNING omega.core.heartbeat_client: heartbeat: http://localhost:8080/api/v1/diagnostics unreachable ([Errno 61] Connection refused) — continuing
16:28:00 WARNING omega.core.heartbeat_client: heartbeat: http://localhost:8080/api/v1/nodes/victoria_v199_trend/decisions unreachable ([Errno 61] Connection refused) — continuing
16:28:12 WARNING omega.core.heartbeat_client: heartbeat: http://localhost:8080/api/v1/diagnostics unreachable ([Errno 61] Connection refused) — continuing
16:28:12 WARNING omega.core.heartbeat_client: heartbeat: http://localhost:8080/api/v1/nodes/victoria_v199_trend/decisions unreachable ([Errno 61] Connection refused) — continuing
16:28:22 WARNING omega.core.heartbeat_client: heartbeat: http://localhost:8080/api/v1/diagnostics unreachable ([Errno 61] Connection refused) — continuing

[96m══════════════════════════════════════════════════════[0m
[96m══ TRAINING DIAGNOSTICS (cycle 110) ═════════════════════[0m
[96m══════════════════════════════════════════════════════[0m
  [1mREGIME:       [0m [93mHIGH_VOL[0m (conf: 0.38)
  [1mDATA FRESH:   [0m [92m✅ 0.0min ago[0m
  [1mSIGNALS:      [0m 12/20 active
  [1mSIT-OUT:      [0m [92mNO[0m
  [1mCONVICTION:   [0m BTC: +0.04 (HOLD) | ETH: +0.04 (HOLD) | SOL: +0.01 (HOLD) | BNB: -0.04 (HOLD) | XRP: -0.15 ([91mSELL[0m) | ADA: +0.01 (HOLD) | DOT: -0.06 ([91mSELL[0m) | AVAX: +0.04 (HOLD) | LINK: +0.04 (HOLD) | MATIC: -0.04 (HOLD) | NEAR: +0.04 (HOLD) | SUI: +0.04 (HOLD) | ARB: +0.01 (HOLD)
  [1mTRADES:       [0m open=0 closed=57 | PnL=$+2636.09 | WR=37%
  [1mLONG/SHORT:   [0m longs=33 shorts=24
  [1mBLOCKERS:     [0m [92mNONE[0m
[96m══════════════════════════════════════════════════════[0m

16:28:22 WARNING omega.core.heartbeat_client: heartbeat: http://localhost:8080/api/v1/nodes/victoria_v199_trend/decisions unreachable ([Errno 61] Connection refused) — continuing
16:28:22 Cycle 110/200 [HIGH] OK       | fresh=0.0min | open= 0 closed= 57 | PnL=$+2636 wr=37% | improve=1 sem_db=30 | 12.4s/c ETA 1118s | zero_streak=4
16:28:34 WARNING omega.core.heartbeat_client: heartbeat: http://localhost:8080/api/v1/diagnostics unreachable ([Errno 61] Connection refused) — continuing
16:28:34 WARNING omega.core.heartbeat_client: heartbeat: http://localhost:8080/api/v1/nodes/victoria_v199_trend/decisions unreachable ([Errno 61] Connection refused) — continuing
16:28:46 WARNING omega.core.heartbeat_client: heartbeat: http://localhost:8080/api/v1/diagnostics unreachable ([Errno 61] Connection refused) — continuing
16:28:46 WARNING omega.core.heartbeat_client: heartbeat: http://localhost:8080/api/v1/nodes/victoria_v199_trend/decisions unreachable ([Errno 61] Connection refused) — continuing
16:28:57 WARNING omega.core.heartbeat_client: heartbeat: http://localhost:8080/api/v1/diagnostics unreachable ([Errno 61] Connection refused) — continuing
16:28:57 WARNING omega.core.heartbeat_client: heartbeat: http://localhost:8080/api/v1/nodes/victoria_v199_trend/decisions unreachable ([Errno 61] Connection refused) — continuing
16:29:08 WARNING omega.core.heartbeat_client: heartbeat: http://localhost:8080/api/v1/diagnostics unreachable ([Errno 61] Connection refused) — continuing
16:29:08 WARNING omega.core.heartbeat_client: heartbeat: http://localhost:8080/api/v1/nodes/victoria_v199_trend/decisions unreachable ([Errno 61] Connection refused) — continuing
16:29:19 WARNING omega.core.heartbeat_client: heartbeat: http://localhost:8080/api/v1/diagnostics unreachable ([Errno 61] Connection refused) — continuing
16:29:19 WARNING omega.core.heartbeat_client: heartbeat: http://localhost:8080/api/v1/nodes/victoria_v199_trend/decisions unreachable ([Errno 61] Connection refused) — continuing
16:29:19 Cycle 115/200 [NORM] OK       | fresh=0.0min | open= 0 closed= 58 | PnL=$+1744 wr=36% | improve=1 sem_db=30 | 12.4s/c ETA 1052s | zero_streak=3
16:29:31 WARNING omega.core.heartbeat_client: heartbeat: http://localhost:8080/api/v1/diagnostics unreachable ([Errno 61] Connection refused) — continuing
16:29:31 WARNING omega.core.heartbeat_client: heartbeat: http://localhost:8080/api/v1/nodes/victoria_v199_trend/decisions unreachable ([Errno 61] Connection refused) — continuing
16:29:43 WARNING omega.core.heartbeat_client: heartbeat: http://localhost:8080/api/v1/diagnostics unreachable ([Errno 61] Connection refused) — continuing
16:29:43 WARNING omega.core.heartbeat_client: heartbeat: http://localhost:8080/api/v1/nodes/victoria_v199_trend/decisions unreachable ([Errno 61] Connection refused) — continuing
16:29:54 WARNING omega.core.heartbeat_client: heartbeat: http://localhost:8080/api/v1/diagnostics unreachable ([Errno 61] Connection refused) — continuing
16:29:54 WARNING omega.core.heartbeat_client: heartbeat: http://localhost:8080/api/v1/nodes/victoria_v199_trend/decisions unreachable ([Errno 61] Connection refused) — continuing
16:30:06 WARNING omega.core.heartbeat_client: heartbeat: http://localhost:8080/api/v1/diagnostics unreachable ([Errno 61] Connection refused) — continuing
16:30:06 WARNING omega.core.heartbeat_client: heartbeat: http://localhost:8080/api/v1/nodes/victoria_v199_trend/decisions unreachable ([Errno 61] Connection refused) — continuing
16:30:18 WARNING omega.core.heartbeat_client: heartbeat: http://localhost:8080/api/v1/diagnostics unreachable ([Errno 61] Connection refused) — continuing

[96m══════════════════════════════════════════════════════[0m
[96m══ TRAINING DIAGNOSTICS (cycle 120) ═════════════════════[0m
[96m══════════════════════════════════════════════════════[0m
  [1mREGIME:       [0m [93mNORMAL[0m (conf: 0.37)
  [1mDATA FRESH:   [0m [92m✅ 0.0min ago[0m
  [1mSIGNALS:      [0m 12/20 active
  [1mSIT-OUT:      [0m [92mNO[0m
  [1mCONVICTION:   [0m BTC: +0.04 (HOLD) | ETH: +0.23 ([92mBUY[0m) | SOL: -0.19 ([91mSELL[0m) | BNB: +0.27 ([92mBUY[0m) | XRP: -0.05 ([91mSELL[0m) | ADA: +0.02 (HOLD) | DOT: +0.04 (HOLD) | AVAX: -0.19 ([91mSELL[0m) | LINK: -0.20 ([91mSELL[0m) | MATIC: +0.21 ([92mBUY[0m) | NEAR: +0.25 ([92mBUY[0m) | SUI: -0.20 ([91mSELL[0m) | ARB: -0.24 ([91mSELL[0m)
  [1mTRADES:       [0m open=3 closed=60 | PnL=$+1113.12 | WR=35%
  [1mLONG/SHORT:   [0m longs=35 shorts=28
  [1mBLOCKERS:     [0m [92mNONE[0m
[96m══════════════════════════════════════════════════════[0m

16:30:18 WARNING omega.core.heartbeat_client: heartbeat: http://localhost:8080/api/v1/nodes/victoria_v199_trend/decisions unreachable ([Errno 61] Connection refused) — continuing
16:30:18 Cycle 120/200 [NORM] OK       | fresh=0.0min | open= 3 closed= 60 | PnL=$+1113 wr=35% | improve=1 sem_db=30 | 12.4s/c ETA 988s | zero_streak=1
16:30:29 WARNING omega.core.heartbeat_client: heartbeat: http://localhost:8080/api/v1/diagnostics unreachable ([Errno 61] Connection refused) — continuing
16:30:29 WARNING omega.core.heartbeat_client: heartbeat: http://localhost:8080/api/v1/nodes/victoria_v199_trend/decisions unreachable ([Errno 61] Connection refused) — continuing
16:30:41 WARNING omega.core.heartbeat_client: heartbeat: http://localhost:8080/api/v1/diagnostics unreachable ([Errno 61] Connection refused) — continuing
16:30:41 WARNING omega.core.heartbeat_client: heartbeat: http://localhost:8080/api/v1/nodes/victoria_v199_trend/decisions unreachable ([Errno 61] Connection refused) — continuing
16:30:52 WARNING omega.core.heartbeat_client: heartbeat: http://localhost:8080/api/v1/diagnostics unreachable ([Errno 61] Connection refused) — continuing
16:30:52 WARNING omega.core.heartbeat_client: heartbeat: http://localhost:8080/api/v1/nodes/victoria_v199_trend/decisions unreachable ([Errno 61] Connection refused) — continuing
16:31:04 WARNING omega.core.heartbeat_client: heartbeat: http://localhost:8080/api/v1/diagnostics unreachable ([Errno 61] Connection refused) — continuing
16:31:04 WARNING omega.core.heartbeat_client: heartbeat: http://localhost:8080/api/v1/nodes/victoria_v199_trend/decisions unreachable ([Errno 61] Connection refused) — continuing
16:31:16 WARNING omega.core.heartbeat_client: heartbeat: http://localhost:8080/api/v1/diagnostics unreachable ([Errno 61] Connection refused) — continuing
16:31:16 WARNING omega.core.heartbeat_client: heartbeat: http://localhost:8080/api/v1/nodes/victoria_v199_trend/decisions unreachable ([Errno 61] Connection refused) — continuing
16:31:16 Cycle 125/200 [NORM] OK       | fresh=0.0min | open= 3 closed= 62 | PnL=$+730 wr=34% | improve=1 sem_db=30 | 12.3s/c ETA 924s | zero_streak=2
16:31:28 WARNING omega.core.heartbeat_client: heartbeat: http://localhost:8080/api/v1/diagnostics unreachable ([Errno 61] Connection refused) — continuing
16:31:28 WARNING omega.core.heartbeat_client: heartbeat: http://localhost:8080/api/v1/nodes/victoria_v199_trend/decisions unreachable ([Errno 61] Connection refused) — continuing
16:31:40 WARNING omega.core.heartbeat_client: heartbeat: http://localhost:8080/api/v1/diagnostics unreachable ([Errno 61] Connection refused) — continuing
16:31:40 WARNING omega.core.heartbeat_client: heartbeat: http://localhost:8080/api/v1/nodes/victoria_v199_trend/decisions unreachable ([Errno 61] Connection refused) — continuing
16:31:50 WARNING omega.nodes.victoria.vrp_signal: VRP circuit breaker: zscore=-2.91 < -2.0sigma — extreme COMPLACENCY; flagging for manual review (iv=0.37 rv=0.62)
16:31:52 WARNING omega.core.heartbeat_client: heartbeat: http://localhost:8080/api/v1/diagnostics unreachable ([Errno 61] Connection refused) — continuing
16:31:52 WARNING omega.core.heartbeat_client: heartbeat: http://localhost:8080/api/v1/nodes/victoria_v199_trend/decisions unreachable ([Errno 61] Connection refused) — continuing
16:32:03 WARNING omega.core.heartbeat_client: heartbeat: http://localhost:8080/api/v1/diagnostics unreachable ([Errno 61] Connection refused) — continuing
16:32:03 WARNING omega.core.heartbeat_client: heartbeat: http://localhost:8080/api/v1/nodes/victoria_v199_trend/decisions unreachable ([Errno 61] Connection refused) — continuing
16:32:15 WARNING omega.core.heartbeat_client: heartbeat: http://localhost:8080/api/v1/diagnostics unreachable ([Errno 61] Connection refused) — continuing

[96m══════════════════════════════════════════════════════[0m
[96m══ TRAINING DIAGNOSTICS (cycle 130) ═════════════════════[0m
[96m══════════════════════════════════════════════════════[0m
  [1mREGIME:       [0m [93mCRISIS[0m (conf: 0.38)
  [1mDATA FRESH:   [0m [92m✅ 0.0min ago[0m
  [1mSIGNALS:      [0m 12/20 active
  [1mSIT-OUT:      [0m [92mNO[0m
  [1mCONVICTION:   [0m BTC: +0.11 ([92mBUY[0m) | ETH: +0.11 ([92mBUY[0m) | SOL: +0.11 ([92mBUY[0m) | BNB: +0.05 ([92mBUY[0m) | XRP: +0.02 (HOLD) | ADA: +0.11 ([92mBUY[0m) | DOT: +0.11 ([92mBUY[0m) | AVAX: -0.05 ([91mSELL[0m) | LINK: -0.13 ([91mSELL[0m) | MATIC: +0.03 (HOLD) | NEAR: +0.11 ([92mBUY[0m) | SUI: -0.50 ([91mSELL[0m) | ARB: -0.08 ([91mSELL[0m)
  [1mTRADES:       [0m open=4 closed=65 | PnL=$+1367.62 | WR=34%
  [1mLONG/SHORT:   [0m longs=38 shorts=31
  [1mBLOCKERS:     [0m [92mNONE[0m
[96m══════════════════════════════════════════════════════[0m

16:32:15 WARNING omega.core.heartbeat_client: heartbeat: http://localhost:8080/api/v1/nodes/victoria_v199_trend/decisions unreachable ([Errno 61] Connection refused) — continuing
16:32:15 Cycle 130/200 [CRIS] OK       | fresh=0.0min | open= 4 closed= 65 | PnL=$+1368 wr=34% | improve=1 sem_db=30 | 12.3s/c ETA 861s | zero_streak=1
16:32:26 WARNING omega.core.heartbeat_client: heartbeat: http://localhost:8080/api/v1/diagnostics unreachable ([Errno 61] Connection refused) — continuing
16:32:26 WARNING omega.core.heartbeat_client: heartbeat: http://localhost:8080/api/v1/nodes/victoria_v199_trend/decisions unreachable ([Errno 61] Connection refused) — continuing
16:32:41 WARNING omega.core.heartbeat_client: heartbeat: http://localhost:8080/api/v1/diagnostics unreachable ([Errno 61] Connection refused) — continuing
16:32:41 WARNING omega.core.heartbeat_client: heartbeat: http://localhost:8080/api/v1/nodes/victoria_v199_trend/decisions unreachable ([Errno 61] Connection refused) — continuing
16:32:54 WARNING omega.core.heartbeat_client: heartbeat: http://localhost:8080/api/v1/diagnostics unreachable ([Errno 61] Connection refused) — continuing
16:32:54 WARNING omega.core.heartbeat_client: heartbeat: http://localhost:8080/api/v1/nodes/victoria_v199_trend/decisions unreachable ([Errno 61] Connection refused) — continuing
16:33:06 WARNING omega.core.heartbeat_client: heartbeat: http://localhost:8080/api/v1/diagnostics unreachable ([Errno 61] Connection refused) — continuing
16:33:06 WARNING omega.core.heartbeat_client: heartbeat: http://localhost:8080/api/v1/nodes/victoria_v199_trend/decisions unreachable ([Errno 61] Connection refused) — continuing
16:33:19 WARNING omega.core.heartbeat_client: heartbeat: http://localhost:8080/api/v1/diagnostics unreachable ([Errno 61] Connection refused) — continuing
16:33:19 WARNING omega.core.heartbeat_client: heartbeat: http://localhost:8080/api/v1/nodes/victoria_v199_trend/decisions unreachable ([Errno 61] Connection refused) — continuing
16:33:19 Cycle 135/200 [CRIS] OK       | fresh=0.0min | open= 2 closed= 71 | PnL=$+4890 wr=34% | improve=1 sem_db=30 | 12.3s/c ETA 801s | zero_streak=0
16:33:31 WARNING omega.core.heartbeat_client: heartbeat: http://localhost:8080/api/v1/diagnostics unreachable ([Errno 61] Connection refused) — continuing
16:33:31 WARNING omega.core.heartbeat_client: heartbeat: http://localhost:8080/api/v1/nodes/victoria_v199_trend/decisions unreachable ([Errno 61] Connection refused) — continuing
16:33:43 WARNING omega.core.heartbeat_client: heartbeat: http://localhost:8080/api/v1/diagnostics unreachable ([Errno 61] Connection refused) — continuing
16:33:43 WARNING omega.core.heartbeat_client: heartbeat: http://localhost:8080/api/v1/nodes/victoria_v199_trend/decisions unreachable ([Errno 61] Connection refused) — continuing
16:33:55 WARNING omega.core.heartbeat_client: heartbeat: http://localhost:8080/api/v1/diagnostics unreachable ([Errno 61] Connection refused) — continuing
16:33:55 WARNING omega.core.heartbeat_client: heartbeat: http://localhost:8080/api/v1/nodes/victoria_v199_trend/decisions unreachable ([Errno 61] Connection refused) — continuing
16:34:07 WARNING omega.core.heartbeat_client: heartbeat: http://localhost:8080/api/v1/diagnostics unreachable ([Errno 61] Connection refused) — continuing
16:34:07 WARNING omega.core.heartbeat_client: heartbeat: http://localhost:8080/api/v1/nodes/victoria_v199_trend/decisions unreachable ([Errno 61] Connection refused) — continuing
16:34:18 WARNING omega.core.heartbeat_client: heartbeat: http://localhost:8080/api/v1/diagnostics unreachable ([Errno 61] Connection refused) — continuing

[96m══════════════════════════════════════════════════════[0m
[96m══ TRAINING DIAGNOSTICS (cycle 140) ═════════════════════[0m
[96m══════════════════════════════════════════════════════[0m
  [1mREGIME:       [0m [93mCRISIS[0m (conf: 0.38)
  [1mDATA FRESH:   [0m [92m✅ 0.0min ago[0m
  [1mSIGNALS:      [0m 13/20 active
  [1mSIT-OUT:      [0m [92mNO[0m
  [1mCONVICTION:   [0m BTC: +0.02 (HOLD) | ETH: -0.07 ([91mSELL[0m) | SOL: +0.20 ([92mBUY[0m) | BNB: +0.20 ([92mBUY[0m) | XRP: -0.06 ([91mSELL[0m) | ADA: -0.13 ([91mSELL[0m) | DOT: +0.10 ([92mBUY[0m) | AVAX: +0.20 ([92mBUY[0m) | LINK: -0.21 ([91mSELL[0m) | MATIC: -0.04 (HOLD) | NEAR: +0.20 ([92mBUY[0m) | SUI: -0.11 ([91mSELL[0m) | ARB: -0.29 ([91mSELL[0m)
  [1mTRADES:       [0m open=2 closed=75 | PnL=$+5008.28 | WR=35%
  [1mLONG/SHORT:   [0m longs=45 shorts=32
  [1mBLOCKERS:     [0m [92mNONE[0m
[96m══════════════════════════════════════════════════════[0m

16:34:18 WARNING omega.core.heartbeat_client: heartbeat: http://localhost:8080/api/v1/nodes/victoria_v199_trend/decisions unreachable ([Errno 61] Connection refused) — continuing
16:34:18 Cycle 140/200 [CRIS] OK       | fresh=0.0min | open= 2 closed= 75 | PnL=$+5008 wr=35% | improve=1 sem_db=30 | 12.3s/c ETA 738s | zero_streak=1
16:34:31 WARNING omega.core.heartbeat_client: heartbeat: http://localhost:8080/api/v1/diagnostics unreachable ([Errno 61] Connection refused) — continuing
16:34:31 WARNING omega.core.heartbeat_client: heartbeat: http://localhost:8080/api/v1/nodes/victoria_v199_trend/decisions unreachable ([Errno 61] Connection refused) — continuing
16:34:43 WARNING omega.core.heartbeat_client: heartbeat: http://localhost:8080/api/v1/diagnostics unreachable ([Errno 61] Connection refused) — continuing
16:34:43 WARNING omega.core.heartbeat_client: heartbeat: http://localhost:8080/api/v1/nodes/victoria_v199_trend/decisions unreachable ([Errno 61] Connection refused) — continuing
16:34:54 WARNING omega.core.heartbeat_client: heartbeat: http://localhost:8080/api/v1/diagnostics unreachable ([Errno 61] Connection refused) — continuing
16:34:54 WARNING omega.core.heartbeat_client: heartbeat: http://localhost:8080/api/v1/nodes/victoria_v199_trend/decisions unreachable ([Errno 61] Connection refused) — continuing
16:35:05 WARNING omega.core.heartbeat_client: heartbeat: http://localhost:8080/api/v1/diagnostics unreachable ([Errno 61] Connection refused) — continuing
16:35:05 WARNING omega.core.heartbeat_client: heartbeat: http://localhost:8080/api/v1/nodes/victoria_v199_trend/decisions unreachable ([Errno 61] Connection refused) — continuing
16:35:17 WARNING omega.core.heartbeat_client: heartbeat: http://localhost:8080/api/v1/diagnostics unreachable ([Errno 61] Connection refused) — continuing
16:35:17 WARNING omega.core.heartbeat_client: heartbeat: http://localhost:8080/api/v1/nodes/victoria_v199_trend/decisions unreachable ([Errno 61] Connection refused) — continuing
16:35:17 Cycle 145/200 [CRIS] OK       | fresh=0.0min | open= 2 closed= 77 | PnL=$+2791 wr=35% | improve=1 sem_db=30 | 12.3s/c ETA 676s | zero_streak=1
16:35:28 WARNING omega.core.heartbeat_client: heartbeat: http://localhost:8080/api/v1/diagnostics unreachable ([Errno 61] Connection refused) — continuing
16:35:28 WARNING omega.core.heartbeat_client: heartbeat: http://localhost:8080/api/v1/nodes/victoria_v199_trend/decisions unreachable ([Errno 61] Connection refused) — continuing
16:35:39 WARNING omega.core.heartbeat_client: heartbeat: http://localhost:8080/api/v1/diagnostics unreachable ([Errno 61] Connection refused) — continuing
16:35:39 WARNING omega.core.heartbeat_client: heartbeat: http://localhost:8080/api/v1/nodes/victoria_v199_trend/decisions unreachable ([Errno 61] Connection refused) — continuing
16:35:53 WARNING omega.core.heartbeat_client: heartbeat: http://localhost:8080/api/v1/diagnostics unreachable ([Errno 61] Connection refused) — continuing
16:35:53 WARNING omega.core.heartbeat_client: heartbeat: http://localhost:8080/api/v1/nodes/victoria_v199_trend/decisions unreachable ([Errno 61] Connection refused) — continuing
16:36:04 WARNING omega.core.heartbeat_client: heartbeat: http://localhost:8080/api/v1/diagnostics unreachable ([Errno 61] Connection refused) — continuing
16:36:04 WARNING omega.core.heartbeat_client: heartbeat: http://localhost:8080/api/v1/nodes/victoria_v199_trend/decisions unreachable ([Errno 61] Connection refused) — continuing
16:36:17 WARNING omega.core.heartbeat_client: heartbeat: http://localhost:8080/api/v1/diagnostics unreachable ([Errno 61] Connection refused) — continuing

[96m══════════════════════════════════════════════════════[0m
[96m══ TRAINING DIAGNOSTICS (cycle 150) ═════════════════════[0m
[96m══════════════════════════════════════════════════════[0m
  [1mREGIME:       [0m [93mCRISIS[0m (conf: 0.38)
  [1mDATA FRESH:   [0m [92m✅ 0.0min ago[0m
  [1mSIGNALS:      [0m 12/20 active
  [1mSIT-OUT:      [0m [92mNO[0m
  [1mCONVICTION:   [0m BTC: +0.02 (HOLD) | ETH: -0.12 ([91mSELL[0m) | SOL: +0.23 ([92mBUY[0m) | BNB: +0.11 ([92mBUY[0m) | XRP: -0.02 (HOLD) | ADA: -0.14 ([91mSELL[0m) | DOT: -0.16 ([91mSELL[0m) | AVAX: +0.15 ([92mBUY[0m) | LINK: -0.02 (HOLD) | MATIC: -0.18 ([91mSELL[0m) | NEAR: +0.10 ([92mBUY[0m) | SUI: +0.30 ([92mBUY[0m) | ARB: -0.26 ([91mSELL[0m)
  [1mTRADES:       [0m open=3 closed=80 | PnL=$+5551.90 | WR=35%
  [1mLONG/SHORT:   [0m longs=47 shorts=36
  [1mBLOCKERS:     [0m [92mNONE[0m
[96m══════════════════════════════════════════════════════[0m

16:36:17 WARNING omega.core.heartbeat_client: heartbeat: http://localhost:8080/api/v1/nodes/victoria_v199_trend/decisions unreachable ([Errno 61] Connection refused) — continuing
16:36:17 Cycle 150/200 [CRIS] OK       | fresh=0.0min | open= 3 closed= 80 | PnL=$+5552 wr=35% | improve=1 sem_db=30 | 12.3s/c ETA 614s | zero_streak=3
16:36:28 WARNING omega.core.heartbeat_client: heartbeat: http://localhost:8080/api/v1/diagnostics unreachable ([Errno 61] Connection refused) — continuing
16:36:28 WARNING omega.core.heartbeat_client: heartbeat: http://localhost:8080/api/v1/nodes/victoria_v199_trend/decisions unreachable ([Errno 61] Connection refused) — continuing
16:36:39 WARNING omega.core.heartbeat_client: heartbeat: http://localhost:8080/api/v1/diagnostics unreachable ([Errno 61] Connection refused) — continuing
16:36:39 WARNING omega.core.heartbeat_client: heartbeat: http://localhost:8080/api/v1/nodes/victoria_v199_trend/decisions unreachable ([Errno 61] Connection refused) — continuing
16:36:50 WARNING omega.core.heartbeat_client: heartbeat: http://localhost:8080/api/v1/diagnostics unreachable ([Errno 61] Connection refused) — continuing
16:36:50 WARNING omega.core.heartbeat_client: heartbeat: http://localhost:8080/api/v1/nodes/victoria_v199_trend/decisions unreachable ([Errno 61] Connection refused) — continuing
16:37:02 WARNING omega.core.heartbeat_client: heartbeat: http://localhost:8080/api/v1/diagnostics unreachable ([Errno 61] Connection refused) — continuing
16:37:02 WARNING omega.core.heartbeat_client: heartbeat: http://localhost:8080/api/v1/nodes/victoria_v199_trend/decisions unreachable ([Errno 61] Connection refused) — continuing
16:37:13 WARNING omega.core.heartbeat_client: heartbeat: http://localhost:8080/api/v1/diagnostics unreachable ([Errno 61] Connection refused) — continuing
16:37:13 WARNING omega.core.heartbeat_client: heartbeat: http://localhost:8080/api/v1/nodes/victoria_v199_trend/decisions unreachable ([Errno 61] Connection refused) — continuing
16:37:13 Cycle 155/200 [HIGH] OK       | fresh=0.0min | open= 1 closed= 82 | PnL=$+6857 wr=35% | improve=1 sem_db=30 | 12.2s/c ETA 551s | zero_streak=3
16:37:24 WARNING omega.core.heartbeat_client: heartbeat: http://localhost:8080/api/v1/diagnostics unreachable ([Errno 61] Connection refused) — continuing
16:37:24 WARNING omega.core.heartbeat_client: heartbeat: http://localhost:8080/api/v1/nodes/victoria_v199_trend/decisions unreachable ([Errno 61] Connection refused) — continuing
16:37:36 WARNING omega.core.heartbeat_client: heartbeat: http://localhost:8080/api/v1/diagnostics unreachable ([Errno 61] Connection refused) — continuing
16:37:36 WARNING omega.core.heartbeat_client: heartbeat: http://localhost:8080/api/v1/nodes/victoria_v199_trend/decisions unreachable ([Errno 61] Connection refused) — continuing
16:37:48 WARNING omega.core.heartbeat_client: heartbeat: http://localhost:8080/api/v1/diagnostics unreachable ([Errno 61] Connection refused) — continuing
16:37:48 WARNING omega.core.heartbeat_client: heartbeat: http://localhost:8080/api/v1/nodes/victoria_v199_trend/decisions unreachable ([Errno 61] Connection refused) — continuing
16:37:59 WARNING omega.core.heartbeat_client: heartbeat: http://localhost:8080/api/v1/diagnostics unreachable ([Errno 61] Connection refused) — continuing
16:37:59 WARNING omega.core.heartbeat_client: heartbeat: http://localhost:8080/api/v1/nodes/victoria_v199_trend/decisions unreachable ([Errno 61] Connection refused) — continuing
16:38:11 WARNING omega.core.heartbeat_client: heartbeat: http://localhost:8080/api/v1/diagnostics unreachable ([Errno 61] Connection refused) — continuing

[96m══════════════════════════════════════════════════════[0m
[96m══ TRAINING DIAGNOSTICS (cycle 160) ═════════════════════[0m
[96m══════════════════════════════════════════════════════[0m
  [1mREGIME:       [0m [93mHIGH_VOL[0m (conf: 0.38)
  [1mDATA FRESH:   [0m [92m✅ 0.0min ago[0m
  [1mSIGNALS:      [0m 13/20 active
  [1mSIT-OUT:      [0m [92mNO[0m
  [1mCONVICTION:   [0m BTC: -0.05 (HOLD) | ETH: -0.10 ([91mSELL[0m) | SOL: +0.04 (HOLD) | BNB: -0.17 ([91mSELL[0m) | XRP: +0.04 (HOLD) | ADA: +0.04 (HOLD) | DOT: +0.04 (HOLD) | AVAX: +0.04 (HOLD) | LINK: +0.04 (HOLD) | MATIC: +0.01 (HOLD) | NEAR: +0.04 (HOLD) | SUI: -0.01 (HOLD) | ARB: +0.04 (HOLD)
  [1mTRADES:       [0m open=1 closed=84 | PnL=$+11231.94 | WR=36%
  [1mLONG/SHORT:   [0m longs=47 shorts=38
  [1mBLOCKERS:     [0m [92mNONE[0m
[96m══════════════════════════════════════════════════════[0m

16:38:11 WARNING omega.core.heartbeat_client: heartbeat: http://localhost:8080/api/v1/nodes/victoria_v199_trend/decisions unreachable ([Errno 61] Connection refused) — continuing
16:38:11 Cycle 160/200 [HIGH] OK       | fresh=0.0min | open= 1 closed= 84 | PnL=$+11232 wr=36% | improve=1 sem_db=30 | 12.2s/c ETA 489s | zero_streak=0
16:38:22 WARNING omega.core.heartbeat_client: heartbeat: http://localhost:8080/api/v1/diagnostics unreachable ([Errno 61] Connection refused) — continuing
16:38:22 WARNING omega.core.heartbeat_client: heartbeat: http://localhost:8080/api/v1/nodes/victoria_v199_trend/decisions unreachable ([Errno 61] Connection refused) — continuing
16:38:33 WARNING omega.core.heartbeat_client: heartbeat: http://localhost:8080/api/v1/diagnostics unreachable ([Errno 61] Connection refused) — continuing
16:38:33 WARNING omega.core.heartbeat_client: heartbeat: http://localhost:8080/api/v1/nodes/victoria_v199_trend/decisions unreachable ([Errno 61] Connection refused) — continuing
16:38:45 WARNING omega.core.heartbeat_client: heartbeat: http://localhost:8080/api/v1/diagnostics unreachable ([Errno 61] Connection refused) — continuing
16:38:45 WARNING omega.core.heartbeat_client: heartbeat: http://localhost:8080/api/v1/nodes/victoria_v199_trend/decisions unreachable ([Errno 61] Connection refused) — continuing
16:38:55 WARNING omega.core.heartbeat_client: heartbeat: http://localhost:8080/api/v1/diagnostics unreachable ([Errno 61] Connection refused) — continuing
16:38:55 WARNING omega.core.heartbeat_client: heartbeat: http://localhost:8080/api/v1/nodes/victoria_v199_trend/decisions unreachable ([Errno 61] Connection refused) — continuing
16:39:06 WARNING omega.core.heartbeat_client: heartbeat: http://localhost:8080/api/v1/diagnostics unreachable ([Errno 61] Connection refused) — continuing
16:39:06 WARNING omega.core.heartbeat_client: heartbeat: http://localhost:8080/api/v1/nodes/victoria_v199_trend/decisions unreachable ([Errno 61] Connection refused) — continuing
16:39:06 Cycle 165/200 [NORM] OK       | fresh=0.0min | open= 1 closed= 85 | PnL=$+10620 wr=35% | improve=1 sem_db=30 | 12.2s/c ETA 427s | zero_streak=3
16:39:18 WARNING omega.core.heartbeat_client: heartbeat: http://localhost:8080/api/v1/diagnostics unreachable ([Errno 61] Connection refused) — continuing
16:39:18 WARNING omega.core.heartbeat_client: heartbeat: http://localhost:8080/api/v1/nodes/victoria_v199_trend/decisions unreachable ([Errno 61] Connection refused) — continuing
16:39:30 WARNING omega.core.heartbeat_client: heartbeat: http://localhost:8080/api/v1/diagnostics unreachable ([Errno 61] Connection refused) — continuing
16:39:30 WARNING omega.core.heartbeat_client: heartbeat: http://localhost:8080/api/v1/nodes/victoria_v199_trend/decisions unreachable ([Errno 61] Connection refused) — continuing
16:39:41 WARNING omega.core.heartbeat_client: heartbeat: http://localhost:8080/api/v1/diagnostics unreachable ([Errno 61] Connection refused) — continuing
16:39:41 WARNING omega.core.heartbeat_client: heartbeat: http://localhost:8080/api/v1/nodes/victoria_v199_trend/decisions unreachable ([Errno 61] Connection refused) — continuing
16:39:52 WARNING omega.core.heartbeat_client: heartbeat: http://localhost:8080/api/v1/diagnostics unreachable ([Errno 61] Connection refused) — continuing
16:39:52 WARNING omega.core.heartbeat_client: heartbeat: http://localhost:8080/api/v1/nodes/victoria_v199_trend/decisions unreachable ([Errno 61] Connection refused) — continuing
16:40:03 WARNING omega.core.heartbeat_client: heartbeat: http://localhost:8080/api/v1/diagnostics unreachable ([Errno 61] Connection refused) — continuing

[96m══════════════════════════════════════════════════════[0m
[96m══ TRAINING DIAGNOSTICS (cycle 170) ═════════════════════[0m
[96m══════════════════════════════════════════════════════[0m
  [1mREGIME:       [0m [93mNORMAL[0m (conf: 0.38)
  [1mDATA FRESH:   [0m [92m✅ 0.0min ago[0m
  [1mSIGNALS:      [0m 12/20 active
  [1mSIT-OUT:      [0m [92mNO[0m
  [1mCONVICTION:   [0m BTC: -0.15 ([91mSELL[0m) | ETH: -0.03 (HOLD) | SOL: +0.06 ([92mBUY[0m) | BNB: -0.15 ([91mSELL[0m) | XRP: -0.11 ([91mSELL[0m) | ADA: +0.06 ([92mBUY[0m) | DOT: +0.06 ([92mBUY[0m) | AVAX: +0.06 ([92mBUY[0m) | LINK: +0.06 ([92mBUY[0m) | MATIC: +0.06 ([92mBUY[0m) | NEAR: +0.04 (HOLD) | SUI: +0.06 ([92mBUY[0m) | ARB: -0.03 (HOLD)
  [1mTRADES:       [0m open=2 closed=89 | PnL=$+9303.30 | WR=34%
  [1mLONG/SHORT:   [0m longs=52 shorts=39
  [1mBLOCKERS:     [0m [92mNONE[0m
[96m══════════════════════════════════════════════════════[0m

16:40:04 WARNING omega.core.heartbeat_client: heartbeat: http://localhost:8080/api/v1/nodes/victoria_v199_trend/decisions unreachable ([Errno 61] Connection refused) — continuing
16:40:04 Cycle 170/200 [NORM] OK       | fresh=0.0min | open= 2 closed= 89 | PnL=$+9303 wr=34% | improve=1 sem_db=30 | 12.2s/c ETA 365s | zero_streak=0
16:40:14 WARNING omega.core.heartbeat_client: heartbeat: http://localhost:8080/api/v1/diagnostics unreachable ([Errno 61] Connection refused) — continuing
16:40:14 WARNING omega.core.heartbeat_client: heartbeat: http://localhost:8080/api/v1/nodes/victoria_v199_trend/decisions unreachable ([Errno 61] Connection refused) — continuing
16:40:25 WARNING omega.core.heartbeat_client: heartbeat: http://localhost:8080/api/v1/diagnostics unreachable ([Errno 61] Connection refused) — continuing
16:40:25 WARNING omega.core.heartbeat_client: heartbeat: http://localhost:8080/api/v1/nodes/victoria_v199_trend/decisions unreachable ([Errno 61] Connection refused) — continuing
16:40:36 WARNING omega.core.heartbeat_client: heartbeat: http://localhost:8080/api/v1/diagnostics unreachable ([Errno 61] Connection refused) — continuing
16:40:36 WARNING omega.core.heartbeat_client: heartbeat: http://localhost:8080/api/v1/nodes/victoria_v199_trend/decisions unreachable ([Errno 61] Connection refused) — continuing
16:40:47 WARNING omega.core.heartbeat_client: heartbeat: http://localhost:8080/api/v1/diagnostics unreachable ([Errno 61] Connection refused) — continuing
16:40:47 WARNING omega.core.heartbeat_client: heartbeat: http://localhost:8080/api/v1/nodes/victoria_v199_trend/decisions unreachable ([Errno 61] Connection refused) — continuing
16:40:58 WARNING omega.core.heartbeat_client: heartbeat: http://localhost:8080/api/v1/diagnostics unreachable ([Errno 61] Connection refused) — continuing
16:40:58 WARNING omega.core.heartbeat_client: heartbeat: http://localhost:8080/api/v1/nodes/victoria_v199_trend/decisions unreachable ([Errno 61] Connection refused) — continuing
16:40:58 Cycle 175/200 [NORM] OK       | fresh=0.0min | open= 2 closed= 93 | PnL=$+10243 wr=35% | improve=1 sem_db=30 | 12.1s/c ETA 303s | zero_streak=0
16:41:10 WARNING omega.core.heartbeat_client: heartbeat: http://localhost:8080/api/v1/diagnostics unreachable ([Errno 61] Connection refused) — continuing
16:41:10 WARNING omega.core.heartbeat_client: heartbeat: http://localhost:8080/api/v1/nodes/victoria_v199_trend/decisions unreachable ([Errno 61] Connection refused) — continuing
16:41:21 WARNING omega.core.heartbeat_client: heartbeat: http://localhost:8080/api/v1/diagnostics unreachable ([Errno 61] Connection refused) — continuing
16:41:21 WARNING omega.core.heartbeat_client: heartbeat: http://localhost:8080/api/v1/nodes/victoria_v199_trend/decisions unreachable ([Errno 61] Connection refused) — continuing
16:41:33 WARNING omega.core.heartbeat_client: heartbeat: http://localhost:8080/api/v1/diagnostics unreachable ([Errno 61] Connection refused) — continuing
16:41:33 WARNING omega.core.heartbeat_client: heartbeat: http://localhost:8080/api/v1/nodes/victoria_v199_trend/decisions unreachable ([Errno 61] Connection refused) — continuing
16:41:44 WARNING omega.core.heartbeat_client: heartbeat: http://localhost:8080/api/v1/diagnostics unreachable ([Errno 61] Connection refused) — continuing
16:41:44 WARNING omega.core.heartbeat_client: heartbeat: http://localhost:8080/api/v1/nodes/victoria_v199_trend/decisions unreachable ([Errno 61] Connection refused) — continuing
16:41:56 WARNING omega.core.heartbeat_client: heartbeat: http://localhost:8080/api/v1/diagnostics unreachable ([Errno 61] Connection refused) — continuing

[96m══════════════════════════════════════════════════════[0m
[96m══ TRAINING DIAGNOSTICS (cycle 180) ═════════════════════[0m
[96m══════════════════════════════════════════════════════[0m
  [1mREGIME:       [0m [93mNORMAL[0m (conf: 0.38)
  [1mDATA FRESH:   [0m [92m✅ 0.0min ago[0m
  [1mSIGNALS:      [0m 12/20 active
  [1mSIT-OUT:      [0m [92mNO[0m
  [1mCONVICTION:   [0m BTC: +0.04 (HOLD) | ETH: +0.04 (HOLD) | SOL: +0.12 ([92mBUY[0m) | BNB: -0.12 ([91mSELL[0m) | XRP: -0.19 ([91mSELL[0m) | ADA: +0.05 ([92mBUY[0m) | DOT: -0.06 ([91mSELL[0m) | AVAX: +0.32 ([92mBUY[0m) | LINK: -0.04 (HOLD) | MATIC: -0.20 ([91mSELL[0m) | NEAR: +0.29 ([92mBUY[0m) | SUI: -0.02 (HOLD) | ARB: -0.23 ([91mSELL[0m)
  [1mTRADES:       [0m open=1 closed=96 | PnL=$+8146.87 | WR=35%
  [1mLONG/SHORT:   [0m longs=55 shorts=42
  [1mBLOCKERS:     [0m [92mNONE[0m
[96m══════════════════════════════════════════════════════[0m

16:41:56 WARNING omega.core.heartbeat_client: heartbeat: http://localhost:8080/api/v1/nodes/victoria_v199_trend/decisions unreachable ([Errno 61] Connection refused) — continuing
16:41:56 Cycle 180/200 [NORM] OK       | fresh=0.0min | open= 1 closed= 96 | PnL=$+8147 wr=35% | improve=1 sem_db=30 | 12.1s/c ETA 242s | zero_streak=0
16:42:07 WARNING omega.core.heartbeat_client: heartbeat: http://localhost:8080/api/v1/diagnostics unreachable ([Errno 61] Connection refused) — continuing
16:42:07 WARNING omega.core.heartbeat_client: heartbeat: http://localhost:8080/api/v1/nodes/victoria_v199_trend/decisions unreachable ([Errno 61] Connection refused) — continuing
16:42:18 WARNING omega.core.heartbeat_client: heartbeat: http://localhost:8080/api/v1/diagnostics unreachable ([Errno 61] Connection refused) — continuing
16:42:18 WARNING omega.core.heartbeat_client: heartbeat: http://localhost:8080/api/v1/nodes/victoria_v199_trend/decisions unreachable ([Errno 61] Connection refused) — continuing
16:42:30 WARNING omega.core.heartbeat_client: heartbeat: http://localhost:8080/api/v1/diagnostics unreachable ([Errno 61] Connection refused) — continuing
16:42:30 WARNING omega.core.heartbeat_client: heartbeat: http://localhost:8080/api/v1/nodes/victoria_v199_trend/decisions unreachable ([Errno 61] Connection refused) — continuing
16:42:41 WARNING omega.core.heartbeat_client: heartbeat: http://localhost:8080/api/v1/diagnostics unreachable ([Errno 61] Connection refused) — continuing
16:42:41 WARNING omega.core.heartbeat_client: heartbeat: http://localhost:8080/api/v1/nodes/victoria_v199_trend/decisions unreachable ([Errno 61] Connection refused) — continuing
16:42:52 WARNING omega.core.heartbeat_client: heartbeat: http://localhost:8080/api/v1/diagnostics unreachable ([Errno 61] Connection refused) — continuing
16:42:52 WARNING omega.core.heartbeat_client: heartbeat: http://localhost:8080/api/v1/nodes/victoria_v199_trend/decisions unreachable ([Errno 61] Connection refused) — continuing
16:42:52 Cycle 185/200 [HIGH] OK       | fresh=0.0min | open= 1 closed= 98 | PnL=$+8495 wr=37% | improve=1 sem_db=30 | 12.1s/c ETA 181s | zero_streak=0
16:43:04 WARNING omega.core.heartbeat_client: heartbeat: http://localhost:8080/api/v1/diagnostics unreachable ([Errno 61] Connection refused) — continuing
16:43:04 WARNING omega.core.heartbeat_client: heartbeat: http://localhost:8080/api/v1/nodes/victoria_v199_trend/decisions unreachable ([Errno 61] Connection refused) — continuing
16:43:15 WARNING omega.core.heartbeat_client: heartbeat: http://localhost:8080/api/v1/diagnostics unreachable ([Errno 61] Connection refused) — continuing
16:43:15 WARNING omega.core.heartbeat_client: heartbeat: http://localhost:8080/api/v1/nodes/victoria_v199_trend/decisions unreachable ([Errno 61] Connection refused) — continuing
16:43:27 WARNING omega.core.heartbeat_client: heartbeat: http://localhost:8080/api/v1/diagnostics unreachable ([Errno 61] Connection refused) — continuing
16:43:27 WARNING omega.core.heartbeat_client: heartbeat: http://localhost:8080/api/v1/nodes/victoria_v199_trend/decisions unreachable ([Errno 61] Connection refused) — continuing
16:43:39 WARNING omega.core.heartbeat_client: heartbeat: http://localhost:8080/api/v1/diagnostics unreachable ([Errno 61] Connection refused) — continuing
16:43:39 WARNING omega.core.heartbeat_client: heartbeat: http://localhost:8080/api/v1/nodes/victoria_v199_trend/decisions unreachable ([Errno 61] Connection refused) — continuing
16:43:51 WARNING omega.core.heartbeat_client: heartbeat: http://localhost:8080/api/v1/diagnostics unreachable ([Errno 61] Connection refused) — continuing

[96m══════════════════════════════════════════════════════[0m
[96m══ TRAINING DIAGNOSTICS (cycle 190) ═════════════════════[0m
[96m══════════════════════════════════════════════════════[0m
  [1mREGIME:       [0m [93mNORMAL[0m (conf: 0.38)
  [1mDATA FRESH:   [0m [92m✅ 0.0min ago[0m
  [1mSIGNALS:      [0m 11/20 active
  [1mSIT-OUT:      [0m [92mNO[0m
  [1mCONVICTION:   [0m BTC: +0.05 ([92mBUY[0m) | ETH: +0.05 (HOLD) | SOL: +0.05 (HOLD) | BNB: -0.19 ([91mSELL[0m) | XRP: -0.09 ([91mSELL[0m) | ADA: -0.02 (HOLD) | DOT: +0.03 (HOLD) | AVAX: +0.01 (HOLD) | LINK: +0.08 ([92mBUY[0m) | MATIC: -0.08 ([91mSELL[0m) | NEAR: +0.11 ([92mBUY[0m) | SUI: +0.03 (HOLD) | ARB: -0.03 (HOLD)
  [1mTRADES:       [0m open=2 closed=99 | PnL=$+8021.30 | WR=36%
  [1mLONG/SHORT:   [0m longs=58 shorts=43
  [1mBLOCKERS:     [0m [92mNONE[0m
[96m══════════════════════════════════════════════════════[0m

16:43:51 WARNING omega.core.heartbeat_client: heartbeat: http://localhost:8080/api/v1/nodes/victoria_v199_trend/decisions unreachable ([Errno 61] Connection refused) — continuing
16:43:51 Cycle 190/200 [NORM] OK       | fresh=0.0min | open= 2 closed= 99 | PnL=$+8021 wr=36% | improve=1 sem_db=30 | 12.1s/c ETA 121s | zero_streak=2
16:44:02 WARNING omega.core.heartbeat_client: heartbeat: http://localhost:8080/api/v1/diagnostics unreachable ([Errno 61] Connection refused) — continuing
16:44:02 WARNING omega.core.heartbeat_client: heartbeat: http://localhost:8080/api/v1/nodes/victoria_v199_trend/decisions unreachable ([Errno 61] Connection refused) — continuing
16:44:14 WARNING omega.core.heartbeat_client: heartbeat: http://localhost:8080/api/v1/diagnostics unreachable ([Errno 61] Connection refused) — continuing
16:44:14 WARNING omega.core.heartbeat_client: heartbeat: http://localhost:8080/api/v1/nodes/victoria_v199_trend/decisions unreachable ([Errno 61] Connection refused) — continuing
16:44:26 WARNING omega.core.heartbeat_client: heartbeat: http://localhost:8080/api/v1/diagnostics unreachable ([Errno 61] Connection refused) — continuing
16:44:26 WARNING omega.core.heartbeat_client: heartbeat: http://localhost:8080/api/v1/nodes/victoria_v199_trend/decisions unreachable ([Errno 61] Connection refused) — continuing
16:44:37 WARNING omega.core.heartbeat_client: heartbeat: http://localhost:8080/api/v1/diagnostics unreachable ([Errno 61] Connection refused) — continuing
16:44:37 WARNING omega.core.heartbeat_client: heartbeat: http://localhost:8080/api/v1/nodes/victoria_v199_trend/decisions unreachable ([Errno 61] Connection refused) — continuing
16:44:49 WARNING omega.core.heartbeat_client: heartbeat: http://localhost:8080/api/v1/diagnostics unreachable ([Errno 61] Connection refused) — continuing
16:44:49 WARNING omega.core.heartbeat_client: heartbeat: http://localhost:8080/api/v1/nodes/victoria_v199_trend/decisions unreachable ([Errno 61] Connection refused) — continuing
16:44:49 Cycle 195/200 [NORM] OK       | fresh=0.0min | open= 4 closed=100 | PnL=$+7974 wr=36% | improve=1 sem_db=30 | 12.1s/c ETA 60s | zero_streak=3
16:45:01 WARNING omega.core.heartbeat_client: heartbeat: http://localhost:8080/api/v1/diagnostics unreachable ([Errno 61] Connection refused) — continuing
16:45:01 WARNING omega.core.heartbeat_client: heartbeat: http://localhost:8080/api/v1/nodes/victoria_v199_trend/decisions unreachable ([Errno 61] Connection refused) — continuing
16:45:13 WARNING omega.core.heartbeat_client: heartbeat: http://localhost:8080/api/v1/diagnostics unreachable ([Errno 61] Connection refused) — continuing
16:45:13 WARNING omega.core.heartbeat_client: heartbeat: http://localhost:8080/api/v1/nodes/victoria_v199_trend/decisions unreachable ([Errno 61] Connection refused) — continuing
16:45:25 WARNING omega.core.heartbeat_client: heartbeat: http://localhost:8080/api/v1/diagnostics unreachable ([Errno 61] Connection refused) — continuing
16:45:25 WARNING omega.core.heartbeat_client: heartbeat: http://localhost:8080/api/v1/nodes/victoria_v199_trend/decisions unreachable ([Errno 61] Connection refused) — continuing
16:45:36 WARNING omega.core.heartbeat_client: heartbeat: http://localhost:8080/api/v1/diagnostics unreachable ([Errno 61] Connection refused) — continuing
16:45:36 WARNING omega.core.heartbeat_client: heartbeat: http://localhost:8080/api/v1/nodes/victoria_v199_trend/decisions unreachable ([Errno 61] Connection refused) — continuing
16:45:48 WARNING omega.core.heartbeat_client: heartbeat: http://localhost:8080/api/v1/diagnostics unreachable ([Errno 61] Connection refused) — continuing

[96m══════════════════════════════════════════════════════[0m
[96m══ TRAINING DIAGNOSTICS (cycle 200) ═════════════════════[0m
[96m══════════════════════════════════════════════════════[0m
  [1mREGIME:       [0m [93mNORMAL[0m (conf: 0.38)
  [1mDATA FRESH:   [0m [92m✅ 0.0min ago[0m
  [1mSIGNALS:      [0m 12/20 active
  [1mSIT-OUT:      [0m [92mNO[0m
  [1mCONVICTION:   [0m BTC: -0.07 ([91mSELL[0m) | ETH: -0.09 ([91mSELL[0m) | SOL: +0.13 ([92mBUY[0m) | BNB: -0.01 (HOLD) | XRP: -0.18 ([91mSELL[0m) | ADA: +0.13 ([92mBUY[0m) | DOT: +0.13 ([92mBUY[0m) | AVAX: +0.13 ([92mBUY[0m) | LINK: -0.23 ([91mSELL[0m) | MATIC: +0.04 (HOLD) | NEAR: +0.13 ([92mBUY[0m) | SUI: -0.11 ([91mSELL[0m) | ARB: +0.02 (HOLD)
  [1mTRADES:       [0m open=3 closed=106 | PnL=$+7864.44 | WR=37%
  [1mLONG/SHORT:   [0m longs=62 shorts=47
  [1mBLOCKERS:     [0m [92mNONE[0m
[96m══════════════════════════════════════════════════════[0m

16:45:48 WARNING omega.core.heartbeat_client: heartbeat: http://localhost:8080/api/v1/nodes/victoria_v199_trend/decisions unreachable ([Errno 61] Connection refused) — continuing
16:45:48 Cycle 200/200 [NORM] OK       | fresh=0.0min | open= 3 closed=106 | PnL=$+7864 wr=37% | improve=1 sem_db=30 | 12.1s/c ETA 0s | zero_streak=1
16:45:48 WARNING omega.core.heartbeat_client: heartbeat: http://localhost:8080/api/v1/nodes/victoria_v199_trend/lifecycle unreachable ([Errno 61] Connection refused) — continuing
16:45:48 V199_TREND: no baseline version found for gate comparison
16:45:48 Attribution — alpha: $+2734.11  beta: $+6376700.43  timing: $+7396071.00  selection: $+0.00
16:45:48 Attribution report  : /Users/benebsworth/projects/omega/data/v199_trend_attribution.json
16:45:48 
16:45:48 ======================================================================
16:45:48 V199_TREND COMPLETE — 200 cycles in 2412s (12.06s/cycle)
16:45:48 ======================================================================
16:45:48 improve_calls         : 1
16:45:48 semantic_patterns_db  : 30
16:45:48 Closed trades         : 106  (long=60  short=46)
16:45:48 Total PnL             : $+7864.44  (engine realised: $+7864.44)
16:45:48 Win rate              : 36.8%  (39/106)
16:45:48 Profit factor         : 1.27
16:45:48 --- Observability ---
16:45:48 Zero-trade cycles     : 116 / 200  (58%)
16:45:48 Circuit breaker trips : 0
16:45:48 Final vol threshold   : 0.000
16:45:48 Metrics JSONL         : /tmp/v199_trend_metrics.jsonl
16:45:48 Results               : /Users/benebsworth/projects/omega/data/v199_trend_results.json
16:45:48 ======================================================================
