hmmlearn not available — using numpy GMM fallback
20:09:52 BACKTEST MODE: WS signals disabled (whale_prints, ws_microstructure)
20:09:52 ======================================================================
20:09:52 Training Run v200_crisis — 200 cycles  sleep=10s
20:09:52 CoinGecko key  : CG-YPzBAPag5...
20:09:52 Database URL   : postgresql://omega:omega@localhost:5432/...
20:09:52 Metrics JSONL  : /tmp/v200_crisis_metrics.jsonl
20:09:52 Log file       : /tmp/v200_crisis_training.log
20:09:52 Features ON    : ffg_gate1_enabled, ffg_gate4_enabled
20:09:52 ======================================================================
20:09:53 WARNING omega.nodes.victoria.data_cache: MacroDataCache: FRED_API_KEY not set — using DEMO_KEY (30 req/day limit). Set FRED_API_KEY env var for full access.
20:09:53 WARNING omega.nodes.victoria.data_cache: MacroDataCache: FRED 400 for DGS2 — marking unavailable for this session (set FRED_API_KEY for full access)
20:09:54 WARNING omega.nodes.victoria.data_cache: MacroDataCache: no data returned for DGS2
20:09:54 WARNING omega.nodes.victoria.data_cache: MacroDataCache: FRED 400 for DGS10 — marking unavailable for this session (set FRED_API_KEY for full access)
20:09:54 WARNING omega.nodes.victoria.data_cache: MacroDataCache: no data returned for DGS10
20:09:54 WARNING omega.nodes.victoria.data_cache: MacroDataCache: FRED 400 for DTWEXBGS — marking unavailable for this session (set FRED_API_KEY for full access)
20:09:54 WARNING omega.nodes.victoria.data_cache: MacroDataCache: no data returned for DTWEXBGS
20:09:55 WARNING omega.nodes.victoria.data_cache: MacroDataCache: FRED 400 for VIXCLS — marking unavailable for this session (set FRED_API_KEY for full access)
20:09:55 WARNING omega.nodes.victoria.data_cache: MacroDataCache: no data returned for VIXCLS
20:09:55 BACKTEST MODE: ingestion replaced by ReplayIngestionNode (snap_crisis_2022h1, 151 steps)
20:09:55 ImprovementEngine: SyntheticEvaluator injected
20:09:55 Decision snapshots → /tmp/v200_crisis_decisions.jsonl (+ Postgres if configured)
20:09:55 WARNING omega.core.heartbeat_client: heartbeat: http://localhost:8080/api/v1/nodes/victoria_v200_crisis/lifecycle unreachable ([Errno 61] Connection refused) — continuing
20:09:55 SignalDecayDetector: loaded from data/signal_ic_history.json

[96m══════════════════════════════════════════════════════[0m
[96m══ TRAINING DIAGNOSTICS (cycle 0) ═══════════════════════[0m
[96m══════════════════════════════════════════════════════[0m
  [1mREGIME:       [0m [91mUNKN ⚠️[0m
  [1mDATA FRESH:   [0m [92m✅ 0.0min ago[0m
  [1mSIGNALS:      [0m [93mnone yet[0m
  [1mSIT-OUT:      [0m [92mNO[0m
  [1mCONVICTION:   [0m [93mn/a[0m
  [1mTRADES:       [0m open=0 closed=0 | PnL=$+0.00 | WR=0%
  [1mLONG/SHORT:   [0m longs=0 shorts=0
  [1mBLOCKERS:     [0m [91mRegime detector not firing | No signal data yet (first cycle?)[0m
[96m══════════════════════════════════════════════════════[0m

20:09:56 WARNING omega.nodes.victoria.data_cache: MacroDataCache: FRED_API_KEY not set — using DEMO_KEY (30 req/day limit). Set FRED_API_KEY env var for full access.
20:10:08 WARNING omega.core.heartbeat_client: heartbeat: http://localhost:8080/api/v1/diagnostics unreachable ([Errno 61] Connection refused) — continuing
20:10:08 WARNING omega.core.heartbeat_client: heartbeat: http://localhost:8080/api/v1/nodes/victoria_v200_crisis/decisions unreachable ([Errno 61] Connection refused) — continuing
20:10:08 Cycle   1/200 [NORM] OK       | fresh=0.0min | open= 0 closed=  0 | PnL=$+0 wr=0% | improve=0 sem_db=30 | 13.6s/c ETA 2709s | zero_streak=1
20:10:20 WARNING omega.core.heartbeat_client: heartbeat: http://localhost:8080/api/v1/diagnostics unreachable ([Errno 61] Connection refused) — continuing
20:10:20 WARNING omega.core.heartbeat_client: heartbeat: http://localhost:8080/api/v1/nodes/victoria_v200_crisis/decisions unreachable ([Errno 61] Connection refused) — continuing
20:10:31 WARNING omega.core.heartbeat_client: heartbeat: http://localhost:8080/api/v1/diagnostics unreachable ([Errno 61] Connection refused) — continuing
20:10:31 WARNING omega.core.heartbeat_client: heartbeat: http://localhost:8080/api/v1/nodes/victoria_v200_crisis/decisions unreachable ([Errno 61] Connection refused) — continuing
20:10:43 WARNING omega.core.heartbeat_client: heartbeat: http://localhost:8080/api/v1/diagnostics unreachable ([Errno 61] Connection refused) — continuing
20:10:43 WARNING omega.core.heartbeat_client: heartbeat: http://localhost:8080/api/v1/nodes/victoria_v200_crisis/decisions unreachable ([Errno 61] Connection refused) — continuing
20:10:54 WARNING omega.core.heartbeat_client: heartbeat: http://localhost:8080/api/v1/diagnostics unreachable ([Errno 61] Connection refused) — continuing
20:10:54 WARNING omega.core.heartbeat_client: heartbeat: http://localhost:8080/api/v1/nodes/victoria_v200_crisis/decisions unreachable ([Errno 61] Connection refused) — continuing
20:10:54 Cycle   5/200 [NORM] OK       | fresh=0.0min | open= 2 closed=  1 | PnL=$-642 wr=0% | improve=0 sem_db=30 | 11.9s/c ETA 2323s | zero_streak=2
20:11:06 WARNING omega.core.heartbeat_client: heartbeat: http://localhost:8080/api/v1/diagnostics unreachable ([Errno 61] Connection refused) — continuing
20:11:06 WARNING omega.core.heartbeat_client: heartbeat: http://localhost:8080/api/v1/nodes/victoria_v200_crisis/decisions unreachable ([Errno 61] Connection refused) — continuing
20:11:18 WARNING omega.core.heartbeat_client: heartbeat: http://localhost:8080/api/v1/diagnostics unreachable ([Errno 61] Connection refused) — continuing
20:11:18 WARNING omega.core.heartbeat_client: heartbeat: http://localhost:8080/api/v1/nodes/victoria_v200_crisis/decisions unreachable ([Errno 61] Connection refused) — continuing
20:11:30 WARNING omega.core.heartbeat_client: heartbeat: http://localhost:8080/api/v1/diagnostics unreachable ([Errno 61] Connection refused) — continuing
20:11:30 WARNING omega.core.heartbeat_client: heartbeat: http://localhost:8080/api/v1/nodes/victoria_v200_crisis/decisions unreachable ([Errno 61] Connection refused) — continuing
20:11:42 WARNING omega.core.heartbeat_client: heartbeat: http://localhost:8080/api/v1/diagnostics unreachable ([Errno 61] Connection refused) — continuing
20:11:42 WARNING omega.core.heartbeat_client: heartbeat: http://localhost:8080/api/v1/nodes/victoria_v200_crisis/decisions unreachable ([Errno 61] Connection refused) — continuing
20:11:53 WARNING omega.core.heartbeat_client: heartbeat: http://localhost:8080/api/v1/diagnostics unreachable ([Errno 61] Connection refused) — continuing

[96m══════════════════════════════════════════════════════[0m
[96m══ TRAINING DIAGNOSTICS (cycle 10) ══════════════════════[0m
[96m══════════════════════════════════════════════════════[0m
  [1mREGIME:       [0m [93mCRISIS[0m (conf: 0.00)
  [1mDATA FRESH:   [0m [92m✅ 0.0min ago[0m
  [1mSIGNALS:      [0m 9/20 active
  [1mSIT-OUT:      [0m [92mNO[0m
  [1mCONVICTION:   [0m BTC: +0.05 ([92mBUY[0m) | ETH: +0.05 ([92mBUY[0m) | SOL: +0.05 ([92mBUY[0m) | BNB: -0.08 ([91mSELL[0m) | XRP: +0.05 ([92mBUY[0m) | ADA: -0.11 ([91mSELL[0m) | DOT: +0.05 ([92mBUY[0m) | AVAX: -0.08 ([91mSELL[0m) | LINK: -0.05 (HOLD) | MATIC: +0.01 (HOLD) | NEAR: +0.05 ([92mBUY[0m)
  [1mTRADES:       [0m open=1 closed=2 | PnL=$-3156.63 | WR=0%
  [1mLONG/SHORT:   [0m longs=1 shorts=2
  [1mBLOCKERS:     [0m [92mNONE[0m
[96m══════════════════════════════════════════════════════[0m

20:12:06 WARNING omega.core.heartbeat_client: heartbeat: http://localhost:8080/api/v1/nodes/victoria_v200_crisis/decisions unreachable ([Errno 61] Connection refused) — continuing
20:12:06 Cycle  10/200 [CRIS] OK       | fresh=0.0min | open= 1 closed=  2 | PnL=$-3157 wr=0% | improve=0 sem_db=30 | 13.1s/c ETA 2496s | zero_streak=4
20:12:18 WARNING omega.core.heartbeat_client: heartbeat: http://localhost:8080/api/v1/diagnostics unreachable ([Errno 61] Connection refused) — continuing
20:12:18 WARNING omega.core.heartbeat_client: heartbeat: http://localhost:8080/api/v1/nodes/victoria_v200_crisis/decisions unreachable ([Errno 61] Connection refused) — continuing
20:12:30 WARNING omega.core.heartbeat_client: heartbeat: http://localhost:8080/api/v1/diagnostics unreachable ([Errno 61] Connection refused) — continuing
20:12:30 WARNING omega.core.heartbeat_client: heartbeat: http://localhost:8080/api/v1/nodes/victoria_v200_crisis/decisions unreachable ([Errno 61] Connection refused) — continuing
20:12:41 WARNING omega.core.heartbeat_client: heartbeat: http://localhost:8080/api/v1/diagnostics unreachable ([Errno 61] Connection refused) — continuing
20:12:41 WARNING omega.core.heartbeat_client: heartbeat: http://localhost:8080/api/v1/nodes/victoria_v200_crisis/decisions unreachable ([Errno 61] Connection refused) — continuing
20:12:53 WARNING omega.core.heartbeat_client: heartbeat: http://localhost:8080/api/v1/diagnostics unreachable ([Errno 61] Connection refused) — continuing
20:12:53 WARNING omega.core.heartbeat_client: heartbeat: http://localhost:8080/api/v1/nodes/victoria_v200_crisis/decisions unreachable ([Errno 61] Connection refused) — continuing
20:13:04 WARNING omega.core.heartbeat_client: heartbeat: http://localhost:8080/api/v1/diagnostics unreachable ([Errno 61] Connection refused) — continuing
20:13:04 WARNING omega.core.heartbeat_client: heartbeat: http://localhost:8080/api/v1/nodes/victoria_v200_crisis/decisions unreachable ([Errno 61] Connection refused) — continuing
20:13:04 Cycle  15/200 [NORM] OK       | fresh=0.0min | open= 0 closed=  3 | PnL=$-1051 wr=33% | improve=1 sem_db=30 | 12.7s/c ETA 2342s | zero_streak=2
20:13:16 WARNING omega.core.heartbeat_client: heartbeat: http://localhost:8080/api/v1/diagnostics unreachable ([Errno 61] Connection refused) — continuing
20:13:16 WARNING omega.core.heartbeat_client: heartbeat: http://localhost:8080/api/v1/nodes/victoria_v200_crisis/decisions unreachable ([Errno 61] Connection refused) — continuing
20:13:28 WARNING omega.core.heartbeat_client: heartbeat: http://localhost:8080/api/v1/diagnostics unreachable ([Errno 61] Connection refused) — continuing
20:13:28 WARNING omega.core.heartbeat_client: heartbeat: http://localhost:8080/api/v1/nodes/victoria_v200_crisis/decisions unreachable ([Errno 61] Connection refused) — continuing
20:13:40 WARNING omega.core.heartbeat_client: heartbeat: http://localhost:8080/api/v1/diagnostics unreachable ([Errno 61] Connection refused) — continuing
20:13:40 WARNING omega.core.heartbeat_client: heartbeat: http://localhost:8080/api/v1/nodes/victoria_v200_crisis/decisions unreachable ([Errno 61] Connection refused) — continuing
20:13:50 WARNING omega.nodes.victoria.vrp_signal: VRP circuit breaker: zscore=-2.68 < -2.0sigma — extreme COMPLACENCY; flagging for manual review (iv=0.37 rv=0.74)
20:13:51 WARNING omega.core.heartbeat_client: heartbeat: http://localhost:8080/api/v1/diagnostics unreachable ([Errno 61] Connection refused) — continuing
20:13:51 WARNING omega.core.heartbeat_client: heartbeat: http://localhost:8080/api/v1/nodes/victoria_v200_crisis/decisions unreachable ([Errno 61] Connection refused) — continuing
20:14:03 WARNING omega.core.heartbeat_client: heartbeat: http://localhost:8080/api/v1/diagnostics unreachable ([Errno 61] Connection refused) — continuing

[96m══════════════════════════════════════════════════════[0m
[96m══ TRAINING DIAGNOSTICS (cycle 20) ══════════════════════[0m
[96m══════════════════════════════════════════════════════[0m
  [1mREGIME:       [0m [93mCRISIS[0m (conf: 0.37)
  [1mDATA FRESH:   [0m [92m✅ 0.0min ago[0m
  [1mSIGNALS:      [0m 10/20 active
  [1mSIT-OUT:      [0m [92mNO[0m
  [1mCONVICTION:   [0m BTC: +0.07 ([92mBUY[0m) | ETH: +0.05 ([92mBUY[0m) | SOL: -0.13 ([91mSELL[0m) | BNB: +0.08 ([92mBUY[0m) | XRP: +0.23 ([92mBUY[0m) | ADA: -0.08 ([91mSELL[0m) | DOT: -0.10 ([91mSELL[0m) | AVAX: +0.12 ([92mBUY[0m) | LINK: -0.10 ([91mSELL[0m) | MATIC: -0.00 (HOLD) | NEAR: -0.15 ([91mSELL[0m)
  [1mTRADES:       [0m open=0 closed=3 | PnL=$-1051.31 | WR=33%
  [1mLONG/SHORT:   [0m longs=1 shorts=2
  [1mBLOCKERS:     [0m [92mNONE[0m
[96m══════════════════════════════════════════════════════[0m

20:14:14 WARNING omega.core.heartbeat_client: heartbeat: http://localhost:8080/api/v1/nodes/victoria_v200_crisis/decisions unreachable ([Errno 61] Connection refused) — continuing
20:14:14 Cycle  20/200 [CRIS] OK       | fresh=0.0min | open= 0 closed=  3 | PnL=$-1051 wr=33% | improve=1 sem_db=30 | 12.9s/c ETA 2330s | zero_streak=7
20:14:25 WARNING omega.core.heartbeat_client: heartbeat: http://localhost:8080/api/v1/diagnostics unreachable ([Errno 61] Connection refused) — continuing
20:14:25 WARNING omega.core.heartbeat_client: heartbeat: http://localhost:8080/api/v1/nodes/victoria_v200_crisis/decisions unreachable ([Errno 61] Connection refused) — continuing
20:14:37 WARNING omega.core.heartbeat_client: heartbeat: http://localhost:8080/api/v1/diagnostics unreachable ([Errno 61] Connection refused) — continuing
20:14:37 WARNING omega.core.heartbeat_client: heartbeat: http://localhost:8080/api/v1/nodes/victoria_v200_crisis/decisions unreachable ([Errno 61] Connection refused) — continuing
20:14:48 WARNING omega.core.heartbeat_client: heartbeat: http://localhost:8080/api/v1/diagnostics unreachable ([Errno 61] Connection refused) — continuing
20:14:48 WARNING omega.core.heartbeat_client: heartbeat: http://localhost:8080/api/v1/nodes/victoria_v200_crisis/decisions unreachable ([Errno 61] Connection refused) — continuing
20:15:00 WARNING omega.core.heartbeat_client: heartbeat: http://localhost:8080/api/v1/diagnostics unreachable ([Errno 61] Connection refused) — continuing
20:15:00 WARNING omega.core.heartbeat_client: heartbeat: http://localhost:8080/api/v1/nodes/victoria_v200_crisis/decisions unreachable ([Errno 61] Connection refused) — continuing
20:15:12 WARNING omega.core.heartbeat_client: heartbeat: http://localhost:8080/api/v1/diagnostics unreachable ([Errno 61] Connection refused) — continuing
20:15:12 WARNING omega.core.heartbeat_client: heartbeat: http://localhost:8080/api/v1/nodes/victoria_v200_crisis/decisions unreachable ([Errno 61] Connection refused) — continuing
20:15:12 Cycle  25/200 [HIGH] OK       | fresh=0.0min | open= 3 closed=  3 | PnL=$-1051 wr=33% | improve=1 sem_db=30 | 12.7s/c ETA 2222s | zero_streak=12
20:15:24 WARNING omega.core.heartbeat_client: heartbeat: http://localhost:8080/api/v1/diagnostics unreachable ([Errno 61] Connection refused) — continuing
20:15:24 WARNING omega.core.heartbeat_client: heartbeat: http://localhost:8080/api/v1/nodes/victoria_v200_crisis/decisions unreachable ([Errno 61] Connection refused) — continuing
20:15:35 WARNING omega.core.heartbeat_client: heartbeat: http://localhost:8080/api/v1/diagnostics unreachable ([Errno 61] Connection refused) — continuing
20:15:35 WARNING omega.core.heartbeat_client: heartbeat: http://localhost:8080/api/v1/nodes/victoria_v200_crisis/decisions unreachable ([Errno 61] Connection refused) — continuing
20:15:47 WARNING omega.core.heartbeat_client: heartbeat: http://localhost:8080/api/v1/diagnostics unreachable ([Errno 61] Connection refused) — continuing
20:15:47 WARNING omega.core.heartbeat_client: heartbeat: http://localhost:8080/api/v1/nodes/victoria_v200_crisis/decisions unreachable ([Errno 61] Connection refused) — continuing
20:15:59 WARNING omega.core.heartbeat_client: heartbeat: http://localhost:8080/api/v1/diagnostics unreachable ([Errno 61] Connection refused) — continuing
20:15:59 WARNING omega.core.heartbeat_client: heartbeat: http://localhost:8080/api/v1/nodes/victoria_v200_crisis/decisions unreachable ([Errno 61] Connection refused) — continuing
20:16:09 WARNING omega.nodes.victoria.vrp_signal: VRP circuit breaker: zscore=-2.13 < -2.0sigma — extreme COMPLACENCY; flagging for manual review (iv=0.37 rv=0.76)
/opt/homebrew/lib/python3.14/site-packages/numpy/lib/_function_base_impl.py:3023: RuntimeWarning: invalid value encountered in divide
  c /= stddev[:, None]
/opt/homebrew/lib/python3.14/site-packages/numpy/lib/_function_base_impl.py:3024: RuntimeWarning: invalid value encountered in divide
  c /= stddev[None, :]
20:16:11 WARNING omega.core.heartbeat_client: heartbeat: http://localhost:8080/api/v1/diagnostics unreachable ([Errno 61] Connection refused) — continuing

[96m══════════════════════════════════════════════════════[0m
[96m══ TRAINING DIAGNOSTICS (cycle 30) ══════════════════════[0m
[96m══════════════════════════════════════════════════════[0m
  [1mREGIME:       [0m [93mCRISIS[0m (conf: 0.37)
  [1mDATA FRESH:   [0m [92m✅ 0.0min ago[0m
  [1mSIGNALS:      [0m 10/20 active
  [1mSIT-OUT:      [0m [92mNO[0m
  [1mCONVICTION:   [0m BTC: +0.08 ([92mBUY[0m) | ETH: +0.06 ([92mBUY[0m) | SOL: +0.08 ([92mBUY[0m) | BNB: +0.01 (HOLD) | XRP: +0.03 (HOLD) | ADA: -0.13 ([91mSELL[0m) | DOT: +0.05 ([92mBUY[0m) | AVAX: +0.08 ([92mBUY[0m) | LINK: -0.07 ([91mSELL[0m) | MATIC: -0.06 ([91mSELL[0m) | NEAR: -0.13 ([91mSELL[0m)
  [1mTRADES:       [0m open=1 closed=8 | PnL=$-4040.03 | WR=12%
  [1mLONG/SHORT:   [0m longs=2 shorts=7
  [1mBLOCKERS:     [0m [92mNONE[0m
[96m══════════════════════════════════════════════════════[0m

20:16:23 WARNING omega.core.heartbeat_client: heartbeat: http://localhost:8080/api/v1/nodes/victoria_v200_crisis/decisions unreachable ([Errno 61] Connection refused) — continuing
20:16:23 Cycle  30/200 [CRIS] OK       | fresh=0.0min | open= 1 closed=  8 | PnL=$-4040 wr=12% | improve=1 sem_db=30 | 12.9s/c ETA 2201s | zero_streak=0
/opt/homebrew/lib/python3.14/site-packages/numpy/lib/_function_base_impl.py:3023: RuntimeWarning: invalid value encountered in divide
  c /= stddev[:, None]
/opt/homebrew/lib/python3.14/site-packages/numpy/lib/_function_base_impl.py:3024: RuntimeWarning: invalid value encountered in divide
  c /= stddev[None, :]
20:16:35 WARNING omega.core.heartbeat_client: heartbeat: http://localhost:8080/api/v1/diagnostics unreachable ([Errno 61] Connection refused) — continuing
20:16:35 WARNING omega.core.heartbeat_client: heartbeat: http://localhost:8080/api/v1/nodes/victoria_v200_crisis/decisions unreachable ([Errno 61] Connection refused) — continuing
20:16:47 WARNING omega.core.heartbeat_client: heartbeat: http://localhost:8080/api/v1/diagnostics unreachable ([Errno 61] Connection refused) — continuing
20:16:47 WARNING omega.core.heartbeat_client: heartbeat: http://localhost:8080/api/v1/nodes/victoria_v200_crisis/decisions unreachable ([Errno 61] Connection refused) — continuing
20:16:59 WARNING omega.core.heartbeat_client: heartbeat: http://localhost:8080/api/v1/diagnostics unreachable ([Errno 61] Connection refused) — continuing
20:16:59 WARNING omega.core.heartbeat_client: heartbeat: http://localhost:8080/api/v1/nodes/victoria_v200_crisis/decisions unreachable ([Errno 61] Connection refused) — continuing
20:17:09 WARNING omega.nodes.victoria.vrp_signal: VRP circuit breaker: zscore=-2.01 < -2.0sigma — extreme COMPLACENCY; flagging for manual review (iv=0.37 rv=0.79)
20:17:10 WARNING omega.core.heartbeat_client: heartbeat: http://localhost:8080/api/v1/diagnostics unreachable ([Errno 61] Connection refused) — continuing
20:17:10 WARNING omega.core.heartbeat_client: heartbeat: http://localhost:8080/api/v1/nodes/victoria_v200_crisis/decisions unreachable ([Errno 61] Connection refused) — continuing
20:17:21 WARNING omega.core.heartbeat_client: heartbeat: http://localhost:8080/api/v1/diagnostics unreachable ([Errno 61] Connection refused) — continuing
20:17:21 WARNING omega.core.heartbeat_client: heartbeat: http://localhost:8080/api/v1/nodes/victoria_v200_crisis/decisions unreachable ([Errno 61] Connection refused) — continuing
20:17:21 Cycle  35/200 [CRIS] OK       | fresh=0.0min | open= 2 closed= 10 | PnL=$-4785 wr=20% | improve=1 sem_db=30 | 12.8s/c ETA 2106s | zero_streak=1
20:17:33 WARNING omega.core.heartbeat_client: heartbeat: http://localhost:8080/api/v1/diagnostics unreachable ([Errno 61] Connection refused) — continuing
20:17:33 WARNING omega.core.heartbeat_client: heartbeat: http://localhost:8080/api/v1/nodes/victoria_v200_crisis/decisions unreachable ([Errno 61] Connection refused) — continuing
20:17:44 WARNING omega.core.heartbeat_client: heartbeat: http://localhost:8080/api/v1/diagnostics unreachable ([Errno 61] Connection refused) — continuing
20:17:44 WARNING omega.core.heartbeat_client: heartbeat: http://localhost:8080/api/v1/nodes/victoria_v200_crisis/decisions unreachable ([Errno 61] Connection refused) — continuing
20:17:57 WARNING omega.core.heartbeat_client: heartbeat: http://localhost:8080/api/v1/diagnostics unreachable ([Errno 61] Connection refused) — continuing
20:17:57 WARNING omega.core.heartbeat_client: heartbeat: http://localhost:8080/api/v1/nodes/victoria_v200_crisis/decisions unreachable ([Errno 61] Connection refused) — continuing
20:18:09 WARNING omega.core.heartbeat_client: heartbeat: http://localhost:8080/api/v1/diagnostics unreachable ([Errno 61] Connection refused) — continuing
20:18:09 WARNING omega.core.heartbeat_client: heartbeat: http://localhost:8080/api/v1/nodes/victoria_v200_crisis/decisions unreachable ([Errno 61] Connection refused) — continuing
20:18:20 WARNING omega.core.heartbeat_client: heartbeat: http://localhost:8080/api/v1/diagnostics unreachable ([Errno 61] Connection refused) — continuing

[96m══════════════════════════════════════════════════════[0m
[96m══ TRAINING DIAGNOSTICS (cycle 40) ══════════════════════[0m
[96m══════════════════════════════════════════════════════[0m
  [1mREGIME:       [0m [93mCRISIS[0m (conf: 0.37)
  [1mDATA FRESH:   [0m [92m✅ 0.0min ago[0m
  [1mSIGNALS:      [0m 11/20 active
  [1mSIT-OUT:      [0m [92mNO[0m
  [1mCONVICTION:   [0m BTC: +0.06 ([92mBUY[0m) | ETH: -0.04 (HOLD) | SOL: -0.11 ([91mSELL[0m) | BNB: +0.08 ([92mBUY[0m) | XRP: +0.05 (HOLD) | ADA: -0.15 ([91mSELL[0m) | DOT: +0.04 (HOLD) | AVAX: -0.07 ([91mSELL[0m) | LINK: -0.11 ([91mSELL[0m) | MATIC: -0.04 (HOLD) | NEAR: +0.28 ([92mBUY[0m)
  [1mTRADES:       [0m open=0 closed=12 | PnL=$-4846.42 | WR=25%
  [1mLONG/SHORT:   [0m longs=4 shorts=8
  [1mBLOCKERS:     [0m [92mNONE[0m
[96m══════════════════════════════════════════════════════[0m

20:18:31 WARNING omega.core.heartbeat_client: heartbeat: http://localhost:8080/api/v1/nodes/victoria_v200_crisis/decisions unreachable ([Errno 61] Connection refused) — continuing
20:18:31 Cycle  40/200 [CRIS] OK       | fresh=0.0min | open= 0 closed= 12 | PnL=$-4846 wr=25% | improve=1 sem_db=30 | 12.9s/c ETA 2065s | zero_streak=1
/opt/homebrew/lib/python3.14/site-packages/numpy/lib/_function_base_impl.py:3023: RuntimeWarning: invalid value encountered in divide
  c /= stddev[:, None]
/opt/homebrew/lib/python3.14/site-packages/numpy/lib/_function_base_impl.py:3024: RuntimeWarning: invalid value encountered in divide
  c /= stddev[None, :]
20:18:43 WARNING omega.core.heartbeat_client: heartbeat: http://localhost:8080/api/v1/diagnostics unreachable ([Errno 61] Connection refused) — continuing
20:18:43 WARNING omega.core.heartbeat_client: heartbeat: http://localhost:8080/api/v1/nodes/victoria_v200_crisis/decisions unreachable ([Errno 61] Connection refused) — continuing
20:18:54 WARNING omega.core.heartbeat_client: heartbeat: http://localhost:8080/api/v1/diagnostics unreachable ([Errno 61] Connection refused) — continuing
20:18:54 WARNING omega.core.heartbeat_client: heartbeat: http://localhost:8080/api/v1/nodes/victoria_v200_crisis/decisions unreachable ([Errno 61] Connection refused) — continuing
20:19:06 WARNING omega.core.heartbeat_client: heartbeat: http://localhost:8080/api/v1/diagnostics unreachable ([Errno 61] Connection refused) — continuing
20:19:06 WARNING omega.core.heartbeat_client: heartbeat: http://localhost:8080/api/v1/nodes/victoria_v200_crisis/decisions unreachable ([Errno 61] Connection refused) — continuing
20:19:17 WARNING omega.core.heartbeat_client: heartbeat: http://localhost:8080/api/v1/diagnostics unreachable ([Errno 61] Connection refused) — continuing
20:19:17 WARNING omega.core.heartbeat_client: heartbeat: http://localhost:8080/api/v1/nodes/victoria_v200_crisis/decisions unreachable ([Errno 61] Connection refused) — continuing
20:19:28 WARNING omega.core.heartbeat_client: heartbeat: http://localhost:8080/api/v1/diagnostics unreachable ([Errno 61] Connection refused) — continuing
20:19:28 WARNING omega.core.heartbeat_client: heartbeat: http://localhost:8080/api/v1/nodes/victoria_v200_crisis/decisions unreachable ([Errno 61] Connection refused) — continuing
20:19:28 Cycle  45/200 [CRIS] OK       | fresh=0.0min | open= 2 closed= 13 | PnL=$-5677 wr=23% | improve=1 sem_db=30 | 12.7s/c ETA 1976s | zero_streak=2
20:19:40 WARNING omega.core.heartbeat_client: heartbeat: http://localhost:8080/api/v1/diagnostics unreachable ([Errno 61] Connection refused) — continuing
20:19:40 WARNING omega.core.heartbeat_client: heartbeat: http://localhost:8080/api/v1/nodes/victoria_v200_crisis/decisions unreachable ([Errno 61] Connection refused) — continuing
20:19:50 WARNING omega.core.heartbeat_client: heartbeat: http://localhost:8080/api/v1/diagnostics unreachable ([Errno 61] Connection refused) — continuing
20:19:50 WARNING omega.core.heartbeat_client: heartbeat: http://localhost:8080/api/v1/nodes/victoria_v200_crisis/decisions unreachable ([Errno 61] Connection refused) — continuing
20:20:02 WARNING omega.core.heartbeat_client: heartbeat: http://localhost:8080/api/v1/diagnostics unreachable ([Errno 61] Connection refused) — continuing
20:20:02 WARNING omega.core.heartbeat_client: heartbeat: http://localhost:8080/api/v1/nodes/victoria_v200_crisis/decisions unreachable ([Errno 61] Connection refused) — continuing
20:20:15 WARNING omega.core.heartbeat_client: heartbeat: http://localhost:8080/api/v1/diagnostics unreachable ([Errno 61] Connection refused) — continuing
20:20:15 WARNING omega.core.heartbeat_client: heartbeat: http://localhost:8080/api/v1/nodes/victoria_v200_crisis/decisions unreachable ([Errno 61] Connection refused) — continuing
20:20:26 WARNING omega.core.heartbeat_client: heartbeat: http://localhost:8080/api/v1/diagnostics unreachable ([Errno 61] Connection refused) — continuing

[96m══════════════════════════════════════════════════════[0m
[96m══ TRAINING DIAGNOSTICS (cycle 50) ══════════════════════[0m
[96m══════════════════════════════════════════════════════[0m
  [1mREGIME:       [0m [93mNORMAL[0m (conf: 0.37)
  [1mDATA FRESH:   [0m [92m✅ 0.0min ago[0m
  [1mSIGNALS:      [0m 11/20 active
  [1mSIT-OUT:      [0m [92mNO[0m
  [1mCONVICTION:   [0m BTC: -0.04 (HOLD) | ETH: +0.06 ([92mBUY[0m) | SOL: -0.05 ([91mSELL[0m) | BNB: -0.06 ([91mSELL[0m) | XRP: +0.02 (HOLD) | ADA: -0.06 ([91mSELL[0m) | DOT: +0.07 ([92mBUY[0m) | AVAX: +0.13 ([92mBUY[0m) | LINK: +0.05 ([92mBUY[0m) | MATIC: -0.10 ([91mSELL[0m) | NEAR: -0.02 (HOLD)
  [1mTRADES:       [0m open=0 closed=17 | PnL=$-6159.80 | WR=24%
  [1mLONG/SHORT:   [0m longs=7 shorts=10
  [1mBLOCKERS:     [0m [92mNONE[0m
[96m══════════════════════════════════════════════════════[0m

20:20:40 WARNING omega.core.heartbeat_client: heartbeat: http://localhost:8080/api/v1/nodes/victoria_v200_crisis/decisions unreachable ([Errno 61] Connection refused) — continuing
20:20:40 Cycle  50/200 [NORM] OK       | fresh=0.0min | open= 0 closed= 17 | PnL=$-6160 wr=24% | improve=1 sem_db=30 | 12.9s/c ETA 1935s | zero_streak=0
/opt/homebrew/lib/python3.14/site-packages/numpy/lib/_function_base_impl.py:3023: RuntimeWarning: invalid value encountered in divide
  c /= stddev[:, None]
/opt/homebrew/lib/python3.14/site-packages/numpy/lib/_function_base_impl.py:3024: RuntimeWarning: invalid value encountered in divide
  c /= stddev[None, :]
20:21:02 WARNING omega.core.heartbeat_client: heartbeat: http://localhost:8080/api/v1/diagnostics unreachable ([Errno 61] Connection refused) — continuing
20:21:02 WARNING omega.core.heartbeat_client: heartbeat: http://localhost:8080/api/v1/nodes/victoria_v200_crisis/decisions unreachable ([Errno 61] Connection refused) — continuing
/opt/homebrew/lib/python3.14/site-packages/numpy/lib/_function_base_impl.py:3023: RuntimeWarning: invalid value encountered in divide
  c /= stddev[:, None]
/opt/homebrew/lib/python3.14/site-packages/numpy/lib/_function_base_impl.py:3024: RuntimeWarning: invalid value encountered in divide
  c /= stddev[None, :]
20:21:13 WARNING omega.core.heartbeat_client: heartbeat: http://localhost:8080/api/v1/diagnostics unreachable ([Errno 61] Connection refused) — continuing
20:21:13 WARNING omega.core.heartbeat_client: heartbeat: http://localhost:8080/api/v1/nodes/victoria_v200_crisis/decisions unreachable ([Errno 61] Connection refused) — continuing
20:21:24 WARNING omega.core.heartbeat_client: heartbeat: http://localhost:8080/api/v1/diagnostics unreachable ([Errno 61] Connection refused) — continuing
20:21:24 WARNING omega.core.heartbeat_client: heartbeat: http://localhost:8080/api/v1/nodes/victoria_v200_crisis/decisions unreachable ([Errno 61] Connection refused) — continuing
20:21:36 WARNING omega.core.heartbeat_client: heartbeat: http://localhost:8080/api/v1/diagnostics unreachable ([Errno 61] Connection refused) — continuing
20:21:36 WARNING omega.core.heartbeat_client: heartbeat: http://localhost:8080/api/v1/nodes/victoria_v200_crisis/decisions unreachable ([Errno 61] Connection refused) — continuing
20:21:47 WARNING omega.core.heartbeat_client: heartbeat: http://localhost:8080/api/v1/diagnostics unreachable ([Errno 61] Connection refused) — continuing
20:21:47 WARNING omega.core.heartbeat_client: heartbeat: http://localhost:8080/api/v1/nodes/victoria_v200_crisis/decisions unreachable ([Errno 61] Connection refused) — continuing
20:21:47 Cycle  55/200 [NORM] OK       | fresh=0.0min | open= 2 closed= 18 | PnL=$-7096 wr=22% | improve=1 sem_db=30 | 13.0s/c ETA 1878s | zero_streak=2
20:21:59 WARNING omega.core.heartbeat_client: heartbeat: http://localhost:8080/api/v1/diagnostics unreachable ([Errno 61] Connection refused) — continuing
20:21:59 WARNING omega.core.heartbeat_client: heartbeat: http://localhost:8080/api/v1/nodes/victoria_v200_crisis/decisions unreachable ([Errno 61] Connection refused) — continuing
20:22:10 WARNING omega.core.heartbeat_client: heartbeat: http://localhost:8080/api/v1/diagnostics unreachable ([Errno 61] Connection refused) — continuing
20:22:10 WARNING omega.core.heartbeat_client: heartbeat: http://localhost:8080/api/v1/nodes/victoria_v200_crisis/decisions unreachable ([Errno 61] Connection refused) — continuing
20:22:22 WARNING omega.core.heartbeat_client: heartbeat: http://localhost:8080/api/v1/diagnostics unreachable ([Errno 61] Connection refused) — continuing
20:22:22 WARNING omega.core.heartbeat_client: heartbeat: http://localhost:8080/api/v1/nodes/victoria_v200_crisis/decisions unreachable ([Errno 61] Connection refused) — continuing
20:22:34 WARNING omega.core.heartbeat_client: heartbeat: http://localhost:8080/api/v1/diagnostics unreachable ([Errno 61] Connection refused) — continuing
20:22:34 WARNING omega.core.heartbeat_client: heartbeat: http://localhost:8080/api/v1/nodes/victoria_v200_crisis/decisions unreachable ([Errno 61] Connection refused) — continuing
20:22:45 WARNING omega.core.heartbeat_client: heartbeat: http://localhost:8080/api/v1/diagnostics unreachable ([Errno 61] Connection refused) — continuing

[96m══════════════════════════════════════════════════════[0m
[96m══ TRAINING DIAGNOSTICS (cycle 60) ══════════════════════[0m
[96m══════════════════════════════════════════════════════[0m
  [1mREGIME:       [0m [93mHIGH_VOL[0m (conf: 0.37)
  [1mDATA FRESH:   [0m [92m✅ 0.0min ago[0m
  [1mSIGNALS:      [0m 11/20 active
  [1mSIT-OUT:      [0m [92mNO[0m
  [1mCONVICTION:   [0m BTC: +0.02 (HOLD) | ETH: +0.03 (HOLD) | SOL: +0.03 (HOLD) | BNB: -0.05 ([91mSELL[0m) | XRP: -0.16 ([91mSELL[0m) | ADA: +0.03 (HOLD) | DOT: +0.03 (HOLD) | AVAX: +0.03 (HOLD) | LINK: +0.03 (HOLD) | MATIC: +0.01 (HOLD) | NEAR: +0.03 (HOLD)
  [1mTRADES:       [0m open=2 closed=18 | PnL=$-7096.39 | WR=22%
  [1mLONG/SHORT:   [0m longs=9 shorts=11
  [1mBLOCKERS:     [0m [92mNONE[0m
[96m══════════════════════════════════════════════════════[0m

20:22:45 WARNING omega.core.heartbeat_client: heartbeat: http://localhost:8080/api/v1/nodes/victoria_v200_crisis/decisions unreachable ([Errno 61] Connection refused) — continuing
20:22:45 Cycle  60/200 [HIGH] OK       | fresh=0.0min | open= 2 closed= 18 | PnL=$-7096 wr=22% | improve=1 sem_db=30 | 12.8s/c ETA 1798s | zero_streak=7
20:22:56 WARNING omega.core.heartbeat_client: heartbeat: http://localhost:8080/api/v1/diagnostics unreachable ([Errno 61] Connection refused) — continuing
20:22:56 WARNING omega.core.heartbeat_client: heartbeat: http://localhost:8080/api/v1/nodes/victoria_v200_crisis/decisions unreachable ([Errno 61] Connection refused) — continuing
20:23:08 WARNING omega.core.heartbeat_client: heartbeat: http://localhost:8080/api/v1/diagnostics unreachable ([Errno 61] Connection refused) — continuing
20:23:08 WARNING omega.core.heartbeat_client: heartbeat: http://localhost:8080/api/v1/nodes/victoria_v200_crisis/decisions unreachable ([Errno 61] Connection refused) — continuing
20:23:20 WARNING omega.core.heartbeat_client: heartbeat: http://localhost:8080/api/v1/diagnostics unreachable ([Errno 61] Connection refused) — continuing
20:23:20 WARNING omega.core.heartbeat_client: heartbeat: http://localhost:8080/api/v1/nodes/victoria_v200_crisis/decisions unreachable ([Errno 61] Connection refused) — continuing
20:23:32 WARNING omega.core.heartbeat_client: heartbeat: http://localhost:8080/api/v1/diagnostics unreachable ([Errno 61] Connection refused) — continuing
20:23:32 WARNING omega.core.heartbeat_client: heartbeat: http://localhost:8080/api/v1/nodes/victoria_v200_crisis/decisions unreachable ([Errno 61] Connection refused) — continuing
20:23:43 WARNING omega.core.heartbeat_client: heartbeat: http://localhost:8080/api/v1/diagnostics unreachable ([Errno 61] Connection refused) — continuing
20:23:43 WARNING omega.core.heartbeat_client: heartbeat: http://localhost:8080/api/v1/nodes/victoria_v200_crisis/decisions unreachable ([Errno 61] Connection refused) — continuing
20:23:43 Cycle  65/200 [HIGH] OK       | fresh=0.0min | open= 0 closed= 20 | PnL=$-3978 wr=30% | improve=1 sem_db=30 | 12.7s/c ETA 1720s | zero_streak=3
20:23:54 WARNING omega.core.heartbeat_client: heartbeat: http://localhost:8080/api/v1/diagnostics unreachable ([Errno 61] Connection refused) — continuing
20:23:54 WARNING omega.core.heartbeat_client: heartbeat: http://localhost:8080/api/v1/nodes/victoria_v200_crisis/decisions unreachable ([Errno 61] Connection refused) — continuing
20:24:06 WARNING omega.core.heartbeat_client: heartbeat: http://localhost:8080/api/v1/diagnostics unreachable ([Errno 61] Connection refused) — continuing
20:24:06 WARNING omega.core.heartbeat_client: heartbeat: http://localhost:8080/api/v1/nodes/victoria_v200_crisis/decisions unreachable ([Errno 61] Connection refused) — continuing
20:24:17 WARNING omega.core.heartbeat_client: heartbeat: http://localhost:8080/api/v1/diagnostics unreachable ([Errno 61] Connection refused) — continuing
20:24:17 WARNING omega.core.heartbeat_client: heartbeat: http://localhost:8080/api/v1/nodes/victoria_v200_crisis/decisions unreachable ([Errno 61] Connection refused) — continuing
20:24:29 WARNING omega.core.heartbeat_client: heartbeat: http://localhost:8080/api/v1/diagnostics unreachable ([Errno 61] Connection refused) — continuing
20:24:29 WARNING omega.core.heartbeat_client: heartbeat: http://localhost:8080/api/v1/nodes/victoria_v200_crisis/decisions unreachable ([Errno 61] Connection refused) — continuing
20:24:40 WARNING omega.core.heartbeat_client: heartbeat: http://localhost:8080/api/v1/diagnostics unreachable ([Errno 61] Connection refused) — continuing

[96m══════════════════════════════════════════════════════[0m
[96m══ TRAINING DIAGNOSTICS (cycle 70) ══════════════════════[0m
[96m══════════════════════════════════════════════════════[0m
  [1mREGIME:       [0m [93mHIGH_VOL[0m (conf: 0.37)
  [1mDATA FRESH:   [0m [92m✅ 0.0min ago[0m
  [1mSIGNALS:      [0m 12/20 active
  [1mSIT-OUT:      [0m [92mNO[0m
  [1mCONVICTION:   [0m BTC: -0.04 (HOLD) | ETH: +0.05 (HOLD) | SOL: +0.15 ([92mBUY[0m) | BNB: +0.08 ([92mBUY[0m) | XRP: -0.14 ([91mSELL[0m) | ADA: -0.07 ([91mSELL[0m) | DOT: -0.10 ([91mSELL[0m) | AVAX: -0.09 ([91mSELL[0m) | LINK: -0.08 ([91mSELL[0m) | MATIC: -0.15 ([91mSELL[0m) | NEAR: +0.39 ([92mBUY[0m)
  [1mTRADES:       [0m open=1 closed=20 | PnL=$-3977.75 | WR=30%
  [1mLONG/SHORT:   [0m longs=9 shorts=12
  [1mBLOCKERS:     [0m [92mNONE[0m
[96m══════════════════════════════════════════════════════[0m

20:24:40 WARNING omega.core.heartbeat_client: heartbeat: http://localhost:8080/api/v1/nodes/victoria_v200_crisis/decisions unreachable ([Errno 61] Connection refused) — continuing
20:24:40 Cycle  70/200 [HIGH] OK       | fresh=0.0min | open= 1 closed= 20 | PnL=$-3978 wr=30% | improve=1 sem_db=30 | 12.6s/c ETA 1644s | zero_streak=8
20:24:51 WARNING omega.core.heartbeat_client: heartbeat: http://localhost:8080/api/v1/diagnostics unreachable ([Errno 61] Connection refused) — continuing
20:24:51 WARNING omega.core.heartbeat_client: heartbeat: http://localhost:8080/api/v1/nodes/victoria_v200_crisis/decisions unreachable ([Errno 61] Connection refused) — continuing
20:25:04 WARNING omega.core.heartbeat_client: heartbeat: http://localhost:8080/api/v1/diagnostics unreachable ([Errno 61] Connection refused) — continuing
20:25:04 WARNING omega.core.heartbeat_client: heartbeat: http://localhost:8080/api/v1/nodes/victoria_v200_crisis/decisions unreachable ([Errno 61] Connection refused) — continuing
20:25:18 WARNING omega.core.heartbeat_client: heartbeat: http://localhost:8080/api/v1/diagnostics unreachable ([Errno 61] Connection refused) — continuing
20:25:18 WARNING omega.core.heartbeat_client: heartbeat: http://localhost:8080/api/v1/nodes/victoria_v200_crisis/decisions unreachable ([Errno 61] Connection refused) — continuing
20:25:28 WARNING omega.core.heartbeat_client: heartbeat: http://localhost:8080/api/v1/diagnostics unreachable ([Errno 61] Connection refused) — continuing
20:25:28 WARNING omega.core.heartbeat_client: heartbeat: http://localhost:8080/api/v1/nodes/victoria_v200_crisis/decisions unreachable ([Errno 61] Connection refused) — continuing
20:25:40 WARNING omega.core.heartbeat_client: heartbeat: http://localhost:8080/api/v1/diagnostics unreachable ([Errno 61] Connection refused) — continuing
20:25:40 WARNING omega.core.heartbeat_client: heartbeat: http://localhost:8080/api/v1/nodes/victoria_v200_crisis/decisions unreachable ([Errno 61] Connection refused) — continuing
20:25:40 Cycle  75/200 [NORM] OK       | fresh=0.0min | open= 2 closed= 20 | PnL=$-3978 wr=30% | improve=1 sem_db=30 | 12.6s/c ETA 1575s | zero_streak=13
20:25:52 WARNING omega.core.heartbeat_client: heartbeat: http://localhost:8080/api/v1/diagnostics unreachable ([Errno 61] Connection refused) — continuing
20:25:52 WARNING omega.core.heartbeat_client: heartbeat: http://localhost:8080/api/v1/nodes/victoria_v200_crisis/decisions unreachable ([Errno 61] Connection refused) — continuing
20:26:03 WARNING omega.core.heartbeat_client: heartbeat: http://localhost:8080/api/v1/diagnostics unreachable ([Errno 61] Connection refused) — continuing
20:26:03 WARNING omega.core.heartbeat_client: heartbeat: http://localhost:8080/api/v1/nodes/victoria_v200_crisis/decisions unreachable ([Errno 61] Connection refused) — continuing
20:26:14 WARNING omega.core.heartbeat_client: heartbeat: http://localhost:8080/api/v1/diagnostics unreachable ([Errno 61] Connection refused) — continuing
20:26:14 WARNING omega.core.heartbeat_client: heartbeat: http://localhost:8080/api/v1/nodes/victoria_v200_crisis/decisions unreachable ([Errno 61] Connection refused) — continuing
20:26:25 WARNING omega.core.heartbeat_client: heartbeat: http://localhost:8080/api/v1/diagnostics unreachable ([Errno 61] Connection refused) — continuing
20:26:25 WARNING omega.core.heartbeat_client: heartbeat: http://localhost:8080/api/v1/nodes/victoria_v200_crisis/decisions unreachable ([Errno 61] Connection refused) — continuing
20:26:37 WARNING omega.core.heartbeat_client: heartbeat: http://localhost:8080/api/v1/diagnostics unreachable ([Errno 61] Connection refused) — continuing

[96m══════════════════════════════════════════════════════[0m
[96m══ TRAINING DIAGNOSTICS (cycle 80) ══════════════════════[0m
[96m══════════════════════════════════════════════════════[0m
  [1mREGIME:       [0m [93mNORMAL[0m (conf: 0.37)
  [1mDATA FRESH:   [0m [92m✅ 0.0min ago[0m
  [1mSIGNALS:      [0m 11/20 active
  [1mSIT-OUT:      [0m [92mNO[0m
  [1mCONVICTION:   [0m BTC: +0.02 (HOLD) | ETH: +0.02 (HOLD) | SOL: -0.13 ([91mSELL[0m) | BNB: +0.11 ([92mBUY[0m) | XRP: +0.17 ([92mBUY[0m) | ADA: -0.13 ([91mSELL[0m) | DOT: -0.06 ([91mSELL[0m) | AVAX: -0.09 ([91mSELL[0m) | LINK: -0.10 ([91mSELL[0m) | MATIC: -0.02 (HOLD) | NEAR: +0.20 ([92mBUY[0m)
  [1mTRADES:       [0m open=1 closed=22 | PnL=$-2243.62 | WR=32%
  [1mLONG/SHORT:   [0m longs=11 shorts=12
  [1mBLOCKERS:     [0m [92mNONE[0m
[96m══════════════════════════════════════════════════════[0m

20:26:37 WARNING omega.core.heartbeat_client: heartbeat: http://localhost:8080/api/v1/nodes/victoria_v200_crisis/decisions unreachable ([Errno 61] Connection refused) — continuing
20:26:37 Cycle  80/200 [NORM] OK       | fresh=0.0min | open= 1 closed= 22 | PnL=$-2244 wr=32% | improve=1 sem_db=30 | 12.5s/c ETA 1504s | zero_streak=0
20:26:48 WARNING omega.core.heartbeat_client: heartbeat: http://localhost:8080/api/v1/diagnostics unreachable ([Errno 61] Connection refused) — continuing
20:26:48 WARNING omega.core.heartbeat_client: heartbeat: http://localhost:8080/api/v1/nodes/victoria_v200_crisis/decisions unreachable ([Errno 61] Connection refused) — continuing
20:26:59 WARNING omega.core.heartbeat_client: heartbeat: http://localhost:8080/api/v1/diagnostics unreachable ([Errno 61] Connection refused) — continuing
20:26:59 WARNING omega.core.heartbeat_client: heartbeat: http://localhost:8080/api/v1/nodes/victoria_v200_crisis/decisions unreachable ([Errno 61] Connection refused) — continuing
20:27:10 WARNING omega.core.heartbeat_client: heartbeat: http://localhost:8080/api/v1/diagnostics unreachable ([Errno 61] Connection refused) — continuing
20:27:10 WARNING omega.core.heartbeat_client: heartbeat: http://localhost:8080/api/v1/nodes/victoria_v200_crisis/decisions unreachable ([Errno 61] Connection refused) — continuing
20:27:21 WARNING omega.core.heartbeat_client: heartbeat: http://localhost:8080/api/v1/diagnostics unreachable ([Errno 61] Connection refused) — continuing
20:27:22 WARNING omega.core.heartbeat_client: heartbeat: http://localhost:8080/api/v1/nodes/victoria_v200_crisis/decisions unreachable ([Errno 61] Connection refused) — continuing
20:27:33 WARNING omega.core.heartbeat_client: heartbeat: http://localhost:8080/api/v1/diagnostics unreachable ([Errno 61] Connection refused) — continuing
20:27:33 WARNING omega.core.heartbeat_client: heartbeat: http://localhost:8080/api/v1/nodes/victoria_v200_crisis/decisions unreachable ([Errno 61] Connection refused) — continuing
20:27:33 Cycle  85/200 [NORM] OK       | fresh=0.0min | open= 1 closed= 25 | PnL=$-2786 wr=32% | improve=1 sem_db=30 | 12.5s/c ETA 1432s | zero_streak=0
20:27:45 WARNING omega.core.heartbeat_client: heartbeat: http://localhost:8080/api/v1/diagnostics unreachable ([Errno 61] Connection refused) — continuing
20:27:45 WARNING omega.core.heartbeat_client: heartbeat: http://localhost:8080/api/v1/nodes/victoria_v200_crisis/decisions unreachable ([Errno 61] Connection refused) — continuing
20:27:57 WARNING omega.core.heartbeat_client: heartbeat: http://localhost:8080/api/v1/diagnostics unreachable ([Errno 61] Connection refused) — continuing
20:27:57 WARNING omega.core.heartbeat_client: heartbeat: http://localhost:8080/api/v1/nodes/victoria_v200_crisis/decisions unreachable ([Errno 61] Connection refused) — continuing
20:28:08 WARNING omega.core.heartbeat_client: heartbeat: http://localhost:8080/api/v1/diagnostics unreachable ([Errno 61] Connection refused) — continuing
20:28:08 WARNING omega.core.heartbeat_client: heartbeat: http://localhost:8080/api/v1/nodes/victoria_v200_crisis/decisions unreachable ([Errno 61] Connection refused) — continuing
20:28:20 WARNING omega.core.heartbeat_client: heartbeat: http://localhost:8080/api/v1/diagnostics unreachable ([Errno 61] Connection refused) — continuing
20:28:20 WARNING omega.core.heartbeat_client: heartbeat: http://localhost:8080/api/v1/nodes/victoria_v200_crisis/decisions unreachable ([Errno 61] Connection refused) — continuing
20:28:31 WARNING omega.core.heartbeat_client: heartbeat: http://localhost:8080/api/v1/diagnostics unreachable ([Errno 61] Connection refused) — continuing

[96m══════════════════════════════════════════════════════[0m
[96m══ TRAINING DIAGNOSTICS (cycle 90) ══════════════════════[0m
[96m══════════════════════════════════════════════════════[0m
  [1mREGIME:       [0m [93mNORMAL[0m (conf: 0.38)
  [1mDATA FRESH:   [0m [92m✅ 0.0min ago[0m
  [1mSIGNALS:      [0m 11/20 active
  [1mSIT-OUT:      [0m [92mNO[0m
  [1mCONVICTION:   [0m BTC: +0.11 ([92mBUY[0m) | ETH: +0.07 ([92mBUY[0m) | SOL: +0.06 ([92mBUY[0m) | BNB: +0.09 ([92mBUY[0m) | XRP: -0.06 ([91mSELL[0m) | ADA: -0.06 ([91mSELL[0m) | DOT: +0.01 (HOLD) | AVAX: -0.06 ([91mSELL[0m) | LINK: -0.05 (HOLD) | MATIC: -0.06 ([91mSELL[0m) | NEAR: -0.06 ([91mSELL[0m)
  [1mTRADES:       [0m open=2 closed=26 | PnL=$-2752.85 | WR=35%
  [1mLONG/SHORT:   [0m longs=14 shorts=14
  [1mBLOCKERS:     [0m [92mNONE[0m
[96m══════════════════════════════════════════════════════[0m

20:28:31 WARNING omega.core.heartbeat_client: heartbeat: http://localhost:8080/api/v1/nodes/victoria_v200_crisis/decisions unreachable ([Errno 61] Connection refused) — continuing
20:28:31 Cycle  90/200 [NORM] OK       | fresh=0.0min | open= 2 closed= 26 | PnL=$-2753 wr=35% | improve=1 sem_db=30 | 12.4s/c ETA 1365s | zero_streak=0
20:28:43 WARNING omega.core.heartbeat_client: heartbeat: http://localhost:8080/api/v1/diagnostics unreachable ([Errno 61] Connection refused) — continuing
20:28:43 WARNING omega.core.heartbeat_client: heartbeat: http://localhost:8080/api/v1/nodes/victoria_v200_crisis/decisions unreachable ([Errno 61] Connection refused) — continuing
20:28:55 WARNING omega.core.heartbeat_client: heartbeat: http://localhost:8080/api/v1/diagnostics unreachable ([Errno 61] Connection refused) — continuing
20:28:55 WARNING omega.core.heartbeat_client: heartbeat: http://localhost:8080/api/v1/nodes/victoria_v200_crisis/decisions unreachable ([Errno 61] Connection refused) — continuing
20:29:06 WARNING omega.core.heartbeat_client: heartbeat: http://localhost:8080/api/v1/diagnostics unreachable ([Errno 61] Connection refused) — continuing
20:29:06 WARNING omega.core.heartbeat_client: heartbeat: http://localhost:8080/api/v1/nodes/victoria_v200_crisis/decisions unreachable ([Errno 61] Connection refused) — continuing
20:29:19 WARNING omega.core.heartbeat_client: heartbeat: http://localhost:8080/api/v1/diagnostics unreachable ([Errno 61] Connection refused) — continuing
20:29:19 WARNING omega.core.heartbeat_client: heartbeat: http://localhost:8080/api/v1/nodes/victoria_v200_crisis/decisions unreachable ([Errno 61] Connection refused) — continuing
20:29:30 WARNING omega.core.heartbeat_client: heartbeat: http://localhost:8080/api/v1/diagnostics unreachable ([Errno 61] Connection refused) — continuing
20:29:30 WARNING omega.core.heartbeat_client: heartbeat: http://localhost:8080/api/v1/nodes/victoria_v200_crisis/decisions unreachable ([Errno 61] Connection refused) — continuing
20:29:30 Cycle  95/200 [NORM] OK       | fresh=0.0min | open= 1 closed= 29 | PnL=$-328 wr=41% | improve=1 sem_db=30 | 12.4s/c ETA 1300s | zero_streak=1
20:29:40 WARNING omega.nodes.victoria.vrp_signal: VRP circuit breaker: zscore=-2.49 < -2.0sigma — extreme COMPLACENCY; flagging for manual review (iv=0.37 rv=0.56)
20:29:42 WARNING omega.core.heartbeat_client: heartbeat: http://localhost:8080/api/v1/diagnostics unreachable ([Errno 61] Connection refused) — continuing
20:29:42 WARNING omega.core.heartbeat_client: heartbeat: http://localhost:8080/api/v1/nodes/victoria_v200_crisis/decisions unreachable ([Errno 61] Connection refused) — continuing
20:29:54 WARNING omega.core.heartbeat_client: heartbeat: http://localhost:8080/api/v1/diagnostics unreachable ([Errno 61] Connection refused) — continuing
20:29:54 WARNING omega.core.heartbeat_client: heartbeat: http://localhost:8080/api/v1/nodes/victoria_v200_crisis/decisions unreachable ([Errno 61] Connection refused) — continuing
20:30:06 WARNING omega.core.heartbeat_client: heartbeat: http://localhost:8080/api/v1/diagnostics unreachable ([Errno 61] Connection refused) — continuing
20:30:06 WARNING omega.core.heartbeat_client: heartbeat: http://localhost:8080/api/v1/nodes/victoria_v200_crisis/decisions unreachable ([Errno 61] Connection refused) — continuing
20:30:20 WARNING omega.core.heartbeat_client: heartbeat: http://localhost:8080/api/v1/diagnostics unreachable ([Errno 61] Connection refused) — continuing
20:30:20 WARNING omega.core.heartbeat_client: heartbeat: http://localhost:8080/api/v1/nodes/victoria_v200_crisis/decisions unreachable ([Errno 61] Connection refused) — continuing
20:30:31 WARNING omega.core.heartbeat_client: heartbeat: http://localhost:8080/api/v1/diagnostics unreachable ([Errno 61] Connection refused) — continuing

[96m══════════════════════════════════════════════════════[0m
[96m══ TRAINING DIAGNOSTICS (cycle 100) ═════════════════════[0m
[96m══════════════════════════════════════════════════════[0m
  [1mREGIME:       [0m [93mCRISIS[0m (conf: 0.37)
  [1mDATA FRESH:   [0m [92m✅ 0.0min ago[0m
  [1mSIGNALS:      [0m 12/20 active
  [1mSIT-OUT:      [0m [92mNO[0m
  [1mCONVICTION:   [0m BTC: -0.00 (HOLD) | ETH: +0.01 (HOLD) | SOL: -0.00 (HOLD) | BNB: +0.03 (HOLD) | XRP: -0.00 (HOLD) | ADA: -0.00 (HOLD) | DOT: -0.00 (HOLD) | AVAX: -0.00 (HOLD) | LINK: -0.00 (HOLD) | MATIC: -0.00 (HOLD) | NEAR: -0.00 (HOLD)
  [1mTRADES:       [0m open=1 closed=32 | PnL=$-4373.51 | WR=38%
  [1mLONG/SHORT:   [0m longs=18 shorts=15
  [1mBLOCKERS:     [0m [91mNo conviction above threshold (all HOLD)[0m
[96m══════════════════════════════════════════════════════[0m

20:30:31 WARNING omega.core.heartbeat_client: heartbeat: http://localhost:8080/api/v1/nodes/victoria_v200_crisis/decisions unreachable ([Errno 61] Connection refused) — continuing
20:30:31 Cycle 100/200 [CRIS] OK       | fresh=0.0min | open= 1 closed= 32 | PnL=$-4374 wr=38% | improve=1 sem_db=30 | 12.4s/c ETA 1236s | zero_streak=0
20:30:42 WARNING omega.core.heartbeat_client: heartbeat: http://localhost:8080/api/v1/diagnostics unreachable ([Errno 61] Connection refused) — continuing
20:30:42 WARNING omega.core.heartbeat_client: heartbeat: http://localhost:8080/api/v1/nodes/victoria_v200_crisis/decisions unreachable ([Errno 61] Connection refused) — continuing
20:30:54 WARNING omega.core.heartbeat_client: heartbeat: http://localhost:8080/api/v1/diagnostics unreachable ([Errno 61] Connection refused) — continuing
20:30:54 WARNING omega.core.heartbeat_client: heartbeat: http://localhost:8080/api/v1/nodes/victoria_v200_crisis/decisions unreachable ([Errno 61] Connection refused) — continuing
20:31:06 WARNING omega.core.heartbeat_client: heartbeat: http://localhost:8080/api/v1/diagnostics unreachable ([Errno 61] Connection refused) — continuing
20:31:06 WARNING omega.core.heartbeat_client: heartbeat: http://localhost:8080/api/v1/nodes/victoria_v200_crisis/decisions unreachable ([Errno 61] Connection refused) — continuing
20:31:17 WARNING omega.core.heartbeat_client: heartbeat: http://localhost:8080/api/v1/diagnostics unreachable ([Errno 61] Connection refused) — continuing
20:31:17 WARNING omega.core.heartbeat_client: heartbeat: http://localhost:8080/api/v1/nodes/victoria_v200_crisis/decisions unreachable ([Errno 61] Connection refused) — continuing
20:31:28 WARNING omega.core.heartbeat_client: heartbeat: http://localhost:8080/api/v1/diagnostics unreachable ([Errno 61] Connection refused) — continuing
20:31:28 WARNING omega.core.heartbeat_client: heartbeat: http://localhost:8080/api/v1/nodes/victoria_v200_crisis/decisions unreachable ([Errno 61] Connection refused) — continuing
20:31:28 Cycle 105/200 [CRIS] OK       | fresh=0.0min | open= 1 closed= 32 | PnL=$-4374 wr=38% | improve=1 sem_db=30 | 12.3s/c ETA 1170s | zero_streak=5
20:31:40 WARNING omega.core.heartbeat_client: heartbeat: http://localhost:8080/api/v1/diagnostics unreachable ([Errno 61] Connection refused) — continuing
20:31:40 WARNING omega.core.heartbeat_client: heartbeat: http://localhost:8080/api/v1/nodes/victoria_v200_crisis/decisions unreachable ([Errno 61] Connection refused) — continuing
20:31:51 WARNING omega.core.heartbeat_client: heartbeat: http://localhost:8080/api/v1/diagnostics unreachable ([Errno 61] Connection refused) — continuing
20:31:51 WARNING omega.core.heartbeat_client: heartbeat: http://localhost:8080/api/v1/nodes/victoria_v200_crisis/decisions unreachable ([Errno 61] Connection refused) — continuing
20:32:03 WARNING omega.core.heartbeat_client: heartbeat: http://localhost:8080/api/v1/diagnostics unreachable ([Errno 61] Connection refused) — continuing
20:32:03 WARNING omega.core.heartbeat_client: heartbeat: http://localhost:8080/api/v1/nodes/victoria_v200_crisis/decisions unreachable ([Errno 61] Connection refused) — continuing
20:32:14 WARNING omega.core.heartbeat_client: heartbeat: http://localhost:8080/api/v1/diagnostics unreachable ([Errno 61] Connection refused) — continuing
20:32:14 WARNING omega.core.heartbeat_client: heartbeat: http://localhost:8080/api/v1/nodes/victoria_v200_crisis/decisions unreachable ([Errno 61] Connection refused) — continuing
20:32:26 WARNING omega.core.heartbeat_client: heartbeat: http://localhost:8080/api/v1/diagnostics unreachable ([Errno 61] Connection refused) — continuing

[96m══════════════════════════════════════════════════════[0m
[96m══ TRAINING DIAGNOSTICS (cycle 110) ═════════════════════[0m
[96m══════════════════════════════════════════════════════[0m
  [1mREGIME:       [0m [93mCRISIS[0m (conf: 0.37)
  [1mDATA FRESH:   [0m [92m✅ 0.0min ago[0m
  [1mSIGNALS:      [0m 11/20 active
  [1mSIT-OUT:      [0m [92mNO[0m
  [1mCONVICTION:   [0m BTC: +0.00 (HOLD) | ETH: +0.00 (HOLD) | SOL: +0.00 (HOLD) | BNB: +0.00 (HOLD) | XRP: +0.00 (HOLD) | ADA: +0.00 (HOLD) | DOT: +0.00 (HOLD) | AVAX: +0.00 (HOLD) | LINK: +0.00 (HOLD) | MATIC: +0.00 (HOLD) | NEAR: +0.00 (HOLD)
  [1mTRADES:       [0m open=0 closed=33 | PnL=$-1397.11 | WR=39%
  [1mLONG/SHORT:   [0m longs=18 shorts=15
  [1mBLOCKERS:     [0m [91mNo conviction above threshold (all HOLD)[0m
[96m══════════════════════════════════════════════════════[0m

20:32:26 WARNING omega.core.heartbeat_client: heartbeat: http://localhost:8080/api/v1/nodes/victoria_v200_crisis/decisions unreachable ([Errno 61] Connection refused) — continuing
20:32:26 Cycle 110/200 [CRIS] OK       | fresh=0.0min | open= 0 closed= 33 | PnL=$-1397 wr=39% | improve=1 sem_db=30 | 12.3s/c ETA 1106s | zero_streak=1
20:32:38 WARNING omega.core.heartbeat_client: heartbeat: http://localhost:8080/api/v1/diagnostics unreachable ([Errno 61] Connection refused) — continuing
20:32:38 WARNING omega.core.heartbeat_client: heartbeat: http://localhost:8080/api/v1/nodes/victoria_v200_crisis/decisions unreachable ([Errno 61] Connection refused) — continuing
20:32:49 WARNING omega.core.heartbeat_client: heartbeat: http://localhost:8080/api/v1/diagnostics unreachable ([Errno 61] Connection refused) — continuing
20:32:49 WARNING omega.core.heartbeat_client: heartbeat: http://localhost:8080/api/v1/nodes/victoria_v200_crisis/decisions unreachable ([Errno 61] Connection refused) — continuing
20:33:01 WARNING omega.core.heartbeat_client: heartbeat: http://localhost:8080/api/v1/diagnostics unreachable ([Errno 61] Connection refused) — continuing
20:33:01 WARNING omega.core.heartbeat_client: heartbeat: http://localhost:8080/api/v1/nodes/victoria_v200_crisis/decisions unreachable ([Errno 61] Connection refused) — continuing
20:33:12 WARNING omega.core.heartbeat_client: heartbeat: http://localhost:8080/api/v1/diagnostics unreachable ([Errno 61] Connection refused) — continuing
20:33:12 WARNING omega.core.heartbeat_client: heartbeat: http://localhost:8080/api/v1/nodes/victoria_v200_crisis/decisions unreachable ([Errno 61] Connection refused) — continuing
20:33:24 WARNING omega.core.heartbeat_client: heartbeat: http://localhost:8080/api/v1/diagnostics unreachable ([Errno 61] Connection refused) — continuing
20:33:24 WARNING omega.core.heartbeat_client: heartbeat: http://localhost:8080/api/v1/nodes/victoria_v200_crisis/decisions unreachable ([Errno 61] Connection refused) — continuing
20:33:24 Cycle 115/200 [CRIS] OK       | fresh=0.0min | open= 0 closed= 33 | PnL=$-1397 wr=39% | improve=1 sem_db=30 | 12.3s/c ETA 1042s | zero_streak=6
20:33:35 WARNING omega.core.heartbeat_client: heartbeat: http://localhost:8080/api/v1/diagnostics unreachable ([Errno 61] Connection refused) — continuing
20:33:35 WARNING omega.core.heartbeat_client: heartbeat: http://localhost:8080/api/v1/nodes/victoria_v200_crisis/decisions unreachable ([Errno 61] Connection refused) — continuing
20:33:47 WARNING omega.core.heartbeat_client: heartbeat: http://localhost:8080/api/v1/diagnostics unreachable ([Errno 61] Connection refused) — continuing
20:33:47 WARNING omega.core.heartbeat_client: heartbeat: http://localhost:8080/api/v1/nodes/victoria_v200_crisis/decisions unreachable ([Errno 61] Connection refused) — continuing
20:33:58 WARNING omega.core.heartbeat_client: heartbeat: http://localhost:8080/api/v1/diagnostics unreachable ([Errno 61] Connection refused) — continuing
20:33:58 WARNING omega.core.heartbeat_client: heartbeat: http://localhost:8080/api/v1/nodes/victoria_v200_crisis/decisions unreachable ([Errno 61] Connection refused) — continuing
20:34:10 WARNING omega.core.heartbeat_client: heartbeat: http://localhost:8080/api/v1/diagnostics unreachable ([Errno 61] Connection refused) — continuing
20:34:10 WARNING omega.core.heartbeat_client: heartbeat: http://localhost:8080/api/v1/nodes/victoria_v200_crisis/decisions unreachable ([Errno 61] Connection refused) — continuing
20:34:21 WARNING omega.core.heartbeat_client: heartbeat: http://localhost:8080/api/v1/diagnostics unreachable ([Errno 61] Connection refused) — continuing

[96m══════════════════════════════════════════════════════[0m
[96m══ TRAINING DIAGNOSTICS (cycle 120) ═════════════════════[0m
[96m══════════════════════════════════════════════════════[0m
  [1mREGIME:       [0m [93mNORMAL[0m (conf: 0.37)
  [1mDATA FRESH:   [0m [92m✅ 0.0min ago[0m
  [1mSIGNALS:      [0m 12/20 active
  [1mSIT-OUT:      [0m [92mNO[0m
  [1mCONVICTION:   [0m BTC: +0.12 ([92mBUY[0m) | ETH: -0.04 (HOLD) | SOL: -0.04 (HOLD) | BNB: +0.22 ([92mBUY[0m) | XRP: -0.03 (HOLD) | ADA: -0.04 (HOLD) | DOT: -0.00 (HOLD) | AVAX: -0.04 (HOLD) | LINK: -0.04 (HOLD) | MATIC: -0.04 (HOLD) | NEAR: -0.04 (HOLD)
  [1mTRADES:       [0m open=3 closed=33 | PnL=$-1397.11 | WR=39%
  [1mLONG/SHORT:   [0m longs=18 shorts=18
  [1mBLOCKERS:     [0m [92mNONE[0m
[96m══════════════════════════════════════════════════════[0m

20:34:21 WARNING omega.core.heartbeat_client: heartbeat: http://localhost:8080/api/v1/nodes/victoria_v200_crisis/decisions unreachable ([Errno 61] Connection refused) — continuing
20:34:21 Cycle 120/200 [NORM] OK       | fresh=0.0min | open= 3 closed= 33 | PnL=$-1397 wr=39% | improve=1 sem_db=30 | 12.2s/c ETA 978s | zero_streak=11
20:34:33 WARNING omega.core.heartbeat_client: heartbeat: http://localhost:8080/api/v1/diagnostics unreachable ([Errno 61] Connection refused) — continuing
20:34:33 WARNING omega.core.heartbeat_client: heartbeat: http://localhost:8080/api/v1/nodes/victoria_v200_crisis/decisions unreachable ([Errno 61] Connection refused) — continuing
20:34:44 WARNING omega.core.heartbeat_client: heartbeat: http://localhost:8080/api/v1/diagnostics unreachable ([Errno 61] Connection refused) — continuing
20:34:44 WARNING omega.core.heartbeat_client: heartbeat: http://localhost:8080/api/v1/nodes/victoria_v200_crisis/decisions unreachable ([Errno 61] Connection refused) — continuing
20:34:55 WARNING omega.core.heartbeat_client: heartbeat: http://localhost:8080/api/v1/diagnostics unreachable ([Errno 61] Connection refused) — continuing
20:34:55 WARNING omega.core.heartbeat_client: heartbeat: http://localhost:8080/api/v1/nodes/victoria_v200_crisis/decisions unreachable ([Errno 61] Connection refused) — continuing
20:35:07 WARNING omega.core.heartbeat_client: heartbeat: http://localhost:8080/api/v1/diagnostics unreachable ([Errno 61] Connection refused) — continuing
20:35:07 WARNING omega.core.heartbeat_client: heartbeat: http://localhost:8080/api/v1/nodes/victoria_v200_crisis/decisions unreachable ([Errno 61] Connection refused) — continuing
20:35:19 WARNING omega.core.heartbeat_client: heartbeat: http://localhost:8080/api/v1/diagnostics unreachable ([Errno 61] Connection refused) — continuing
20:35:19 WARNING omega.core.heartbeat_client: heartbeat: http://localhost:8080/api/v1/nodes/victoria_v200_crisis/decisions unreachable ([Errno 61] Connection refused) — continuing
20:35:19 Cycle 125/200 [NORM] OK       | fresh=0.0min | open= 1 closed= 38 | PnL=$-2833 wr=37% | improve=1 sem_db=30 | 12.2s/c ETA 915s | zero_streak=0
20:35:31 WARNING omega.core.heartbeat_client: heartbeat: http://localhost:8080/api/v1/diagnostics unreachable ([Errno 61] Connection refused) — continuing
20:35:31 WARNING omega.core.heartbeat_client: heartbeat: http://localhost:8080/api/v1/nodes/victoria_v200_crisis/decisions unreachable ([Errno 61] Connection refused) — continuing
20:35:42 WARNING omega.core.heartbeat_client: heartbeat: http://localhost:8080/api/v1/diagnostics unreachable ([Errno 61] Connection refused) — continuing
20:35:42 WARNING omega.core.heartbeat_client: heartbeat: http://localhost:8080/api/v1/nodes/victoria_v200_crisis/decisions unreachable ([Errno 61] Connection refused) — continuing
20:35:53 WARNING omega.core.heartbeat_client: heartbeat: http://localhost:8080/api/v1/diagnostics unreachable ([Errno 61] Connection refused) — continuing
20:35:53 WARNING omega.core.heartbeat_client: heartbeat: http://localhost:8080/api/v1/nodes/victoria_v200_crisis/decisions unreachable ([Errno 61] Connection refused) — continuing
20:36:04 WARNING omega.core.heartbeat_client: heartbeat: http://localhost:8080/api/v1/diagnostics unreachable ([Errno 61] Connection refused) — continuing
20:36:04 WARNING omega.core.heartbeat_client: heartbeat: http://localhost:8080/api/v1/nodes/victoria_v200_crisis/decisions unreachable ([Errno 61] Connection refused) — continuing
20:36:14 WARNING omega.core.heartbeat_client: heartbeat: http://localhost:8080/api/v1/diagnostics unreachable ([Errno 61] Connection refused) — continuing

[96m══════════════════════════════════════════════════════[0m
[96m══ TRAINING DIAGNOSTICS (cycle 130) ═════════════════════[0m
[96m══════════════════════════════════════════════════════[0m
  [1mREGIME:       [0m [93mNORMAL[0m (conf: 0.37)
  [1mDATA FRESH:   [0m [92m✅ 0.0min ago[0m
  [1mSIGNALS:      [0m 11/20 active
  [1mSIT-OUT:      [0m [92mNO[0m
  [1mCONVICTION:   [0m BTC: +0.01 (HOLD) | ETH: -0.06 ([91mSELL[0m) | SOL: -0.06 ([91mSELL[0m) | BNB: -0.06 ([91mSELL[0m) | XRP: -0.05 (HOLD) | ADA: +0.22 ([92mBUY[0m) | DOT: -0.06 ([91mSELL[0m) | AVAX: -0.06 ([91mSELL[0m) | LINK: +0.22 ([92mBUY[0m) | MATIC: -0.06 ([91mSELL[0m) | NEAR: -0.06 ([91mSELL[0m)
  [1mTRADES:       [0m open=1 closed=38 | PnL=$-2833.05 | WR=37%
  [1mLONG/SHORT:   [0m longs=20 shorts=19
  [1mBLOCKERS:     [0m [92mNONE[0m
[96m══════════════════════════════════════════════════════[0m

20:36:14 WARNING omega.core.heartbeat_client: heartbeat: http://localhost:8080/api/v1/nodes/victoria_v200_crisis/decisions unreachable ([Errno 61] Connection refused) — continuing
20:36:15 Cycle 130/200 [NORM] OK       | fresh=0.0min | open= 1 closed= 38 | PnL=$-2833 wr=37% | improve=1 sem_db=30 | 12.2s/c ETA 851s | zero_streak=5
20:36:25 WARNING omega.core.heartbeat_client: heartbeat: http://localhost:8080/api/v1/diagnostics unreachable ([Errno 61] Connection refused) — continuing
20:36:25 WARNING omega.core.heartbeat_client: heartbeat: http://localhost:8080/api/v1/nodes/victoria_v200_crisis/decisions unreachable ([Errno 61] Connection refused) — continuing
20:36:36 WARNING omega.core.heartbeat_client: heartbeat: http://localhost:8080/api/v1/diagnostics unreachable ([Errno 61] Connection refused) — continuing
20:36:36 WARNING omega.core.heartbeat_client: heartbeat: http://localhost:8080/api/v1/nodes/victoria_v200_crisis/decisions unreachable ([Errno 61] Connection refused) — continuing
20:36:48 WARNING omega.core.heartbeat_client: heartbeat: http://localhost:8080/api/v1/diagnostics unreachable ([Errno 61] Connection refused) — continuing
20:36:48 WARNING omega.core.heartbeat_client: heartbeat: http://localhost:8080/api/v1/nodes/victoria_v200_crisis/decisions unreachable ([Errno 61] Connection refused) — continuing
20:37:00 WARNING omega.core.heartbeat_client: heartbeat: http://localhost:8080/api/v1/diagnostics unreachable ([Errno 61] Connection refused) — continuing
20:37:00 WARNING omega.core.heartbeat_client: heartbeat: http://localhost:8080/api/v1/nodes/victoria_v200_crisis/decisions unreachable ([Errno 61] Connection refused) — continuing
20:37:11 WARNING omega.core.heartbeat_client: heartbeat: http://localhost:8080/api/v1/diagnostics unreachable ([Errno 61] Connection refused) — continuing
20:37:11 WARNING omega.core.heartbeat_client: heartbeat: http://localhost:8080/api/v1/nodes/victoria_v200_crisis/decisions unreachable ([Errno 61] Connection refused) — continuing
20:37:11 Cycle 135/200 [NORM] OK       | fresh=0.0min | open= 2 closed= 39 | PnL=$-2253 wr=38% | improve=1 sem_db=30 | 12.1s/c ETA 788s | zero_streak=3
20:37:22 WARNING omega.core.heartbeat_client: heartbeat: http://localhost:8080/api/v1/diagnostics unreachable ([Errno 61] Connection refused) — continuing
20:37:22 WARNING omega.core.heartbeat_client: heartbeat: http://localhost:8080/api/v1/nodes/victoria_v200_crisis/decisions unreachable ([Errno 61] Connection refused) — continuing
20:37:33 WARNING omega.core.heartbeat_client: heartbeat: http://localhost:8080/api/v1/diagnostics unreachable ([Errno 61] Connection refused) — continuing
20:37:33 WARNING omega.core.heartbeat_client: heartbeat: http://localhost:8080/api/v1/nodes/victoria_v200_crisis/decisions unreachable ([Errno 61] Connection refused) — continuing
20:37:44 WARNING omega.core.heartbeat_client: heartbeat: http://localhost:8080/api/v1/diagnostics unreachable ([Errno 61] Connection refused) — continuing
20:37:44 WARNING omega.core.heartbeat_client: heartbeat: http://localhost:8080/api/v1/nodes/victoria_v200_crisis/decisions unreachable ([Errno 61] Connection refused) — continuing
20:37:55 WARNING omega.core.heartbeat_client: heartbeat: http://localhost:8080/api/v1/diagnostics unreachable ([Errno 61] Connection refused) — continuing
20:37:55 WARNING omega.core.heartbeat_client: heartbeat: http://localhost:8080/api/v1/nodes/victoria_v200_crisis/decisions unreachable ([Errno 61] Connection refused) — continuing
20:38:05 WARNING omega.nodes.victoria.vrp_signal: VRP circuit breaker: zscore=-2.02 < -2.0sigma — extreme COMPLACENCY; flagging for manual review (iv=0.37 rv=0.90)
20:38:06 WARNING omega.core.heartbeat_client: heartbeat: http://localhost:8080/api/v1/diagnostics unreachable ([Errno 61] Connection refused) — continuing

[96m══════════════════════════════════════════════════════[0m
[96m══ TRAINING DIAGNOSTICS (cycle 140) ═════════════════════[0m
[96m══════════════════════════════════════════════════════[0m
  [1mREGIME:       [0m [93mCRISIS[0m (conf: 0.37)
  [1mDATA FRESH:   [0m [92m✅ 0.0min ago[0m
  [1mSIGNALS:      [0m 10/20 active
  [1mSIT-OUT:      [0m [92mNO[0m
  [1mCONVICTION:   [0m BTC: +0.00 (HOLD) | ETH: +0.00 (HOLD) | SOL: +0.00 (HOLD) | BNB: +0.00 (HOLD) | XRP: +0.00 (HOLD) | ADA: +0.00 (HOLD) | DOT: +0.00 (HOLD) | AVAX: +0.00 (HOLD) | LINK: +0.00 (HOLD) | MATIC: +0.00 (HOLD) | NEAR: +0.00 (HOLD)
  [1mTRADES:       [0m open=1 closed=40 | PnL=$-2652.58 | WR=38%
  [1mLONG/SHORT:   [0m longs=20 shorts=21
  [1mBLOCKERS:     [0m [91mNo conviction above threshold (all HOLD)[0m
[96m══════════════════════════════════════════════════════[0m

20:38:06 WARNING omega.core.heartbeat_client: heartbeat: http://localhost:8080/api/v1/nodes/victoria_v200_crisis/decisions unreachable ([Errno 61] Connection refused) — continuing
20:38:06 Cycle 140/200 [CRIS] OK       | fresh=0.0min | open= 1 closed= 40 | PnL=$-2653 wr=38% | improve=1 sem_db=30 | 12.1s/c ETA 725s | zero_streak=3
20:38:17 WARNING omega.core.heartbeat_client: heartbeat: http://localhost:8080/api/v1/diagnostics unreachable ([Errno 61] Connection refused) — continuing
20:38:17 WARNING omega.core.heartbeat_client: heartbeat: http://localhost:8080/api/v1/nodes/victoria_v200_crisis/decisions unreachable ([Errno 61] Connection refused) — continuing
20:38:28 WARNING omega.core.heartbeat_client: heartbeat: http://localhost:8080/api/v1/diagnostics unreachable ([Errno 61] Connection refused) — continuing
20:38:28 WARNING omega.core.heartbeat_client: heartbeat: http://localhost:8080/api/v1/nodes/victoria_v200_crisis/decisions unreachable ([Errno 61] Connection refused) — continuing
20:38:40 WARNING omega.core.heartbeat_client: heartbeat: http://localhost:8080/api/v1/diagnostics unreachable ([Errno 61] Connection refused) — continuing
20:38:40 WARNING omega.core.heartbeat_client: heartbeat: http://localhost:8080/api/v1/nodes/victoria_v200_crisis/decisions unreachable ([Errno 61] Connection refused) — continuing
20:38:51 WARNING omega.core.heartbeat_client: heartbeat: http://localhost:8080/api/v1/diagnostics unreachable ([Errno 61] Connection refused) — continuing
20:38:51 WARNING omega.core.heartbeat_client: heartbeat: http://localhost:8080/api/v1/nodes/victoria_v200_crisis/decisions unreachable ([Errno 61] Connection refused) — continuing
20:39:02 WARNING omega.core.heartbeat_client: heartbeat: http://localhost:8080/api/v1/diagnostics unreachable ([Errno 61] Connection refused) — continuing
20:39:02 WARNING omega.core.heartbeat_client: heartbeat: http://localhost:8080/api/v1/nodes/victoria_v200_crisis/decisions unreachable ([Errno 61] Connection refused) — continuing
20:39:02 Cycle 145/200 [CRIS] OK       | fresh=0.0min | open= 0 closed= 44 | PnL=$-1122 wr=36% | improve=1 sem_db=30 | 12.1s/c ETA 663s | zero_streak=0
20:39:13 WARNING omega.core.heartbeat_client: heartbeat: http://localhost:8080/api/v1/diagnostics unreachable ([Errno 61] Connection refused) — continuing
20:39:13 WARNING omega.core.heartbeat_client: heartbeat: http://localhost:8080/api/v1/nodes/victoria_v200_crisis/decisions unreachable ([Errno 61] Connection refused) — continuing
20:39:25 WARNING omega.core.heartbeat_client: heartbeat: http://localhost:8080/api/v1/diagnostics unreachable ([Errno 61] Connection refused) — continuing
20:39:25 WARNING omega.core.heartbeat_client: heartbeat: http://localhost:8080/api/v1/nodes/victoria_v200_crisis/decisions unreachable ([Errno 61] Connection refused) — continuing
20:39:36 WARNING omega.core.heartbeat_client: heartbeat: http://localhost:8080/api/v1/diagnostics unreachable ([Errno 61] Connection refused) — continuing
20:39:36 WARNING omega.core.heartbeat_client: heartbeat: http://localhost:8080/api/v1/nodes/victoria_v200_crisis/decisions unreachable ([Errno 61] Connection refused) — continuing
20:39:47 WARNING omega.core.heartbeat_client: heartbeat: http://localhost:8080/api/v1/diagnostics unreachable ([Errno 61] Connection refused) — continuing
20:39:47 WARNING omega.core.heartbeat_client: heartbeat: http://localhost:8080/api/v1/nodes/victoria_v200_crisis/decisions unreachable ([Errno 61] Connection refused) — continuing
20:39:58 WARNING omega.core.heartbeat_client: heartbeat: http://localhost:8080/api/v1/diagnostics unreachable ([Errno 61] Connection refused) — continuing

[96m══════════════════════════════════════════════════════[0m
[96m══ TRAINING DIAGNOSTICS (cycle 150) ═════════════════════[0m
[96m══════════════════════════════════════════════════════[0m
  [1mREGIME:       [0m [93mCRISIS[0m (conf: 0.37)
  [1mDATA FRESH:   [0m [92m✅ 0.0min ago[0m
  [1mSIGNALS:      [0m 11/20 active
  [1mSIT-OUT:      [0m [92mNO[0m
  [1mCONVICTION:   [0m BTC: -0.30 ([91mSELL[0m) | ETH: -0.18 ([91mSELL[0m) | SOL: +0.26 ([92mBUY[0m) | BNB: -0.06 ([91mSELL[0m) | XRP: +0.08 ([92mBUY[0m) | ADA: -0.15 ([91mSELL[0m) | DOT: -0.04 (HOLD) | AVAX: +0.21 ([92mBUY[0m) | LINK: -0.10 ([91mSELL[0m) | MATIC: +0.26 ([92mBUY[0m) | NEAR: +0.04 (HOLD)
  [1mTRADES:       [0m open=2 closed=45 | PnL=$-1495.08 | WR=36%
  [1mLONG/SHORT:   [0m longs=20 shorts=27
  [1mBLOCKERS:     [0m [92mNONE[0m
[96m══════════════════════════════════════════════════════[0m

20:39:58 WARNING omega.core.heartbeat_client: heartbeat: http://localhost:8080/api/v1/nodes/victoria_v200_crisis/decisions unreachable ([Errno 61] Connection refused) — continuing
20:39:58 Cycle 150/200 [CRIS] OK       | fresh=0.0min | open= 2 closed= 45 | PnL=$-1495 wr=36% | improve=1 sem_db=30 | 12.0s/c ETA 601s | zero_streak=3
20:40:11 WARNING omega.core.heartbeat_client: heartbeat: http://localhost:8080/api/v1/diagnostics unreachable ([Errno 61] Connection refused) — continuing
20:40:11 WARNING omega.core.heartbeat_client: heartbeat: http://localhost:8080/api/v1/nodes/victoria_v200_crisis/decisions unreachable ([Errno 61] Connection refused) — continuing
20:40:28 WARNING omega.core.heartbeat_client: heartbeat: http://localhost:8080/api/v1/diagnostics unreachable ([Errno 61] Connection refused) — continuing
20:40:28 WARNING omega.core.heartbeat_client: heartbeat: http://localhost:8080/api/v1/nodes/victoria_v200_crisis/decisions unreachable ([Errno 61] Connection refused) — continuing
20:40:39 WARNING omega.core.heartbeat_client: heartbeat: http://localhost:8080/api/v1/diagnostics unreachable ([Errno 61] Connection refused) — continuing
20:40:39 WARNING omega.core.heartbeat_client: heartbeat: http://localhost:8080/api/v1/nodes/victoria_v200_crisis/decisions unreachable ([Errno 61] Connection refused) — continuing
20:40:51 WARNING omega.core.heartbeat_client: heartbeat: http://localhost:8080/api/v1/diagnostics unreachable ([Errno 61] Connection refused) — continuing
20:40:51 WARNING omega.core.heartbeat_client: heartbeat: http://localhost:8080/api/v1/nodes/victoria_v200_crisis/decisions unreachable ([Errno 61] Connection refused) — continuing
20:41:03 WARNING omega.core.heartbeat_client: heartbeat: http://localhost:8080/api/v1/diagnostics unreachable ([Errno 61] Connection refused) — continuing
20:41:03 WARNING omega.core.heartbeat_client: heartbeat: http://localhost:8080/api/v1/nodes/victoria_v200_crisis/decisions unreachable ([Errno 61] Connection refused) — continuing
20:41:03 Cycle 155/200 [NORM] OK       | fresh=0.0min | open= 0 closed= 47 | PnL=$-19842 wr=34% | improve=1 sem_db=30 | 12.1s/c ETA 542s | zero_streak=2
20:41:15 WARNING omega.core.heartbeat_client: heartbeat: http://localhost:8080/api/v1/diagnostics unreachable ([Errno 61] Connection refused) — continuing
20:41:15 WARNING omega.core.heartbeat_client: heartbeat: http://localhost:8080/api/v1/nodes/victoria_v200_crisis/decisions unreachable ([Errno 61] Connection refused) — continuing
20:41:26 WARNING omega.core.heartbeat_client: heartbeat: http://localhost:8080/api/v1/diagnostics unreachable ([Errno 61] Connection refused) — continuing
20:41:26 WARNING omega.core.heartbeat_client: heartbeat: http://localhost:8080/api/v1/nodes/victoria_v200_crisis/decisions unreachable ([Errno 61] Connection refused) — continuing
20:41:37 WARNING omega.core.heartbeat_client: heartbeat: http://localhost:8080/api/v1/diagnostics unreachable ([Errno 61] Connection refused) — continuing
20:41:37 WARNING omega.core.heartbeat_client: heartbeat: http://localhost:8080/api/v1/nodes/victoria_v200_crisis/decisions unreachable ([Errno 61] Connection refused) — continuing
20:41:49 WARNING omega.core.heartbeat_client: heartbeat: http://localhost:8080/api/v1/diagnostics unreachable ([Errno 61] Connection refused) — continuing
20:41:49 WARNING omega.core.heartbeat_client: heartbeat: http://localhost:8080/api/v1/nodes/victoria_v200_crisis/decisions unreachable ([Errno 61] Connection refused) — continuing
20:42:00 WARNING omega.core.heartbeat_client: heartbeat: http://localhost:8080/api/v1/diagnostics unreachable ([Errno 61] Connection refused) — continuing

[96m══════════════════════════════════════════════════════[0m
[96m══ TRAINING DIAGNOSTICS (cycle 160) ═════════════════════[0m
[96m══════════════════════════════════════════════════════[0m
  [1mREGIME:       [0m [93mNORMAL[0m (conf: 0.37)
  [1mDATA FRESH:   [0m [92m✅ 0.0min ago[0m
  [1mSIGNALS:      [0m 11/20 active
  [1mSIT-OUT:      [0m [92mNO[0m
  [1mCONVICTION:   [0m BTC: +0.08 ([92mBUY[0m) | ETH: +0.18 ([92mBUY[0m) | SOL: +0.06 ([92mBUY[0m) | BNB: -0.05 (HOLD) | XRP: -0.03 (HOLD) | ADA: -0.10 ([91mSELL[0m) | DOT: +0.03 (HOLD) | AVAX: +0.10 ([92mBUY[0m) | LINK: -0.08 ([91mSELL[0m) | MATIC: -0.12 ([91mSELL[0m) | NEAR: -0.06 ([91mSELL[0m)
  [1mTRADES:       [0m open=1 closed=48 | PnL=$-20051.16 | WR=33%
  [1mLONG/SHORT:   [0m longs=21 shorts=28
  [1mBLOCKERS:     [0m [92mNONE[0m
[96m══════════════════════════════════════════════════════[0m

20:42:00 WARNING omega.core.heartbeat_client: heartbeat: http://localhost:8080/api/v1/nodes/victoria_v200_crisis/decisions unreachable ([Errno 61] Connection refused) — continuing
20:42:00 Cycle 160/200 [NORM] OK       | fresh=0.0min | open= 1 closed= 48 | PnL=$-20051 wr=33% | improve=1 sem_db=30 | 12.0s/c ETA 481s | zero_streak=0
20:42:12 WARNING omega.core.heartbeat_client: heartbeat: http://localhost:8080/api/v1/diagnostics unreachable ([Errno 61] Connection refused) — continuing
20:42:12 WARNING omega.core.heartbeat_client: heartbeat: http://localhost:8080/api/v1/nodes/victoria_v200_crisis/decisions unreachable ([Errno 61] Connection refused) — continuing
20:42:23 WARNING omega.core.heartbeat_client: heartbeat: http://localhost:8080/api/v1/diagnostics unreachable ([Errno 61] Connection refused) — continuing
20:42:23 WARNING omega.core.heartbeat_client: heartbeat: http://localhost:8080/api/v1/nodes/victoria_v200_crisis/decisions unreachable ([Errno 61] Connection refused) — continuing
20:42:34 WARNING omega.core.heartbeat_client: heartbeat: http://localhost:8080/api/v1/diagnostics unreachable ([Errno 61] Connection refused) — continuing
20:42:34 WARNING omega.core.heartbeat_client: heartbeat: http://localhost:8080/api/v1/nodes/victoria_v200_crisis/decisions unreachable ([Errno 61] Connection refused) — continuing
20:42:46 WARNING omega.core.heartbeat_client: heartbeat: http://localhost:8080/api/v1/diagnostics unreachable ([Errno 61] Connection refused) — continuing
20:42:46 WARNING omega.core.heartbeat_client: heartbeat: http://localhost:8080/api/v1/nodes/victoria_v200_crisis/decisions unreachable ([Errno 61] Connection refused) — continuing
20:42:58 WARNING omega.core.heartbeat_client: heartbeat: http://localhost:8080/api/v1/diagnostics unreachable ([Errno 61] Connection refused) — continuing
20:42:58 WARNING omega.core.heartbeat_client: heartbeat: http://localhost:8080/api/v1/nodes/victoria_v200_crisis/decisions unreachable ([Errno 61] Connection refused) — continuing
20:42:58 Cycle 165/200 [NORM] OK       | fresh=0.0min | open= 1 closed= 51 | PnL=$-19310 wr=33% | improve=1 sem_db=30 | 12.0s/c ETA 421s | zero_streak=0
20:43:09 WARNING omega.core.heartbeat_client: heartbeat: http://localhost:8080/api/v1/diagnostics unreachable ([Errno 61] Connection refused) — continuing
20:43:09 WARNING omega.core.heartbeat_client: heartbeat: http://localhost:8080/api/v1/nodes/victoria_v200_crisis/decisions unreachable ([Errno 61] Connection refused) — continuing
20:43:20 WARNING omega.core.heartbeat_client: heartbeat: http://localhost:8080/api/v1/diagnostics unreachable ([Errno 61] Connection refused) — continuing
20:43:20 WARNING omega.core.heartbeat_client: heartbeat: http://localhost:8080/api/v1/nodes/victoria_v200_crisis/decisions unreachable ([Errno 61] Connection refused) — continuing
20:43:31 WARNING omega.core.heartbeat_client: heartbeat: http://localhost:8080/api/v1/diagnostics unreachable ([Errno 61] Connection refused) — continuing
20:43:31 WARNING omega.core.heartbeat_client: heartbeat: http://localhost:8080/api/v1/nodes/victoria_v200_crisis/decisions unreachable ([Errno 61] Connection refused) — continuing
20:43:43 WARNING omega.core.heartbeat_client: heartbeat: http://localhost:8080/api/v1/diagnostics unreachable ([Errno 61] Connection refused) — continuing
20:43:43 WARNING omega.core.heartbeat_client: heartbeat: http://localhost:8080/api/v1/nodes/victoria_v200_crisis/decisions unreachable ([Errno 61] Connection refused) — continuing
20:43:55 WARNING omega.core.heartbeat_client: heartbeat: http://localhost:8080/api/v1/diagnostics unreachable ([Errno 61] Connection refused) — continuing

[96m══════════════════════════════════════════════════════[0m
[96m══ TRAINING DIAGNOSTICS (cycle 170) ═════════════════════[0m
[96m══════════════════════════════════════════════════════[0m
  [1mREGIME:       [0m [93mNORMAL[0m (conf: 0.37)
  [1mDATA FRESH:   [0m [92m✅ 0.0min ago[0m
  [1mSIGNALS:      [0m 11/20 active
  [1mSIT-OUT:      [0m [92mNO[0m
  [1mCONVICTION:   [0m BTC: +0.12 ([92mBUY[0m) | ETH: +0.08 ([92mBUY[0m) | SOL: -0.20 ([91mSELL[0m) | BNB: +0.07 ([92mBUY[0m) | XRP: +0.31 ([92mBUY[0m) | ADA: -0.11 ([91mSELL[0m) | DOT: -0.13 ([91mSELL[0m) | AVAX: +0.26 ([92mBUY[0m) | LINK: -0.16 ([91mSELL[0m) | MATIC: -0.02 (HOLD) | NEAR: -0.23 ([91mSELL[0m)
  [1mTRADES:       [0m open=3 closed=52 | PnL=$-19724.09 | WR=33%
  [1mLONG/SHORT:   [0m longs=24 shorts=31
  [1mBLOCKERS:     [0m [92mNONE[0m
[96m══════════════════════════════════════════════════════[0m

20:43:55 WARNING omega.core.heartbeat_client: heartbeat: http://localhost:8080/api/v1/nodes/victoria_v200_crisis/decisions unreachable ([Errno 61] Connection refused) — continuing
20:43:55 Cycle 170/200 [NORM] OK       | fresh=0.0min | open= 3 closed= 52 | PnL=$-19724 wr=33% | improve=1 sem_db=30 | 12.0s/c ETA 360s | zero_streak=1
20:44:06 WARNING omega.core.heartbeat_client: heartbeat: http://localhost:8080/api/v1/diagnostics unreachable ([Errno 61] Connection refused) — continuing
20:44:06 WARNING omega.core.heartbeat_client: heartbeat: http://localhost:8080/api/v1/nodes/victoria_v200_crisis/decisions unreachable ([Errno 61] Connection refused) — continuing
20:44:17 WARNING omega.core.heartbeat_client: heartbeat: http://localhost:8080/api/v1/diagnostics unreachable ([Errno 61] Connection refused) — continuing
20:44:17 WARNING omega.core.heartbeat_client: heartbeat: http://localhost:8080/api/v1/nodes/victoria_v200_crisis/decisions unreachable ([Errno 61] Connection refused) — continuing
20:44:28 WARNING omega.core.heartbeat_client: heartbeat: http://localhost:8080/api/v1/diagnostics unreachable ([Errno 61] Connection refused) — continuing
20:44:28 WARNING omega.core.heartbeat_client: heartbeat: http://localhost:8080/api/v1/nodes/victoria_v200_crisis/decisions unreachable ([Errno 61] Connection refused) — continuing
20:44:40 WARNING omega.core.heartbeat_client: heartbeat: http://localhost:8080/api/v1/diagnostics unreachable ([Errno 61] Connection refused) — continuing
20:44:40 WARNING omega.core.heartbeat_client: heartbeat: http://localhost:8080/api/v1/nodes/victoria_v200_crisis/decisions unreachable ([Errno 61] Connection refused) — continuing
20:44:51 WARNING omega.core.heartbeat_client: heartbeat: http://localhost:8080/api/v1/diagnostics unreachable ([Errno 61] Connection refused) — continuing
20:44:51 WARNING omega.core.heartbeat_client: heartbeat: http://localhost:8080/api/v1/nodes/victoria_v200_crisis/decisions unreachable ([Errno 61] Connection refused) — continuing
20:44:51 Cycle 175/200 [NORM] OK       | fresh=0.0min | open= 2 closed= 54 | PnL=$-17941 wr=33% | improve=1 sem_db=30 | 12.0s/c ETA 299s | zero_streak=3
20:45:03 WARNING omega.core.heartbeat_client: heartbeat: http://localhost:8080/api/v1/diagnostics unreachable ([Errno 61] Connection refused) — continuing
20:45:03 WARNING omega.core.heartbeat_client: heartbeat: http://localhost:8080/api/v1/nodes/victoria_v200_crisis/decisions unreachable ([Errno 61] Connection refused) — continuing
20:45:14 WARNING omega.core.heartbeat_client: heartbeat: http://localhost:8080/api/v1/diagnostics unreachable ([Errno 61] Connection refused) — continuing
20:45:14 WARNING omega.core.heartbeat_client: heartbeat: http://localhost:8080/api/v1/nodes/victoria_v200_crisis/decisions unreachable ([Errno 61] Connection refused) — continuing
20:45:26 WARNING omega.core.heartbeat_client: heartbeat: http://localhost:8080/api/v1/diagnostics unreachable ([Errno 61] Connection refused) — continuing
20:45:26 WARNING omega.core.heartbeat_client: heartbeat: http://localhost:8080/api/v1/nodes/victoria_v200_crisis/decisions unreachable ([Errno 61] Connection refused) — continuing
20:45:37 WARNING omega.core.heartbeat_client: heartbeat: http://localhost:8080/api/v1/diagnostics unreachable ([Errno 61] Connection refused) — continuing
20:45:37 WARNING omega.core.heartbeat_client: heartbeat: http://localhost:8080/api/v1/nodes/victoria_v200_crisis/decisions unreachable ([Errno 61] Connection refused) — continuing
20:45:48 WARNING omega.core.heartbeat_client: heartbeat: http://localhost:8080/api/v1/diagnostics unreachable ([Errno 61] Connection refused) — continuing

[96m══════════════════════════════════════════════════════[0m
[96m══ TRAINING DIAGNOSTICS (cycle 180) ═════════════════════[0m
[96m══════════════════════════════════════════════════════[0m
  [1mREGIME:       [0m [93mNORMAL[0m (conf: 0.37)
  [1mDATA FRESH:   [0m [92m✅ 0.0min ago[0m
  [1mSIGNALS:      [0m 11/20 active
  [1mSIT-OUT:      [0m [92mNO[0m
  [1mCONVICTION:   [0m BTC: +0.06 ([92mBUY[0m) | ETH: +0.03 (HOLD) | SOL: -0.00 (HOLD) | BNB: +0.05 (HOLD) | XRP: +0.01 (HOLD) | ADA: -0.04 (HOLD) | DOT: -0.04 (HOLD) | AVAX: +0.06 ([92mBUY[0m) | LINK: -0.04 (HOLD) | MATIC: -0.04 (HOLD) | NEAR: -0.04 (HOLD)
  [1mTRADES:       [0m open=3 closed=56 | PnL=$-16376.00 | WR=34%
  [1mLONG/SHORT:   [0m longs=25 shorts=34
  [1mBLOCKERS:     [0m [92mNONE[0m
[96m══════════════════════════════════════════════════════[0m

20:45:48 WARNING omega.core.heartbeat_client: heartbeat: http://localhost:8080/api/v1/nodes/victoria_v200_crisis/decisions unreachable ([Errno 61] Connection refused) — continuing
20:45:48 Cycle 180/200 [NORM] OK       | fresh=0.0min | open= 3 closed= 56 | PnL=$-16376 wr=34% | improve=1 sem_db=30 | 12.0s/c ETA 239s | zero_streak=0
20:46:00 WARNING omega.core.heartbeat_client: heartbeat: http://localhost:8080/api/v1/diagnostics unreachable ([Errno 61] Connection refused) — continuing
20:46:00 WARNING omega.core.heartbeat_client: heartbeat: http://localhost:8080/api/v1/nodes/victoria_v200_crisis/decisions unreachable ([Errno 61] Connection refused) — continuing
20:46:10 WARNING omega.nodes.victoria.vrp_signal: VRP circuit breaker: zscore=-2.09 < -2.0sigma — extreme COMPLACENCY; flagging for manual review (iv=0.37 rv=0.76)
20:46:12 WARNING omega.core.heartbeat_client: heartbeat: http://localhost:8080/api/v1/diagnostics unreachable ([Errno 61] Connection refused) — continuing
20:46:12 WARNING omega.core.heartbeat_client: heartbeat: http://localhost:8080/api/v1/nodes/victoria_v200_crisis/decisions unreachable ([Errno 61] Connection refused) — continuing
20:46:23 WARNING omega.core.heartbeat_client: heartbeat: http://localhost:8080/api/v1/diagnostics unreachable ([Errno 61] Connection refused) — continuing
20:46:23 WARNING omega.core.heartbeat_client: heartbeat: http://localhost:8080/api/v1/nodes/victoria_v200_crisis/decisions unreachable ([Errno 61] Connection refused) — continuing
20:46:35 WARNING omega.core.heartbeat_client: heartbeat: http://localhost:8080/api/v1/diagnostics unreachable ([Errno 61] Connection refused) — continuing
20:46:35 WARNING omega.core.heartbeat_client: heartbeat: http://localhost:8080/api/v1/nodes/victoria_v200_crisis/decisions unreachable ([Errno 61] Connection refused) — continuing
20:46:47 WARNING omega.core.heartbeat_client: heartbeat: http://localhost:8080/api/v1/diagnostics unreachable ([Errno 61] Connection refused) — continuing
20:46:47 WARNING omega.core.heartbeat_client: heartbeat: http://localhost:8080/api/v1/nodes/victoria_v200_crisis/decisions unreachable ([Errno 61] Connection refused) — continuing
20:46:47 Cycle 185/200 [CRIS] OK       | fresh=0.0min | open= 2 closed= 59 | PnL=$-17312 wr=34% | improve=1 sem_db=30 | 12.0s/c ETA 179s | zero_streak=3
20:46:58 WARNING omega.core.heartbeat_client: heartbeat: http://localhost:8080/api/v1/diagnostics unreachable ([Errno 61] Connection refused) — continuing
20:46:58 WARNING omega.core.heartbeat_client: heartbeat: http://localhost:8080/api/v1/nodes/victoria_v200_crisis/decisions unreachable ([Errno 61] Connection refused) — continuing
20:47:09 WARNING omega.core.heartbeat_client: heartbeat: http://localhost:8080/api/v1/diagnostics unreachable ([Errno 61] Connection refused) — continuing
20:47:10 WARNING omega.core.heartbeat_client: heartbeat: http://localhost:8080/api/v1/nodes/victoria_v200_crisis/decisions unreachable ([Errno 61] Connection refused) — continuing
20:47:21 WARNING omega.core.heartbeat_client: heartbeat: http://localhost:8080/api/v1/diagnostics unreachable ([Errno 61] Connection refused) — continuing
20:47:21 WARNING omega.core.heartbeat_client: heartbeat: http://localhost:8080/api/v1/nodes/victoria_v200_crisis/decisions unreachable ([Errno 61] Connection refused) — continuing
20:47:32 WARNING omega.core.heartbeat_client: heartbeat: http://localhost:8080/api/v1/diagnostics unreachable ([Errno 61] Connection refused) — continuing
20:47:32 WARNING omega.core.heartbeat_client: heartbeat: http://localhost:8080/api/v1/nodes/victoria_v200_crisis/decisions unreachable ([Errno 61] Connection refused) — continuing
20:47:44 WARNING omega.core.heartbeat_client: heartbeat: http://localhost:8080/api/v1/diagnostics unreachable ([Errno 61] Connection refused) — continuing

[96m══════════════════════════════════════════════════════[0m
[96m══ TRAINING DIAGNOSTICS (cycle 190) ═════════════════════[0m
[96m══════════════════════════════════════════════════════[0m
  [1mREGIME:       [0m [93mNORMAL[0m (conf: 0.37)
  [1mDATA FRESH:   [0m [92m✅ 0.0min ago[0m
  [1mSIGNALS:      [0m 11/20 active
  [1mSIT-OUT:      [0m [92mNO[0m
  [1mCONVICTION:   [0m BTC: +0.04 (HOLD) | ETH: -0.04 (HOLD) | SOL: -0.05 ([91mSELL[0m) | BNB: +0.09 ([92mBUY[0m) | XRP: +0.03 (HOLD) | ADA: -0.15 ([91mSELL[0m) | DOT: +0.03 (HOLD) | AVAX: -0.07 ([91mSELL[0m) | LINK: -0.09 ([91mSELL[0m) | MATIC: -0.02 (HOLD) | NEAR: +0.23 ([92mBUY[0m)
  [1mTRADES:       [0m open=1 closed=61 | PnL=$-18801.55 | WR=33%
  [1mLONG/SHORT:   [0m longs=27 shorts=35
  [1mBLOCKERS:     [0m [92mNONE[0m
[96m══════════════════════════════════════════════════════[0m

20:47:44 WARNING omega.core.heartbeat_client: heartbeat: http://localhost:8080/api/v1/nodes/victoria_v200_crisis/decisions unreachable ([Errno 61] Connection refused) — continuing
20:47:44 Cycle 190/200 [NORM] OK       | fresh=0.0min | open= 1 closed= 61 | PnL=$-18802 wr=33% | improve=1 sem_db=30 | 11.9s/c ETA 119s | zero_streak=2
20:47:55 WARNING omega.core.heartbeat_client: heartbeat: http://localhost:8080/api/v1/diagnostics unreachable ([Errno 61] Connection refused) — continuing
20:47:55 WARNING omega.core.heartbeat_client: heartbeat: http://localhost:8080/api/v1/nodes/victoria_v200_crisis/decisions unreachable ([Errno 61] Connection refused) — continuing
20:48:06 WARNING omega.core.heartbeat_client: heartbeat: http://localhost:8080/api/v1/diagnostics unreachable ([Errno 61] Connection refused) — continuing
20:48:06 WARNING omega.core.heartbeat_client: heartbeat: http://localhost:8080/api/v1/nodes/victoria_v200_crisis/decisions unreachable ([Errno 61] Connection refused) — continuing
20:48:18 WARNING omega.core.heartbeat_client: heartbeat: http://localhost:8080/api/v1/diagnostics unreachable ([Errno 61] Connection refused) — continuing
20:48:18 WARNING omega.core.heartbeat_client: heartbeat: http://localhost:8080/api/v1/nodes/victoria_v200_crisis/decisions unreachable ([Errno 61] Connection refused) — continuing
20:48:29 WARNING omega.core.heartbeat_client: heartbeat: http://localhost:8080/api/v1/diagnostics unreachable ([Errno 61] Connection refused) — continuing
20:48:29 WARNING omega.core.heartbeat_client: heartbeat: http://localhost:8080/api/v1/nodes/victoria_v200_crisis/decisions unreachable ([Errno 61] Connection refused) — continuing
20:48:40 WARNING omega.core.heartbeat_client: heartbeat: http://localhost:8080/api/v1/diagnostics unreachable ([Errno 61] Connection refused) — continuing
20:48:40 WARNING omega.core.heartbeat_client: heartbeat: http://localhost:8080/api/v1/nodes/victoria_v200_crisis/decisions unreachable ([Errno 61] Connection refused) — continuing
20:48:40 Cycle 195/200 [CRIS] OK       | fresh=0.0min | open= 1 closed= 63 | PnL=$-18973 wr=33% | improve=1 sem_db=30 | 11.9s/c ETA 60s | zero_streak=0
20:48:51 WARNING omega.core.heartbeat_client: heartbeat: http://localhost:8080/api/v1/diagnostics unreachable ([Errno 61] Connection refused) — continuing
20:48:51 WARNING omega.core.heartbeat_client: heartbeat: http://localhost:8080/api/v1/nodes/victoria_v200_crisis/decisions unreachable ([Errno 61] Connection refused) — continuing
20:49:02 WARNING omega.core.heartbeat_client: heartbeat: http://localhost:8080/api/v1/diagnostics unreachable ([Errno 61] Connection refused) — continuing
20:49:02 WARNING omega.core.heartbeat_client: heartbeat: http://localhost:8080/api/v1/nodes/victoria_v200_crisis/decisions unreachable ([Errno 61] Connection refused) — continuing
20:49:13 WARNING omega.core.heartbeat_client: heartbeat: http://localhost:8080/api/v1/diagnostics unreachable ([Errno 61] Connection refused) — continuing
20:49:13 WARNING omega.core.heartbeat_client: heartbeat: http://localhost:8080/api/v1/nodes/victoria_v200_crisis/decisions unreachable ([Errno 61] Connection refused) — continuing
20:49:25 WARNING omega.core.heartbeat_client: heartbeat: http://localhost:8080/api/v1/diagnostics unreachable ([Errno 61] Connection refused) — continuing
20:49:25 WARNING omega.core.heartbeat_client: heartbeat: http://localhost:8080/api/v1/nodes/victoria_v200_crisis/decisions unreachable ([Errno 61] Connection refused) — continuing
20:49:36 WARNING omega.core.heartbeat_client: heartbeat: http://localhost:8080/api/v1/diagnostics unreachable ([Errno 61] Connection refused) — continuing

[96m══════════════════════════════════════════════════════[0m
[96m══ TRAINING DIAGNOSTICS (cycle 200) ═════════════════════[0m
[96m══════════════════════════════════════════════════════[0m
  [1mREGIME:       [0m [93mCRISIS[0m (conf: 0.37)
  [1mDATA FRESH:   [0m [92m✅ 0.0min ago[0m
  [1mSIGNALS:      [0m 11/20 active
  [1mSIT-OUT:      [0m [92mNO[0m
  [1mCONVICTION:   [0m BTC: +0.01 (HOLD) | ETH: +0.04 (HOLD) | SOL: -0.08 ([91mSELL[0m) | BNB: -0.01 (HOLD) | XRP: +0.09 ([92mBUY[0m) | ADA: -0.10 ([91mSELL[0m) | DOT: +0.10 ([92mBUY[0m) | AVAX: -0.03 (HOLD) | LINK: +0.06 ([92mBUY[0m) | MATIC: -0.11 ([91mSELL[0m) | NEAR: +0.04 (HOLD)
  [1mTRADES:       [0m open=3 closed=64 | PnL=$-19410.46 | WR=33%
  [1mLONG/SHORT:   [0m longs=30 shorts=37
  [1mBLOCKERS:     [0m [92mNONE[0m
[96m══════════════════════════════════════════════════════[0m

20:49:36 WARNING omega.core.heartbeat_client: heartbeat: http://localhost:8080/api/v1/nodes/victoria_v200_crisis/decisions unreachable ([Errno 61] Connection refused) — continuing
20:49:36 Cycle 200/200 [CRIS] OK       | fresh=0.0min | open= 3 closed= 64 | PnL=$-19410 wr=33% | improve=1 sem_db=30 | 11.9s/c ETA 0s | zero_streak=2
20:49:36 WARNING omega.core.heartbeat_client: heartbeat: http://localhost:8080/api/v1/nodes/victoria_v200_crisis/lifecycle unreachable ([Errno 61] Connection refused) — continuing
20:49:36 V200_CRISIS gates FAILED vs v199_crisis — 3 failures:
20:49:36   ✗ pnl_floor: v49 -19410.46 < v48 -19318.05
20:49:36   ✗ regime_parity[crisis]: v49 -4959.60 < v48 -4893.06 (delta -66.54)
20:49:36   ✗ regime_parity[normal]: v49 -18149.16 < v48 -18104.54 (delta -44.62)
20:49:36 Gate report: /Users/benebsworth/projects/omega/data/v200_crisis_gate_result.json
20:49:36 Attribution — alpha: $-9881.81  beta: $+12446463.09  timing: $+7573102.36  selection: $+0.00
20:49:36 Attribution report  : /Users/benebsworth/projects/omega/data/v200_crisis_attribution.json
20:49:36 
20:49:36 ======================================================================
20:49:36 V200_CRISIS COMPLETE — 200 cycles in 2381s (11.91s/cycle)
20:49:36 ======================================================================
20:49:36 improve_calls         : 1
20:49:36 semantic_patterns_db  : 30
20:49:36 Closed trades         : 64  (long=28  short=36)
20:49:36 Total PnL             : $-19410.46  (engine realised: $-19410.46)
20:49:36 Win rate              : 32.8%  (21/64)
20:49:36 Profit factor         : 0.57
20:49:36 --- Observability ---
20:49:36 Zero-trade cycles     : 150 / 200  (75%)
20:49:36 Circuit breaker trips : 0
20:49:36 Final vol threshold   : 0.000
20:49:36 Metrics JSONL         : /tmp/v200_crisis_metrics.jsonl
20:49:36 Results               : /Users/benebsworth/projects/omega/data/v200_crisis_results.json
20:49:36 ======================================================================
