00:38:56 RNG seed set to 42 (deterministic mode)
00:38:56 BACKTEST MODE: WS signals disabled (whale_prints, ws_microstructure)
00:38:56 ======================================================================
00:38:56 Training Run v207a_crisis_r1 — 200 cycles  sleep=10s
00:38:56 CoinGecko key  : CG-YPzBAPag5...
00:38:56 Database URL   : postgresql://omega:omega@localhost:5432/...
00:38:56 Metrics JSONL  : /tmp/v207a_crisis_r1_metrics.jsonl
00:38:56 Log file       : /tmp/v207a_crisis_r1_training.log
00:38:56 Features ON    : ffg_gate1_enabled, ffg_gate4_enabled
00:38:56 ======================================================================
00:38:57 V207a: OMEGA_FROZEN_CACHE=1 — skipping macro warm_up (no live FRED/funding fetches)
00:38:57 BACKTEST MODE: ingestion replaced by ReplayIngestionNode (snap_crisis_2022h1, 151 steps)
00:38:57 ImprovementEngine: SyntheticEvaluator injected
00:38:57 Decision snapshots → /tmp/v207a_crisis_r1_decisions.jsonl (+ Postgres if configured)
00:38:57 SignalDecayDetector: loaded from data/signal_ic_history.json

[96m══════════════════════════════════════════════════════[0m
[96m══ TRAINING DIAGNOSTICS (cycle 0) ═══════════════════════[0m
[96m══════════════════════════════════════════════════════[0m
  [1mREGIME:       [0m [91mUNKN ⚠️[0m
  [1mDATA FRESH:   [0m [92m✅ 0.0min ago[0m
  [1mSIGNALS:      [0m [93mnone yet[0m
  [1mSIT-OUT:      [0m [92mNO[0m
  [1mCONVICTION:   [0m [93mn/a[0m
  [1mTRADES:       [0m open=0 closed=0 | PnL=$+0.00 | WR=0%
  [1mLONG/SHORT:   [0m longs=0 shorts=0
  [1mBLOCKERS:     [0m [91mRegime detector not firing | No signal data yet (first cycle?)[0m
[96m══════════════════════════════════════════════════════[0m

00:39:09 Cycle   1/200 [NORM] OK       | fresh=0.0min | open= 0 closed=  0 | PnL=$+0 wr=0% | improve=0 sem_db=30 | 11.9s/c ETA 2367s | zero_streak=1
00:39:54 Cycle   5/200 [NORM] OK       | fresh=0.0min | open= 2 closed=  1 | PnL=$-642 wr=0% | improve=0 sem_db=30 | 11.5s/c ETA 2234s | zero_streak=2

[96m══════════════════════════════════════════════════════[0m
[96m══ TRAINING DIAGNOSTICS (cycle 10) ══════════════════════[0m
[96m══════════════════════════════════════════════════════[0m
  [1mREGIME:       [0m [93mCRISIS[0m (conf: 0.00)
  [1mDATA FRESH:   [0m [92m✅ 0.0min ago[0m
  [1mSIGNALS:      [0m 9/20 active
  [1mSIT-OUT:      [0m [92mNO[0m
  [1mCONVICTION:   [0m BTC: +0.00 (HOLD) | ETH: +0.00 (HOLD) | SOL: +0.00 (HOLD) | BNB: +0.00 (HOLD) | XRP: +0.00 (HOLD) | ADA: +0.00 (HOLD) | DOT: +0.00 (HOLD) | AVAX: +0.00 (HOLD) | LINK: +0.00 (HOLD) | MATIC: +0.00 (HOLD) | NEAR: +0.00 (HOLD)
  [1mTRADES:       [0m open=1 closed=2 | PnL=$-3156.63 | WR=0%
  [1mLONG/SHORT:   [0m longs=1 shorts=2
  [1mBLOCKERS:     [0m [91mNo conviction above threshold (all HOLD)[0m
[96m══════════════════════════════════════════════════════[0m

00:41:07 Cycle  10/200 [CRIS] OK       | fresh=0.0min | open= 1 closed=  2 | PnL=$-3157 wr=0% | improve=0 sem_db=30 | 13.1s/c ETA 2480s | zero_streak=4
00:42:05 Cycle  15/200 [NORM] OK       | fresh=0.0min | open= 0 closed=  3 | PnL=$-1051 wr=33% | improve=1 sem_db=30 | 12.6s/c ETA 2324s | zero_streak=2

[96m══════════════════════════════════════════════════════[0m
[96m══ TRAINING DIAGNOSTICS (cycle 20) ══════════════════════[0m
[96m══════════════════════════════════════════════════════[0m
  [1mREGIME:       [0m [93mCRISIS[0m (conf: 0.37)
  [1mDATA FRESH:   [0m [92m✅ 0.0min ago[0m
  [1mSIGNALS:      [0m 10/20 active
  [1mSIT-OUT:      [0m [92mNO[0m
  [1mCONVICTION:   [0m BTC: +0.10 ([92mBUY[0m) | ETH: +0.09 ([92mBUY[0m) | SOL: -0.16 ([91mSELL[0m) | BNB: +0.12 ([92mBUY[0m) | XRP: +0.17 ([92mBUY[0m) | ADA: -0.09 ([91mSELL[0m) | DOT: -0.11 ([91mSELL[0m) | AVAX: +0.17 ([92mBUY[0m) | LINK: -0.11 ([91mSELL[0m) | MATIC: +0.01 (HOLD) | NEAR: -0.18 ([91mSELL[0m)
  [1mTRADES:       [0m open=0 closed=3 | PnL=$-1051.31 | WR=33%
  [1mLONG/SHORT:   [0m longs=1 shorts=2
  [1mBLOCKERS:     [0m [92mNONE[0m
[96m══════════════════════════════════════════════════════[0m

00:43:19 Cycle  20/200 [CRIS] OK       | fresh=0.0min | open= 0 closed=  3 | PnL=$-1051 wr=33% | improve=1 sem_db=30 | 13.1s/c ETA 2356s | zero_streak=7
00:44:17 Cycle  25/200 [HIGH] OK       | fresh=0.0min | open= 0 closed=  3 | PnL=$-1051 wr=33% | improve=1 sem_db=30 | 12.8s/c ETA 2243s | zero_streak=12

[96m══════════════════════════════════════════════════════[0m
[96m══ TRAINING DIAGNOSTICS (cycle 30) ══════════════════════[0m
[96m══════════════════════════════════════════════════════[0m
  [1mREGIME:       [0m [93mCRISIS[0m (conf: 0.37)
  [1mDATA FRESH:   [0m [92m✅ 0.0min ago[0m
  [1mSIGNALS:      [0m 10/20 active
  [1mSIT-OUT:      [0m [92mNO[0m
  [1mCONVICTION:   [0m BTC: +0.08 ([92mBUY[0m) | ETH: +0.06 ([92mBUY[0m) | SOL: +0.08 ([92mBUY[0m) | BNB: +0.01 (HOLD) | XRP: +0.03 (HOLD) | ADA: -0.13 ([91mSELL[0m) | DOT: +0.05 ([92mBUY[0m) | AVAX: +0.08 ([92mBUY[0m) | LINK: -0.07 ([91mSELL[0m) | MATIC: -0.06 ([91mSELL[0m) | NEAR: -0.13 ([91mSELL[0m)
  [1mTRADES:       [0m open=1 closed=3 | PnL=$-1051.31 | WR=33%
  [1mLONG/SHORT:   [0m longs=2 shorts=2
  [1mBLOCKERS:     [0m [92mNONE[0m
[96m══════════════════════════════════════════════════════[0m

00:45:28 Cycle 30: SemanticMemoryNode stored 1 patterns
00:45:28 ZERO_STREAK_ALERT cycle=30 streak=16 basket_std=0.2000 basket_mean=0.0000 composites={}
00:45:28 Cycle  30/200 [CRIS] OK       | fresh=0.0min | open= 1 closed=  3 | PnL=$-1051 wr=33% | improve=1 sem_db=30 | 13.0s/c ETA 2218s | zero_streak=17
00:45:40 ZERO_STREAK_ALERT cycle=31 streak=17 basket_std=0.2000 basket_mean=0.0000 composites={}
00:45:52 ZERO_STREAK_ALERT cycle=32 streak=18 basket_std=0.2000 basket_mean=0.0000 composites={}
00:46:04 ZERO_STREAK_ALERT cycle=33 streak=19 basket_std=0.2000 basket_mean=0.0000 composites={}
00:46:15 ZERO_STREAK_ALERT cycle=34 streak=20 basket_std=0.2000 basket_mean=0.0000 composites={}
00:46:27 Cycle  35/200 [CRIS] OK       | fresh=0.0min | open= 2 closed=  5 | PnL=$-1424 wr=40% | improve=1 sem_db=30 | 12.9s/c ETA 2122s | zero_streak=1

[96m══════════════════════════════════════════════════════[0m
[96m══ TRAINING DIAGNOSTICS (cycle 40) ══════════════════════[0m
[96m══════════════════════════════════════════════════════[0m
  [1mREGIME:       [0m [93mCRISIS[0m (conf: 0.37)
  [1mDATA FRESH:   [0m [92m✅ 0.0min ago[0m
  [1mSIGNALS:      [0m 11/20 active
  [1mSIT-OUT:      [0m [92mNO[0m
  [1mCONVICTION:   [0m BTC: +0.06 ([92mBUY[0m) | ETH: -0.03 (HOLD) | SOL: -0.11 ([91mSELL[0m) | BNB: +0.09 ([92mBUY[0m) | XRP: +0.05 ([92mBUY[0m) | ADA: -0.15 ([91mSELL[0m) | DOT: +0.04 (HOLD) | AVAX: -0.06 ([91mSELL[0m) | LINK: -0.10 ([91mSELL[0m) | MATIC: -0.03 (HOLD) | NEAR: +0.23 ([92mBUY[0m)
  [1mTRADES:       [0m open=0 closed=7 | PnL=$-1386.67 | WR=43%
  [1mLONG/SHORT:   [0m longs=4 shorts=3
  [1mBLOCKERS:     [0m [92mNONE[0m
[96m══════════════════════════════════════════════════════[0m

00:47:36 Cycle  40/200 [CRIS] OK       | fresh=0.0min | open= 0 closed=  7 | PnL=$-1387 wr=43% | improve=1 sem_db=30 | 13.0s/c ETA 2079s | zero_streak=1
00:48:35 Cycle  45/200 [CRIS] OK       | fresh=0.0min | open= 1 closed=  8 | PnL=$-1766 wr=38% | improve=1 sem_db=30 | 12.8s/c ETA 1990s | zero_streak=2

[96m══════════════════════════════════════════════════════[0m
[96m══ TRAINING DIAGNOSTICS (cycle 50) ══════════════════════[0m
[96m══════════════════════════════════════════════════════[0m
  [1mREGIME:       [0m [93mNORMAL[0m (conf: 0.37)
  [1mDATA FRESH:   [0m [92m✅ 0.0min ago[0m
  [1mSIGNALS:      [0m 11/20 active
  [1mSIT-OUT:      [0m [92mNO[0m
  [1mCONVICTION:   [0m BTC: -0.01 (HOLD) | ETH: +0.03 (HOLD) | SOL: -0.02 (HOLD) | BNB: -0.03 (HOLD) | XRP: +0.03 (HOLD) | ADA: -0.03 (HOLD) | DOT: +0.03 (HOLD) | AVAX: +0.03 (HOLD) | LINK: +0.03 (HOLD) | MATIC: -0.08 ([91mSELL[0m) | NEAR: +0.01 (HOLD)
  [1mTRADES:       [0m open=0 closed=10 | PnL=$-1704.37 | WR=40%
  [1mLONG/SHORT:   [0m longs=6 shorts=4
  [1mBLOCKERS:     [0m [92mNONE[0m
[96m══════════════════════════════════════════════════════[0m

00:49:47 Cycle  50/200 [NORM] OK       | fresh=0.0min | open= 0 closed= 10 | PnL=$-1704 wr=40% | improve=1 sem_db=30 | 13.0s/c ETA 1952s | zero_streak=0
00:51:02 Cycle  55/200 [NORM] OK       | fresh=0.0min | open= 0 closed= 10 | PnL=$-1704 wr=40% | improve=1 sem_db=30 | 13.2s/c ETA 1913s | zero_streak=5

[96m══════════════════════════════════════════════════════[0m
[96m══ TRAINING DIAGNOSTICS (cycle 60) ══════════════════════[0m
[96m══════════════════════════════════════════════════════[0m
  [1mREGIME:       [0m [93mHIGH_VOL[0m (conf: 0.37)
  [1mDATA FRESH:   [0m [92m✅ 0.0min ago[0m
  [1mSIGNALS:      [0m 11/20 active
  [1mSIT-OUT:      [0m [92mNO[0m
  [1mCONVICTION:   [0m BTC: +0.01 (HOLD) | ETH: +0.01 (HOLD) | SOL: +0.01 (HOLD) | BNB: +0.01 (HOLD) | XRP: -0.09 ([91mSELL[0m) | ADA: +0.01 (HOLD) | DOT: +0.01 (HOLD) | AVAX: +0.01 (HOLD) | LINK: +0.01 (HOLD) | MATIC: +0.01 (HOLD) | NEAR: +0.01 (HOLD)
  [1mTRADES:       [0m open=0 closed=10 | PnL=$-1704.37 | WR=40%
  [1mLONG/SHORT:   [0m longs=6 shorts=4
  [1mBLOCKERS:     [0m [92mNONE[0m
[96m══════════════════════════════════════════════════════[0m

00:52:00 Cycle  60/200 [HIGH] OK       | fresh=0.0min | open= 0 closed= 10 | PnL=$-1704 wr=40% | improve=1 sem_db=30 | 13.1s/c ETA 1828s | zero_streak=10
00:52:58 Cycle  65/200 [HIGH] OK       | fresh=0.0min | open= 0 closed= 10 | PnL=$-1704 wr=40% | improve=1 sem_db=30 | 12.9s/c ETA 1748s | zero_streak=15
00:53:22 ZERO_STREAK_ALERT cycle=67 streak=16 basket_std=0.2000 basket_mean=0.0000 composites={}
00:53:34 ZERO_STREAK_ALERT cycle=68 streak=17 basket_std=0.2000 basket_mean=0.0000 composites={}
00:53:45 ZERO_STREAK_ALERT cycle=69 streak=18 basket_std=0.2000 basket_mean=0.0000 composites={}

[96m══════════════════════════════════════════════════════[0m
[96m══ TRAINING DIAGNOSTICS (cycle 70) ══════════════════════[0m
[96m══════════════════════════════════════════════════════[0m
  [1mREGIME:       [0m [93mHIGH_VOL[0m (conf: 0.37)
  [1mDATA FRESH:   [0m [92m✅ 0.0min ago[0m
  [1mSIGNALS:      [0m 12/20 active
  [1mSIT-OUT:      [0m [92mNO[0m
  [1mCONVICTION:   [0m BTC: -0.02 (HOLD) | ETH: +0.07 ([92mBUY[0m) | SOL: +0.17 ([92mBUY[0m) | BNB: +0.09 ([92mBUY[0m) | XRP: -0.12 ([91mSELL[0m) | ADA: -0.05 (HOLD) | DOT: -0.09 ([91mSELL[0m) | AVAX: -0.07 ([91mSELL[0m) | LINK: -0.06 ([91mSELL[0m) | MATIC: -0.13 ([91mSELL[0m) | NEAR: +0.21 ([92mBUY[0m)
  [1mTRADES:       [0m open=1 closed=10 | PnL=$-1704.37 | WR=40%
  [1mLONG/SHORT:   [0m longs=6 shorts=5
  [1mBLOCKERS:     [0m [92mNONE[0m
[96m══════════════════════════════════════════════════════[0m

00:53:57 ZERO_STREAK_ALERT cycle=70 streak=19 basket_std=0.2000 basket_mean=0.0000 composites={}
00:53:57 Cycle  70/200 [HIGH] OK       | fresh=0.0min | open= 1 closed= 10 | PnL=$-1704 wr=40% | improve=1 sem_db=30 | 12.9s/c ETA 1671s | zero_streak=20
00:54:12 ZERO_STREAK_ALERT cycle=71 streak=20 basket_std=0.2000 basket_mean=0.0000 composites={}
00:54:25 ZERO_STREAK_ALERT cycle=72 streak=21 basket_std=0.2000 basket_mean=0.0000 composites={}
00:54:37 ZERO_STREAK_ALERT cycle=73 streak=22 basket_std=0.2000 basket_mean=0.0000 composites={}
00:54:49 ZERO_STREAK_ALERT cycle=74 streak=23 basket_std=0.2000 basket_mean=0.0000 composites={}
00:55:01 ZERO_STREAK_ALERT cycle=75 streak=24 basket_std=0.2000 basket_mean=0.0000 composites={}
00:55:01 Cycle  75/200 [NORM] OK       | fresh=0.0min | open= 2 closed= 10 | PnL=$-1704 wr=40% | improve=1 sem_db=30 | 12.9s/c ETA 1607s | zero_streak=25
00:55:13 ZERO_STREAK_ALERT cycle=76 streak=25 basket_std=0.2000 basket_mean=0.0000 composites={}

[96m══════════════════════════════════════════════════════[0m
[96m══ TRAINING DIAGNOSTICS (cycle 80) ══════════════════════[0m
[96m══════════════════════════════════════════════════════[0m
  [1mREGIME:       [0m [93mNORMAL[0m (conf: 0.37)
  [1mDATA FRESH:   [0m [92m✅ 0.0min ago[0m
  [1mSIGNALS:      [0m 11/20 active
  [1mSIT-OUT:      [0m [92mNO[0m
  [1mCONVICTION:   [0m BTC: +0.02 (HOLD) | ETH: +0.02 (HOLD) | SOL: -0.13 ([91mSELL[0m) | BNB: +0.11 ([92mBUY[0m) | XRP: +0.17 ([92mBUY[0m) | ADA: -0.13 ([91mSELL[0m) | DOT: -0.06 ([91mSELL[0m) | AVAX: -0.09 ([91mSELL[0m) | LINK: -0.10 ([91mSELL[0m) | MATIC: -0.02 (HOLD) | NEAR: +0.20 ([92mBUY[0m)
  [1mTRADES:       [0m open=1 closed=12 | PnL=$-834.88 | WR=42%
  [1mLONG/SHORT:   [0m longs=8 shorts=5
  [1mBLOCKERS:     [0m [92mNONE[0m
[96m══════════════════════════════════════════════════════[0m

00:56:00 Cycle  80/200 [NORM] OK       | fresh=0.0min | open= 1 closed= 12 | PnL=$-835 wr=42% | improve=1 sem_db=30 | 12.8s/c ETA 1534s | zero_streak=0
00:56:58 Cycle  85/200 [NORM] OK       | fresh=0.0min | open= 1 closed= 15 | PnL=$-1109 wr=40% | improve=1 sem_db=30 | 12.7s/c ETA 1463s | zero_streak=0

[96m══════════════════════════════════════════════════════[0m
[96m══ TRAINING DIAGNOSTICS (cycle 90) ══════════════════════[0m
[96m══════════════════════════════════════════════════════[0m
  [1mREGIME:       [0m [93mNORMAL[0m (conf: 0.37)
  [1mDATA FRESH:   [0m [92m✅ 0.0min ago[0m
  [1mSIGNALS:      [0m 11/20 active
  [1mSIT-OUT:      [0m [92mNO[0m
  [1mCONVICTION:   [0m BTC: +0.11 ([92mBUY[0m) | ETH: +0.07 ([92mBUY[0m) | SOL: +0.06 ([92mBUY[0m) | BNB: +0.09 ([92mBUY[0m) | XRP: -0.06 ([91mSELL[0m) | ADA: -0.06 ([91mSELL[0m) | DOT: +0.01 (HOLD) | AVAX: -0.06 ([91mSELL[0m) | LINK: -0.05 (HOLD) | MATIC: -0.06 ([91mSELL[0m) | NEAR: -0.06 ([91mSELL[0m)
  [1mTRADES:       [0m open=1 closed=16 | PnL=$-1091.89 | WR=44%
  [1mLONG/SHORT:   [0m longs=11 shorts=6
  [1mBLOCKERS:     [0m [92mNONE[0m
[96m══════════════════════════════════════════════════════[0m

00:57:56 Cycle  90/200 [NORM] OK       | fresh=0.0min | open= 1 closed= 16 | PnL=$-1092 wr=44% | improve=1 sem_db=30 | 12.7s/c ETA 1393s | zero_streak=0
00:58:54 Cycle  95/200 [NORM] OK       | fresh=0.0min | open= 1 closed= 18 | PnL=$-1079 wr=44% | improve=1 sem_db=30 | 12.6s/c ETA 1323s | zero_streak=0

[96m══════════════════════════════════════════════════════[0m
[96m══ TRAINING DIAGNOSTICS (cycle 100) ═════════════════════[0m
[96m══════════════════════════════════════════════════════[0m
  [1mREGIME:       [0m [93mCRISIS[0m (conf: 0.37)
  [1mDATA FRESH:   [0m [92m✅ 0.0min ago[0m
  [1mSIGNALS:      [0m 12/20 active
  [1mSIT-OUT:      [0m [92mNO[0m
  [1mCONVICTION:   [0m BTC: -0.00 (HOLD) | ETH: +0.01 (HOLD) | SOL: -0.00 (HOLD) | BNB: +0.03 (HOLD) | XRP: -0.00 (HOLD) | ADA: -0.00 (HOLD) | DOT: -0.00 (HOLD) | AVAX: -0.00 (HOLD) | LINK: -0.00 (HOLD) | MATIC: -0.00 (HOLD) | NEAR: -0.00 (HOLD)
  [1mTRADES:       [0m open=0 closed=19 | PnL=$-1693.03 | WR=42%
  [1mLONG/SHORT:   [0m longs=13 shorts=6
  [1mBLOCKERS:     [0m [91mNo conviction above threshold (all HOLD)[0m
[96m══════════════════════════════════════════════════════[0m

00:59:54 Cycle 100/200 [CRIS] OK       | fresh=0.0min | open= 0 closed= 19 | PnL=$-1693 wr=42% | improve=1 sem_db=30 | 12.6s/c ETA 1258s | zero_streak=4
01:00:53 Cycle 105/200 [CRIS] OK       | fresh=0.0min | open= 0 closed= 19 | PnL=$-1693 wr=42% | improve=1 sem_db=30 | 12.5s/c ETA 1191s | zero_streak=9

[96m══════════════════════════════════════════════════════[0m
[96m══ TRAINING DIAGNOSTICS (cycle 110) ═════════════════════[0m
[96m══════════════════════════════════════════════════════[0m
  [1mREGIME:       [0m [93mCRISIS[0m (conf: 0.37)
  [1mDATA FRESH:   [0m [92m✅ 0.0min ago[0m
  [1mSIGNALS:      [0m 11/20 active
  [1mSIT-OUT:      [0m [92mNO[0m
  [1mCONVICTION:   [0m BTC: +0.00 (HOLD) | ETH: +0.00 (HOLD) | SOL: +0.00 (HOLD) | BNB: +0.00 (HOLD) | XRP: +0.00 (HOLD) | ADA: +0.00 (HOLD) | DOT: +0.00 (HOLD) | AVAX: +0.00 (HOLD) | LINK: +0.00 (HOLD) | MATIC: +0.00 (HOLD) | NEAR: +0.00 (HOLD)
  [1mTRADES:       [0m open=0 closed=19 | PnL=$-1693.03 | WR=42%
  [1mLONG/SHORT:   [0m longs=13 shorts=6
  [1mBLOCKERS:     [0m [91mNo conviction above threshold (all HOLD)[0m
[96m══════════════════════════════════════════════════════[0m

01:01:51 Cycle 110/200 [CRIS] OK       | fresh=0.0min | open= 0 closed= 19 | PnL=$-1693 wr=42% | improve=1 sem_db=30 | 12.5s/c ETA 1125s | zero_streak=14
01:02:27 ZERO_STREAK_ALERT cycle=113 streak=16 basket_std=0.2000 basket_mean=0.0000 composites={}
01:02:38 ZERO_STREAK_ALERT cycle=114 streak=17 basket_std=0.2000 basket_mean=0.0000 composites={}
01:02:50 ZERO_STREAK_ALERT cycle=115 streak=18 basket_std=0.2000 basket_mean=0.0000 composites={}
01:02:50 Cycle 115/200 [CRIS] OK       | fresh=0.0min | open= 0 closed= 19 | PnL=$-1693 wr=42% | improve=1 sem_db=30 | 12.5s/c ETA 1059s | zero_streak=19
01:03:01 ZERO_STREAK_ALERT cycle=116 streak=19 basket_std=0.2000 basket_mean=0.0000 composites={}
01:03:13 ZERO_STREAK_ALERT cycle=117 streak=20 basket_std=0.2000 basket_mean=0.0000 composites={}
01:03:25 ZERO_STREAK_ALERT cycle=118 streak=21 basket_std=0.2000 basket_mean=0.0000 composites={}
01:03:37 ZERO_STREAK_ALERT cycle=119 streak=22 basket_std=0.2000 basket_mean=0.0000 composites={}

[96m══════════════════════════════════════════════════════[0m
[96m══ TRAINING DIAGNOSTICS (cycle 120) ═════════════════════[0m
[96m══════════════════════════════════════════════════════[0m
  [1mREGIME:       [0m [93mNORMAL[0m (conf: 0.37)
  [1mDATA FRESH:   [0m [92m✅ 0.0min ago[0m
  [1mSIGNALS:      [0m 12/20 active
  [1mSIT-OUT:      [0m [92mNO[0m
  [1mCONVICTION:   [0m BTC: +0.12 ([92mBUY[0m) | ETH: -0.04 (HOLD) | SOL: -0.04 (HOLD) | BNB: +0.22 ([92mBUY[0m) | XRP: -0.03 (HOLD) | ADA: -0.04 (HOLD) | DOT: -0.00 (HOLD) | AVAX: -0.04 (HOLD) | LINK: -0.04 (HOLD) | MATIC: -0.04 (HOLD) | NEAR: -0.04 (HOLD)
  [1mTRADES:       [0m open=3 closed=19 | PnL=$-1693.03 | WR=42%
  [1mLONG/SHORT:   [0m longs=13 shorts=9
  [1mBLOCKERS:     [0m [92mNONE[0m
[96m══════════════════════════════════════════════════════[0m

01:03:48 ZERO_STREAK_ALERT cycle=120 streak=23 basket_std=0.2000 basket_mean=0.0000 composites={}
01:03:48 Cycle 120/200 [NORM] OK       | fresh=0.0min | open= 3 closed= 19 | PnL=$-1693 wr=42% | improve=1 sem_db=30 | 12.4s/c ETA 994s | zero_streak=24
01:04:00 ZERO_STREAK_ALERT cycle=121 streak=24 basket_std=0.2000 basket_mean=0.0000 composites={}
01:04:48 Cycle 125/200 [NORM] OK       | fresh=0.0min | open= 1 closed= 24 | PnL=$-3125 wr=38% | improve=1 sem_db=30 | 12.4s/c ETA 931s | zero_streak=0

[96m══════════════════════════════════════════════════════[0m
[96m══ TRAINING DIAGNOSTICS (cycle 130) ═════════════════════[0m
[96m══════════════════════════════════════════════════════[0m
  [1mREGIME:       [0m [93mNORMAL[0m (conf: 0.37)
  [1mDATA FRESH:   [0m [92m✅ 0.0min ago[0m
  [1mSIGNALS:      [0m 11/20 active
  [1mSIT-OUT:      [0m [92mNO[0m
  [1mCONVICTION:   [0m BTC: +0.05 (HOLD) | ETH: -0.04 (HOLD) | SOL: -0.04 (HOLD) | BNB: -0.04 (HOLD) | XRP: -0.03 (HOLD) | ADA: +0.15 ([92mBUY[0m) | DOT: -0.04 (HOLD) | AVAX: -0.04 (HOLD) | LINK: +0.15 ([92mBUY[0m) | MATIC: -0.04 (HOLD) | NEAR: -0.04 (HOLD)
  [1mTRADES:       [0m open=1 closed=24 | PnL=$-3124.76 | WR=38%
  [1mLONG/SHORT:   [0m longs=15 shorts=10
  [1mBLOCKERS:     [0m [92mNONE[0m
[96m══════════════════════════════════════════════════════[0m

01:05:47 Cycle 130/200 [NORM] OK       | fresh=0.0min | open= 1 closed= 24 | PnL=$-3125 wr=38% | improve=1 sem_db=30 | 12.4s/c ETA 867s | zero_streak=5
01:06:45 Cycle 135/200 [NORM] OK       | fresh=0.0min | open= 2 closed= 25 | PnL=$-2560 wr=40% | improve=1 sem_db=30 | 12.4s/c ETA 803s | zero_streak=3

[96m══════════════════════════════════════════════════════[0m
[96m══ TRAINING DIAGNOSTICS (cycle 140) ═════════════════════[0m
[96m══════════════════════════════════════════════════════[0m
  [1mREGIME:       [0m [93mCRISIS[0m (conf: 0.37)
  [1mDATA FRESH:   [0m [92m✅ 0.0min ago[0m
  [1mSIGNALS:      [0m 10/20 active
  [1mSIT-OUT:      [0m [92mNO[0m
  [1mCONVICTION:   [0m BTC: +0.00 (HOLD) | ETH: +0.00 (HOLD) | SOL: +0.00 (HOLD) | BNB: +0.00 (HOLD) | XRP: +0.00 (HOLD) | ADA: +0.00 (HOLD) | DOT: +0.00 (HOLD) | AVAX: +0.00 (HOLD) | LINK: +0.00 (HOLD) | MATIC: +0.00 (HOLD) | NEAR: +0.00 (HOLD)
  [1mTRADES:       [0m open=1 closed=26 | PnL=$-2959.04 | WR=38%
  [1mLONG/SHORT:   [0m longs=15 shorts=12
  [1mBLOCKERS:     [0m [91mNo conviction above threshold (all HOLD)[0m
[96m══════════════════════════════════════════════════════[0m

01:07:44 Cycle 140/200 [CRIS] OK       | fresh=0.0min | open= 1 closed= 26 | PnL=$-2959 wr=38% | improve=1 sem_db=30 | 12.3s/c ETA 740s | zero_streak=3
01:08:41 Cycle 145/200 [CRIS] OK       | fresh=0.0min | open= 0 closed= 30 | PnL=$-1428 wr=37% | improve=1 sem_db=30 | 12.3s/c ETA 677s | zero_streak=0

[96m══════════════════════════════════════════════════════[0m
[96m══ TRAINING DIAGNOSTICS (cycle 150) ═════════════════════[0m
[96m══════════════════════════════════════════════════════[0m
  [1mREGIME:       [0m [93mCRISIS[0m (conf: 0.37)
  [1mDATA FRESH:   [0m [92m✅ 0.0min ago[0m
  [1mSIGNALS:      [0m 11/20 active
  [1mSIT-OUT:      [0m [92mNO[0m
  [1mCONVICTION:   [0m BTC: -0.25 ([91mSELL[0m) | ETH: -0.13 ([91mSELL[0m) | SOL: +0.11 ([92mBUY[0m) | BNB: -0.01 (HOLD) | XRP: +0.11 ([92mBUY[0m) | ADA: -0.10 ([91mSELL[0m) | DOT: +0.01 (HOLD) | AVAX: +0.11 ([92mBUY[0m) | LINK: -0.05 ([91mSELL[0m) | MATIC: +0.11 ([92mBUY[0m) | NEAR: +0.09 ([92mBUY[0m)
  [1mTRADES:       [0m open=3 closed=31 | PnL=$-1801.54 | WR=35%
  [1mLONG/SHORT:   [0m longs=16 shorts=18
  [1mBLOCKERS:     [0m [92mNONE[0m
[96m══════════════════════════════════════════════════════[0m

01:09:46 Cycle 150/200 [CRIS] OK       | fresh=0.0min | open= 3 closed= 31 | PnL=$-1802 wr=35% | improve=1 sem_db=30 | 12.3s/c ETA 617s | zero_streak=3
01:10:45 Cycle 155/200 [NORM] OK       | fresh=0.0min | open= 0 closed= 34 | PnL=$-20473 wr=32% | improve=1 sem_db=30 | 12.3s/c ETA 554s | zero_streak=2

[96m══════════════════════════════════════════════════════[0m
[96m══ TRAINING DIAGNOSTICS (cycle 160) ═════════════════════[0m
[96m══════════════════════════════════════════════════════[0m
  [1mREGIME:       [0m [93mNORMAL[0m (conf: 0.37)
  [1mDATA FRESH:   [0m [92m✅ 0.0min ago[0m
  [1mSIGNALS:      [0m 11/20 active
  [1mSIT-OUT:      [0m [92mNO[0m
  [1mCONVICTION:   [0m BTC: +0.09 ([92mBUY[0m) | ETH: +0.10 ([92mBUY[0m) | SOL: +0.07 ([92mBUY[0m) | BNB: -0.04 (HOLD) | XRP: -0.02 (HOLD) | ADA: -0.09 ([91mSELL[0m) | DOT: +0.04 (HOLD) | AVAX: +0.10 ([92mBUY[0m) | LINK: -0.07 ([91mSELL[0m) | MATIC: -0.11 ([91mSELL[0m) | NEAR: -0.05 ([91mSELL[0m)
  [1mTRADES:       [0m open=2 closed=35 | PnL=$-20679.80 | WR=31%
  [1mLONG/SHORT:   [0m longs=17 shorts=20
  [1mBLOCKERS:     [0m [92mNONE[0m
[96m══════════════════════════════════════════════════════[0m

01:11:44 Cycle 160/200 [NORM] OK       | fresh=0.0min | open= 2 closed= 35 | PnL=$-20680 wr=31% | improve=1 sem_db=30 | 12.3s/c ETA 492s | zero_streak=0
01:12:42 Cycle 165/200 [NORM] OK       | fresh=0.0min | open= 0 closed= 37 | PnL=$-19230 wr=32% | improve=1 sem_db=30 | 12.3s/c ETA 430s | zero_streak=0

[96m══════════════════════════════════════════════════════[0m
[96m══ TRAINING DIAGNOSTICS (cycle 170) ═════════════════════[0m
[96m══════════════════════════════════════════════════════[0m
  [1mREGIME:       [0m [93mNORMAL[0m (conf: 0.37)
  [1mDATA FRESH:   [0m [92m✅ 0.0min ago[0m
  [1mSIGNALS:      [0m 11/20 active
  [1mSIT-OUT:      [0m [92mNO[0m
  [1mCONVICTION:   [0m BTC: +0.14 ([92mBUY[0m) | ETH: +0.10 ([92mBUY[0m) | SOL: -0.17 ([91mSELL[0m) | BNB: +0.09 ([92mBUY[0m) | XRP: +0.19 ([92mBUY[0m) | ADA: -0.09 ([91mSELL[0m) | DOT: -0.11 ([91mSELL[0m) | AVAX: +0.19 ([92mBUY[0m) | LINK: -0.14 ([91mSELL[0m) | MATIC: +0.00 (HOLD) | NEAR: -0.21 ([91mSELL[0m)
  [1mTRADES:       [0m open=2 closed=38 | PnL=$-20890.67 | WR=32%
  [1mLONG/SHORT:   [0m longs=18 shorts=22
  [1mBLOCKERS:     [0m [92mNONE[0m
[96m══════════════════════════════════════════════════════[0m

01:13:41 Cycle 170/200 [NORM] OK       | fresh=0.0min | open= 2 closed= 38 | PnL=$-20891 wr=32% | improve=1 sem_db=30 | 12.3s/c ETA 368s | zero_streak=1
01:14:38 Cycle 175/200 [NORM] OK       | fresh=0.0min | open= 2 closed= 40 | PnL=$-21806 wr=30% | improve=1 sem_db=30 | 12.2s/c ETA 306s | zero_streak=1

[96m══════════════════════════════════════════════════════[0m
[96m══ TRAINING DIAGNOSTICS (cycle 180) ═════════════════════[0m
[96m══════════════════════════════════════════════════════[0m
  [1mREGIME:       [0m [93mNORMAL[0m (conf: 0.37)
  [1mDATA FRESH:   [0m [92m✅ 0.0min ago[0m
  [1mSIGNALS:      [0m 11/20 active
  [1mSIT-OUT:      [0m [92mNO[0m
  [1mCONVICTION:   [0m BTC: +0.06 ([92mBUY[0m) | ETH: +0.03 (HOLD) | SOL: -0.00 (HOLD) | BNB: +0.05 (HOLD) | XRP: +0.01 (HOLD) | ADA: -0.04 (HOLD) | DOT: -0.04 (HOLD) | AVAX: +0.06 ([92mBUY[0m) | LINK: -0.04 (HOLD) | MATIC: -0.04 (HOLD) | NEAR: -0.04 (HOLD)
  [1mTRADES:       [0m open=3 closed=43 | PnL=$-20121.58 | WR=33%
  [1mLONG/SHORT:   [0m longs=20 shorts=26
  [1mBLOCKERS:     [0m [92mNONE[0m
[96m══════════════════════════════════════════════════════[0m

01:15:37 Cycle 180/200 [NORM] OK       | fresh=0.0min | open= 3 closed= 43 | PnL=$-20122 wr=33% | improve=1 sem_db=30 | 12.2s/c ETA 244s | zero_streak=0
01:16:35 Cycle 185/200 [CRIS] OK       | fresh=0.0min | open= 2 closed= 46 | PnL=$-21821 wr=30% | improve=1 sem_db=30 | 12.2s/c ETA 183s | zero_streak=3

[96m══════════════════════════════════════════════════════[0m
[96m══ TRAINING DIAGNOSTICS (cycle 190) ═════════════════════[0m
[96m══════════════════════════════════════════════════════[0m
  [1mREGIME:       [0m [93mNORMAL[0m (conf: 0.37)
  [1mDATA FRESH:   [0m [92m✅ 0.0min ago[0m
  [1mSIGNALS:      [0m 11/20 active
  [1mSIT-OUT:      [0m [92mNO[0m
  [1mCONVICTION:   [0m BTC: +0.04 (HOLD) | ETH: -0.04 (HOLD) | SOL: -0.05 ([91mSELL[0m) | BNB: +0.09 ([92mBUY[0m) | XRP: +0.03 (HOLD) | ADA: -0.15 ([91mSELL[0m) | DOT: +0.03 (HOLD) | AVAX: -0.07 ([91mSELL[0m) | LINK: -0.09 ([91mSELL[0m) | MATIC: -0.02 (HOLD) | NEAR: +0.23 ([92mBUY[0m)
  [1mTRADES:       [0m open=1 closed=48 | PnL=$-23153.53 | WR=29%
  [1mLONG/SHORT:   [0m longs=22 shorts=27
  [1mBLOCKERS:     [0m [92mNONE[0m
[96m══════════════════════════════════════════════════════[0m

01:17:33 Cycle 190/200 [NORM] OK       | fresh=0.0min | open= 1 closed= 48 | PnL=$-23154 wr=29% | improve=1 sem_db=30 | 12.2s/c ETA 122s | zero_streak=2
01:18:31 Cycle 195/200 [CRIS] OK       | fresh=0.0min | open= 1 closed= 50 | PnL=$-23259 wr=30% | improve=1 sem_db=30 | 12.2s/c ETA 61s | zero_streak=0

[96m══════════════════════════════════════════════════════[0m
[96m══ TRAINING DIAGNOSTICS (cycle 200) ═════════════════════[0m
[96m══════════════════════════════════════════════════════[0m
  [1mREGIME:       [0m [93mCRISIS[0m (conf: 0.37)
  [1mDATA FRESH:   [0m [92m✅ 0.0min ago[0m
  [1mSIGNALS:      [0m 11/20 active
  [1mSIT-OUT:      [0m [92mNO[0m
  [1mCONVICTION:   [0m BTC: +0.01 (HOLD) | ETH: +0.04 (HOLD) | SOL: -0.08 ([91mSELL[0m) | BNB: -0.01 (HOLD) | XRP: +0.09 ([92mBUY[0m) | ADA: -0.10 ([91mSELL[0m) | DOT: +0.10 ([92mBUY[0m) | AVAX: -0.03 (HOLD) | LINK: +0.06 ([92mBUY[0m) | MATIC: -0.11 ([91mSELL[0m) | NEAR: +0.04 (HOLD)
  [1mTRADES:       [0m open=3 closed=51 | PnL=$-23793.11 | WR=29%
  [1mLONG/SHORT:   [0m longs=25 shorts=29
  [1mBLOCKERS:     [0m [92mNONE[0m
[96m══════════════════════════════════════════════════════[0m

01:19:30 Cycle 200/200 [CRIS] OK       | fresh=0.0min | open= 3 closed= 51 | PnL=$-23793 wr=29% | improve=1 sem_db=30 | 12.2s/c ETA 0s | zero_streak=2
01:19:30 V207A_CRISIS_R1: no baseline version found for gate comparison
01:19:30 Attribution — alpha: $-13168.16  beta: $+11859097.68  timing: $+4141786.39  selection: $-0.00
01:19:30 Attribution report  : /Users/benebsworth/projects/omega/data/v207a_crisis_r1_attribution.json
01:19:30 
01:19:30 ======================================================================
01:19:30 V207A_CRISIS_R1 COMPLETE — 200 cycles in 2433s (12.16s/cycle)
01:19:30 ======================================================================
01:19:30 improve_calls         : 1
01:19:30 semantic_patterns_db  : 30
01:19:30 Closed trades         : 51  (long=23  short=28)
01:19:30 Total PnL             : $-23793.11  (engine realised: $-23793.11)
01:19:30 Win rate              : 29.4%  (15/51)
01:19:30 Profit factor         : 0.36
01:19:30 --- Observability ---
01:19:30 Zero-trade cycles     : 157 / 200  (78%)
01:19:30 Circuit breaker trips : 0
01:19:30 Final vol threshold   : 0.000
01:19:30 Metrics JSONL         : /tmp/v207a_crisis_r1_metrics.jsonl
01:19:30 Results               : /Users/benebsworth/projects/omega/data/v207a_crisis_r1_results.json
01:19:30 ======================================================================
