hmmlearn not available — using numpy GMM fallback
18:24:30 WARNING omega.nodes.victoria.data_cache: MacroDataCache: FRED_API_KEY not set — using DEMO_KEY (30 req/day limit). Set FRED_API_KEY env var for full access.
18:24:30 WARNING omega.core.heartbeat_client: heartbeat: http://localhost:8080/api/v1/nodes/victoria_v211_crisis_p1_r1/lifecycle unreachable ([Errno 61] Connection refused) — continuing
18:24:31 WARNING omega.nodes.victoria.data_cache: MacroDataCache: FRED_API_KEY not set — using DEMO_KEY (30 req/day limit). Set FRED_API_KEY env var for full access.
18:24:43 WARNING omega.core.heartbeat_client: heartbeat: http://localhost:8080/api/v1/diagnostics unreachable ([Errno 61] Connection refused) — continuing
18:24:43 WARNING omega.core.heartbeat_client: heartbeat: http://localhost:8080/api/v1/nodes/victoria_v211_crisis_p1_r1/decisions unreachable ([Errno 61] Connection refused) — continuing
18:24:54 WARNING omega.core.heartbeat_client: heartbeat: http://localhost:8080/api/v1/diagnostics unreachable ([Errno 61] Connection refused) — continuing
18:24:54 WARNING omega.core.heartbeat_client: heartbeat: http://localhost:8080/api/v1/nodes/victoria_v211_crisis_p1_r1/decisions unreachable ([Errno 61] Connection refused) — continuing
18:25:05 WARNING omega.core.heartbeat_client: heartbeat: http://localhost:8080/api/v1/diagnostics unreachable ([Errno 61] Connection refused) — continuing
18:25:05 WARNING omega.core.heartbeat_client: heartbeat: http://localhost:8080/api/v1/nodes/victoria_v211_crisis_p1_r1/decisions unreachable ([Errno 61] Connection refused) — continuing
18:25:17 WARNING omega.core.heartbeat_client: heartbeat: http://localhost:8080/api/v1/diagnostics unreachable ([Errno 61] Connection refused) — continuing
18:25:17 WARNING omega.core.heartbeat_client: heartbeat: http://localhost:8080/api/v1/nodes/victoria_v211_crisis_p1_r1/decisions unreachable ([Errno 61] Connection refused) — continuing
18:25:28 WARNING omega.core.heartbeat_client: heartbeat: http://localhost:8080/api/v1/diagnostics unreachable ([Errno 61] Connection refused) — continuing
18:25:28 WARNING omega.core.heartbeat_client: heartbeat: http://localhost:8080/api/v1/nodes/victoria_v211_crisis_p1_r1/decisions unreachable ([Errno 61] Connection refused) — continuing
18:25:40 WARNING omega.core.heartbeat_client: heartbeat: http://localhost:8080/api/v1/diagnostics unreachable ([Errno 61] Connection refused) — continuing
18:25:40 WARNING omega.core.heartbeat_client: heartbeat: http://localhost:8080/api/v1/nodes/victoria_v211_crisis_p1_r1/decisions unreachable ([Errno 61] Connection refused) — continuing
18:25:51 WARNING omega.core.heartbeat_client: heartbeat: http://localhost:8080/api/v1/diagnostics unreachable ([Errno 61] Connection refused) — continuing
18:25:51 WARNING omega.core.heartbeat_client: heartbeat: http://localhost:8080/api/v1/nodes/victoria_v211_crisis_p1_r1/decisions unreachable ([Errno 61] Connection refused) — continuing
18:26:03 WARNING omega.core.heartbeat_client: heartbeat: http://localhost:8080/api/v1/diagnostics unreachable ([Errno 61] Connection refused) — continuing
18:26:03 WARNING omega.core.heartbeat_client: heartbeat: http://localhost:8080/api/v1/nodes/victoria_v211_crisis_p1_r1/decisions unreachable ([Errno 61] Connection refused) — continuing
18:26:14 WARNING omega.core.heartbeat_client: heartbeat: http://localhost:8080/api/v1/diagnostics unreachable ([Errno 61] Connection refused) — continuing
18:26:14 WARNING omega.core.heartbeat_client: heartbeat: http://localhost:8080/api/v1/nodes/victoria_v211_crisis_p1_r1/decisions unreachable ([Errno 61] Connection refused) — continuing
18:26:26 WARNING omega.core.heartbeat_client: heartbeat: http://localhost:8080/api/v1/diagnostics unreachable ([Errno 61] Connection refused) — continuing
18:26:39 WARNING omega.core.heartbeat_client: heartbeat: http://localhost:8080/api/v1/nodes/victoria_v211_crisis_p1_r1/decisions unreachable ([Errno 61] Connection refused) — continuing
18:26:51 WARNING omega.core.heartbeat_client: heartbeat: http://localhost:8080/api/v1/diagnostics unreachable ([Errno 61] Connection refused) — continuing
18:26:51 WARNING omega.core.heartbeat_client: heartbeat: http://localhost:8080/api/v1/nodes/victoria_v211_crisis_p1_r1/decisions unreachable ([Errno 61] Connection refused) — continuing
18:27:03 WARNING omega.core.heartbeat_client: heartbeat: http://localhost:8080/api/v1/diagnostics unreachable ([Errno 61] Connection refused) — continuing
18:27:03 WARNING omega.core.heartbeat_client: heartbeat: http://localhost:8080/api/v1/nodes/victoria_v211_crisis_p1_r1/decisions unreachable ([Errno 61] Connection refused) — continuing
18:27:14 WARNING omega.core.heartbeat_client: heartbeat: http://localhost:8080/api/v1/diagnostics unreachable ([Errno 61] Connection refused) — continuing
18:27:14 WARNING omega.core.heartbeat_client: heartbeat: http://localhost:8080/api/v1/nodes/victoria_v211_crisis_p1_r1/decisions unreachable ([Errno 61] Connection refused) — continuing
18:27:26 WARNING omega.core.heartbeat_client: heartbeat: http://localhost:8080/api/v1/diagnostics unreachable ([Errno 61] Connection refused) — continuing
18:27:26 WARNING omega.core.heartbeat_client: heartbeat: http://localhost:8080/api/v1/nodes/victoria_v211_crisis_p1_r1/decisions unreachable ([Errno 61] Connection refused) — continuing
18:27:37 WARNING omega.core.heartbeat_client: heartbeat: http://localhost:8080/api/v1/diagnostics unreachable ([Errno 61] Connection refused) — continuing
18:27:37 WARNING omega.core.heartbeat_client: heartbeat: http://localhost:8080/api/v1/nodes/victoria_v211_crisis_p1_r1/decisions unreachable ([Errno 61] Connection refused) — continuing
18:27:49 WARNING omega.core.heartbeat_client: heartbeat: http://localhost:8080/api/v1/diagnostics unreachable ([Errno 61] Connection refused) — continuing
18:27:49 WARNING omega.core.heartbeat_client: heartbeat: http://localhost:8080/api/v1/nodes/victoria_v211_crisis_p1_r1/decisions unreachable ([Errno 61] Connection refused) — continuing
18:28:01 WARNING omega.core.heartbeat_client: heartbeat: http://localhost:8080/api/v1/diagnostics unreachable ([Errno 61] Connection refused) — continuing
18:28:01 WARNING omega.core.heartbeat_client: heartbeat: http://localhost:8080/api/v1/nodes/victoria_v211_crisis_p1_r1/decisions unreachable ([Errno 61] Connection refused) — continuing
18:28:13 WARNING omega.core.heartbeat_client: heartbeat: http://localhost:8080/api/v1/diagnostics unreachable ([Errno 61] Connection refused) — continuing
18:28:13 WARNING omega.core.heartbeat_client: heartbeat: http://localhost:8080/api/v1/nodes/victoria_v211_crisis_p1_r1/decisions unreachable ([Errno 61] Connection refused) — continuing
18:28:23 WARNING omega.nodes.victoria.vrp_signal: VRP circuit breaker: zscore=-2.68 < -2.0sigma — extreme COMPLACENCY; flagging for manual review (iv=0.43 rv=0.74)
18:28:24 WARNING omega.core.heartbeat_client: heartbeat: http://localhost:8080/api/v1/diagnostics unreachable ([Errno 61] Connection refused) — continuing
18:28:24 WARNING omega.core.heartbeat_client: heartbeat: http://localhost:8080/api/v1/nodes/victoria_v211_crisis_p1_r1/decisions unreachable ([Errno 61] Connection refused) — continuing
18:28:36 WARNING omega.core.heartbeat_client: heartbeat: http://localhost:8080/api/v1/diagnostics unreachable ([Errno 61] Connection refused) — continuing
18:28:52 WARNING omega.core.heartbeat_client: heartbeat: http://localhost:8080/api/v1/nodes/victoria_v211_crisis_p1_r1/decisions unreachable ([Errno 61] Connection refused) — continuing
18:29:03 WARNING omega.core.heartbeat_client: heartbeat: http://localhost:8080/api/v1/diagnostics unreachable ([Errno 61] Connection refused) — continuing
18:29:03 WARNING omega.core.heartbeat_client: heartbeat: http://localhost:8080/api/v1/nodes/victoria_v211_crisis_p1_r1/decisions unreachable ([Errno 61] Connection refused) — continuing
18:29:15 WARNING omega.core.heartbeat_client: heartbeat: http://localhost:8080/api/v1/diagnostics unreachable ([Errno 61] Connection refused) — continuing
18:29:15 WARNING omega.core.heartbeat_client: heartbeat: http://localhost:8080/api/v1/nodes/victoria_v211_crisis_p1_r1/decisions unreachable ([Errno 61] Connection refused) — continuing
18:29:26 WARNING omega.core.heartbeat_client: heartbeat: http://localhost:8080/api/v1/diagnostics unreachable ([Errno 61] Connection refused) — continuing
18:29:26 WARNING omega.core.heartbeat_client: heartbeat: http://localhost:8080/api/v1/nodes/victoria_v211_crisis_p1_r1/decisions unreachable ([Errno 61] Connection refused) — continuing
18:29:38 WARNING omega.core.heartbeat_client: heartbeat: http://localhost:8080/api/v1/diagnostics unreachable ([Errno 61] Connection refused) — continuing
18:29:38 WARNING omega.core.heartbeat_client: heartbeat: http://localhost:8080/api/v1/nodes/victoria_v211_crisis_p1_r1/decisions unreachable ([Errno 61] Connection refused) — continuing
18:29:50 WARNING omega.core.heartbeat_client: heartbeat: http://localhost:8080/api/v1/diagnostics unreachable ([Errno 61] Connection refused) — continuing
18:29:50 WARNING omega.core.heartbeat_client: heartbeat: http://localhost:8080/api/v1/nodes/victoria_v211_crisis_p1_r1/decisions unreachable ([Errno 61] Connection refused) — continuing
18:30:03 WARNING omega.core.heartbeat_client: heartbeat: http://localhost:8080/api/v1/diagnostics unreachable ([Errno 61] Connection refused) — continuing
18:30:03 WARNING omega.core.heartbeat_client: heartbeat: http://localhost:8080/api/v1/nodes/victoria_v211_crisis_p1_r1/decisions unreachable ([Errno 61] Connection refused) — continuing
18:30:15 WARNING omega.core.heartbeat_client: heartbeat: http://localhost:8080/api/v1/diagnostics unreachable ([Errno 61] Connection refused) — continuing
18:30:15 WARNING omega.core.heartbeat_client: heartbeat: http://localhost:8080/api/v1/nodes/victoria_v211_crisis_p1_r1/decisions unreachable ([Errno 61] Connection refused) — continuing
18:30:27 WARNING omega.core.heartbeat_client: heartbeat: http://localhost:8080/api/v1/diagnostics unreachable ([Errno 61] Connection refused) — continuing
18:30:27 WARNING omega.core.heartbeat_client: heartbeat: http://localhost:8080/api/v1/nodes/victoria_v211_crisis_p1_r1/decisions unreachable ([Errno 61] Connection refused) — continuing
18:30:39 WARNING omega.core.heartbeat_client: heartbeat: http://localhost:8080/api/v1/diagnostics unreachable ([Errno 61] Connection refused) — continuing
18:30:39 WARNING omega.core.heartbeat_client: heartbeat: http://localhost:8080/api/v1/nodes/victoria_v211_crisis_p1_r1/decisions unreachable ([Errno 61] Connection refused) — continuing
18:30:49 WARNING omega.nodes.victoria.vrp_signal: VRP circuit breaker: zscore=-2.10 < -2.0sigma — extreme COMPLACENCY; flagging for manual review (iv=0.43 rv=0.76)
/opt/homebrew/lib/python3.14/site-packages/numpy/lib/_function_base_impl.py:3023: RuntimeWarning: invalid value encountered in divide
  c /= stddev[:, None]
/opt/homebrew/lib/python3.14/site-packages/numpy/lib/_function_base_impl.py:3024: RuntimeWarning: invalid value encountered in divide
  c /= stddev[None, :]
18:30:51 WARNING omega.core.heartbeat_client: heartbeat: http://localhost:8080/api/v1/diagnostics unreachable ([Errno 61] Connection refused) — continuing
18:31:06 WARNING omega.core.heartbeat_client: heartbeat: http://localhost:8080/api/v1/nodes/victoria_v211_crisis_p1_r1/decisions unreachable ([Errno 61] Connection refused) — continuing
/opt/homebrew/lib/python3.14/site-packages/numpy/lib/_function_base_impl.py:3023: RuntimeWarning: invalid value encountered in divide
  c /= stddev[:, None]
/opt/homebrew/lib/python3.14/site-packages/numpy/lib/_function_base_impl.py:3024: RuntimeWarning: invalid value encountered in divide
  c /= stddev[None, :]
18:31:18 WARNING omega.core.heartbeat_client: heartbeat: http://localhost:8080/api/v1/diagnostics unreachable ([Errno 61] Connection refused) — continuing
18:31:18 WARNING omega.core.heartbeat_client: heartbeat: http://localhost:8080/api/v1/nodes/victoria_v211_crisis_p1_r1/decisions unreachable ([Errno 61] Connection refused) — continuing
18:31:30 WARNING omega.core.heartbeat_client: heartbeat: http://localhost:8080/api/v1/diagnostics unreachable ([Errno 61] Connection refused) — continuing
18:31:30 WARNING omega.core.heartbeat_client: heartbeat: http://localhost:8080/api/v1/nodes/victoria_v211_crisis_p1_r1/decisions unreachable ([Errno 61] Connection refused) — continuing
18:31:42 WARNING omega.core.heartbeat_client: heartbeat: http://localhost:8080/api/v1/diagnostics unreachable ([Errno 61] Connection refused) — continuing
18:31:42 WARNING omega.core.heartbeat_client: heartbeat: http://localhost:8080/api/v1/nodes/victoria_v211_crisis_p1_r1/decisions unreachable ([Errno 61] Connection refused) — continuing
18:31:53 WARNING omega.core.heartbeat_client: heartbeat: http://localhost:8080/api/v1/diagnostics unreachable ([Errno 61] Connection refused) — continuing
18:31:53 WARNING omega.core.heartbeat_client: heartbeat: http://localhost:8080/api/v1/nodes/victoria_v211_crisis_p1_r1/decisions unreachable ([Errno 61] Connection refused) — continuing
18:32:05 WARNING omega.core.heartbeat_client: heartbeat: http://localhost:8080/api/v1/diagnostics unreachable ([Errno 61] Connection refused) — continuing
18:32:05 WARNING omega.core.heartbeat_client: heartbeat: http://localhost:8080/api/v1/nodes/victoria_v211_crisis_p1_r1/decisions unreachable ([Errno 61] Connection refused) — continuing
18:32:17 WARNING omega.core.heartbeat_client: heartbeat: http://localhost:8080/api/v1/diagnostics unreachable ([Errno 61] Connection refused) — continuing
18:32:17 WARNING omega.core.heartbeat_client: heartbeat: http://localhost:8080/api/v1/nodes/victoria_v211_crisis_p1_r1/decisions unreachable ([Errno 61] Connection refused) — continuing
18:32:29 WARNING omega.core.heartbeat_client: heartbeat: http://localhost:8080/api/v1/diagnostics unreachable ([Errno 61] Connection refused) — continuing
18:32:29 WARNING omega.core.heartbeat_client: heartbeat: http://localhost:8080/api/v1/nodes/victoria_v211_crisis_p1_r1/decisions unreachable ([Errno 61] Connection refused) — continuing
18:32:40 WARNING omega.core.heartbeat_client: heartbeat: http://localhost:8080/api/v1/diagnostics unreachable ([Errno 61] Connection refused) — continuing
18:32:40 WARNING omega.core.heartbeat_client: heartbeat: http://localhost:8080/api/v1/nodes/victoria_v211_crisis_p1_r1/decisions unreachable ([Errno 61] Connection refused) — continuing
18:32:52 WARNING omega.core.heartbeat_client: heartbeat: http://localhost:8080/api/v1/diagnostics unreachable ([Errno 61] Connection refused) — continuing
18:32:52 WARNING omega.core.heartbeat_client: heartbeat: http://localhost:8080/api/v1/nodes/victoria_v211_crisis_p1_r1/decisions unreachable ([Errno 61] Connection refused) — continuing
18:33:04 WARNING omega.core.heartbeat_client: heartbeat: http://localhost:8080/api/v1/diagnostics unreachable ([Errno 61] Connection refused) — continuing
18:33:20 WARNING omega.core.heartbeat_client: heartbeat: http://localhost:8080/api/v1/nodes/victoria_v211_crisis_p1_r1/decisions unreachable ([Errno 61] Connection refused) — continuing
/opt/homebrew/lib/python3.14/site-packages/numpy/lib/_function_base_impl.py:3023: RuntimeWarning: invalid value encountered in divide
  c /= stddev[:, None]
/opt/homebrew/lib/python3.14/site-packages/numpy/lib/_function_base_impl.py:3024: RuntimeWarning: invalid value encountered in divide
  c /= stddev[None, :]
18:33:32 WARNING omega.core.heartbeat_client: heartbeat: http://localhost:8080/api/v1/diagnostics unreachable ([Errno 61] Connection refused) — continuing
18:33:32 WARNING omega.core.heartbeat_client: heartbeat: http://localhost:8080/api/v1/nodes/victoria_v211_crisis_p1_r1/decisions unreachable ([Errno 61] Connection refused) — continuing
18:33:43 WARNING omega.core.heartbeat_client: heartbeat: http://localhost:8080/api/v1/diagnostics unreachable ([Errno 61] Connection refused) — continuing
18:33:43 WARNING omega.core.heartbeat_client: heartbeat: http://localhost:8080/api/v1/nodes/victoria_v211_crisis_p1_r1/decisions unreachable ([Errno 61] Connection refused) — continuing
18:33:55 WARNING omega.core.heartbeat_client: heartbeat: http://localhost:8080/api/v1/diagnostics unreachable ([Errno 61] Connection refused) — continuing
18:33:55 WARNING omega.core.heartbeat_client: heartbeat: http://localhost:8080/api/v1/nodes/victoria_v211_crisis_p1_r1/decisions unreachable ([Errno 61] Connection refused) — continuing
18:34:06 WARNING omega.core.heartbeat_client: heartbeat: http://localhost:8080/api/v1/diagnostics unreachable ([Errno 61] Connection refused) — continuing
18:34:06 WARNING omega.core.heartbeat_client: heartbeat: http://localhost:8080/api/v1/nodes/victoria_v211_crisis_p1_r1/decisions unreachable ([Errno 61] Connection refused) — continuing
18:34:18 WARNING omega.core.heartbeat_client: heartbeat: http://localhost:8080/api/v1/diagnostics unreachable ([Errno 61] Connection refused) — continuing
18:34:18 WARNING omega.core.heartbeat_client: heartbeat: http://localhost:8080/api/v1/nodes/victoria_v211_crisis_p1_r1/decisions unreachable ([Errno 61] Connection refused) — continuing
18:34:30 WARNING omega.core.heartbeat_client: heartbeat: http://localhost:8080/api/v1/diagnostics unreachable ([Errno 61] Connection refused) — continuing
18:34:30 WARNING omega.core.heartbeat_client: heartbeat: http://localhost:8080/api/v1/nodes/victoria_v211_crisis_p1_r1/decisions unreachable ([Errno 61] Connection refused) — continuing
18:34:44 WARNING omega.core.heartbeat_client: heartbeat: http://localhost:8080/api/v1/diagnostics unreachable ([Errno 61] Connection refused) — continuing
18:34:44 WARNING omega.core.heartbeat_client: heartbeat: http://localhost:8080/api/v1/nodes/victoria_v211_crisis_p1_r1/decisions unreachable ([Errno 61] Connection refused) — continuing
18:34:56 WARNING omega.core.heartbeat_client: heartbeat: http://localhost:8080/api/v1/diagnostics unreachable ([Errno 61] Connection refused) — continuing
18:34:56 WARNING omega.core.heartbeat_client: heartbeat: http://localhost:8080/api/v1/nodes/victoria_v211_crisis_p1_r1/decisions unreachable ([Errno 61] Connection refused) — continuing
18:35:07 WARNING omega.core.heartbeat_client: heartbeat: http://localhost:8080/api/v1/diagnostics unreachable ([Errno 61] Connection refused) — continuing
18:35:07 WARNING omega.core.heartbeat_client: heartbeat: http://localhost:8080/api/v1/nodes/victoria_v211_crisis_p1_r1/decisions unreachable ([Errno 61] Connection refused) — continuing
18:35:19 WARNING omega.core.heartbeat_client: heartbeat: http://localhost:8080/api/v1/diagnostics unreachable ([Errno 61] Connection refused) — continuing
18:35:32 WARNING omega.core.heartbeat_client: heartbeat: http://localhost:8080/api/v1/nodes/victoria_v211_crisis_p1_r1/decisions unreachable ([Errno 61] Connection refused) — continuing
/opt/homebrew/lib/python3.14/site-packages/numpy/lib/_function_base_impl.py:3023: RuntimeWarning: invalid value encountered in divide
  c /= stddev[:, None]
/opt/homebrew/lib/python3.14/site-packages/numpy/lib/_function_base_impl.py:3024: RuntimeWarning: invalid value encountered in divide
  c /= stddev[None, :]
18:35:56 WARNING omega.core.heartbeat_client: heartbeat: http://localhost:8080/api/v1/diagnostics unreachable ([Errno 61] Connection refused) — continuing
18:35:56 WARNING omega.core.heartbeat_client: heartbeat: http://localhost:8080/api/v1/nodes/victoria_v211_crisis_p1_r1/decisions unreachable ([Errno 61] Connection refused) — continuing
/opt/homebrew/lib/python3.14/site-packages/numpy/lib/_function_base_impl.py:3023: RuntimeWarning: invalid value encountered in divide
  c /= stddev[:, None]
/opt/homebrew/lib/python3.14/site-packages/numpy/lib/_function_base_impl.py:3024: RuntimeWarning: invalid value encountered in divide
  c /= stddev[None, :]
18:36:08 WARNING omega.core.heartbeat_client: heartbeat: http://localhost:8080/api/v1/diagnostics unreachable ([Errno 61] Connection refused) — continuing
18:36:08 WARNING omega.core.heartbeat_client: heartbeat: http://localhost:8080/api/v1/nodes/victoria_v211_crisis_p1_r1/decisions unreachable ([Errno 61] Connection refused) — continuing
18:36:20 WARNING omega.core.heartbeat_client: heartbeat: http://localhost:8080/api/v1/diagnostics unreachable ([Errno 61] Connection refused) — continuing
18:36:20 WARNING omega.core.heartbeat_client: heartbeat: http://localhost:8080/api/v1/nodes/victoria_v211_crisis_p1_r1/decisions unreachable ([Errno 61] Connection refused) — continuing
18:36:32 WARNING omega.core.heartbeat_client: heartbeat: http://localhost:8080/api/v1/diagnostics unreachable ([Errno 61] Connection refused) — continuing
18:36:32 WARNING omega.core.heartbeat_client: heartbeat: http://localhost:8080/api/v1/nodes/victoria_v211_crisis_p1_r1/decisions unreachable ([Errno 61] Connection refused) — continuing
18:36:43 WARNING omega.core.heartbeat_client: heartbeat: http://localhost:8080/api/v1/diagnostics unreachable ([Errno 61] Connection refused) — continuing
18:36:43 WARNING omega.core.heartbeat_client: heartbeat: http://localhost:8080/api/v1/nodes/victoria_v211_crisis_p1_r1/decisions unreachable ([Errno 61] Connection refused) — continuing
18:36:55 WARNING omega.core.heartbeat_client: heartbeat: http://localhost:8080/api/v1/diagnostics unreachable ([Errno 61] Connection refused) — continuing
18:36:55 WARNING omega.core.heartbeat_client: heartbeat: http://localhost:8080/api/v1/nodes/victoria_v211_crisis_p1_r1/decisions unreachable ([Errno 61] Connection refused) — continuing
18:37:07 WARNING omega.core.heartbeat_client: heartbeat: http://localhost:8080/api/v1/diagnostics unreachable ([Errno 61] Connection refused) — continuing
18:37:07 WARNING omega.core.heartbeat_client: heartbeat: http://localhost:8080/api/v1/nodes/victoria_v211_crisis_p1_r1/decisions unreachable ([Errno 61] Connection refused) — continuing
18:37:18 WARNING omega.core.heartbeat_client: heartbeat: http://localhost:8080/api/v1/diagnostics unreachable ([Errno 61] Connection refused) — continuing
18:37:18 WARNING omega.core.heartbeat_client: heartbeat: http://localhost:8080/api/v1/nodes/victoria_v211_crisis_p1_r1/decisions unreachable ([Errno 61] Connection refused) — continuing
18:37:29 WARNING omega.core.heartbeat_client: heartbeat: http://localhost:8080/api/v1/diagnostics unreachable ([Errno 61] Connection refused) — continuing
18:37:29 WARNING omega.core.heartbeat_client: heartbeat: http://localhost:8080/api/v1/nodes/victoria_v211_crisis_p1_r1/decisions unreachable ([Errno 61] Connection refused) — continuing
18:37:41 WARNING omega.core.heartbeat_client: heartbeat: http://localhost:8080/api/v1/diagnostics unreachable ([Errno 61] Connection refused) — continuing
18:37:41 WARNING omega.core.heartbeat_client: heartbeat: http://localhost:8080/api/v1/nodes/victoria_v211_crisis_p1_r1/decisions unreachable ([Errno 61] Connection refused) — continuing
18:37:53 WARNING omega.core.heartbeat_client: heartbeat: http://localhost:8080/api/v1/diagnostics unreachable ([Errno 61] Connection refused) — continuing
18:37:53 WARNING omega.core.heartbeat_client: heartbeat: http://localhost:8080/api/v1/nodes/victoria_v211_crisis_p1_r1/decisions unreachable ([Errno 61] Connection refused) — continuing
18:38:05 WARNING omega.core.heartbeat_client: heartbeat: http://localhost:8080/api/v1/diagnostics unreachable ([Errno 61] Connection refused) — continuing
18:38:05 WARNING omega.core.heartbeat_client: heartbeat: http://localhost:8080/api/v1/nodes/victoria_v211_crisis_p1_r1/decisions unreachable ([Errno 61] Connection refused) — continuing
18:38:16 WARNING omega.core.heartbeat_client: heartbeat: http://localhost:8080/api/v1/diagnostics unreachable ([Errno 61] Connection refused) — continuing
18:38:16 WARNING omega.core.heartbeat_client: heartbeat: http://localhost:8080/api/v1/nodes/victoria_v211_crisis_p1_r1/decisions unreachable ([Errno 61] Connection refused) — continuing
18:38:29 WARNING omega.core.heartbeat_client: heartbeat: http://localhost:8080/api/v1/diagnostics unreachable ([Errno 61] Connection refused) — continuing
18:38:29 WARNING omega.core.heartbeat_client: heartbeat: http://localhost:8080/api/v1/nodes/victoria_v211_crisis_p1_r1/decisions unreachable ([Errno 61] Connection refused) — continuing
18:38:40 WARNING omega.core.heartbeat_client: heartbeat: http://localhost:8080/api/v1/diagnostics unreachable ([Errno 61] Connection refused) — continuing
18:38:40 WARNING omega.core.heartbeat_client: heartbeat: http://localhost:8080/api/v1/nodes/victoria_v211_crisis_p1_r1/decisions unreachable ([Errno 61] Connection refused) — continuing
18:38:52 WARNING omega.core.heartbeat_client: heartbeat: http://localhost:8080/api/v1/diagnostics unreachable ([Errno 61] Connection refused) — continuing
18:38:52 WARNING omega.core.heartbeat_client: heartbeat: http://localhost:8080/api/v1/nodes/victoria_v211_crisis_p1_r1/decisions unreachable ([Errno 61] Connection refused) — continuing
18:39:04 WARNING omega.core.heartbeat_client: heartbeat: http://localhost:8080/api/v1/diagnostics unreachable ([Errno 61] Connection refused) — continuing
18:39:04 WARNING omega.core.heartbeat_client: heartbeat: http://localhost:8080/api/v1/nodes/victoria_v211_crisis_p1_r1/decisions unreachable ([Errno 61] Connection refused) — continuing
18:39:15 WARNING omega.core.heartbeat_client: heartbeat: http://localhost:8080/api/v1/diagnostics unreachable ([Errno 61] Connection refused) — continuing
18:39:15 WARNING omega.core.heartbeat_client: heartbeat: http://localhost:8080/api/v1/nodes/victoria_v211_crisis_p1_r1/decisions unreachable ([Errno 61] Connection refused) — continuing
18:39:27 WARNING omega.core.heartbeat_client: heartbeat: http://localhost:8080/api/v1/diagnostics unreachable ([Errno 61] Connection refused) — continuing
18:39:27 WARNING omega.core.heartbeat_client: heartbeat: http://localhost:8080/api/v1/nodes/victoria_v211_crisis_p1_r1/decisions unreachable ([Errno 61] Connection refused) — continuing
18:39:44 WARNING omega.core.heartbeat_client: heartbeat: http://localhost:8080/api/v1/diagnostics unreachable ([Errno 61] Connection refused) — continuing
18:39:44 WARNING omega.core.heartbeat_client: heartbeat: http://localhost:8080/api/v1/nodes/victoria_v211_crisis_p1_r1/decisions unreachable ([Errno 61] Connection refused) — continuing
18:39:57 WARNING omega.core.heartbeat_client: heartbeat: http://localhost:8080/api/v1/diagnostics unreachable ([Errno 61] Connection refused) — continuing
18:39:57 WARNING omega.core.heartbeat_client: heartbeat: http://localhost:8080/api/v1/nodes/victoria_v211_crisis_p1_r1/decisions unreachable ([Errno 61] Connection refused) — continuing
18:40:08 WARNING omega.core.heartbeat_client: heartbeat: http://localhost:8080/api/v1/diagnostics unreachable ([Errno 61] Connection refused) — continuing
18:40:08 WARNING omega.core.heartbeat_client: heartbeat: http://localhost:8080/api/v1/nodes/victoria_v211_crisis_p1_r1/decisions unreachable ([Errno 61] Connection refused) — continuing
18:40:20 WARNING omega.core.heartbeat_client: heartbeat: http://localhost:8080/api/v1/diagnostics unreachable ([Errno 61] Connection refused) — continuing
18:40:20 WARNING omega.core.heartbeat_client: heartbeat: http://localhost:8080/api/v1/nodes/victoria_v211_crisis_p1_r1/decisions unreachable ([Errno 61] Connection refused) — continuing
18:40:32 WARNING omega.core.heartbeat_client: heartbeat: http://localhost:8080/api/v1/diagnostics unreachable ([Errno 61] Connection refused) — continuing
18:40:32 WARNING omega.core.heartbeat_client: heartbeat: http://localhost:8080/api/v1/nodes/victoria_v211_crisis_p1_r1/decisions unreachable ([Errno 61] Connection refused) — continuing
18:40:44 WARNING omega.core.heartbeat_client: heartbeat: http://localhost:8080/api/v1/diagnostics unreachable ([Errno 61] Connection refused) — continuing
18:40:44 WARNING omega.core.heartbeat_client: heartbeat: http://localhost:8080/api/v1/nodes/victoria_v211_crisis_p1_r1/decisions unreachable ([Errno 61] Connection refused) — continuing
18:40:56 WARNING omega.core.heartbeat_client: heartbeat: http://localhost:8080/api/v1/diagnostics unreachable ([Errno 61] Connection refused) — continuing
18:40:56 WARNING omega.core.heartbeat_client: heartbeat: http://localhost:8080/api/v1/nodes/victoria_v211_crisis_p1_r1/decisions unreachable ([Errno 61] Connection refused) — continuing
18:41:07 WARNING omega.core.heartbeat_client: heartbeat: http://localhost:8080/api/v1/diagnostics unreachable ([Errno 61] Connection refused) — continuing
18:41:07 WARNING omega.core.heartbeat_client: heartbeat: http://localhost:8080/api/v1/nodes/victoria_v211_crisis_p1_r1/decisions unreachable ([Errno 61] Connection refused) — continuing
18:41:19 WARNING omega.core.heartbeat_client: heartbeat: http://localhost:8080/api/v1/diagnostics unreachable ([Errno 61] Connection refused) — continuing
18:41:19 WARNING omega.core.heartbeat_client: heartbeat: http://localhost:8080/api/v1/nodes/victoria_v211_crisis_p1_r1/decisions unreachable ([Errno 61] Connection refused) — continuing
18:41:30 WARNING omega.core.heartbeat_client: heartbeat: http://localhost:8080/api/v1/diagnostics unreachable ([Errno 61] Connection refused) — continuing
18:41:30 WARNING omega.core.heartbeat_client: heartbeat: http://localhost:8080/api/v1/nodes/victoria_v211_crisis_p1_r1/decisions unreachable ([Errno 61] Connection refused) — continuing
18:41:42 WARNING omega.core.heartbeat_client: heartbeat: http://localhost:8080/api/v1/diagnostics unreachable ([Errno 61] Connection refused) — continuing
18:41:42 WARNING omega.core.heartbeat_client: heartbeat: http://localhost:8080/api/v1/nodes/victoria_v211_crisis_p1_r1/decisions unreachable ([Errno 61] Connection refused) — continuing
18:41:54 WARNING omega.core.heartbeat_client: heartbeat: http://localhost:8080/api/v1/diagnostics unreachable ([Errno 61] Connection refused) — continuing
18:41:54 WARNING omega.core.heartbeat_client: heartbeat: http://localhost:8080/api/v1/nodes/victoria_v211_crisis_p1_r1/decisions unreachable ([Errno 61] Connection refused) — continuing
18:42:06 WARNING omega.core.heartbeat_client: heartbeat: http://localhost:8080/api/v1/diagnostics unreachable ([Errno 61] Connection refused) — continuing
18:42:06 WARNING omega.core.heartbeat_client: heartbeat: http://localhost:8080/api/v1/nodes/victoria_v211_crisis_p1_r1/decisions unreachable ([Errno 61] Connection refused) — continuing
18:42:17 WARNING omega.core.heartbeat_client: heartbeat: http://localhost:8080/api/v1/diagnostics unreachable ([Errno 61] Connection refused) — continuing
18:42:17 WARNING omega.core.heartbeat_client: heartbeat: http://localhost:8080/api/v1/nodes/victoria_v211_crisis_p1_r1/decisions unreachable ([Errno 61] Connection refused) — continuing
18:42:29 WARNING omega.core.heartbeat_client: heartbeat: http://localhost:8080/api/v1/diagnostics unreachable ([Errno 61] Connection refused) — continuing
18:42:29 WARNING omega.core.heartbeat_client: heartbeat: http://localhost:8080/api/v1/nodes/victoria_v211_crisis_p1_r1/decisions unreachable ([Errno 61] Connection refused) — continuing
18:42:41 WARNING omega.core.heartbeat_client: heartbeat: http://localhost:8080/api/v1/diagnostics unreachable ([Errno 61] Connection refused) — continuing
18:42:41 WARNING omega.core.heartbeat_client: heartbeat: http://localhost:8080/api/v1/nodes/victoria_v211_crisis_p1_r1/decisions unreachable ([Errno 61] Connection refused) — continuing
18:42:52 WARNING omega.core.heartbeat_client: heartbeat: http://localhost:8080/api/v1/diagnostics unreachable ([Errno 61] Connection refused) — continuing
18:42:52 WARNING omega.core.heartbeat_client: heartbeat: http://localhost:8080/api/v1/nodes/victoria_v211_crisis_p1_r1/decisions unreachable ([Errno 61] Connection refused) — continuing
18:43:04 WARNING omega.core.heartbeat_client: heartbeat: http://localhost:8080/api/v1/diagnostics unreachable ([Errno 61] Connection refused) — continuing
18:43:04 WARNING omega.core.heartbeat_client: heartbeat: http://localhost:8080/api/v1/nodes/victoria_v211_crisis_p1_r1/decisions unreachable ([Errno 61] Connection refused) — continuing
18:43:16 WARNING omega.core.heartbeat_client: heartbeat: http://localhost:8080/api/v1/diagnostics unreachable ([Errno 61] Connection refused) — continuing
18:43:16 WARNING omega.core.heartbeat_client: heartbeat: http://localhost:8080/api/v1/nodes/victoria_v211_crisis_p1_r1/decisions unreachable ([Errno 61] Connection refused) — continuing
18:43:27 WARNING omega.core.heartbeat_client: heartbeat: http://localhost:8080/api/v1/diagnostics unreachable ([Errno 61] Connection refused) — continuing
18:43:27 WARNING omega.core.heartbeat_client: heartbeat: http://localhost:8080/api/v1/nodes/victoria_v211_crisis_p1_r1/decisions unreachable ([Errno 61] Connection refused) — continuing
18:43:39 WARNING omega.core.heartbeat_client: heartbeat: http://localhost:8080/api/v1/diagnostics unreachable ([Errno 61] Connection refused) — continuing
18:43:39 WARNING omega.core.heartbeat_client: heartbeat: http://localhost:8080/api/v1/nodes/victoria_v211_crisis_p1_r1/decisions unreachable ([Errno 61] Connection refused) — continuing
18:43:50 WARNING omega.core.heartbeat_client: heartbeat: http://localhost:8080/api/v1/diagnostics unreachable ([Errno 61] Connection refused) — continuing
18:43:50 WARNING omega.core.heartbeat_client: heartbeat: http://localhost:8080/api/v1/nodes/victoria_v211_crisis_p1_r1/decisions unreachable ([Errno 61] Connection refused) — continuing
18:44:01 WARNING omega.core.heartbeat_client: heartbeat: http://localhost:8080/api/v1/diagnostics unreachable ([Errno 61] Connection refused) — continuing
18:44:01 WARNING omega.core.heartbeat_client: heartbeat: http://localhost:8080/api/v1/nodes/victoria_v211_crisis_p1_r1/decisions unreachable ([Errno 61] Connection refused) — continuing
18:44:13 WARNING omega.core.heartbeat_client: heartbeat: http://localhost:8080/api/v1/diagnostics unreachable ([Errno 61] Connection refused) — continuing
18:44:13 WARNING omega.core.heartbeat_client: heartbeat: http://localhost:8080/api/v1/nodes/victoria_v211_crisis_p1_r1/decisions unreachable ([Errno 61] Connection refused) — continuing
18:44:25 WARNING omega.core.heartbeat_client: heartbeat: http://localhost:8080/api/v1/diagnostics unreachable ([Errno 61] Connection refused) — continuing
18:44:25 WARNING omega.core.heartbeat_client: heartbeat: http://localhost:8080/api/v1/nodes/victoria_v211_crisis_p1_r1/decisions unreachable ([Errno 61] Connection refused) — continuing
18:44:36 WARNING omega.core.heartbeat_client: heartbeat: http://localhost:8080/api/v1/diagnostics unreachable ([Errno 61] Connection refused) — continuing
18:44:36 WARNING omega.core.heartbeat_client: heartbeat: http://localhost:8080/api/v1/nodes/victoria_v211_crisis_p1_r1/decisions unreachable ([Errno 61] Connection refused) — continuing
18:44:46 WARNING omega.nodes.victoria.vrp_signal: VRP circuit breaker: zscore=-2.49 < -2.0sigma — extreme COMPLACENCY; flagging for manual review (iv=0.43 rv=0.56)
18:44:50 WARNING omega.core.heartbeat_client: heartbeat: http://localhost:8080/api/v1/diagnostics unreachable ([Errno 61] Connection refused) — continuing
18:44:50 WARNING omega.core.heartbeat_client: heartbeat: http://localhost:8080/api/v1/nodes/victoria_v211_crisis_p1_r1/decisions unreachable ([Errno 61] Connection refused) — continuing
18:45:02 WARNING omega.core.heartbeat_client: heartbeat: http://localhost:8080/api/v1/diagnostics unreachable ([Errno 61] Connection refused) — continuing
18:45:02 WARNING omega.core.heartbeat_client: heartbeat: http://localhost:8080/api/v1/nodes/victoria_v211_crisis_p1_r1/decisions unreachable ([Errno 61] Connection refused) — continuing
18:45:15 WARNING omega.core.heartbeat_client: heartbeat: http://localhost:8080/api/v1/diagnostics unreachable ([Errno 61] Connection refused) — continuing
18:45:15 WARNING omega.core.heartbeat_client: heartbeat: http://localhost:8080/api/v1/nodes/victoria_v211_crisis_p1_r1/decisions unreachable ([Errno 61] Connection refused) — continuing
18:45:26 WARNING omega.core.heartbeat_client: heartbeat: http://localhost:8080/api/v1/diagnostics unreachable ([Errno 61] Connection refused) — continuing
18:45:26 WARNING omega.core.heartbeat_client: heartbeat: http://localhost:8080/api/v1/nodes/victoria_v211_crisis_p1_r1/decisions unreachable ([Errno 61] Connection refused) — continuing
18:45:38 WARNING omega.core.heartbeat_client: heartbeat: http://localhost:8080/api/v1/diagnostics unreachable ([Errno 61] Connection refused) — continuing
18:45:38 WARNING omega.core.heartbeat_client: heartbeat: http://localhost:8080/api/v1/nodes/victoria_v211_crisis_p1_r1/decisions unreachable ([Errno 61] Connection refused) — continuing
18:45:49 WARNING omega.core.heartbeat_client: heartbeat: http://localhost:8080/api/v1/diagnostics unreachable ([Errno 61] Connection refused) — continuing
18:45:49 WARNING omega.core.heartbeat_client: heartbeat: http://localhost:8080/api/v1/nodes/victoria_v211_crisis_p1_r1/decisions unreachable ([Errno 61] Connection refused) — continuing
18:46:01 WARNING omega.core.heartbeat_client: heartbeat: http://localhost:8080/api/v1/diagnostics unreachable ([Errno 61] Connection refused) — continuing
18:46:01 WARNING omega.core.heartbeat_client: heartbeat: http://localhost:8080/api/v1/nodes/victoria_v211_crisis_p1_r1/decisions unreachable ([Errno 61] Connection refused) — continuing
18:46:12 WARNING omega.core.heartbeat_client: heartbeat: http://localhost:8080/api/v1/diagnostics unreachable ([Errno 61] Connection refused) — continuing
18:46:12 WARNING omega.core.heartbeat_client: heartbeat: http://localhost:8080/api/v1/nodes/victoria_v211_crisis_p1_r1/decisions unreachable ([Errno 61] Connection refused) — continuing
18:46:24 WARNING omega.core.heartbeat_client: heartbeat: http://localhost:8080/api/v1/diagnostics unreachable ([Errno 61] Connection refused) — continuing
18:46:24 WARNING omega.core.heartbeat_client: heartbeat: http://localhost:8080/api/v1/nodes/victoria_v211_crisis_p1_r1/decisions unreachable ([Errno 61] Connection refused) — continuing
18:46:36 WARNING omega.core.heartbeat_client: heartbeat: http://localhost:8080/api/v1/diagnostics unreachable ([Errno 61] Connection refused) — continuing
18:46:36 WARNING omega.core.heartbeat_client: heartbeat: http://localhost:8080/api/v1/nodes/victoria_v211_crisis_p1_r1/decisions unreachable ([Errno 61] Connection refused) — continuing
18:46:47 WARNING omega.core.heartbeat_client: heartbeat: http://localhost:8080/api/v1/diagnostics unreachable ([Errno 61] Connection refused) — continuing
18:46:47 WARNING omega.core.heartbeat_client: heartbeat: http://localhost:8080/api/v1/nodes/victoria_v211_crisis_p1_r1/decisions unreachable ([Errno 61] Connection refused) — continuing
18:46:59 WARNING omega.core.heartbeat_client: heartbeat: http://localhost:8080/api/v1/diagnostics unreachable ([Errno 61] Connection refused) — continuing
18:46:59 WARNING omega.core.heartbeat_client: heartbeat: http://localhost:8080/api/v1/nodes/victoria_v211_crisis_p1_r1/decisions unreachable ([Errno 61] Connection refused) — continuing
18:47:10 WARNING omega.core.heartbeat_client: heartbeat: http://localhost:8080/api/v1/diagnostics unreachable ([Errno 61] Connection refused) — continuing
18:47:10 WARNING omega.core.heartbeat_client: heartbeat: http://localhost:8080/api/v1/nodes/victoria_v211_crisis_p1_r1/decisions unreachable ([Errno 61] Connection refused) — continuing
18:47:22 WARNING omega.core.heartbeat_client: heartbeat: http://localhost:8080/api/v1/diagnostics unreachable ([Errno 61] Connection refused) — continuing
18:47:22 WARNING omega.core.heartbeat_client: heartbeat: http://localhost:8080/api/v1/nodes/victoria_v211_crisis_p1_r1/decisions unreachable ([Errno 61] Connection refused) — continuing
18:47:34 WARNING omega.core.heartbeat_client: heartbeat: http://localhost:8080/api/v1/diagnostics unreachable ([Errno 61] Connection refused) — continuing
18:47:34 WARNING omega.core.heartbeat_client: heartbeat: http://localhost:8080/api/v1/nodes/victoria_v211_crisis_p1_r1/decisions unreachable ([Errno 61] Connection refused) — continuing
18:47:45 WARNING omega.core.heartbeat_client: heartbeat: http://localhost:8080/api/v1/diagnostics unreachable ([Errno 61] Connection refused) — continuing
18:47:45 WARNING omega.core.heartbeat_client: heartbeat: http://localhost:8080/api/v1/nodes/victoria_v211_crisis_p1_r1/decisions unreachable ([Errno 61] Connection refused) — continuing
18:47:57 WARNING omega.core.heartbeat_client: heartbeat: http://localhost:8080/api/v1/diagnostics unreachable ([Errno 61] Connection refused) — continuing
18:47:57 WARNING omega.core.heartbeat_client: heartbeat: http://localhost:8080/api/v1/nodes/victoria_v211_crisis_p1_r1/decisions unreachable ([Errno 61] Connection refused) — continuing
18:48:09 WARNING omega.core.heartbeat_client: heartbeat: http://localhost:8080/api/v1/diagnostics unreachable ([Errno 61] Connection refused) — continuing
18:48:09 WARNING omega.core.heartbeat_client: heartbeat: http://localhost:8080/api/v1/nodes/victoria_v211_crisis_p1_r1/decisions unreachable ([Errno 61] Connection refused) — continuing
18:48:21 WARNING omega.core.heartbeat_client: heartbeat: http://localhost:8080/api/v1/diagnostics unreachable ([Errno 61] Connection refused) — continuing
18:48:21 WARNING omega.core.heartbeat_client: heartbeat: http://localhost:8080/api/v1/nodes/victoria_v211_crisis_p1_r1/decisions unreachable ([Errno 61] Connection refused) — continuing
18:48:32 WARNING omega.core.heartbeat_client: heartbeat: http://localhost:8080/api/v1/diagnostics unreachable ([Errno 61] Connection refused) — continuing
18:48:32 WARNING omega.core.heartbeat_client: heartbeat: http://localhost:8080/api/v1/nodes/victoria_v211_crisis_p1_r1/decisions unreachable ([Errno 61] Connection refused) — continuing
18:48:45 WARNING omega.core.heartbeat_client: heartbeat: http://localhost:8080/api/v1/diagnostics unreachable ([Errno 61] Connection refused) — continuing
18:48:45 WARNING omega.core.heartbeat_client: heartbeat: http://localhost:8080/api/v1/nodes/victoria_v211_crisis_p1_r1/decisions unreachable ([Errno 61] Connection refused) — continuing
18:48:56 WARNING omega.core.heartbeat_client: heartbeat: http://localhost:8080/api/v1/diagnostics unreachable ([Errno 61] Connection refused) — continuing
18:48:56 WARNING omega.core.heartbeat_client: heartbeat: http://localhost:8080/api/v1/nodes/victoria_v211_crisis_p1_r1/decisions unreachable ([Errno 61] Connection refused) — continuing
18:49:08 WARNING omega.core.heartbeat_client: heartbeat: http://localhost:8080/api/v1/diagnostics unreachable ([Errno 61] Connection refused) — continuing
18:49:08 WARNING omega.core.heartbeat_client: heartbeat: http://localhost:8080/api/v1/nodes/victoria_v211_crisis_p1_r1/decisions unreachable ([Errno 61] Connection refused) — continuing
18:49:20 WARNING omega.core.heartbeat_client: heartbeat: http://localhost:8080/api/v1/diagnostics unreachable ([Errno 61] Connection refused) — continuing
18:49:20 WARNING omega.core.heartbeat_client: heartbeat: http://localhost:8080/api/v1/nodes/victoria_v211_crisis_p1_r1/decisions unreachable ([Errno 61] Connection refused) — continuing
18:49:31 WARNING omega.core.heartbeat_client: heartbeat: http://localhost:8080/api/v1/diagnostics unreachable ([Errno 61] Connection refused) — continuing
18:49:31 WARNING omega.core.heartbeat_client: heartbeat: http://localhost:8080/api/v1/nodes/victoria_v211_crisis_p1_r1/decisions unreachable ([Errno 61] Connection refused) — continuing
18:49:43 WARNING omega.core.heartbeat_client: heartbeat: http://localhost:8080/api/v1/diagnostics unreachable ([Errno 61] Connection refused) — continuing
18:49:43 WARNING omega.core.heartbeat_client: heartbeat: http://localhost:8080/api/v1/nodes/victoria_v211_crisis_p1_r1/decisions unreachable ([Errno 61] Connection refused) — continuing
18:49:55 WARNING omega.core.heartbeat_client: heartbeat: http://localhost:8080/api/v1/diagnostics unreachable ([Errno 61] Connection refused) — continuing
18:49:55 WARNING omega.core.heartbeat_client: heartbeat: http://localhost:8080/api/v1/nodes/victoria_v211_crisis_p1_r1/decisions unreachable ([Errno 61] Connection refused) — continuing
18:50:07 WARNING omega.core.heartbeat_client: heartbeat: http://localhost:8080/api/v1/diagnostics unreachable ([Errno 61] Connection refused) — continuing
18:50:07 WARNING omega.core.heartbeat_client: heartbeat: http://localhost:8080/api/v1/nodes/victoria_v211_crisis_p1_r1/decisions unreachable ([Errno 61] Connection refused) — continuing
18:50:19 WARNING omega.core.heartbeat_client: heartbeat: http://localhost:8080/api/v1/diagnostics unreachable ([Errno 61] Connection refused) — continuing
18:50:19 WARNING omega.core.heartbeat_client: heartbeat: http://localhost:8080/api/v1/nodes/victoria_v211_crisis_p1_r1/decisions unreachable ([Errno 61] Connection refused) — continuing
18:50:30 WARNING omega.core.heartbeat_client: heartbeat: http://localhost:8080/api/v1/diagnostics unreachable ([Errno 61] Connection refused) — continuing
18:50:30 WARNING omega.core.heartbeat_client: heartbeat: http://localhost:8080/api/v1/nodes/victoria_v211_crisis_p1_r1/decisions unreachable ([Errno 61] Connection refused) — continuing
18:50:42 WARNING omega.core.heartbeat_client: heartbeat: http://localhost:8080/api/v1/diagnostics unreachable ([Errno 61] Connection refused) — continuing
18:50:42 WARNING omega.core.heartbeat_client: heartbeat: http://localhost:8080/api/v1/nodes/victoria_v211_crisis_p1_r1/decisions unreachable ([Errno 61] Connection refused) — continuing
18:50:53 WARNING omega.core.heartbeat_client: heartbeat: http://localhost:8080/api/v1/diagnostics unreachable ([Errno 61] Connection refused) — continuing
18:50:53 WARNING omega.core.heartbeat_client: heartbeat: http://localhost:8080/api/v1/nodes/victoria_v211_crisis_p1_r1/decisions unreachable ([Errno 61] Connection refused) — continuing
18:51:05 WARNING omega.core.heartbeat_client: heartbeat: http://localhost:8080/api/v1/diagnostics unreachable ([Errno 61] Connection refused) — continuing
18:51:05 WARNING omega.core.heartbeat_client: heartbeat: http://localhost:8080/api/v1/nodes/victoria_v211_crisis_p1_r1/decisions unreachable ([Errno 61] Connection refused) — continuing
18:51:17 WARNING omega.core.heartbeat_client: heartbeat: http://localhost:8080/api/v1/diagnostics unreachable ([Errno 61] Connection refused) — continuing
18:51:17 WARNING omega.core.heartbeat_client: heartbeat: http://localhost:8080/api/v1/nodes/victoria_v211_crisis_p1_r1/decisions unreachable ([Errno 61] Connection refused) — continuing
18:51:29 WARNING omega.core.heartbeat_client: heartbeat: http://localhost:8080/api/v1/diagnostics unreachable ([Errno 61] Connection refused) — continuing
18:51:29 WARNING omega.core.heartbeat_client: heartbeat: http://localhost:8080/api/v1/nodes/victoria_v211_crisis_p1_r1/decisions unreachable ([Errno 61] Connection refused) — continuing
18:51:40 WARNING omega.core.heartbeat_client: heartbeat: http://localhost:8080/api/v1/diagnostics unreachable ([Errno 61] Connection refused) — continuing
18:51:40 WARNING omega.core.heartbeat_client: heartbeat: http://localhost:8080/api/v1/nodes/victoria_v211_crisis_p1_r1/decisions unreachable ([Errno 61] Connection refused) — continuing
18:51:51 WARNING omega.core.heartbeat_client: heartbeat: http://localhost:8080/api/v1/diagnostics unreachable ([Errno 61] Connection refused) — continuing
18:51:51 WARNING omega.core.heartbeat_client: heartbeat: http://localhost:8080/api/v1/nodes/victoria_v211_crisis_p1_r1/decisions unreachable ([Errno 61] Connection refused) — continuing
18:52:03 WARNING omega.core.heartbeat_client: heartbeat: http://localhost:8080/api/v1/diagnostics unreachable ([Errno 61] Connection refused) — continuing
18:52:03 WARNING omega.core.heartbeat_client: heartbeat: http://localhost:8080/api/v1/nodes/victoria_v211_crisis_p1_r1/decisions unreachable ([Errno 61] Connection refused) — continuing
18:52:14 WARNING omega.core.heartbeat_client: heartbeat: http://localhost:8080/api/v1/diagnostics unreachable ([Errno 61] Connection refused) — continuing
18:52:14 WARNING omega.core.heartbeat_client: heartbeat: http://localhost:8080/api/v1/nodes/victoria_v211_crisis_p1_r1/decisions unreachable ([Errno 61] Connection refused) — continuing
18:52:26 WARNING omega.core.heartbeat_client: heartbeat: http://localhost:8080/api/v1/diagnostics unreachable ([Errno 61] Connection refused) — continuing
18:52:26 WARNING omega.core.heartbeat_client: heartbeat: http://localhost:8080/api/v1/nodes/victoria_v211_crisis_p1_r1/decisions unreachable ([Errno 61] Connection refused) — continuing
18:52:37 WARNING omega.core.heartbeat_client: heartbeat: http://localhost:8080/api/v1/diagnostics unreachable ([Errno 61] Connection refused) — continuing
18:52:37 WARNING omega.core.heartbeat_client: heartbeat: http://localhost:8080/api/v1/nodes/victoria_v211_crisis_p1_r1/decisions unreachable ([Errno 61] Connection refused) — continuing
18:52:49 WARNING omega.core.heartbeat_client: heartbeat: http://localhost:8080/api/v1/diagnostics unreachable ([Errno 61] Connection refused) — continuing
18:52:49 WARNING omega.core.heartbeat_client: heartbeat: http://localhost:8080/api/v1/nodes/victoria_v211_crisis_p1_r1/decisions unreachable ([Errno 61] Connection refused) — continuing
18:53:00 WARNING omega.core.heartbeat_client: heartbeat: http://localhost:8080/api/v1/diagnostics unreachable ([Errno 61] Connection refused) — continuing
18:53:00 WARNING omega.core.heartbeat_client: heartbeat: http://localhost:8080/api/v1/nodes/victoria_v211_crisis_p1_r1/decisions unreachable ([Errno 61] Connection refused) — continuing
18:53:12 WARNING omega.core.heartbeat_client: heartbeat: http://localhost:8080/api/v1/diagnostics unreachable ([Errno 61] Connection refused) — continuing
18:53:12 WARNING omega.core.heartbeat_client: heartbeat: http://localhost:8080/api/v1/nodes/victoria_v211_crisis_p1_r1/decisions unreachable ([Errno 61] Connection refused) — continuing
18:53:22 WARNING omega.nodes.victoria.vrp_signal: VRP circuit breaker: zscore=-2.02 < -2.0sigma — extreme COMPLACENCY; flagging for manual review (iv=0.43 rv=0.90)
18:53:23 WARNING omega.core.heartbeat_client: heartbeat: http://localhost:8080/api/v1/diagnostics unreachable ([Errno 61] Connection refused) — continuing
18:53:23 WARNING omega.core.heartbeat_client: heartbeat: http://localhost:8080/api/v1/nodes/victoria_v211_crisis_p1_r1/decisions unreachable ([Errno 61] Connection refused) — continuing
18:53:35 WARNING omega.core.heartbeat_client: heartbeat: http://localhost:8080/api/v1/diagnostics unreachable ([Errno 61] Connection refused) — continuing
18:53:35 WARNING omega.core.heartbeat_client: heartbeat: http://localhost:8080/api/v1/nodes/victoria_v211_crisis_p1_r1/decisions unreachable ([Errno 61] Connection refused) — continuing
18:53:46 WARNING omega.core.heartbeat_client: heartbeat: http://localhost:8080/api/v1/diagnostics unreachable ([Errno 61] Connection refused) — continuing
18:53:46 WARNING omega.core.heartbeat_client: heartbeat: http://localhost:8080/api/v1/nodes/victoria_v211_crisis_p1_r1/decisions unreachable ([Errno 61] Connection refused) — continuing
18:53:58 WARNING omega.core.heartbeat_client: heartbeat: http://localhost:8080/api/v1/diagnostics unreachable ([Errno 61] Connection refused) — continuing
18:53:58 WARNING omega.core.heartbeat_client: heartbeat: http://localhost:8080/api/v1/nodes/victoria_v211_crisis_p1_r1/decisions unreachable ([Errno 61] Connection refused) — continuing
18:54:10 WARNING omega.core.heartbeat_client: heartbeat: http://localhost:8080/api/v1/diagnostics unreachable ([Errno 61] Connection refused) — continuing
18:54:10 WARNING omega.core.heartbeat_client: heartbeat: http://localhost:8080/api/v1/nodes/victoria_v211_crisis_p1_r1/decisions unreachable ([Errno 61] Connection refused) — continuing
18:54:21 WARNING omega.core.heartbeat_client: heartbeat: http://localhost:8080/api/v1/diagnostics unreachable ([Errno 61] Connection refused) — continuing
18:54:21 WARNING omega.core.heartbeat_client: heartbeat: http://localhost:8080/api/v1/nodes/victoria_v211_crisis_p1_r1/decisions unreachable ([Errno 61] Connection refused) — continuing
18:54:34 WARNING omega.core.heartbeat_client: heartbeat: http://localhost:8080/api/v1/diagnostics unreachable ([Errno 61] Connection refused) — continuing
18:54:34 WARNING omega.core.heartbeat_client: heartbeat: http://localhost:8080/api/v1/nodes/victoria_v211_crisis_p1_r1/decisions unreachable ([Errno 61] Connection refused) — continuing
18:54:51 WARNING omega.core.heartbeat_client: heartbeat: http://localhost:8080/api/v1/diagnostics unreachable ([Errno 61] Connection refused) — continuing
18:54:51 WARNING omega.core.heartbeat_client: heartbeat: http://localhost:8080/api/v1/nodes/victoria_v211_crisis_p1_r1/decisions unreachable ([Errno 61] Connection refused) — continuing
18:55:03 WARNING omega.core.heartbeat_client: heartbeat: http://localhost:8080/api/v1/diagnostics unreachable ([Errno 61] Connection refused) — continuing
18:55:03 WARNING omega.core.heartbeat_client: heartbeat: http://localhost:8080/api/v1/nodes/victoria_v211_crisis_p1_r1/decisions unreachable ([Errno 61] Connection refused) — continuing
18:55:15 WARNING omega.core.heartbeat_client: heartbeat: http://localhost:8080/api/v1/diagnostics unreachable ([Errno 61] Connection refused) — continuing
18:55:15 WARNING omega.core.heartbeat_client: heartbeat: http://localhost:8080/api/v1/nodes/victoria_v211_crisis_p1_r1/decisions unreachable ([Errno 61] Connection refused) — continuing
18:55:27 WARNING omega.core.heartbeat_client: heartbeat: http://localhost:8080/api/v1/diagnostics unreachable ([Errno 61] Connection refused) — continuing
18:55:27 WARNING omega.core.heartbeat_client: heartbeat: http://localhost:8080/api/v1/nodes/victoria_v211_crisis_p1_r1/decisions unreachable ([Errno 61] Connection refused) — continuing
18:55:39 WARNING omega.core.heartbeat_client: heartbeat: http://localhost:8080/api/v1/diagnostics unreachable ([Errno 61] Connection refused) — continuing
18:55:39 WARNING omega.core.heartbeat_client: heartbeat: http://localhost:8080/api/v1/nodes/victoria_v211_crisis_p1_r1/decisions unreachable ([Errno 61] Connection refused) — continuing
18:55:51 WARNING omega.core.heartbeat_client: heartbeat: http://localhost:8080/api/v1/diagnostics unreachable ([Errno 61] Connection refused) — continuing
18:55:51 WARNING omega.core.heartbeat_client: heartbeat: http://localhost:8080/api/v1/nodes/victoria_v211_crisis_p1_r1/decisions unreachable ([Errno 61] Connection refused) — continuing
18:56:03 WARNING omega.core.heartbeat_client: heartbeat: http://localhost:8080/api/v1/diagnostics unreachable ([Errno 61] Connection refused) — continuing
18:56:03 WARNING omega.core.heartbeat_client: heartbeat: http://localhost:8080/api/v1/nodes/victoria_v211_crisis_p1_r1/decisions unreachable ([Errno 61] Connection refused) — continuing
18:56:14 WARNING omega.core.heartbeat_client: heartbeat: http://localhost:8080/api/v1/diagnostics unreachable ([Errno 61] Connection refused) — continuing
18:56:14 WARNING omega.core.heartbeat_client: heartbeat: http://localhost:8080/api/v1/nodes/victoria_v211_crisis_p1_r1/decisions unreachable ([Errno 61] Connection refused) — continuing
18:56:26 WARNING omega.core.heartbeat_client: heartbeat: http://localhost:8080/api/v1/diagnostics unreachable ([Errno 61] Connection refused) — continuing
18:56:26 WARNING omega.core.heartbeat_client: heartbeat: http://localhost:8080/api/v1/nodes/victoria_v211_crisis_p1_r1/decisions unreachable ([Errno 61] Connection refused) — continuing
18:56:38 WARNING omega.core.heartbeat_client: heartbeat: http://localhost:8080/api/v1/diagnostics unreachable ([Errno 61] Connection refused) — continuing
18:56:38 WARNING omega.core.heartbeat_client: heartbeat: http://localhost:8080/api/v1/nodes/victoria_v211_crisis_p1_r1/decisions unreachable ([Errno 61] Connection refused) — continuing
18:56:50 WARNING omega.core.heartbeat_client: heartbeat: http://localhost:8080/api/v1/diagnostics unreachable ([Errno 61] Connection refused) — continuing
18:56:50 WARNING omega.core.heartbeat_client: heartbeat: http://localhost:8080/api/v1/nodes/victoria_v211_crisis_p1_r1/decisions unreachable ([Errno 61] Connection refused) — continuing
18:57:02 WARNING omega.core.heartbeat_client: heartbeat: http://localhost:8080/api/v1/diagnostics unreachable ([Errno 61] Connection refused) — continuing
18:57:02 WARNING omega.core.heartbeat_client: heartbeat: http://localhost:8080/api/v1/nodes/victoria_v211_crisis_p1_r1/decisions unreachable ([Errno 61] Connection refused) — continuing
18:57:14 WARNING omega.core.heartbeat_client: heartbeat: http://localhost:8080/api/v1/diagnostics unreachable ([Errno 61] Connection refused) — continuing
18:57:14 WARNING omega.core.heartbeat_client: heartbeat: http://localhost:8080/api/v1/nodes/victoria_v211_crisis_p1_r1/decisions unreachable ([Errno 61] Connection refused) — continuing
18:57:25 WARNING omega.core.heartbeat_client: heartbeat: http://localhost:8080/api/v1/diagnostics unreachable ([Errno 61] Connection refused) — continuing
18:57:25 WARNING omega.core.heartbeat_client: heartbeat: http://localhost:8080/api/v1/nodes/victoria_v211_crisis_p1_r1/decisions unreachable ([Errno 61] Connection refused) — continuing
18:57:36 WARNING omega.core.heartbeat_client: heartbeat: http://localhost:8080/api/v1/diagnostics unreachable ([Errno 61] Connection refused) — continuing
18:57:36 WARNING omega.core.heartbeat_client: heartbeat: http://localhost:8080/api/v1/nodes/victoria_v211_crisis_p1_r1/decisions unreachable ([Errno 61] Connection refused) — continuing
18:57:48 WARNING omega.core.heartbeat_client: heartbeat: http://localhost:8080/api/v1/diagnostics unreachable ([Errno 61] Connection refused) — continuing
18:57:48 WARNING omega.core.heartbeat_client: heartbeat: http://localhost:8080/api/v1/nodes/victoria_v211_crisis_p1_r1/decisions unreachable ([Errno 61] Connection refused) — continuing
18:58:00 WARNING omega.core.heartbeat_client: heartbeat: http://localhost:8080/api/v1/diagnostics unreachable ([Errno 61] Connection refused) — continuing
18:58:00 WARNING omega.core.heartbeat_client: heartbeat: http://localhost:8080/api/v1/nodes/victoria_v211_crisis_p1_r1/decisions unreachable ([Errno 61] Connection refused) — continuing
18:58:12 WARNING omega.core.heartbeat_client: heartbeat: http://localhost:8080/api/v1/diagnostics unreachable ([Errno 61] Connection refused) — continuing
18:58:12 WARNING omega.core.heartbeat_client: heartbeat: http://localhost:8080/api/v1/nodes/victoria_v211_crisis_p1_r1/decisions unreachable ([Errno 61] Connection refused) — continuing
18:58:24 WARNING omega.core.heartbeat_client: heartbeat: http://localhost:8080/api/v1/diagnostics unreachable ([Errno 61] Connection refused) — continuing
18:58:24 WARNING omega.core.heartbeat_client: heartbeat: http://localhost:8080/api/v1/nodes/victoria_v211_crisis_p1_r1/decisions unreachable ([Errno 61] Connection refused) — continuing
18:58:35 WARNING omega.core.heartbeat_client: heartbeat: http://localhost:8080/api/v1/diagnostics unreachable ([Errno 61] Connection refused) — continuing
18:58:35 WARNING omega.core.heartbeat_client: heartbeat: http://localhost:8080/api/v1/nodes/victoria_v211_crisis_p1_r1/decisions unreachable ([Errno 61] Connection refused) — continuing
18:58:47 WARNING omega.core.heartbeat_client: heartbeat: http://localhost:8080/api/v1/diagnostics unreachable ([Errno 61] Connection refused) — continuing
18:58:47 WARNING omega.core.heartbeat_client: heartbeat: http://localhost:8080/api/v1/nodes/victoria_v211_crisis_p1_r1/decisions unreachable ([Errno 61] Connection refused) — continuing
18:58:59 WARNING omega.core.heartbeat_client: heartbeat: http://localhost:8080/api/v1/diagnostics unreachable ([Errno 61] Connection refused) — continuing
18:58:59 WARNING omega.core.heartbeat_client: heartbeat: http://localhost:8080/api/v1/nodes/victoria_v211_crisis_p1_r1/decisions unreachable ([Errno 61] Connection refused) — continuing
18:59:10 WARNING omega.core.heartbeat_client: heartbeat: http://localhost:8080/api/v1/diagnostics unreachable ([Errno 61] Connection refused) — continuing
18:59:10 WARNING omega.core.heartbeat_client: heartbeat: http://localhost:8080/api/v1/nodes/victoria_v211_crisis_p1_r1/decisions unreachable ([Errno 61] Connection refused) — continuing
18:59:22 WARNING omega.core.heartbeat_client: heartbeat: http://localhost:8080/api/v1/diagnostics unreachable ([Errno 61] Connection refused) — continuing
18:59:22 WARNING omega.core.heartbeat_client: heartbeat: http://localhost:8080/api/v1/nodes/victoria_v211_crisis_p1_r1/decisions unreachable ([Errno 61] Connection refused) — continuing
18:59:34 WARNING omega.core.heartbeat_client: heartbeat: http://localhost:8080/api/v1/diagnostics unreachable ([Errno 61] Connection refused) — continuing
18:59:34 WARNING omega.core.heartbeat_client: heartbeat: http://localhost:8080/api/v1/nodes/victoria_v211_crisis_p1_r1/decisions unreachable ([Errno 61] Connection refused) — continuing
18:59:46 WARNING omega.core.heartbeat_client: heartbeat: http://localhost:8080/api/v1/diagnostics unreachable ([Errno 61] Connection refused) — continuing
18:59:46 WARNING omega.core.heartbeat_client: heartbeat: http://localhost:8080/api/v1/nodes/victoria_v211_crisis_p1_r1/decisions unreachable ([Errno 61] Connection refused) — continuing
18:59:57 WARNING omega.core.heartbeat_client: heartbeat: http://localhost:8080/api/v1/diagnostics unreachable ([Errno 61] Connection refused) — continuing
18:59:57 WARNING omega.core.heartbeat_client: heartbeat: http://localhost:8080/api/v1/nodes/victoria_v211_crisis_p1_r1/decisions unreachable ([Errno 61] Connection refused) — continuing
19:00:09 WARNING omega.core.heartbeat_client: heartbeat: http://localhost:8080/api/v1/diagnostics unreachable ([Errno 61] Connection refused) — continuing
19:00:09 WARNING omega.core.heartbeat_client: heartbeat: http://localhost:8080/api/v1/nodes/victoria_v211_crisis_p1_r1/decisions unreachable ([Errno 61] Connection refused) — continuing
19:00:22 WARNING omega.core.heartbeat_client: heartbeat: http://localhost:8080/api/v1/diagnostics unreachable ([Errno 61] Connection refused) — continuing
19:00:22 WARNING omega.core.heartbeat_client: heartbeat: http://localhost:8080/api/v1/nodes/victoria_v211_crisis_p1_r1/decisions unreachable ([Errno 61] Connection refused) — continuing
19:00:34 WARNING omega.core.heartbeat_client: heartbeat: http://localhost:8080/api/v1/diagnostics unreachable ([Errno 61] Connection refused) — continuing
19:00:34 WARNING omega.core.heartbeat_client: heartbeat: http://localhost:8080/api/v1/nodes/victoria_v211_crisis_p1_r1/decisions unreachable ([Errno 61] Connection refused) — continuing
19:00:46 WARNING omega.core.heartbeat_client: heartbeat: http://localhost:8080/api/v1/diagnostics unreachable ([Errno 61] Connection refused) — continuing
19:00:46 WARNING omega.core.heartbeat_client: heartbeat: http://localhost:8080/api/v1/nodes/victoria_v211_crisis_p1_r1/decisions unreachable ([Errno 61] Connection refused) — continuing
19:00:58 WARNING omega.core.heartbeat_client: heartbeat: http://localhost:8080/api/v1/diagnostics unreachable ([Errno 61] Connection refused) — continuing
19:00:58 WARNING omega.core.heartbeat_client: heartbeat: http://localhost:8080/api/v1/nodes/victoria_v211_crisis_p1_r1/decisions unreachable ([Errno 61] Connection refused) — continuing
19:01:10 WARNING omega.core.heartbeat_client: heartbeat: http://localhost:8080/api/v1/diagnostics unreachable ([Errno 61] Connection refused) — continuing
19:01:10 WARNING omega.core.heartbeat_client: heartbeat: http://localhost:8080/api/v1/nodes/victoria_v211_crisis_p1_r1/decisions unreachable ([Errno 61] Connection refused) — continuing
19:01:21 WARNING omega.core.heartbeat_client: heartbeat: http://localhost:8080/api/v1/diagnostics unreachable ([Errno 61] Connection refused) — continuing
19:01:21 WARNING omega.core.heartbeat_client: heartbeat: http://localhost:8080/api/v1/nodes/victoria_v211_crisis_p1_r1/decisions unreachable ([Errno 61] Connection refused) — continuing
19:01:33 WARNING omega.core.heartbeat_client: heartbeat: http://localhost:8080/api/v1/diagnostics unreachable ([Errno 61] Connection refused) — continuing
19:01:33 WARNING omega.core.heartbeat_client: heartbeat: http://localhost:8080/api/v1/nodes/victoria_v211_crisis_p1_r1/decisions unreachable ([Errno 61] Connection refused) — continuing
19:01:43 WARNING omega.nodes.victoria.vrp_signal: VRP circuit breaker: zscore=-2.09 < -2.0sigma — extreme COMPLACENCY; flagging for manual review (iv=0.43 rv=0.76)
19:01:45 WARNING omega.core.heartbeat_client: heartbeat: http://localhost:8080/api/v1/diagnostics unreachable ([Errno 61] Connection refused) — continuing
19:01:45 WARNING omega.core.heartbeat_client: heartbeat: http://localhost:8080/api/v1/nodes/victoria_v211_crisis_p1_r1/decisions unreachable ([Errno 61] Connection refused) — continuing
19:01:56 WARNING omega.core.heartbeat_client: heartbeat: http://localhost:8080/api/v1/diagnostics unreachable ([Errno 61] Connection refused) — continuing
19:01:56 WARNING omega.core.heartbeat_client: heartbeat: http://localhost:8080/api/v1/nodes/victoria_v211_crisis_p1_r1/decisions unreachable ([Errno 61] Connection refused) — continuing
19:02:07 WARNING omega.core.heartbeat_client: heartbeat: http://localhost:8080/api/v1/diagnostics unreachable ([Errno 61] Connection refused) — continuing
19:02:07 WARNING omega.core.heartbeat_client: heartbeat: http://localhost:8080/api/v1/nodes/victoria_v211_crisis_p1_r1/decisions unreachable ([Errno 61] Connection refused) — continuing
19:02:19 WARNING omega.core.heartbeat_client: heartbeat: http://localhost:8080/api/v1/diagnostics unreachable ([Errno 61] Connection refused) — continuing
19:02:19 WARNING omega.core.heartbeat_client: heartbeat: http://localhost:8080/api/v1/nodes/victoria_v211_crisis_p1_r1/decisions unreachable ([Errno 61] Connection refused) — continuing
19:02:31 WARNING omega.core.heartbeat_client: heartbeat: http://localhost:8080/api/v1/diagnostics unreachable ([Errno 61] Connection refused) — continuing
19:02:31 WARNING omega.core.heartbeat_client: heartbeat: http://localhost:8080/api/v1/nodes/victoria_v211_crisis_p1_r1/decisions unreachable ([Errno 61] Connection refused) — continuing
19:02:42 WARNING omega.core.heartbeat_client: heartbeat: http://localhost:8080/api/v1/diagnostics unreachable ([Errno 61] Connection refused) — continuing
19:02:42 WARNING omega.core.heartbeat_client: heartbeat: http://localhost:8080/api/v1/nodes/victoria_v211_crisis_p1_r1/decisions unreachable ([Errno 61] Connection refused) — continuing
19:02:53 WARNING omega.core.heartbeat_client: heartbeat: http://localhost:8080/api/v1/diagnostics unreachable ([Errno 61] Connection refused) — continuing
19:02:53 WARNING omega.core.heartbeat_client: heartbeat: http://localhost:8080/api/v1/nodes/victoria_v211_crisis_p1_r1/decisions unreachable ([Errno 61] Connection refused) — continuing
19:03:05 WARNING omega.core.heartbeat_client: heartbeat: http://localhost:8080/api/v1/diagnostics unreachable ([Errno 61] Connection refused) — continuing
19:03:05 WARNING omega.core.heartbeat_client: heartbeat: http://localhost:8080/api/v1/nodes/victoria_v211_crisis_p1_r1/decisions unreachable ([Errno 61] Connection refused) — continuing
19:03:17 WARNING omega.core.heartbeat_client: heartbeat: http://localhost:8080/api/v1/diagnostics unreachable ([Errno 61] Connection refused) — continuing
19:03:17 WARNING omega.core.heartbeat_client: heartbeat: http://localhost:8080/api/v1/nodes/victoria_v211_crisis_p1_r1/decisions unreachable ([Errno 61] Connection refused) — continuing
19:03:29 WARNING omega.core.heartbeat_client: heartbeat: http://localhost:8080/api/v1/diagnostics unreachable ([Errno 61] Connection refused) — continuing
19:03:29 WARNING omega.core.heartbeat_client: heartbeat: http://localhost:8080/api/v1/nodes/victoria_v211_crisis_p1_r1/decisions unreachable ([Errno 61] Connection refused) — continuing
19:03:41 WARNING omega.core.heartbeat_client: heartbeat: http://localhost:8080/api/v1/diagnostics unreachable ([Errno 61] Connection refused) — continuing
19:03:41 WARNING omega.core.heartbeat_client: heartbeat: http://localhost:8080/api/v1/nodes/victoria_v211_crisis_p1_r1/decisions unreachable ([Errno 61] Connection refused) — continuing
19:03:53 WARNING omega.core.heartbeat_client: heartbeat: http://localhost:8080/api/v1/diagnostics unreachable ([Errno 61] Connection refused) — continuing
19:03:53 WARNING omega.core.heartbeat_client: heartbeat: http://localhost:8080/api/v1/nodes/victoria_v211_crisis_p1_r1/decisions unreachable ([Errno 61] Connection refused) — continuing
19:04:04 WARNING omega.core.heartbeat_client: heartbeat: http://localhost:8080/api/v1/diagnostics unreachable ([Errno 61] Connection refused) — continuing
19:04:04 WARNING omega.core.heartbeat_client: heartbeat: http://localhost:8080/api/v1/nodes/victoria_v211_crisis_p1_r1/decisions unreachable ([Errno 61] Connection refused) — continuing
19:04:16 WARNING omega.core.heartbeat_client: heartbeat: http://localhost:8080/api/v1/diagnostics unreachable ([Errno 61] Connection refused) — continuing
19:04:16 WARNING omega.core.heartbeat_client: heartbeat: http://localhost:8080/api/v1/nodes/victoria_v211_crisis_p1_r1/decisions unreachable ([Errno 61] Connection refused) — continuing
19:04:27 WARNING omega.core.heartbeat_client: heartbeat: http://localhost:8080/api/v1/diagnostics unreachable ([Errno 61] Connection refused) — continuing
19:04:27 WARNING omega.core.heartbeat_client: heartbeat: http://localhost:8080/api/v1/nodes/victoria_v211_crisis_p1_r1/decisions unreachable ([Errno 61] Connection refused) — continuing
19:04:38 WARNING omega.core.heartbeat_client: heartbeat: http://localhost:8080/api/v1/diagnostics unreachable ([Errno 61] Connection refused) — continuing
19:04:38 WARNING omega.core.heartbeat_client: heartbeat: http://localhost:8080/api/v1/nodes/victoria_v211_crisis_p1_r1/decisions unreachable ([Errno 61] Connection refused) — continuing
19:04:56 WARNING omega.core.heartbeat_client: heartbeat: http://localhost:8080/api/v1/diagnostics unreachable ([Errno 61] Connection refused) — continuing
19:04:56 WARNING omega.core.heartbeat_client: heartbeat: http://localhost:8080/api/v1/nodes/victoria_v211_crisis_p1_r1/decisions unreachable ([Errno 61] Connection refused) — continuing
19:05:08 WARNING omega.core.heartbeat_client: heartbeat: http://localhost:8080/api/v1/diagnostics unreachable ([Errno 61] Connection refused) — continuing
19:05:08 WARNING omega.core.heartbeat_client: heartbeat: http://localhost:8080/api/v1/nodes/victoria_v211_crisis_p1_r1/decisions unreachable ([Errno 61] Connection refused) — continuing
19:05:19 WARNING omega.core.heartbeat_client: heartbeat: http://localhost:8080/api/v1/diagnostics unreachable ([Errno 61] Connection refused) — continuing
19:05:19 WARNING omega.core.heartbeat_client: heartbeat: http://localhost:8080/api/v1/nodes/victoria_v211_crisis_p1_r1/decisions unreachable ([Errno 61] Connection refused) — continuing
19:05:19 WARNING omega.core.heartbeat_client: heartbeat: http://localhost:8080/api/v1/nodes/victoria_v211_crisis_p1_r1/lifecycle unreachable ([Errno 61] Connection refused) — continuing
