16:47:36 INFO     RNG seed set to 42 (deterministic mode)
16:47:36 INFO     BACKTEST MODE: WS signals disabled (whale_prints, ws_microstructure)
16:47:36 INFO     ======================================================================
16:47:36 INFO     Training Run v206b_crisis_r2 — 200 cycles  sleep=10s
16:47:36 INFO     CoinGecko key  : CG-YPzBAPag5...
16:47:36 INFO     Database URL   : postgresql://omega:omega@localhost:5432/...
16:47:36 INFO     Metrics JSONL  : /tmp/v206b_crisis_r2_metrics.jsonl
16:47:36 INFO     Log file       : /tmp/v206b_crisis_r2_training.log
16:47:36 INFO     Features ON    : ffg_gate1_enabled, ffg_gate4_enabled
16:47:36 INFO     ======================================================================
16:47:37 INFO     BACKTEST MODE: ingestion replaced by ReplayIngestionNode (snap_crisis_2022h1, 151 steps)
16:47:37 INFO     ImprovementEngine: SyntheticEvaluator injected
16:47:37 INFO     Decision snapshots → /tmp/v206b_crisis_r2_decisions.jsonl (+ Postgres if configured)
16:47:37 INFO     SignalDecayDetector: loaded from data/signal_ic_history.json
16:47:49 INFO     Cycle   1/200 [NORM] OK       | fresh=0.0min | open= 0 closed=  0 | PnL=$+0 wr=0% | improve=0 sem_db=30 | 11.4s/c ETA 2268s | zero_streak=1
16:48:36 INFO     Cycle   5/200 [NORM] OK       | fresh=0.0min | open= 2 closed=  1 | PnL=$-642 wr=0% | improve=0 sem_db=30 | 11.7s/c ETA 2275s | zero_streak=2
16:49:47 INFO     Cycle  10/200 [CRIS] OK       | fresh=0.0min | open= 1 closed=  2 | PnL=$-3157 wr=0% | improve=0 sem_db=30 | 13.0s/c ETA 2462s | zero_streak=4
16:50:46 INFO     Cycle  15/200 [NORM] OK       | fresh=0.0min | open= 0 closed=  3 | PnL=$-1051 wr=33% | improve=1 sem_db=30 | 12.6s/c ETA 2324s | zero_streak=2
16:51:53 INFO     Cycle  20/200 [CRIS] OK       | fresh=0.0min | open= 0 closed=  3 | PnL=$-1051 wr=33% | improve=1 sem_db=30 | 12.8s/c ETA 2301s | zero_streak=7
16:52:53 INFO     Cycle  25/200 [HIGH] OK       | fresh=0.0min | open= 3 closed=  3 | PnL=$-1051 wr=33% | improve=1 sem_db=30 | 12.6s/c ETA 2211s | zero_streak=12
16:54:03 INFO     Cycle  30/200 [CRIS] OK       | fresh=0.0min | open= 1 closed=  6 | PnL=$-2338 wr=17% | improve=1 sem_db=30 | 12.8s/c ETA 2184s | zero_streak=3
16:55:01 INFO     Cycle  35/200 [CRIS] OK       | fresh=0.0min | open= 2 closed=  8 | PnL=$-3084 wr=25% | improve=1 sem_db=30 | 12.7s/c ETA 2093s | zero_streak=1
16:56:21 INFO     Cycle  40/200 [CRIS] OK       | fresh=0.0min | open= 0 closed= 10 | PnL=$-3011 wr=30% | improve=1 sem_db=30 | 13.1s/c ETA 2094s | zero_streak=1
16:57:19 INFO     Cycle  45/200 [CRIS] OK       | fresh=0.0min | open= 1 closed= 11 | PnL=$-3771 wr=27% | improve=1 sem_db=30 | 12.9s/c ETA 2002s | zero_streak=2
16:58:30 INFO     Cycle  50/200 [NORM] OK       | fresh=0.0min | open= 0 closed= 14 | PnL=$-5409 wr=21% | improve=1 sem_db=30 | 13.1s/c ETA 1958s | zero_streak=0
16:59:42 INFO     Cycle  55/200 [NORM] OK       | fresh=0.0min | open= 0 closed= 14 | PnL=$-5409 wr=21% | improve=1 sem_db=30 | 13.2s/c ETA 1909s | zero_streak=5
17:00:40 INFO     Cycle  60/200 [HIGH] OK       | fresh=0.0min | open= 0 closed= 14 | PnL=$-5409 wr=21% | improve=1 sem_db=30 | 13.0s/c ETA 1826s | zero_streak=10
17:01:39 INFO     Cycle  65/200 [HIGH] OK       | fresh=0.0min | open= 0 closed= 14 | PnL=$-5409 wr=21% | improve=1 sem_db=30 | 12.9s/c ETA 1747s | zero_streak=15
17:02:02 WARNING  ZERO_STREAK_ALERT cycle=67 streak=16 basket_std=0.2000 basket_mean=0.0000 composites={}
17:02:13 WARNING  ZERO_STREAK_ALERT cycle=68 streak=17 basket_std=0.2000 basket_mean=0.0000 composites={}
17:02:25 WARNING  ZERO_STREAK_ALERT cycle=69 streak=18 basket_std=0.2000 basket_mean=0.0000 composites={}
17:02:37 WARNING  ZERO_STREAK_ALERT cycle=70 streak=19 basket_std=0.2000 basket_mean=0.0000 composites={}
17:02:37 INFO     Cycle  70/200 [HIGH] OK       | fresh=0.0min | open= 1 closed= 14 | PnL=$-5409 wr=21% | improve=1 sem_db=30 | 12.9s/c ETA 1671s | zero_streak=20
17:02:52 WARNING  ZERO_STREAK_ALERT cycle=71 streak=20 basket_std=0.2000 basket_mean=0.0000 composites={}
17:03:05 WARNING  ZERO_STREAK_ALERT cycle=72 streak=21 basket_std=0.2000 basket_mean=0.0000 composites={}
17:03:17 WARNING  ZERO_STREAK_ALERT cycle=73 streak=22 basket_std=0.2000 basket_mean=0.0000 composites={}
17:03:28 WARNING  ZERO_STREAK_ALERT cycle=74 streak=23 basket_std=0.2000 basket_mean=0.0000 composites={}
17:03:40 WARNING  ZERO_STREAK_ALERT cycle=75 streak=24 basket_std=0.2000 basket_mean=0.0000 composites={}
17:03:40 INFO     Cycle  75/200 [NORM] OK       | fresh=0.0min | open= 2 closed= 14 | PnL=$-5409 wr=21% | improve=1 sem_db=30 | 12.8s/c ETA 1604s | zero_streak=25
17:03:52 WARNING  ZERO_STREAK_ALERT cycle=76 streak=25 basket_std=0.2000 basket_mean=0.0000 composites={}
17:04:38 INFO     Cycle  80/200 [NORM] OK       | fresh=0.0min | open= 1 closed= 16 | PnL=$-3670 wr=25% | improve=1 sem_db=30 | 12.8s/c ETA 1532s | zero_streak=0
17:05:36 INFO     Cycle  85/200 [NORM] OK       | fresh=0.0min | open= 1 closed= 19 | PnL=$-4218 wr=26% | improve=1 sem_db=30 | 12.7s/c ETA 1459s | zero_streak=0
17:06:34 INFO     Cycle  90/200 [NORM] OK       | fresh=0.0min | open= 2 closed= 20 | PnL=$-4185 wr=30% | improve=1 sem_db=30 | 12.6s/c ETA 1389s | zero_streak=0
17:07:32 INFO     Cycle  95/200 [NORM] OK       | fresh=0.0min | open= 1 closed= 23 | PnL=$-1776 wr=39% | improve=1 sem_db=30 | 12.6s/c ETA 1320s | zero_streak=1
17:08:33 INFO     Cycle 100/200 [CRIS] OK       | fresh=0.0min | open= 1 closed= 26 | PnL=$-5835 wr=35% | improve=1 sem_db=30 | 12.6s/c ETA 1255s | zero_streak=0
17:09:31 INFO     Cycle 105/200 [CRIS] OK       | fresh=0.0min | open= 1 closed= 26 | PnL=$-5835 wr=35% | improve=1 sem_db=30 | 12.5s/c ETA 1189s | zero_streak=5
17:10:31 INFO     Cycle 110/200 [CRIS] OK       | fresh=0.0min | open= 0 closed= 27 | PnL=$-2888 wr=37% | improve=1 sem_db=30 | 12.5s/c ETA 1124s | zero_streak=1
17:11:29 INFO     Cycle 115/200 [CRIS] OK       | fresh=0.0min | open= 0 closed= 27 | PnL=$-2888 wr=37% | improve=1 sem_db=30 | 12.5s/c ETA 1058s | zero_streak=6
17:12:27 INFO     Cycle 120/200 [NORM] OK       | fresh=0.0min | open= 3 closed= 27 | PnL=$-2888 wr=37% | improve=1 sem_db=30 | 12.4s/c ETA 993s | zero_streak=11
17:13:26 INFO     Cycle 125/200 [NORM] OK       | fresh=0.0min | open= 1 closed= 32 | PnL=$-4318 wr=34% | improve=1 sem_db=30 | 12.4s/c ETA 929s | zero_streak=0
17:14:24 INFO     Cycle 130/200 [NORM] OK       | fresh=0.0min | open= 1 closed= 32 | PnL=$-4318 wr=34% | improve=1 sem_db=30 | 12.4s/c ETA 865s | zero_streak=5
17:15:22 INFO     Cycle 135/200 [NORM] OK       | fresh=0.0min | open= 2 closed= 33 | PnL=$-3753 wr=36% | improve=1 sem_db=30 | 12.3s/c ETA 801s | zero_streak=3
17:16:20 INFO     Cycle 140/200 [CRIS] OK       | fresh=0.0min | open= 1 closed= 34 | PnL=$-4152 wr=35% | improve=1 sem_db=30 | 12.3s/c ETA 738s | zero_streak=3
17:17:19 INFO     Cycle 145/200 [CRIS] OK       | fresh=0.0min | open= 0 closed= 38 | PnL=$-2621 wr=34% | improve=1 sem_db=30 | 12.3s/c ETA 676s | zero_streak=0
17:18:23 INFO     Cycle 150/200 [CRIS] OK       | fresh=0.0min | open= 3 closed= 39 | PnL=$-2995 wr=33% | improve=1 sem_db=30 | 12.3s/c ETA 615s | zero_streak=3
17:19:22 INFO     Cycle 155/200 [NORM] OK       | fresh=0.0min | open= 0 closed= 42 | PnL=$-21666 wr=31% | improve=1 sem_db=30 | 12.3s/c ETA 553s | zero_streak=2
17:20:21 INFO     Cycle 160/200 [NORM] OK       | fresh=0.0min | open= 2 closed= 43 | PnL=$-21873 wr=30% | improve=1 sem_db=30 | 12.3s/c ETA 491s | zero_streak=0
17:21:19 INFO     Cycle 165/200 [NORM] OK       | fresh=0.0min | open= 0 closed= 45 | PnL=$-20422 wr=31% | improve=1 sem_db=30 | 12.3s/c ETA 429s | zero_streak=0
17:22:20 INFO     Cycle 170/200 [NORM] OK       | fresh=0.0min | open= 2 closed= 46 | PnL=$-22083 wr=30% | improve=1 sem_db=30 | 12.2s/c ETA 367s | zero_streak=1
17:23:18 INFO     Cycle 175/200 [NORM] OK       | fresh=0.0min | open= 2 closed= 48 | PnL=$-22999 wr=29% | improve=1 sem_db=30 | 12.2s/c ETA 306s | zero_streak=1
17:24:18 INFO     Cycle 180/200 [NORM] OK       | fresh=0.0min | open= 3 closed= 51 | PnL=$-21264 wr=31% | improve=1 sem_db=30 | 12.2s/c ETA 245s | zero_streak=0
17:25:16 INFO     Cycle 185/200 [CRIS] OK       | fresh=0.0min | open= 2 closed= 54 | PnL=$-22962 wr=30% | improve=1 sem_db=30 | 12.2s/c ETA 183s | zero_streak=3
17:26:16 INFO     Cycle 190/200 [NORM] OK       | fresh=0.0min | open= 1 closed= 56 | PnL=$-24297 wr=29% | improve=1 sem_db=30 | 12.2s/c ETA 122s | zero_streak=2
17:27:14 INFO     Cycle 195/200 [CRIS] OK       | fresh=0.0min | open= 1 closed= 58 | PnL=$-24404 wr=29% | improve=1 sem_db=30 | 12.2s/c ETA 61s | zero_streak=0
17:28:17 INFO     Cycle 200/200 [CRIS] OK       | fresh=0.0min | open= 3 closed= 59 | PnL=$-24937 wr=29% | improve=1 sem_db=30 | 12.2s/c ETA 0s | zero_streak=2
17:28:17 WARNING  V206B_CRISIS_R2: no baseline version found for gate comparison
17:28:17 INFO     Attribution — alpha: $-15740.45  beta: $+7572453.82  timing: $+10568028.43  selection: $+0.00
17:28:17 INFO     Attribution report  : /Users/benebsworth/projects/omega/data/v206b_crisis_r2_attribution.json
17:28:17 INFO     
17:28:17 INFO     ======================================================================
17:28:17 INFO     V206B_CRISIS_R2 COMPLETE — 200 cycles in 2440s (12.20s/cycle)
17:28:17 INFO     ======================================================================
17:28:17 INFO     improve_calls         : 1
17:28:17 INFO     semantic_patterns_db  : 30
17:28:17 INFO     Closed trades         : 59  (long=25  short=34)
17:28:17 INFO     Total PnL             : $-24936.78  (engine realised: $-24936.78)
17:28:17 INFO     Win rate              : 28.8%  (17/59)
17:28:17 INFO     Profit factor         : 0.45
17:28:17 INFO     --- Observability ---
17:28:17 INFO     Zero-trade cycles     : 152 / 200  (76%)
17:28:17 INFO     Circuit breaker trips : 0
17:28:17 INFO     Final vol threshold   : 0.000
17:28:17 INFO     Metrics JSONL         : /tmp/v206b_crisis_r2_metrics.jsonl
17:28:17 INFO     Results               : /Users/benebsworth/projects/omega/data/v206b_crisis_r2_results.json
17:28:17 INFO     ======================================================================
