=== V208a recent-pair starting at 2026-06-02T03:09:30Z ===
PYTHONHASHSEED env at driver: unset
Pre-run fingerprints:
040c93565d0399a157451af2477ed652459feca2d7c0a66885175884c7c46e93  data/macro_cache.db
6cf72f7cb837dd23c00937e9aa610b9966ad0dd70c29df414da2f710d098de78  data/omega_victoria_state.db
18a36369a160f400b13906cb44861d1bcfc9edd2838a7a734dd82bbe1c688428  data/omega_victoria_memory.db
--- v208a_recent_r1 starting 2026-06-02T03:09:30Z ---
=== V208a recent-pair starting at 2026-06-02T03:10:13Z ===
PYTHONHASHSEED env at driver: unset
Pre-run fingerprints:
040c93565d0399a157451af2477ed652459feca2d7c0a66885175884c7c46e93  data/macro_cache.db
6cf72f7cb837dd23c00937e9aa610b9966ad0dd70c29df414da2f710d098de78  data/omega_victoria_state.db
18a36369a160f400b13906cb44861d1bcfc9edd2838a7a734dd82bbe1c688428  data/omega_victoria_memory.db
--- v208a_recent_r1 starting 2026-06-02T03:10:13Z ---
v208a_recent_r1 exit=0 at 2026-06-02T03:51:45Z
faaadac259c73d77776a2a8dbe2d229a24178237e8d5ebd58e37661735af34c9  /Users/benebsworth/projects/omega/data/v208a_audit/recent_r1/results.json
9ae3e6c441f54aa81bbd3e52e8b11a2f90488e1040770196363f33c2cf6e041a  /Users/benebsworth/projects/omega/data/v208a_audit/recent_r1/trades.csv
feffc9b500a631a0526763389cc64e58a5b675a768485b6f284f4e072e178328  /Users/benebsworth/projects/omega/data/v208a_audit/recent_r1/metrics.jsonl
--- v208a_recent_r2 starting 2026-06-02T03:51:45Z ---
v208a_recent_r1 exit=0 at 2026-06-02T03:51:46Z
faaadac259c73d77776a2a8dbe2d229a24178237e8d5ebd58e37661735af34c9  /Users/benebsworth/projects/omega/data/v208a_audit/recent_r1/results.json
9ae3e6c441f54aa81bbd3e52e8b11a2f90488e1040770196363f33c2cf6e041a  /Users/benebsworth/projects/omega/data/v208a_audit/recent_r1/trades.csv
feffc9b500a631a0526763389cc64e58a5b675a768485b6f284f4e072e178328  /Users/benebsworth/projects/omega/data/v208a_audit/recent_r1/metrics.jsonl
--- v208a_recent_r2 starting 2026-06-02T03:51:46Z ---
v208a_recent_r2 exit=0 at 2026-06-02T04:31:48Z
b5aa132ea01ee34ee02563314e51d3fad829fe3c550b886c4cb913dd3468a3eb  /Users/benebsworth/projects/omega/data/v208a_audit/recent_r2/results.json
66d21baaba7b2565d41ca03894a06d15ac195eefe094b9b73c5330072bbdf726  /Users/benebsworth/projects/omega/data/v208a_audit/recent_r2/trades.csv
8e595393473bd4792a938f4a6143edb015ba65ebdaa1e631af626b89f77f1fd0  /Users/benebsworth/projects/omega/data/v208a_audit/recent_r2/metrics.jsonl
Post-run fingerprints:
040c93565d0399a157451af2477ed652459feca2d7c0a66885175884c7c46e93  data/macro_cache.db
6cf72f7cb837dd23c00937e9aa610b9966ad0dd70c29df414da2f710d098de78  data/omega_victoria_state.db
18a36369a160f400b13906cb44861d1bcfc9edd2838a7a734dd82bbe1c688428  data/omega_victoria_memory.db
FROZEN-CACHE VERIFIED: pre/post fingerprints identical
=== V208a recent-pair finished at 2026-06-02T04:31:48Z ===
v208a_recent_r2 exit=0 at 2026-06-02T04:31:49Z
cc3b30a058094a61148f931162127816cc083739bd9fc34da59f3311ec13b0b5  /Users/benebsworth/projects/omega/data/v208a_audit/recent_r2/results.json
66d21baaba7b2565d41ca03894a06d15ac195eefe094b9b73c5330072bbdf726  /Users/benebsworth/projects/omega/data/v208a_audit/recent_r2/trades.csv
b3d135e7d5762ad8789cdc5867c32807954ed298c170d677da218fc2d357046c  /Users/benebsworth/projects/omega/data/v208a_audit/recent_r2/metrics.jsonl
Post-run fingerprints:
040c93565d0399a157451af2477ed652459feca2d7c0a66885175884c7c46e93  data/macro_cache.db
6cf72f7cb837dd23c00937e9aa610b9966ad0dd70c29df414da2f710d098de78  data/omega_victoria_state.db
18a36369a160f400b13906cb44861d1bcfc9edd2838a7a734dd82bbe1c688428  data/omega_victoria_memory.db
FROZEN-CACHE VERIFIED: pre/post fingerprints identical
=== V208a recent-pair finished at 2026-06-02T04:31:49Z ===
