16:33:24 RNG seed set to 42 (deterministic mode)
16:33:24 BACKTEST MODE: WS signals disabled (whale_prints, ws_microstructure)
16:33:24 ======================================================================
16:33:24 Training Run v209_trend_r1 — 200 cycles  sleep=10s
16:33:24 CoinGecko key  : CG-YPzBAPag5...
16:33:24 Database URL   : postgresql://omega:omega@localhost:5432/...
16:33:24 Metrics JSONL  : /tmp/v209_trend_r1_metrics.jsonl
16:33:24 Log file       : /tmp/v209_trend_r1_training.log
16:33:24 Features ON    : ffg_gate1_enabled, ffg_gate4_enabled
16:33:24 ======================================================================
16:33:25 V207a: OMEGA_FROZEN_CACHE=1 — skipping macro warm_up (no live FRED/funding fetches)
16:33:25 BACKTEST MODE: ingestion replaced by ReplayIngestionNode (snap_trending_2023q4, 153 steps)
16:33:25 ImprovementEngine: SyntheticEvaluator injected
16:33:25 Decision snapshots → /tmp/v209_trend_r1_decisions.jsonl (+ Postgres if configured)
16:33:25 SignalDecayDetector: loaded from data/signal_ic_history.json

[96m══════════════════════════════════════════════════════[0m
[96m══ TRAINING DIAGNOSTICS (cycle 0) ═══════════════════════[0m
[96m══════════════════════════════════════════════════════[0m
  [1mREGIME:       [0m [91mUNKN ⚠️[0m
  [1mDATA FRESH:   [0m [92m✅ 0.0min ago[0m
  [1mSIGNALS:      [0m [93mnone yet[0m
  [1mSIT-OUT:      [0m [92mNO[0m
  [1mCONVICTION:   [0m [93mn/a[0m
  [1mTRADES:       [0m open=0 closed=0 | PnL=$+0.00 | WR=0%
  [1mLONG/SHORT:   [0m longs=0 shorts=0
  [1mBLOCKERS:     [0m [91mRegime detector not firing | No signal data yet (first cycle?)[0m
[96m══════════════════════════════════════════════════════[0m

16:33:37 Cycle   1/200 [NORM] OK       | fresh=0.0min | open= 0 closed=  0 | PnL=$+0 wr=0% | improve=0 sem_db=30 | 11.6s/c ETA 2301s | zero_streak=1
16:34:23 Cycle   5/200 [NORM] OK       | fresh=0.0min | open= 3 closed=  1 | PnL=$-149 wr=0% | improve=0 sem_db=30 | 11.7s/c ETA 2275s | zero_streak=0

[96m══════════════════════════════════════════════════════[0m
[96m══ TRAINING DIAGNOSTICS (cycle 10) ══════════════════════[0m
[96m══════════════════════════════════════════════════════[0m
  [1mREGIME:       [0m [93mCRISIS[0m (conf: 0.00)
  [1mDATA FRESH:   [0m [92m✅ 0.0min ago[0m
  [1mSIGNALS:      [0m 11/20 active
  [1mSIT-OUT:      [0m [92mNO[0m
  [1mCONVICTION:   [0m BTC: -0.12 ([91mSELL[0m) | ETH: -0.09 ([91mSELL[0m) | SOL: +0.02 (HOLD) | BNB: -0.02 (HOLD) | XRP: +0.02 (HOLD) | ADA: +0.02 (HOLD) | DOT: +0.02 (HOLD) | AVAX: +0.02 (HOLD) | LINK: +0.02 (HOLD) | MATIC: +0.02 (HOLD) | NEAR: +0.02 (HOLD) | SUI: +0.02 (HOLD) | ARB: +0.02 (HOLD)
  [1mTRADES:       [0m open=3 closed=3 | PnL=$+125.68 | WR=33%
  [1mLONG/SHORT:   [0m longs=3 shorts=3
  [1mBLOCKERS:     [0m [92mNONE[0m
[96m══════════════════════════════════════════════════════[0m

16:35:36 Cycle  10/200 [CRIS] OK       | fresh=0.0min | open= 3 closed=  3 | PnL=$+126 wr=33% | improve=0 sem_db=30 | 13.1s/c ETA 2487s | zero_streak=1
16:36:34 Cycle  15/200 [CRIS] OK       | fresh=0.0min | open= 3 closed=  6 | PnL=$+1602 wr=50% | improve=1 sem_db=30 | 12.6s/c ETA 2327s | zero_streak=1

[96m══════════════════════════════════════════════════════[0m
[96m══ TRAINING DIAGNOSTICS (cycle 20) ══════════════════════[0m
[96m══════════════════════════════════════════════════════[0m
  [1mREGIME:       [0m [93mCRISIS[0m (conf: 0.37)
  [1mDATA FRESH:   [0m [92m✅ 0.0min ago[0m
  [1mSIGNALS:      [0m 11/20 active
  [1mSIT-OUT:      [0m [92mNO[0m
  [1mCONVICTION:   [0m BTC: -0.08 ([91mSELL[0m) | ETH: -0.07 ([91mSELL[0m) | SOL: +0.13 ([92mBUY[0m) | BNB: -0.10 ([91mSELL[0m) | XRP: -0.23 ([91mSELL[0m) | ADA: +0.04 (HOLD) | DOT: +0.04 (HOLD) | AVAX: +0.13 ([92mBUY[0m) | LINK: +0.01 (HOLD) | MATIC: +0.13 ([92mBUY[0m) | NEAR: +0.13 ([92mBUY[0m) | SUI: +0.06 ([92mBUY[0m) | ARB: -0.17 ([91mSELL[0m)
  [1mTRADES:       [0m open=0 closed=9 | PnL=$+1256.01 | WR=44%
  [1mLONG/SHORT:   [0m longs=6 shorts=3
  [1mBLOCKERS:     [0m [92mNONE[0m
[96m══════════════════════════════════════════════════════[0m

16:37:42 Cycle  20/200 [CRIS] OK       | fresh=0.0min | open= 0 closed=  9 | PnL=$+1256 wr=44% | improve=1 sem_db=30 | 12.8s/c ETA 2313s | zero_streak=1
16:38:41 Cycle  25/200 [HIGH] OK       | fresh=0.0min | open= 0 closed=  9 | PnL=$+1256 wr=44% | improve=1 sem_db=30 | 12.7s/c ETA 2214s | zero_streak=6

[96m══════════════════════════════════════════════════════[0m
[96m══ TRAINING DIAGNOSTICS (cycle 30) ══════════════════════[0m
[96m══════════════════════════════════════════════════════[0m
  [1mREGIME:       [0m [93mHIGH_VOL[0m (conf: 0.37)
  [1mDATA FRESH:   [0m [92m✅ 0.0min ago[0m
  [1mSIGNALS:      [0m 11/20 active
  [1mSIT-OUT:      [0m [92mNO[0m
  [1mCONVICTION:   [0m BTC: +0.03 (HOLD) | ETH: +0.03 (HOLD) | SOL: +0.02 (HOLD) | BNB: -0.16 ([91mSELL[0m) | XRP: -0.09 ([91mSELL[0m) | ADA: +0.06 ([92mBUY[0m) | DOT: -0.04 (HOLD) | AVAX: +0.20 ([92mBUY[0m) | LINK: -0.02 (HOLD) | MATIC: -0.26 ([91mSELL[0m) | NEAR: +0.13 ([92mBUY[0m) | SUI: +0.21 ([92mBUY[0m) | ARB: -0.12 ([91mSELL[0m)
  [1mTRADES:       [0m open=1 closed=9 | PnL=$+1256.01 | WR=44%
  [1mLONG/SHORT:   [0m longs=6 shorts=4
  [1mBLOCKERS:     [0m [92mNONE[0m
[96m══════════════════════════════════════════════════════[0m

16:39:53 Cycle  30/200 [HIGH] OK       | fresh=0.0min | open= 1 closed=  9 | PnL=$+1256 wr=44% | improve=1 sem_db=30 | 12.9s/c ETA 2200s | zero_streak=11
16:40:53 Cycle  35/200 [NORM] OK       | fresh=0.0min | open= 0 closed= 10 | PnL=$+227 wr=40% | improve=1 sem_db=30 | 12.8s/c ETA 2110s | zero_streak=1

[96m══════════════════════════════════════════════════════[0m
[96m══ TRAINING DIAGNOSTICS (cycle 40) ══════════════════════[0m
[96m══════════════════════════════════════════════════════[0m
  [1mREGIME:       [0m [93mNORMAL[0m (conf: 0.38)
  [1mDATA FRESH:   [0m [92m✅ 0.0min ago[0m
  [1mSIGNALS:      [0m 12/20 active
  [1mSIT-OUT:      [0m [92mNO[0m
  [1mCONVICTION:   [0m BTC: +0.05 ([92mBUY[0m) | ETH: +0.05 ([92mBUY[0m) | SOL: +0.05 ([92mBUY[0m) | BNB: -0.21 ([91mSELL[0m) | XRP: -0.11 ([91mSELL[0m) | ADA: +0.05 ([92mBUY[0m) | DOT: +0.05 ([92mBUY[0m) | AVAX: +0.05 ([92mBUY[0m) | LINK: -0.01 (HOLD) | MATIC: -0.03 (HOLD) | NEAR: +0.05 ([92mBUY[0m) | SUI: +0.02 (HOLD) | ARB: -0.02 (HOLD)
  [1mTRADES:       [0m open=3 closed=11 | PnL=$+179.48 | WR=36%
  [1mLONG/SHORT:   [0m longs=10 shorts=4
  [1mBLOCKERS:     [0m [92mNONE[0m
[96m══════════════════════════════════════════════════════[0m

16:42:03 Cycle  40/200 [NORM] OK       | fresh=0.0min | open= 3 closed= 11 | PnL=$+179 wr=36% | improve=1 sem_db=30 | 12.9s/c ETA 2071s | zero_streak=2
16:43:00 Cycle  45/200 [NORM] OK       | fresh=0.0min | open= 2 closed= 14 | PnL=$+580 wr=36% | improve=1 sem_db=30 | 12.8s/c ETA 1980s | zero_streak=0

[96m══════════════════════════════════════════════════════[0m
[96m══ TRAINING DIAGNOSTICS (cycle 50) ══════════════════════[0m
[96m══════════════════════════════════════════════════════[0m
  [1mREGIME:       [0m [93mNORMAL[0m (conf: 0.38)
  [1mDATA FRESH:   [0m [92m✅ 0.0min ago[0m
  [1mSIGNALS:      [0m 12/20 active
  [1mSIT-OUT:      [0m [92mNO[0m
  [1mCONVICTION:   [0m BTC: -0.05 (HOLD) | ETH: -0.07 ([91mSELL[0m) | SOL: +0.19 ([92mBUY[0m) | BNB: +0.01 (HOLD) | XRP: -0.14 ([91mSELL[0m) | ADA: +0.19 ([92mBUY[0m) | DOT: +0.19 ([92mBUY[0m) | AVAX: +0.19 ([92mBUY[0m) | LINK: -0.24 ([91mSELL[0m) | MATIC: -0.08 ([91mSELL[0m) | NEAR: +0.04 (HOLD) | SUI: -0.15 ([91mSELL[0m) | ARB: -0.06 ([91mSELL[0m)
  [1mTRADES:       [0m open=2 closed=17 | PnL=$+2476.43 | WR=35%
  [1mLONG/SHORT:   [0m longs=13 shorts=6
  [1mBLOCKERS:     [0m [92mNONE[0m
[96m══════════════════════════════════════════════════════[0m

16:44:13 Cycle  50/200 [NORM] OK       | fresh=0.0min | open= 2 closed= 17 | PnL=$+2476 wr=35% | improve=1 sem_db=30 | 13.0s/c ETA 1944s | zero_streak=1
16:45:27 Cycle  55/200 [NORM] OK       | fresh=0.0min | open= 3 closed= 19 | PnL=$+1565 wr=32% | improve=1 sem_db=30 | 13.1s/c ETA 1904s | zero_streak=1

[96m══════════════════════════════════════════════════════[0m
[96m══ TRAINING DIAGNOSTICS (cycle 60) ══════════════════════[0m
[96m══════════════════════════════════════════════════════[0m
  [1mREGIME:       [0m [93mNORMAL[0m (conf: 0.38)
  [1mDATA FRESH:   [0m [92m✅ 0.0min ago[0m
  [1mSIGNALS:      [0m 12/20 active
  [1mSIT-OUT:      [0m [92mNO[0m
  [1mCONVICTION:   [0m BTC: -0.17 ([91mSELL[0m) | ETH: -0.14 ([91mSELL[0m) | SOL: +0.09 ([92mBUY[0m) | BNB: +0.09 ([92mBUY[0m) | XRP: -0.16 ([91mSELL[0m) | ADA: -0.13 ([91mSELL[0m) | DOT: +0.09 ([92mBUY[0m) | AVAX: +0.05 (HOLD) | LINK: -0.05 ([91mSELL[0m) | MATIC: +0.09 ([92mBUY[0m) | NEAR: +0.09 ([92mBUY[0m) | SUI: +0.09 ([92mBUY[0m) | ARB: +0.09 ([92mBUY[0m)
  [1mTRADES:       [0m open=4 closed=21 | PnL=$+1397.20 | WR=33%
  [1mLONG/SHORT:   [0m longs=16 shorts=9
  [1mBLOCKERS:     [0m [92mNONE[0m
[96m══════════════════════════════════════════════════════[0m

16:46:26 Cycle  60/200 [NORM] OK       | fresh=0.0min | open= 4 closed= 21 | PnL=$+1397 wr=33% | improve=1 sem_db=30 | 13.0s/c ETA 1822s | zero_streak=1
16:47:25 Cycle  65/200 [CRIS] OK       | fresh=0.0min | open= 3 closed= 24 | PnL=$+3970 wr=33% | improve=1 sem_db=30 | 12.9s/c ETA 1745s | zero_streak=1

[96m══════════════════════════════════════════════════════[0m
[96m══ TRAINING DIAGNOSTICS (cycle 70) ══════════════════════[0m
[96m══════════════════════════════════════════════════════[0m
  [1mREGIME:       [0m [93mCRISIS[0m (conf: 0.38)
  [1mDATA FRESH:   [0m [92m✅ 0.0min ago[0m
  [1mSIGNALS:      [0m 13/20 active
  [1mSIT-OUT:      [0m [92mNO[0m
  [1mCONVICTION:   [0m BTC: +0.12 ([92mBUY[0m) | ETH: +0.03 (HOLD) | SOL: -0.04 (HOLD) | BNB: +0.27 ([92mBUY[0m) | XRP: -0.12 ([91mSELL[0m) | ADA: -0.22 ([91mSELL[0m) | DOT: -0.19 ([91mSELL[0m) | AVAX: -0.24 ([91mSELL[0m) | LINK: -0.16 ([91mSELL[0m) | MATIC: -0.13 ([91mSELL[0m) | NEAR: +0.03 (HOLD) | SUI: +0.29 ([92mBUY[0m) | ARB: +0.36 ([92mBUY[0m)
  [1mTRADES:       [0m open=2 closed=28 | PnL=$+6330.71 | WR=36%
  [1mLONG/SHORT:   [0m longs=20 shorts=10
  [1mBLOCKERS:     [0m [92mNONE[0m
[96m══════════════════════════════════════════════════════[0m

16:48:24 Cycle  70/200 [CRIS] OK       | fresh=0.0min | open= 2 closed= 28 | PnL=$+6331 wr=36% | improve=1 sem_db=30 | 12.8s/c ETA 1669s | zero_streak=1
16:49:27 Cycle  75/200 [CRIS] OK       | fresh=0.0min | open= 1 closed= 30 | PnL=$+6631 wr=37% | improve=1 sem_db=30 | 12.8s/c ETA 1602s | zero_streak=0

[96m══════════════════════════════════════════════════════[0m
[96m══ TRAINING DIAGNOSTICS (cycle 80) ══════════════════════[0m
[96m══════════════════════════════════════════════════════[0m
  [1mREGIME:       [0m [93mCRISIS[0m (conf: 0.38)
  [1mDATA FRESH:   [0m [92m✅ 0.0min ago[0m
  [1mSIGNALS:      [0m 13/20 active
  [1mSIT-OUT:      [0m [92mNO[0m
  [1mCONVICTION:   [0m BTC: -0.08 ([91mSELL[0m) | ETH: +0.21 ([92mBUY[0m) | SOL: -0.08 ([91mSELL[0m) | BNB: +0.00 (HOLD) | XRP: -0.07 ([91mSELL[0m) | ADA: -0.13 ([91mSELL[0m) | DOT: -0.10 ([91mSELL[0m) | AVAX: -0.11 ([91mSELL[0m) | LINK: +0.11 ([92mBUY[0m) | MATIC: -0.13 ([91mSELL[0m) | NEAR: -0.19 ([91mSELL[0m) | SUI: +0.28 ([92mBUY[0m) | ARB: +0.28 ([92mBUY[0m)
  [1mTRADES:       [0m open=2 closed=33 | PnL=$+9548.31 | WR=39%
  [1mLONG/SHORT:   [0m longs=25 shorts=10
  [1mBLOCKERS:     [0m [92mNONE[0m
[96m══════════════════════════════════════════════════════[0m

16:50:26 Cycle  80/200 [CRIS] OK       | fresh=0.0min | open= 2 closed= 33 | PnL=$+9548 wr=39% | improve=1 sem_db=30 | 12.8s/c ETA 1531s | zero_streak=0
16:51:25 Cycle  85/200 [CRIS] OK       | fresh=0.0min | open= 1 closed= 36 | PnL=$+7895 wr=36% | improve=1 sem_db=30 | 12.7s/c ETA 1461s | zero_streak=0

[96m══════════════════════════════════════════════════════[0m
[96m══ TRAINING DIAGNOSTICS (cycle 90) ══════════════════════[0m
[96m══════════════════════════════════════════════════════[0m
  [1mREGIME:       [0m [93mNORMAL[0m (conf: 0.37)
  [1mDATA FRESH:   [0m [92m✅ 0.0min ago[0m
  [1mSIGNALS:      [0m 12/20 active
  [1mSIT-OUT:      [0m [92mNO[0m
  [1mCONVICTION:   [0m BTC: +0.04 (HOLD) | ETH: -0.07 ([91mSELL[0m) | SOL: +0.02 (HOLD) | BNB: +0.10 ([92mBUY[0m) | XRP: -0.02 (HOLD) | ADA: -0.06 ([91mSELL[0m) | DOT: -0.10 ([91mSELL[0m) | AVAX: -0.07 ([91mSELL[0m) | LINK: +0.05 (HOLD) | MATIC: -0.07 ([91mSELL[0m) | NEAR: -0.14 ([91mSELL[0m) | SUI: +0.45 ([92mBUY[0m) | ARB: -0.13 ([91mSELL[0m)
  [1mTRADES:       [0m open=1 closed=38 | PnL=$+7956.02 | WR=37%
  [1mLONG/SHORT:   [0m longs=27 shorts=12
  [1mBLOCKERS:     [0m [92mNONE[0m
[96m══════════════════════════════════════════════════════[0m

16:52:23 Cycle  90/200 [NORM] OK       | fresh=0.0min | open= 1 closed= 38 | PnL=$+7956 wr=37% | improve=1 sem_db=30 | 12.6s/c ETA 1390s | zero_streak=1
16:53:21 Cycle  95/200 [NORM] OK       | fresh=0.0min | open= 2 closed= 39 | PnL=$+8434 wr=38% | improve=1 sem_db=30 | 12.6s/c ETA 1322s | zero_streak=2

[96m══════════════════════════════════════════════════════[0m
[96m══ TRAINING DIAGNOSTICS (cycle 100) ═════════════════════[0m
[96m══════════════════════════════════════════════════════[0m
  [1mREGIME:       [0m [93mHIGH_VOL[0m (conf: 0.37)
  [1mDATA FRESH:   [0m [92m✅ 0.0min ago[0m
  [1mSIGNALS:      [0m 12/20 active
  [1mSIT-OUT:      [0m [92mNO[0m
  [1mCONVICTION:   [0m BTC: +0.02 (HOLD) | ETH: -0.08 ([91mSELL[0m) | SOL: +0.05 ([92mBUY[0m) | BNB: -0.09 ([91mSELL[0m) | XRP: -0.15 ([91mSELL[0m) | ADA: -0.02 (HOLD) | DOT: -0.03 (HOLD) | AVAX: +0.12 ([92mBUY[0m) | LINK: +0.21 ([92mBUY[0m) | MATIC: -0.01 (HOLD) | NEAR: -0.13 ([91mSELL[0m) | SUI: +0.21 ([92mBUY[0m) | ARB: -0.09 ([91mSELL[0m)
  [1mTRADES:       [0m open=1 closed=41 | PnL=$+8578.55 | WR=39%
  [1mLONG/SHORT:   [0m longs=27 shorts=15
  [1mBLOCKERS:     [0m [92mNONE[0m
[96m══════════════════════════════════════════════════════[0m

16:54:22 Cycle 100/200 [HIGH] OK       | fresh=0.0min | open= 1 closed= 41 | PnL=$+8579 wr=39% | improve=1 sem_db=30 | 12.6s/c ETA 1257s | zero_streak=0
16:55:21 Cycle 105/200 [HIGH] OK       | fresh=0.0min | open= 2 closed= 46 | PnL=$+6594 wr=35% | improve=1 sem_db=30 | 12.5s/c ETA 1191s | zero_streak=0

[96m══════════════════════════════════════════════════════[0m
[96m══ TRAINING DIAGNOSTICS (cycle 110) ═════════════════════[0m
[96m══════════════════════════════════════════════════════[0m
  [1mREGIME:       [0m [93mHIGH_VOL[0m (conf: 0.37)
  [1mDATA FRESH:   [0m [92m✅ 0.0min ago[0m
  [1mSIGNALS:      [0m 12/20 active
  [1mSIT-OUT:      [0m [92mNO[0m
  [1mCONVICTION:   [0m BTC: +0.02 (HOLD) | ETH: +0.02 (HOLD) | SOL: +0.02 (HOLD) | BNB: -0.00 (HOLD) | XRP: -0.12 ([91mSELL[0m) | ADA: +0.02 (HOLD) | DOT: -0.03 (HOLD) | AVAX: +0.02 (HOLD) | LINK: +0.02 (HOLD) | MATIC: -0.01 (HOLD) | NEAR: +0.02 (HOLD) | SUI: +0.02 (HOLD) | ARB: +0.02 (HOLD)
  [1mTRADES:       [0m open=0 closed=48 | PnL=$+4260.61 | WR=33%
  [1mLONG/SHORT:   [0m longs=27 shorts=21
  [1mBLOCKERS:     [0m [92mNONE[0m
[96m══════════════════════════════════════════════════════[0m

16:56:19 Cycle 110/200 [HIGH] OK       | fresh=0.0min | open= 0 closed= 48 | PnL=$+4261 wr=33% | improve=1 sem_db=30 | 12.5s/c ETA 1124s | zero_streak=4
16:57:17 Cycle 115/200 [NORM] OK       | fresh=0.0min | open= 1 closed= 48 | PnL=$+4261 wr=33% | improve=1 sem_db=30 | 12.5s/c ETA 1059s | zero_streak=9

[96m══════════════════════════════════════════════════════[0m
[96m══ TRAINING DIAGNOSTICS (cycle 120) ═════════════════════[0m
[96m══════════════════════════════════════════════════════[0m
  [1mREGIME:       [0m [93mNORMAL[0m (conf: 0.37)
  [1mDATA FRESH:   [0m [92m✅ 0.0min ago[0m
  [1mSIGNALS:      [0m 11/20 active
  [1mSIT-OUT:      [0m [92mNO[0m
  [1mCONVICTION:   [0m BTC: +0.05 ([92mBUY[0m) | ETH: +0.22 ([92mBUY[0m) | SOL: -0.18 ([91mSELL[0m) | BNB: +0.22 ([92mBUY[0m) | XRP: -0.04 (HOLD) | ADA: +0.03 (HOLD) | DOT: +0.05 ([92mBUY[0m) | AVAX: -0.18 ([91mSELL[0m) | LINK: -0.19 ([91mSELL[0m) | MATIC: +0.22 ([92mBUY[0m) | NEAR: +0.22 ([92mBUY[0m) | SUI: -0.19 ([91mSELL[0m) | ARB: -0.23 ([91mSELL[0m)
  [1mTRADES:       [0m open=4 closed=49 | PnL=$+5624.85 | WR=35%
  [1mLONG/SHORT:   [0m longs=30 shorts=23
  [1mBLOCKERS:     [0m [92mNONE[0m
[96m══════════════════════════════════════════════════════[0m

16:58:16 Cycle 120/200 [NORM] OK       | fresh=0.0min | open= 4 closed= 49 | PnL=$+5625 wr=35% | improve=1 sem_db=30 | 12.4s/c ETA 994s | zero_streak=0
16:59:16 Cycle 125/200 [NORM] OK       | fresh=0.0min | open= 4 closed= 50 | PnL=$+5541 wr=34% | improve=1 sem_db=30 | 12.4s/c ETA 930s | zero_streak=2

[96m══════════════════════════════════════════════════════[0m
[96m══ TRAINING DIAGNOSTICS (cycle 130) ═════════════════════[0m
[96m══════════════════════════════════════════════════════[0m
  [1mREGIME:       [0m [93mCRISIS[0m (conf: 0.37)
  [1mDATA FRESH:   [0m [92m✅ 0.0min ago[0m
  [1mSIGNALS:      [0m 12/20 active
  [1mSIT-OUT:      [0m [92mNO[0m
  [1mCONVICTION:   [0m BTC: +0.08 ([92mBUY[0m) | ETH: +0.08 ([92mBUY[0m) | SOL: +0.08 ([92mBUY[0m) | BNB: +0.08 ([92mBUY[0m) | XRP: +0.04 (HOLD) | ADA: +0.08 ([92mBUY[0m) | DOT: +0.08 ([92mBUY[0m) | AVAX: -0.03 (HOLD) | LINK: -0.10 ([91mSELL[0m) | MATIC: +0.06 ([92mBUY[0m) | NEAR: +0.08 ([92mBUY[0m) | SUI: -0.47 ([91mSELL[0m) | ARB: -0.05 ([91mSELL[0m)
  [1mTRADES:       [0m open=4 closed=55 | PnL=$+8984.85 | WR=36%
  [1mLONG/SHORT:   [0m longs=33 shorts=26
  [1mBLOCKERS:     [0m [92mNONE[0m
[96m══════════════════════════════════════════════════════[0m

17:00:14 Cycle 130/200 [CRIS] OK       | fresh=0.0min | open= 4 closed= 55 | PnL=$+8985 wr=36% | improve=1 sem_db=30 | 12.4s/c ETA 866s | zero_streak=1
17:01:13 Cycle 135/200 [CRIS] OK       | fresh=0.0min | open= 2 closed= 60 | PnL=$+8101 wr=35% | improve=1 sem_db=30 | 12.4s/c ETA 803s | zero_streak=0

[96m══════════════════════════════════════════════════════[0m
[96m══ TRAINING DIAGNOSTICS (cycle 140) ═════════════════════[0m
[96m══════════════════════════════════════════════════════[0m
  [1mREGIME:       [0m [93mCRISIS[0m (conf: 0.37)
  [1mDATA FRESH:   [0m [92m✅ 0.0min ago[0m
  [1mSIGNALS:      [0m 13/20 active
  [1mSIT-OUT:      [0m [92mNO[0m
  [1mCONVICTION:   [0m BTC: +0.04 (HOLD) | ETH: -0.05 (HOLD) | SOL: +0.15 ([92mBUY[0m) | BNB: +0.15 ([92mBUY[0m) | XRP: -0.04 (HOLD) | ADA: -0.12 ([91mSELL[0m) | DOT: +0.12 ([92mBUY[0m) | AVAX: +0.15 ([92mBUY[0m) | LINK: -0.19 ([91mSELL[0m) | MATIC: -0.02 (HOLD) | NEAR: +0.15 ([92mBUY[0m) | SUI: -0.09 ([91mSELL[0m) | ARB: -0.27 ([91mSELL[0m)
  [1mTRADES:       [0m open=2 closed=63 | PnL=$+9166.13 | WR=37%
  [1mLONG/SHORT:   [0m longs=38 shorts=27
  [1mBLOCKERS:     [0m [92mNONE[0m
[96m══════════════════════════════════════════════════════[0m

17:02:11 Cycle 140/200 [CRIS] OK       | fresh=0.0min | open= 2 closed= 63 | PnL=$+9166 wr=37% | improve=1 sem_db=30 | 12.3s/c ETA 740s | zero_streak=1
17:03:10 Cycle 145/200 [CRIS] OK       | fresh=0.0min | open= 2 closed= 65 | PnL=$+7080 wr=37% | improve=1 sem_db=30 | 12.3s/c ETA 677s | zero_streak=1

[96m══════════════════════════════════════════════════════[0m
[96m══ TRAINING DIAGNOSTICS (cycle 150) ═════════════════════[0m
[96m══════════════════════════════════════════════════════[0m
  [1mREGIME:       [0m [93mCRISIS[0m (conf: 0.37)
  [1mDATA FRESH:   [0m [92m✅ 0.0min ago[0m
  [1mSIGNALS:      [0m 12/20 active
  [1mSIT-OUT:      [0m [92mNO[0m
  [1mCONVICTION:   [0m BTC: +0.02 (HOLD) | ETH: -0.12 ([91mSELL[0m) | SOL: +0.23 ([92mBUY[0m) | BNB: +0.11 ([92mBUY[0m) | XRP: -0.02 (HOLD) | ADA: -0.14 ([91mSELL[0m) | DOT: -0.16 ([91mSELL[0m) | AVAX: +0.15 ([92mBUY[0m) | LINK: -0.02 (HOLD) | MATIC: -0.18 ([91mSELL[0m) | NEAR: +0.10 ([92mBUY[0m) | SUI: +0.30 ([92mBUY[0m) | ARB: -0.26 ([91mSELL[0m)
  [1mTRADES:       [0m open=3 closed=68 | PnL=$+9628.86 | WR=37%
  [1mLONG/SHORT:   [0m longs=40 shorts=31
  [1mBLOCKERS:     [0m [92mNONE[0m
[96m══════════════════════════════════════════════════════[0m

17:04:14 Cycle 150/200 [CRIS] OK       | fresh=0.0min | open= 3 closed= 68 | PnL=$+9629 wr=37% | improve=1 sem_db=30 | 12.3s/c ETA 616s | zero_streak=3
17:05:13 Cycle 155/200 [HIGH] OK       | fresh=0.0min | open= 1 closed= 70 | PnL=$+10913 wr=37% | improve=1 sem_db=30 | 12.3s/c ETA 554s | zero_streak=3

[96m══════════════════════════════════════════════════════[0m
[96m══ TRAINING DIAGNOSTICS (cycle 160) ═════════════════════[0m
[96m══════════════════════════════════════════════════════[0m
  [1mREGIME:       [0m [93mHIGH_VOL[0m (conf: 0.37)
  [1mDATA FRESH:   [0m [92m✅ 0.0min ago[0m
  [1mSIGNALS:      [0m 13/20 active
  [1mSIT-OUT:      [0m [92mNO[0m
  [1mCONVICTION:   [0m BTC: -0.01 (HOLD) | ETH: -0.06 ([91mSELL[0m) | SOL: +0.02 (HOLD) | BNB: -0.13 ([91mSELL[0m) | XRP: +0.02 (HOLD) | ADA: +0.02 (HOLD) | DOT: +0.02 (HOLD) | AVAX: +0.02 (HOLD) | LINK: +0.02 (HOLD) | MATIC: +0.02 (HOLD) | NEAR: +0.02 (HOLD) | SUI: +0.02 (HOLD) | ARB: +0.02 (HOLD)
  [1mTRADES:       [0m open=1 closed=72 | PnL=$+15287.29 | WR=38%
  [1mLONG/SHORT:   [0m longs=40 shorts=33
  [1mBLOCKERS:     [0m [92mNONE[0m
[96m══════════════════════════════════════════════════════[0m

17:06:11 Cycle 160/200 [HIGH] OK       | fresh=0.0min | open= 1 closed= 72 | PnL=$+15287 wr=38% | improve=1 sem_db=30 | 12.3s/c ETA 492s | zero_streak=0
17:07:11 Cycle 165/200 [NORM] OK       | fresh=0.0min | open= 1 closed= 73 | PnL=$+14675 wr=37% | improve=1 sem_db=30 | 12.3s/c ETA 430s | zero_streak=3

[96m══════════════════════════════════════════════════════[0m
[96m══ TRAINING DIAGNOSTICS (cycle 170) ═════════════════════[0m
[96m══════════════════════════════════════════════════════[0m
  [1mREGIME:       [0m [93mNORMAL[0m (conf: 0.38)
  [1mDATA FRESH:   [0m [92m✅ 0.0min ago[0m
  [1mSIGNALS:      [0m 12/20 active
  [1mSIT-OUT:      [0m [92mNO[0m
  [1mCONVICTION:   [0m BTC: -0.11 ([91mSELL[0m) | ETH: +0.01 (HOLD) | SOL: +0.03 (HOLD) | BNB: -0.11 ([91mSELL[0m) | XRP: -0.07 ([91mSELL[0m) | ADA: +0.03 (HOLD) | DOT: +0.03 (HOLD) | AVAX: +0.03 (HOLD) | LINK: +0.03 (HOLD) | MATIC: +0.03 (HOLD) | NEAR: +0.03 (HOLD) | SUI: +0.03 (HOLD) | ARB: +0.01 (HOLD)
  [1mTRADES:       [0m open=1 closed=76 | PnL=$+14886.86 | WR=37%
  [1mLONG/SHORT:   [0m longs=43 shorts=34
  [1mBLOCKERS:     [0m [92mNONE[0m
[96m══════════════════════════════════════════════════════[0m

17:08:09 Cycle 170/200 [NORM] OK       | fresh=0.0min | open= 1 closed= 76 | PnL=$+14887 wr=37% | improve=1 sem_db=30 | 12.3s/c ETA 368s | zero_streak=0
17:09:08 Cycle 175/200 [NORM] OK       | fresh=0.0min | open= 3 closed= 78 | PnL=$+15472 wr=38% | improve=1 sem_db=30 | 12.2s/c ETA 306s | zero_streak=1

[96m══════════════════════════════════════════════════════[0m
[96m══ TRAINING DIAGNOSTICS (cycle 180) ═════════════════════[0m
[96m══════════════════════════════════════════════════════[0m
  [1mREGIME:       [0m [93mNORMAL[0m (conf: 0.38)
  [1mDATA FRESH:   [0m [92m✅ 0.0min ago[0m
  [1mSIGNALS:      [0m 12/20 active
  [1mSIT-OUT:      [0m [92mNO[0m
  [1mCONVICTION:   [0m BTC: +0.05 (HOLD) | ETH: +0.05 (HOLD) | SOL: +0.13 ([92mBUY[0m) | BNB: -0.12 ([91mSELL[0m) | XRP: -0.18 ([91mSELL[0m) | ADA: +0.06 ([92mBUY[0m) | DOT: -0.06 ([91mSELL[0m) | AVAX: +0.27 ([92mBUY[0m) | LINK: -0.03 (HOLD) | MATIC: -0.19 ([91mSELL[0m) | NEAR: +0.27 ([92mBUY[0m) | SUI: -0.02 (HOLD) | ARB: -0.22 ([91mSELL[0m)
  [1mTRADES:       [0m open=1 closed=81 | PnL=$+14740.47 | WR=38%
  [1mLONG/SHORT:   [0m longs=47 shorts=35
  [1mBLOCKERS:     [0m [92mNONE[0m
[96m══════════════════════════════════════════════════════[0m

17:10:07 Cycle 180/200 [NORM] OK       | fresh=0.0min | open= 1 closed= 81 | PnL=$+14740 wr=38% | improve=1 sem_db=30 | 12.2s/c ETA 245s | zero_streak=0
17:11:06 Cycle 185/200 [HIGH] OK       | fresh=0.0min | open= 1 closed= 83 | PnL=$+15078 wr=40% | improve=1 sem_db=30 | 12.2s/c ETA 183s | zero_streak=0

[96m══════════════════════════════════════════════════════[0m
[96m══ TRAINING DIAGNOSTICS (cycle 190) ═════════════════════[0m
[96m══════════════════════════════════════════════════════[0m
  [1mREGIME:       [0m [93mNORMAL[0m (conf: 0.38)
  [1mDATA FRESH:   [0m [92m✅ 0.0min ago[0m
  [1mSIGNALS:      [0m 11/20 active
  [1mSIT-OUT:      [0m [92mNO[0m
  [1mCONVICTION:   [0m BTC: +0.05 ([92mBUY[0m) | ETH: +0.05 (HOLD) | SOL: +0.05 (HOLD) | BNB: -0.19 ([91mSELL[0m) | XRP: -0.09 ([91mSELL[0m) | ADA: -0.02 (HOLD) | DOT: +0.03 (HOLD) | AVAX: +0.01 (HOLD) | LINK: +0.08 ([92mBUY[0m) | MATIC: -0.08 ([91mSELL[0m) | NEAR: +0.11 ([92mBUY[0m) | SUI: +0.03 (HOLD) | ARB: -0.03 (HOLD)
  [1mTRADES:       [0m open=2 closed=84 | PnL=$+14577.49 | WR=39%
  [1mLONG/SHORT:   [0m longs=50 shorts=36
  [1mBLOCKERS:     [0m [92mNONE[0m
[96m══════════════════════════════════════════════════════[0m

17:12:05 Cycle 190/200 [NORM] OK       | fresh=0.0min | open= 2 closed= 84 | PnL=$+14577 wr=39% | improve=1 sem_db=30 | 12.2s/c ETA 122s | zero_streak=2
17:13:03 Cycle 195/200 [NORM] OK       | fresh=0.0min | open= 3 closed= 85 | PnL=$+14530 wr=39% | improve=1 sem_db=30 | 12.2s/c ETA 61s | zero_streak=3

[96m══════════════════════════════════════════════════════[0m
[96m══ TRAINING DIAGNOSTICS (cycle 200) ═════════════════════[0m
[96m══════════════════════════════════════════════════════[0m
  [1mREGIME:       [0m [93mNORMAL[0m (conf: 0.38)
  [1mDATA FRESH:   [0m [92m✅ 0.0min ago[0m
  [1mSIGNALS:      [0m 12/20 active
  [1mSIT-OUT:      [0m [92mNO[0m
  [1mCONVICTION:   [0m BTC: -0.05 ([91mSELL[0m) | ETH: -0.07 ([91mSELL[0m) | SOL: +0.09 ([92mBUY[0m) | BNB: +0.01 (HOLD) | XRP: -0.16 ([91mSELL[0m) | ADA: +0.09 ([92mBUY[0m) | DOT: +0.09 ([92mBUY[0m) | AVAX: +0.09 ([92mBUY[0m) | LINK: -0.20 ([91mSELL[0m) | MATIC: +0.06 ([92mBUY[0m) | NEAR: +0.09 ([92mBUY[0m) | SUI: -0.09 ([91mSELL[0m) | ARB: +0.05 (HOLD)
  [1mTRADES:       [0m open=3 closed=88 | PnL=$+14929.02 | WR=39%
  [1mLONG/SHORT:   [0m longs=53 shorts=38
  [1mBLOCKERS:     [0m [92mNONE[0m
[96m══════════════════════════════════════════════════════[0m

17:14:02 Cycle 200/200 [NORM] OK       | fresh=0.0min | open= 3 closed= 88 | PnL=$+14929 wr=39% | improve=1 sem_db=30 | 12.2s/c ETA 0s | zero_streak=1
17:14:02 V209_TREND_R1: no baseline version found for gate comparison
17:14:02 Attribution — alpha: $+7283.64  beta: $+8092532.83  timing: $+4888241.27  selection: $+0.00
17:14:02 Attribution report  : /Users/benebsworth/projects/omega/data/v209_trend_r1_attribution.json
17:14:02 
17:14:02 ======================================================================
17:14:02 V209_TREND_R1 COMPLETE — 200 cycles in 2437s (12.19s/cycle)
17:14:02 ======================================================================
17:14:02 improve_calls         : 1
17:14:02 semantic_patterns_db  : 30
17:14:02 Closed trades         : 88  (long=51  short=37)
17:14:02 Total PnL             : $+14929.02  (engine realised: $+14929.02)
17:14:02 Win rate              : 38.6%  (34/88)
17:14:02 Profit factor         : 1.65
17:14:02 --- Observability ---
17:14:02 Zero-trade cycles     : 132 / 200  (66%)
17:14:02 Circuit breaker trips : 0
17:14:02 Final vol threshold   : 0.000
17:14:02 Metrics JSONL         : /tmp/v209_trend_r1_metrics.jsonl
17:14:02 Results               : /Users/benebsworth/projects/omega/data/v209_trend_r1_results.json
17:14:02 ======================================================================
