15:52:29 RNG seed set to 42 (deterministic mode)
15:52:29 BACKTEST MODE: WS signals disabled (whale_prints, ws_microstructure)
15:52:29 ======================================================================
15:52:29 Training Run v209_recent_r2 — 200 cycles  sleep=10s
15:52:29 CoinGecko key  : CG-YPzBAPag5...
15:52:29 Database URL   : postgresql://omega:omega@localhost:5432/...
15:52:29 Metrics JSONL  : /tmp/v209_recent_r2_metrics.jsonl
15:52:29 Log file       : /tmp/v209_recent_r2_training.log
15:52:29 Features ON    : ffg_gate1_enabled, ffg_gate4_enabled
15:52:29 ======================================================================
15:52:30 V207a: OMEGA_FROZEN_CACHE=1 — skipping macro warm_up (no live FRED/funding fetches)
15:52:30 BACKTEST MODE: ingestion replaced by ReplayIngestionNode (snap_20260414, 60 steps)
15:52:30 ImprovementEngine: SyntheticEvaluator injected
15:52:30 Decision snapshots → /tmp/v209_recent_r2_decisions.jsonl (+ Postgres if configured)
15:52:30 SignalDecayDetector: loaded from data/signal_ic_history.json

[96m══════════════════════════════════════════════════════[0m
[96m══ TRAINING DIAGNOSTICS (cycle 0) ═══════════════════════[0m
[96m══════════════════════════════════════════════════════[0m
  [1mREGIME:       [0m [91mUNKN ⚠️[0m
  [1mDATA FRESH:   [0m [92m✅ 0.0min ago[0m
  [1mSIGNALS:      [0m [93mnone yet[0m
  [1mSIT-OUT:      [0m [92mNO[0m
  [1mCONVICTION:   [0m [93mn/a[0m
  [1mTRADES:       [0m open=0 closed=0 | PnL=$+0.00 | WR=0%
  [1mLONG/SHORT:   [0m longs=0 shorts=0
  [1mBLOCKERS:     [0m [91mRegime detector not firing | No signal data yet (first cycle?)[0m
[96m══════════════════════════════════════════════════════[0m

15:52:41 Cycle   1/200 [NORM] OK       | fresh=0.0min | open= 0 closed=  0 | PnL=$+0 wr=0% | improve=0 sem_db=30 | 11.2s/c ETA 2225s | zero_streak=1
15:53:28 Cycle   5/200 [CRIS] OK       | fresh=0.0min | open= 1 closed=  1 | PnL=$-895 wr=0% | improve=0 sem_db=30 | 11.5s/c ETA 2243s | zero_streak=2

[96m══════════════════════════════════════════════════════[0m
[96m══ TRAINING DIAGNOSTICS (cycle 10) ══════════════════════[0m
[96m══════════════════════════════════════════════════════[0m
  [1mREGIME:       [0m [93mNORMAL[0m (conf: 0.00)
  [1mDATA FRESH:   [0m [92m✅ 0.0min ago[0m
  [1mSIGNALS:      [0m 11/20 active
  [1mSIT-OUT:      [0m [92mNO[0m
  [1mCONVICTION:   [0m BTC: -0.01 (HOLD) | ETH: -0.04 (HOLD) | SOL: -0.02 (HOLD) | BNB: -0.04 (HOLD) | XRP: +0.02 (HOLD) | ADA: +0.08 ([92mBUY[0m) | DOT: +0.01 (HOLD) | AVAX: +0.01 (HOLD) | LINK: +0.04 (HOLD) | MATIC: +0.16 ([92mBUY[0m) | NEAR: +0.02 (HOLD) | SUI: -0.05 ([91mSELL[0m) | ARB: -0.19 ([91mSELL[0m)
  [1mTRADES:       [0m open=2 closed=2 | PnL=$-1814.78 | WR=0%
  [1mLONG/SHORT:   [0m longs=3 shorts=1
  [1mBLOCKERS:     [0m [92mNONE[0m
[96m══════════════════════════════════════════════════════[0m

15:54:42 Cycle  10/200 [NORM] OK       | fresh=0.0min | open= 2 closed=  2 | PnL=$-1815 wr=0% | improve=0 sem_db=30 | 13.2s/c ETA 2503s | zero_streak=4
15:55:41 Cycle  15/200 [CRIS] OK       | fresh=0.0min | open= 0 closed=  5 | PnL=$-3689 wr=0% | improve=1 sem_db=30 | 12.7s/c ETA 2354s | zero_streak=0

[96m══════════════════════════════════════════════════════[0m
[96m══ TRAINING DIAGNOSTICS (cycle 20) ══════════════════════[0m
[96m══════════════════════════════════════════════════════[0m
  [1mREGIME:       [0m [93mCRISIS[0m (conf: 0.37)
  [1mDATA FRESH:   [0m [92m✅ 0.0min ago[0m
  [1mSIGNALS:      [0m 11/20 active
  [1mSIT-OUT:      [0m [92mNO[0m
  [1mCONVICTION:   [0m BTC: +0.00 (HOLD) | ETH: +0.00 (HOLD) | SOL: +0.04 (HOLD) | BNB: +0.03 (HOLD) | XRP: -0.11 ([91mSELL[0m) | ADA: -0.08 ([91mSELL[0m) | DOT: +0.23 ([92mBUY[0m) | AVAX: +0.00 (HOLD) | LINK: +0.00 (HOLD) | MATIC: -0.14 ([91mSELL[0m) | NEAR: +0.23 ([92mBUY[0m) | SUI: -0.11 ([91mSELL[0m) | ARB: -0.10 ([91mSELL[0m)
  [1mTRADES:       [0m open=1 closed=5 | PnL=$-3688.62 | WR=0%
  [1mLONG/SHORT:   [0m longs=5 shorts=1
  [1mBLOCKERS:     [0m [92mNONE[0m
[96m══════════════════════════════════════════════════════[0m

15:56:55 Cycle  20/200 [CRIS] OK       | fresh=0.0min | open= 1 closed=  5 | PnL=$-3689 wr=0% | improve=1 sem_db=30 | 13.2s/c ETA 2380s | zero_streak=5
15:57:53 Cycle  25/200 [HIGH] OK       | fresh=0.0min | open= 0 closed=  6 | PnL=$-2748 wr=17% | improve=1 sem_db=30 | 12.9s/c ETA 2258s | zero_streak=3

[96m══════════════════════════════════════════════════════[0m
[96m══ TRAINING DIAGNOSTICS (cycle 30) ══════════════════════[0m
[96m══════════════════════════════════════════════════════[0m
  [1mREGIME:       [0m [93mHIGH_VOL[0m (conf: 0.37)
  [1mDATA FRESH:   [0m [92m✅ 0.0min ago[0m
  [1mSIGNALS:      [0m 11/20 active
  [1mSIT-OUT:      [0m [92mNO[0m
  [1mCONVICTION:   [0m BTC: +0.05 (HOLD) | ETH: +0.05 (HOLD) | SOL: +0.01 (HOLD) | BNB: +0.05 (HOLD) | XRP: -0.03 (HOLD) | ADA: -0.12 ([91mSELL[0m) | DOT: -0.10 ([91mSELL[0m) | AVAX: +0.10 ([92mBUY[0m) | LINK: +0.01 (HOLD) | MATIC: -0.33 ([91mSELL[0m) | NEAR: +0.21 ([92mBUY[0m) | SUI: +0.13 ([92mBUY[0m) | ARB: -0.02 (HOLD)
  [1mTRADES:       [0m open=1 closed=7 | PnL=$-2905.70 | WR=14%
  [1mLONG/SHORT:   [0m longs=5 shorts=3
  [1mBLOCKERS:     [0m [92mNONE[0m
[96m══════════════════════════════════════════════════════[0m

15:59:05 Cycle  30/200 [HIGH] OK       | fresh=0.0min | open= 1 closed=  7 | PnL=$-2906 wr=14% | improve=1 sem_db=30 | 13.2s/c ETA 2238s | zero_streak=2
16:00:04 Cycle  35/200 [NORM] OK       | fresh=0.0min | open= 1 closed=  8 | PnL=$-3486 wr=12% | improve=1 sem_db=30 | 13.0s/c ETA 2138s | zero_streak=4

[96m══════════════════════════════════════════════════════[0m
[96m══ TRAINING DIAGNOSTICS (cycle 40) ══════════════════════[0m
[96m══════════════════════════════════════════════════════[0m
  [1mREGIME:       [0m [93mNORMAL[0m (conf: 0.37)
  [1mDATA FRESH:   [0m [92m✅ 0.0min ago[0m
  [1mSIGNALS:      [0m 12/20 active
  [1mSIT-OUT:      [0m [92mNO[0m
  [1mCONVICTION:   [0m BTC: +0.01 (HOLD) | ETH: +0.06 ([92mBUY[0m) | SOL: +0.07 ([92mBUY[0m) | BNB: -0.01 (HOLD) | XRP: +0.04 (HOLD) | ADA: -0.02 (HOLD) | DOT: -0.07 ([91mSELL[0m) | AVAX: -0.00 (HOLD) | LINK: +0.00 (HOLD) | MATIC: +0.03 (HOLD) | NEAR: -0.01 (HOLD) | SUI: -0.04 (HOLD) | ARB: -0.07 ([91mSELL[0m)
  [1mTRADES:       [0m open=3 closed=10 | PnL=$-3512.10 | WR=20%
  [1mLONG/SHORT:   [0m longs=7 shorts=6
  [1mBLOCKERS:     [0m [92mNONE[0m
[96m══════════════════════════════════════════════════════[0m

16:01:17 Cycle  40/200 [NORM] OK       | fresh=0.0min | open= 3 closed= 10 | PnL=$-3512 wr=20% | improve=1 sem_db=30 | 13.2s/c ETA 2106s | zero_streak=0
16:02:15 Cycle  45/200 [NORM] OK       | fresh=0.0min | open= 2 closed= 12 | PnL=$-1925 wr=25% | improve=1 sem_db=30 | 13.0s/c ETA 2013s | zero_streak=3

[96m══════════════════════════════════════════════════════[0m
[96m══ TRAINING DIAGNOSTICS (cycle 50) ══════════════════════[0m
[96m══════════════════════════════════════════════════════[0m
  [1mREGIME:       [0m [93mHIGH_VOL[0m (conf: 0.37)
  [1mDATA FRESH:   [0m [92m✅ 0.0min ago[0m
  [1mSIGNALS:      [0m 13/20 active
  [1mSIT-OUT:      [0m [92mNO[0m
  [1mCONVICTION:   [0m BTC: +0.06 ([92mBUY[0m) | ETH: +0.09 ([92mBUY[0m) | SOL: -0.07 ([91mSELL[0m) | BNB: +0.00 (HOLD) | XRP: -0.01 (HOLD) | ADA: -0.04 (HOLD) | DOT: -0.07 ([91mSELL[0m) | AVAX: +0.01 (HOLD) | LINK: +0.05 ([92mBUY[0m) | MATIC: +0.10 ([92mBUY[0m) | NEAR: -0.07 ([91mSELL[0m) | SUI: -0.06 ([91mSELL[0m) | ARB: +0.01 (HOLD)
  [1mTRADES:       [0m open=1 closed=16 | PnL=$-2074.01 | WR=25%
  [1mLONG/SHORT:   [0m longs=8 shorts=9
  [1mBLOCKERS:     [0m [92mNONE[0m
[96m══════════════════════════════════════════════════════[0m

16:03:27 Cycle  50/200 [HIGH] OK       | fresh=0.0min | open= 1 closed= 16 | PnL=$-2074 wr=25% | improve=1 sem_db=30 | 13.1s/c ETA 1970s | zero_streak=0
16:04:37 Cycle  55/200 [HIGH] OK       | fresh=0.0min | open= 1 closed= 16 | PnL=$-2074 wr=25% | improve=1 sem_db=30 | 13.2s/c ETA 1917s | zero_streak=5

[96m══════════════════════════════════════════════════════[0m
[96m══ TRAINING DIAGNOSTICS (cycle 60) ══════════════════════[0m
[96m══════════════════════════════════════════════════════[0m
  [1mREGIME:       [0m [93mNORMAL[0m (conf: 0.37)
  [1mDATA FRESH:   [0m [92m✅ 0.0min ago[0m
  [1mSIGNALS:      [0m 12/20 active
  [1mSIT-OUT:      [0m [92mNO[0m
  [1mCONVICTION:   [0m BTC: +0.08 ([92mBUY[0m) | ETH: +0.12 ([92mBUY[0m) | SOL: -0.03 (HOLD) | BNB: -0.09 ([91mSELL[0m) | XRP: -0.06 ([91mSELL[0m) | ADA: -0.08 ([91mSELL[0m) | DOT: -0.08 ([91mSELL[0m) | AVAX: +0.03 (HOLD) | LINK: -0.00 (HOLD) | MATIC: -0.33 ([91mSELL[0m) | NEAR: +0.20 ([92mBUY[0m) | SUI: +0.05 ([92mBUY[0m) | ARB: +0.20 ([92mBUY[0m)
  [1mTRADES:       [0m open=0 closed=17 | PnL=$-1137.63 | WR=29%
  [1mLONG/SHORT:   [0m longs=8 shorts=9
  [1mBLOCKERS:     [0m [92mNONE[0m
[96m══════════════════════════════════════════════════════[0m

16:05:36 Cycle  60/200 [NORM] OK       | fresh=0.0min | open= 0 closed= 17 | PnL=$-1138 wr=29% | improve=1 sem_db=30 | 13.1s/c ETA 1833s | zero_streak=1
16:06:34 Cycle  65/200 [CRIS] OK       | fresh=0.0min | open= 1 closed= 20 | PnL=$-3911 wr=30% | improve=1 sem_db=30 | 13.0s/c ETA 1753s | zero_streak=1

[96m══════════════════════════════════════════════════════[0m
[96m══ TRAINING DIAGNOSTICS (cycle 70) ══════════════════════[0m
[96m══════════════════════════════════════════════════════[0m
  [1mREGIME:       [0m [93mCRISIS[0m (conf: 0.37)
  [1mDATA FRESH:   [0m [92m✅ 0.0min ago[0m
  [1mSIGNALS:      [0m 12/20 active
  [1mSIT-OUT:      [0m [92mNO[0m
  [1mCONVICTION:   [0m BTC: -0.02 (HOLD) | ETH: -0.04 (HOLD) | SOL: -0.02 (HOLD) | BNB: -0.06 ([91mSELL[0m) | XRP: +0.05 (HOLD) | ADA: +0.10 ([92mBUY[0m) | DOT: +0.01 (HOLD) | AVAX: +0.02 (HOLD) | LINK: +0.05 (HOLD) | MATIC: +0.16 ([92mBUY[0m) | NEAR: +0.02 (HOLD) | SUI: -0.04 (HOLD) | ARB: -0.23 ([91mSELL[0m)
  [1mTRADES:       [0m open=2 closed=21 | PnL=$-4625.10 | WR=29%
  [1mLONG/SHORT:   [0m longs=13 shorts=10
  [1mBLOCKERS:     [0m [92mNONE[0m
[96m══════════════════════════════════════════════════════[0m

16:07:32 Cycle  70/200 [CRIS] OK       | fresh=0.0min | open= 2 closed= 21 | PnL=$-4625 wr=29% | improve=1 sem_db=30 | 12.9s/c ETA 1674s | zero_streak=3
16:08:35 Cycle  75/200 [CRIS] OK       | fresh=0.0min | open= 3 closed= 24 | PnL=$-5517 wr=25% | improve=1 sem_db=30 | 12.9s/c ETA 1607s | zero_streak=1

[96m══════════════════════════════════════════════════════[0m
[96m══ TRAINING DIAGNOSTICS (cycle 80) ══════════════════════[0m
[96m══════════════════════════════════════════════════════[0m
  [1mREGIME:       [0m [93mNORMAL[0m (conf: 0.37)
  [1mDATA FRESH:   [0m [92m✅ 0.0min ago[0m
  [1mSIGNALS:      [0m 12/20 active
  [1mSIT-OUT:      [0m [92mNO[0m
  [1mCONVICTION:   [0m BTC: -0.03 (HOLD) | ETH: -0.02 (HOLD) | SOL: +0.01 (HOLD) | BNB: +0.02 (HOLD) | XRP: -0.11 ([91mSELL[0m) | ADA: -0.05 (HOLD) | DOT: +0.26 ([92mBUY[0m) | AVAX: -0.00 (HOLD) | LINK: -0.00 (HOLD) | MATIC: -0.09 ([91mSELL[0m) | NEAR: +0.26 ([92mBUY[0m) | SUI: -0.12 ([91mSELL[0m) | ARB: -0.11 ([91mSELL[0m)
  [1mTRADES:       [0m open=1 closed=26 | PnL=$-5241.42 | WR=27%
  [1mLONG/SHORT:   [0m longs=16 shorts=11
  [1mBLOCKERS:     [0m [92mNONE[0m
[96m══════════════════════════════════════════════════════[0m

16:09:33 Cycle  80/200 [NORM] OK       | fresh=0.0min | open= 1 closed= 26 | PnL=$-5241 wr=27% | improve=1 sem_db=30 | 12.8s/c ETA 1533s | zero_streak=1
16:10:30 Cycle  85/200 [NORM] OK       | fresh=0.0min | open= 2 closed= 27 | PnL=$-3727 wr=30% | improve=1 sem_db=30 | 12.7s/c ETA 1460s | zero_streak=2

[96m══════════════════════════════════════════════════════[0m
[96m══ TRAINING DIAGNOSTICS (cycle 90) ══════════════════════[0m
[96m══════════════════════════════════════════════════════[0m
  [1mREGIME:       [0m [93mHIGH_VOL[0m (conf: 0.37)
  [1mDATA FRESH:   [0m [92m✅ 0.0min ago[0m
  [1mSIGNALS:      [0m 12/20 active
  [1mSIT-OUT:      [0m [92mNO[0m
  [1mCONVICTION:   [0m BTC: +0.04 (HOLD) | ETH: +0.04 (HOLD) | SOL: +0.01 (HOLD) | BNB: +0.05 (HOLD) | XRP: -0.04 (HOLD) | ADA: -0.13 ([91mSELL[0m) | DOT: -0.04 (HOLD) | AVAX: +0.09 ([92mBUY[0m) | LINK: +0.00 (HOLD) | MATIC: -0.32 ([91mSELL[0m) | NEAR: +0.22 ([92mBUY[0m) | SUI: +0.11 ([92mBUY[0m) | ARB: -0.03 (HOLD)
  [1mTRADES:       [0m open=2 closed=29 | PnL=$-3970.27 | WR=28%
  [1mLONG/SHORT:   [0m longs=17 shorts=14
  [1mBLOCKERS:     [0m [92mNONE[0m
[96m══════════════════════════════════════════════════════[0m

16:11:26 Cycle  90/200 [HIGH] OK       | fresh=0.0min | open= 2 closed= 29 | PnL=$-3970 wr=28% | improve=1 sem_db=30 | 12.6s/c ETA 1388s | zero_streak=3
16:12:25 Cycle  95/200 [NORM] OK       | fresh=0.0min | open= 1 closed= 31 | PnL=$-2081 wr=29% | improve=1 sem_db=30 | 12.6s/c ETA 1320s | zero_streak=1

[96m══════════════════════════════════════════════════════[0m
[96m══ TRAINING DIAGNOSTICS (cycle 100) ═════════════════════[0m
[96m══════════════════════════════════════════════════════[0m
  [1mREGIME:       [0m [93mNORMAL[0m (conf: 0.37)
  [1mDATA FRESH:   [0m [92m✅ 0.0min ago[0m
  [1mSIGNALS:      [0m 12/20 active
  [1mSIT-OUT:      [0m [92mNO[0m
  [1mCONVICTION:   [0m BTC: +0.01 (HOLD) | ETH: +0.07 ([92mBUY[0m) | SOL: +0.06 ([92mBUY[0m) | BNB: -0.01 (HOLD) | XRP: +0.06 ([92mBUY[0m) | ADA: -0.01 (HOLD) | DOT: -0.03 (HOLD) | AVAX: -0.00 (HOLD) | LINK: -0.01 (HOLD) | MATIC: -0.07 ([91mSELL[0m) | NEAR: +0.02 (HOLD) | SUI: -0.03 (HOLD) | ARB: -0.07 ([91mSELL[0m)
  [1mTRADES:       [0m open=4 closed=32 | PnL=$-2169.95 | WR=28%
  [1mLONG/SHORT:   [0m longs=19 shorts=17
  [1mBLOCKERS:     [0m [92mNONE[0m
[96m══════════════════════════════════════════════════════[0m

16:13:26 Cycle 100/200 [NORM] OK       | fresh=0.0min | open= 4 closed= 32 | PnL=$-2170 wr=28% | improve=1 sem_db=30 | 12.6s/c ETA 1256s | zero_streak=0
16:14:26 Cycle 105/200 [NORM] OK       | fresh=0.0min | open= 2 closed= 35 | PnL=$-521 wr=31% | improve=1 sem_db=30 | 12.5s/c ETA 1190s | zero_streak=2

[96m══════════════════════════════════════════════════════[0m
[96m══ TRAINING DIAGNOSTICS (cycle 110) ═════════════════════[0m
[96m══════════════════════════════════════════════════════[0m
  [1mREGIME:       [0m [93mNORMAL[0m (conf: 0.37)
  [1mDATA FRESH:   [0m [92m✅ 0.0min ago[0m
  [1mSIGNALS:      [0m 12/20 active
  [1mSIT-OUT:      [0m [92mNO[0m
  [1mCONVICTION:   [0m BTC: +0.05 (HOLD) | ETH: +0.07 ([92mBUY[0m) | SOL: -0.06 ([91mSELL[0m) | BNB: +0.01 (HOLD) | XRP: -0.00 (HOLD) | ADA: -0.06 ([91mSELL[0m) | DOT: -0.08 ([91mSELL[0m) | AVAX: -0.02 (HOLD) | LINK: +0.04 (HOLD) | MATIC: +0.26 ([92mBUY[0m) | NEAR: -0.08 ([91mSELL[0m) | SUI: -0.08 ([91mSELL[0m) | ARB: -0.03 (HOLD)
  [1mTRADES:       [0m open=2 closed=38 | PnL=$-527.87 | WR=32%
  [1mLONG/SHORT:   [0m longs=20 shorts=20
  [1mBLOCKERS:     [0m [92mNONE[0m
[96m══════════════════════════════════════════════════════[0m

16:15:26 Cycle 110/200 [NORM] OK       | fresh=0.0min | open= 2 closed= 38 | PnL=$-528 wr=32% | improve=1 sem_db=30 | 12.5s/c ETA 1125s | zero_streak=1
16:16:25 Cycle 115/200 [HIGH] OK       | fresh=0.0min | open= 1 closed= 39 | PnL=$-668 wr=31% | improve=1 sem_db=30 | 12.5s/c ETA 1060s | zero_streak=4

[96m══════════════════════════════════════════════════════[0m
[96m══ TRAINING DIAGNOSTICS (cycle 120) ═════════════════════[0m
[96m══════════════════════════════════════════════════════[0m
  [1mREGIME:       [0m [93mNORMAL[0m (conf: 0.37)
  [1mDATA FRESH:   [0m [92m✅ 0.0min ago[0m
  [1mSIGNALS:      [0m 13/20 active
  [1mSIT-OUT:      [0m [92mNO[0m
  [1mCONVICTION:   [0m BTC: +0.08 ([92mBUY[0m) | ETH: +0.10 ([92mBUY[0m) | SOL: -0.06 ([91mSELL[0m) | BNB: -0.10 ([91mSELL[0m) | XRP: -0.06 ([91mSELL[0m) | ADA: -0.07 ([91mSELL[0m) | DOT: -0.06 ([91mSELL[0m) | AVAX: +0.00 (HOLD) | LINK: -0.02 (HOLD) | MATIC: -0.28 ([91mSELL[0m) | NEAR: +0.21 ([92mBUY[0m) | SUI: +0.04 (HOLD) | ARB: +0.21 ([92mBUY[0m)
  [1mTRADES:       [0m open=0 closed=40 | PnL=$+268.34 | WR=32%
  [1mLONG/SHORT:   [0m longs=20 shorts=20
  [1mBLOCKERS:     [0m [92mNONE[0m
[96m══════════════════════════════════════════════════════[0m

16:17:23 Cycle 120/200 [NORM] OK       | fresh=0.0min | open= 0 closed= 40 | PnL=$+268 wr=32% | improve=1 sem_db=30 | 12.4s/c ETA 995s | zero_streak=0
16:18:23 Cycle 125/200 [CRIS] OK       | fresh=0.0min | open= 0 closed= 43 | PnL=$-2505 wr=33% | improve=1 sem_db=30 | 12.4s/c ETA 931s | zero_streak=0

[96m══════════════════════════════════════════════════════[0m
[96m══ TRAINING DIAGNOSTICS (cycle 130) ═════════════════════[0m
[96m══════════════════════════════════════════════════════[0m
  [1mREGIME:       [0m [93mCRISIS[0m (conf: 0.37)
  [1mDATA FRESH:   [0m [92m✅ 0.0min ago[0m
  [1mSIGNALS:      [0m 12/20 active
  [1mSIT-OUT:      [0m [92mNO[0m
  [1mCONVICTION:   [0m BTC: -0.03 (HOLD) | ETH: -0.05 ([91mSELL[0m) | SOL: -0.04 (HOLD) | BNB: -0.08 ([91mSELL[0m) | XRP: +0.06 ([92mBUY[0m) | ADA: +0.12 ([92mBUY[0m) | DOT: +0.01 (HOLD) | AVAX: +0.03 (HOLD) | LINK: +0.05 (HOLD) | MATIC: +0.17 ([92mBUY[0m) | NEAR: +0.01 (HOLD) | SUI: -0.04 (HOLD) | ARB: -0.20 ([91mSELL[0m)
  [1mTRADES:       [0m open=2 closed=44 | PnL=$-3219.10 | WR=32%
  [1mLONG/SHORT:   [0m longs=25 shorts=21
  [1mBLOCKERS:     [0m [92mNONE[0m
[96m══════════════════════════════════════════════════════[0m

16:19:22 Cycle 130/200 [CRIS] OK       | fresh=0.0min | open= 2 closed= 44 | PnL=$-3219 wr=32% | improve=1 sem_db=30 | 12.4s/c ETA 868s | zero_streak=2
16:20:22 Cycle 135/200 [CRIS] OK       | fresh=0.0min | open= 2 closed= 47 | PnL=$-4111 wr=30% | improve=1 sem_db=30 | 12.4s/c ETA 805s | zero_streak=0

[96m══════════════════════════════════════════════════════[0m
[96m══ TRAINING DIAGNOSTICS (cycle 140) ═════════════════════[0m
[96m══════════════════════════════════════════════════════[0m
  [1mREGIME:       [0m [93mNORMAL[0m (conf: 0.37)
  [1mDATA FRESH:   [0m [92m✅ 0.0min ago[0m
  [1mSIGNALS:      [0m 12/20 active
  [1mSIT-OUT:      [0m [92mNO[0m
  [1mCONVICTION:   [0m BTC: -0.04 (HOLD) | ETH: -0.02 (HOLD) | SOL: +0.01 (HOLD) | BNB: +0.01 (HOLD) | XRP: -0.10 ([91mSELL[0m) | ADA: +0.00 (HOLD) | DOT: +0.25 ([92mBUY[0m) | AVAX: +0.01 (HOLD) | LINK: +0.02 (HOLD) | MATIC: -0.12 ([91mSELL[0m) | NEAR: +0.25 ([92mBUY[0m) | SUI: -0.11 ([91mSELL[0m) | ARB: -0.15 ([91mSELL[0m)
  [1mTRADES:       [0m open=1 closed=49 | PnL=$-3835.41 | WR=31%
  [1mLONG/SHORT:   [0m longs=28 shorts=22
  [1mBLOCKERS:     [0m [92mNONE[0m
[96m══════════════════════════════════════════════════════[0m

16:21:21 Cycle 140/200 [NORM] OK       | fresh=0.0min | open= 1 closed= 49 | PnL=$-3835 wr=31% | improve=1 sem_db=30 | 12.4s/c ETA 742s | zero_streak=0
16:22:22 Cycle 145/200 [NORM] OK       | fresh=0.0min | open= 2 closed= 50 | PnL=$-2321 wr=32% | improve=1 sem_db=30 | 12.4s/c ETA 680s | zero_streak=1

[96m══════════════════════════════════════════════════════[0m
[96m══ TRAINING DIAGNOSTICS (cycle 150) ═════════════════════[0m
[96m══════════════════════════════════════════════════════[0m
  [1mREGIME:       [0m [93mNORMAL[0m (conf: 0.37)
  [1mDATA FRESH:   [0m [92m✅ 0.0min ago[0m
  [1mSIGNALS:      [0m 12/20 active
  [1mSIT-OUT:      [0m [92mNO[0m
  [1mCONVICTION:   [0m BTC: +0.04 (HOLD) | ETH: +0.03 (HOLD) | SOL: +0.00 (HOLD) | BNB: +0.05 (HOLD) | XRP: -0.03 (HOLD) | ADA: -0.14 ([91mSELL[0m) | DOT: +0.00 (HOLD) | AVAX: +0.07 ([92mBUY[0m) | LINK: +0.00 (HOLD) | MATIC: -0.28 ([91mSELL[0m) | NEAR: +0.22 ([92mBUY[0m) | SUI: +0.08 ([92mBUY[0m) | ARB: -0.04 (HOLD)
  [1mTRADES:       [0m open=2 closed=52 | PnL=$-2564.27 | WR=31%
  [1mLONG/SHORT:   [0m longs=29 shorts=25
  [1mBLOCKERS:     [0m [92mNONE[0m
[96m══════════════════════════════════════════════════════[0m

16:23:30 Cycle 150/200 [NORM] OK       | fresh=0.0min | open= 2 closed= 52 | PnL=$-2564 wr=31% | improve=1 sem_db=30 | 12.4s/c ETA 620s | zero_streak=2
16:24:31 Cycle 155/200 [HIGH] OK       | fresh=0.0min | open= 1 closed= 54 | PnL=$-675 wr=31% | improve=1 sem_db=30 | 12.4s/c ETA 558s | zero_streak=0

[96m══════════════════════════════════════════════════════[0m
[96m══ TRAINING DIAGNOSTICS (cycle 160) ═════════════════════[0m
[96m══════════════════════════════════════════════════════[0m
  [1mREGIME:       [0m [93mNORMAL[0m (conf: 0.37)
  [1mDATA FRESH:   [0m [92m✅ 0.0min ago[0m
  [1mSIGNALS:      [0m 12/20 active
  [1mSIT-OUT:      [0m [92mNO[0m
  [1mCONVICTION:   [0m BTC: +0.00 (HOLD) | ETH: +0.08 ([92mBUY[0m) | SOL: +0.04 (HOLD) | BNB: -0.01 (HOLD) | XRP: +0.07 ([92mBUY[0m) | ADA: -0.00 (HOLD) | DOT: +0.01 (HOLD) | AVAX: -0.01 (HOLD) | LINK: -0.01 (HOLD) | MATIC: -0.13 ([91mSELL[0m) | NEAR: +0.03 (HOLD) | SUI: -0.01 (HOLD) | ARB: -0.06 ([91mSELL[0m)
  [1mTRADES:       [0m open=4 closed=54 | PnL=$-675.37 | WR=31%
  [1mLONG/SHORT:   [0m longs=31 shorts=27
  [1mBLOCKERS:     [0m [92mNONE[0m
[96m══════════════════════════════════════════════════════[0m

16:25:31 Cycle 160/200 [NORM] OK       | fresh=0.0min | open= 4 closed= 54 | PnL=$-675 wr=31% | improve=1 sem_db=30 | 12.4s/c ETA 495s | zero_streak=5
16:26:30 Cycle 165/200 [NORM] OK       | fresh=0.0min | open= 2 closed= 58 | PnL=$+885 wr=33% | improve=1 sem_db=30 | 12.4s/c ETA 433s | zero_streak=1

[96m══════════════════════════════════════════════════════[0m
[96m══ TRAINING DIAGNOSTICS (cycle 170) ═════════════════════[0m
[96m══════════════════════════════════════════════════════[0m
  [1mREGIME:       [0m [93mNORMAL[0m (conf: 0.37)
  [1mDATA FRESH:   [0m [92m✅ 0.0min ago[0m
  [1mSIGNALS:      [0m 11/20 active
  [1mSIT-OUT:      [0m [92mNO[0m
  [1mCONVICTION:   [0m BTC: +0.03 (HOLD) | ETH: +0.05 (HOLD) | SOL: -0.06 ([91mSELL[0m) | BNB: +0.02 (HOLD) | XRP: -0.01 (HOLD) | ADA: -0.06 ([91mSELL[0m) | DOT: -0.11 ([91mSELL[0m) | AVAX: -0.04 (HOLD) | LINK: +0.01 (HOLD) | MATIC: +0.43 ([92mBUY[0m) | NEAR: -0.11 ([91mSELL[0m) | SUI: -0.11 ([91mSELL[0m) | ARB: -0.05 ([91mSELL[0m)
  [1mTRADES:       [0m open=1 closed=61 | PnL=$+878.16 | WR=33%
  [1mLONG/SHORT:   [0m longs=31 shorts=31
  [1mBLOCKERS:     [0m [92mNONE[0m
[96m══════════════════════════════════════════════════════[0m

16:27:28 Cycle 170/200 [NORM] OK       | fresh=0.0min | open= 1 closed= 61 | PnL=$+878 wr=33% | improve=1 sem_db=30 | 12.3s/c ETA 370s | zero_streak=0
16:28:28 Cycle 175/200 [HIGH] OK       | fresh=0.0min | open= 1 closed= 62 | PnL=$+738 wr=32% | improve=1 sem_db=30 | 12.3s/c ETA 308s | zero_streak=3

[96m══════════════════════════════════════════════════════[0m
[96m══ TRAINING DIAGNOSTICS (cycle 180) ═════════════════════[0m
[96m══════════════════════════════════════════════════════[0m
  [1mREGIME:       [0m [93mHIGH_VOL[0m (conf: 0.37)
  [1mDATA FRESH:   [0m [92m✅ 0.0min ago[0m
  [1mSIGNALS:      [0m 13/20 active
  [1mSIT-OUT:      [0m [92mNO[0m
  [1mCONVICTION:   [0m BTC: +0.07 ([92mBUY[0m) | ETH: +0.11 ([92mBUY[0m) | SOL: -0.06 ([91mSELL[0m) | BNB: -0.10 ([91mSELL[0m) | XRP: -0.06 ([91mSELL[0m) | ADA: -0.03 (HOLD) | DOT: -0.06 ([91mSELL[0m) | AVAX: +0.00 (HOLD) | LINK: -0.00 (HOLD) | MATIC: -0.32 ([91mSELL[0m) | NEAR: +0.19 ([92mBUY[0m) | SUI: +0.06 ([92mBUY[0m) | ARB: +0.20 ([92mBUY[0m)
  [1mTRADES:       [0m open=1 closed=62 | PnL=$+737.98 | WR=32%
  [1mLONG/SHORT:   [0m longs=32 shorts=31
  [1mBLOCKERS:     [0m [92mNONE[0m
[96m══════════════════════════════════════════════════════[0m

16:29:27 Cycle 180/200 [HIGH] OK       | fresh=0.0min | open= 1 closed= 62 | PnL=$+738 wr=32% | improve=1 sem_db=30 | 12.3s/c ETA 246s | zero_streak=8
16:30:25 Cycle 185/200 [CRIS] OK       | fresh=0.0min | open= 0 closed= 63 | PnL=$+1674 wr=33% | improve=1 sem_db=30 | 12.3s/c ETA 184s | zero_streak=4

[96m══════════════════════════════════════════════════════[0m
[96m══ TRAINING DIAGNOSTICS (cycle 190) ═════════════════════[0m
[96m══════════════════════════════════════════════════════[0m
  [1mREGIME:       [0m [93mCRISIS[0m (conf: 0.37)
  [1mDATA FRESH:   [0m [92m✅ 0.0min ago[0m
  [1mSIGNALS:      [0m 12/20 active
  [1mSIT-OUT:      [0m [92mNO[0m
  [1mCONVICTION:   [0m BTC: -0.03 (HOLD) | ETH: -0.07 ([91mSELL[0m) | SOL: -0.05 (HOLD) | BNB: -0.12 ([91mSELL[0m) | XRP: +0.07 ([92mBUY[0m) | ADA: +0.12 ([92mBUY[0m) | DOT: +0.01 (HOLD) | AVAX: +0.03 (HOLD) | LINK: +0.03 (HOLD) | MATIC: +0.18 ([92mBUY[0m) | NEAR: +0.00 (HOLD) | SUI: -0.04 (HOLD) | ARB: -0.15 ([91mSELL[0m)
  [1mTRADES:       [0m open=1 closed=64 | PnL=$+960.46 | WR=33%
  [1mLONG/SHORT:   [0m longs=34 shorts=31
  [1mBLOCKERS:     [0m [92mNONE[0m
[96m══════════════════════════════════════════════════════[0m

16:31:24 Cycle 190/200 [CRIS] OK       | fresh=0.0min | open= 1 closed= 64 | PnL=$+960 wr=33% | improve=1 sem_db=30 | 12.3s/c ETA 123s | zero_streak=1
16:32:22 Cycle 195/200 [CRIS] OK       | fresh=0.0min | open= 3 closed= 66 | PnL=$+378 wr=32% | improve=1 sem_db=30 | 12.3s/c ETA 61s | zero_streak=1

[96m══════════════════════════════════════════════════════[0m
[96m══ TRAINING DIAGNOSTICS (cycle 200) ═════════════════════[0m
[96m══════════════════════════════════════════════════════[0m
  [1mREGIME:       [0m [93mCRISIS[0m (conf: 0.37)
  [1mDATA FRESH:   [0m [92m✅ 0.0min ago[0m
  [1mSIGNALS:      [0m 12/20 active
  [1mSIT-OUT:      [0m [92mNO[0m
  [1mCONVICTION:   [0m BTC: -0.06 ([91mSELL[0m) | ETH: -0.02 (HOLD) | SOL: +0.01 (HOLD) | BNB: -0.01 (HOLD) | XRP: -0.10 ([91mSELL[0m) | ADA: +0.05 (HOLD) | DOT: +0.23 ([92mBUY[0m) | AVAX: +0.03 (HOLD) | LINK: +0.04 (HOLD) | MATIC: -0.12 ([91mSELL[0m) | NEAR: +0.23 ([92mBUY[0m) | SUI: -0.09 ([91mSELL[0m) | ARB: -0.18 ([91mSELL[0m)
  [1mTRADES:       [0m open=2 closed=68 | PnL=$+480.51 | WR=32%
  [1mLONG/SHORT:   [0m longs=37 shorts=33
  [1mBLOCKERS:     [0m [92mNONE[0m
[96m══════════════════════════════════════════════════════[0m

16:33:22 Cycle 200/200 [CRIS] OK       | fresh=0.0min | open= 2 closed= 68 | PnL=$+481 wr=32% | improve=1 sem_db=30 | 12.3s/c ETA 0s | zero_streak=2
16:33:22 V209_RECENT_R2: no baseline version found for gate comparison
16:33:22 Attribution — alpha: $+1361.26  beta: $-1081705.60  timing: $+1082066.03  selection: $-0.00
16:33:22 Attribution report  : /Users/benebsworth/projects/omega/data/v209_recent_r2_attribution.json
16:33:22 
16:33:22 ======================================================================
16:33:22 V209_RECENT_R2 COMPLETE — 200 cycles in 2451s (12.26s/cycle)
16:33:22 ======================================================================
16:33:22 improve_calls         : 1
16:33:22 semantic_patterns_db  : 30
16:33:22 Closed trades         : 68  (long=36  short=32)
16:33:22 Total PnL             : $+480.51  (engine realised: $+480.51)
16:33:22 Win rate              : 32.4%  (22/68)
16:33:22 Profit factor         : 1.03
16:33:22 --- Observability ---
16:33:22 Zero-trade cycles     : 137 / 200  (68%)
16:33:22 Circuit breaker trips : 0
16:33:22 Final vol threshold   : 0.000
16:33:22 Metrics JSONL         : /tmp/v209_recent_r2_metrics.jsonl
16:33:22 Results               : /Users/benebsworth/projects/omega/data/v209_recent_r2_results.json
16:33:22 ======================================================================
